SQL> 
SQL> REM Q/QUOTE OPERATOR
SQL> 
SQL> REM ARITHMETIC OPERATION WITH NULL VALUES
SQL> 
SQL> REM DISTINCT/UNIQUE
SQL> 
SQL> 
SQL> SELECT FIRST_NAME , SALARY FROM EMPLOYEES;

FIRST_NAME     SALARY                                                                                                                                                                                   
---------- ----------                                                                                                                                                                                   
Steven          24000                                                                                                                                                                                   
Neena           17000                                                                                                                                                                                   
Lex             17000                                                                                                                                                                                   
Alexander        9000                                                                                                                                                                                   
Bruce            6000                                                                                                                                                                                   
Diana            4200                                                                                                                                                                                   
Kevin            5800                                                                                                                                                                                   
Trenna           3500                                                                                                                                                                                   
Curtis           3100                                                                                                                                                                                   
Randall          2600                                                                                                                                                                                   
Peter            2500                                                                                                                                                                                   
Eleni           10500                                                                                                                                                                                   
Ellen           11000                                                                                                                                                                                   
Jonathon         8600                                                                                                                                                                                   
Kimerely         7000                                                                                                                                                                                   
Jennifer         4400                                                                                                                                                                                   
Michael         13000                                                                                                                                                                                   
Pat              6000                                                                                                                                                                                   
Shelley         12000                                                                                                                                                                                   
William          8300                                                                                                                                                                                   

20 rows selected.

SQL> REM Steven gets Rs.24000 as monthly salary.
SQL> 
SQL> SELECT FIRST_NAME || ' gets Rs.' || SALARY || ' as monthly salary.' "NAME AND SALARY" FROM EMPLOYEES;

NAME AND SALARY                                                                                                                                                                                         
------------------------------------------------------------------------------                                                                                                                          
Steven gets Rs.24000 as monthly salary.                                                                                                                                                                 
Neena gets Rs.17000 as monthly salary.                                                                                                                                                                  
Lex gets Rs.17000 as monthly salary.                                                                                                                                                                    
Alexander gets Rs.9000 as monthly salary.                                                                                                                                                               
Bruce gets Rs.6000 as monthly salary.                                                                                                                                                                   
Diana gets Rs.4200 as monthly salary.                                                                                                                                                                   
Kevin gets Rs.5800 as monthly salary.                                                                                                                                                                   
Trenna gets Rs.3500 as monthly salary.                                                                                                                                                                  
Curtis gets Rs.3100 as monthly salary.                                                                                                                                                                  
Randall gets Rs.2600 as monthly salary.                                                                                                                                                                 
Peter gets Rs.2500 as monthly salary.                                                                                                                                                                   
Eleni gets Rs.10500 as monthly salary.                                                                                                                                                                  
Ellen gets Rs.11000 as monthly salary.                                                                                                                                                                  
Jonathon gets Rs.8600 as monthly salary.                                                                                                                                                                
Kimerely gets Rs.7000 as monthly salary.                                                                                                                                                                
Jennifer gets Rs.4400 as monthly salary.                                                                                                                                                                
Michael gets Rs.13000 as monthly salary.                                                                                                                                                                
Pat gets Rs.6000 as monthly salary.                                                                                                                                                                     
Shelley gets Rs.12000 as monthly salary.                                                                                                                                                                
William gets Rs.8300 as monthly salary.                                                                                                                                                                 

20 rows selected.

SQL> SELECT FIRST_NAME , SALARY FROM EMPLOYEES;

FIRST_NAME     SALARY                                                                                                                                                                                   
---------- ----------                                                                                                                                                                                   
Steven          24000                                                                                                                                                                                   
Neena           17000                                                                                                                                                                                   
Lex             17000                                                                                                                                                                                   
Alexander        9000                                                                                                                                                                                   
Bruce            6000                                                                                                                                                                                   
Diana            4200                                                                                                                                                                                   
Kevin            5800                                                                                                                                                                                   
Trenna           3500                                                                                                                                                                                   
Curtis           3100                                                                                                                                                                                   
Randall          2600                                                                                                                                                                                   
Peter            2500                                                                                                                                                                                   
Eleni           10500                                                                                                                                                                                   
Ellen           11000                                                                                                                                                                                   
Jonathon         8600                                                                                                                                                                                   
Kimerely         7000                                                                                                                                                                                   
Jennifer         4400                                                                                                                                                                                   
Michael         13000                                                                                                                                                                                   
Pat              6000                                                                                                                                                                                   
Shelley         12000                                                                                                                                                                                   
William          8300                                                                                                                                                                                   

20 rows selected.

SQL> REM Steven's monthly salary is Rs.24000/-.
SQL> 
SQL> REM DELIMITERS : DECIDES LIMIT OF CHARACTER / STRING VALUES
SQL> 
SQL> SELECT FIRST_NAME || 's monthly salary is Rs.' || SALARY || '/-.' FROM EMPLOYEES;

FIRST_NAME||'SMONTHLYSALARYISRS.'||SALARY||'/-.'                                                                                                                                                        
----------------------------------------------------------------------------                                                                                                                            
Stevens monthly salary is Rs.24000/-.                                                                                                                                                                   
Neenas monthly salary is Rs.17000/-.                                                                                                                                                                    
Lexs monthly salary is Rs.17000/-.                                                                                                                                                                      
Alexanders monthly salary is Rs.9000/-.                                                                                                                                                                 
Bruces monthly salary is Rs.6000/-.                                                                                                                                                                     
Dianas monthly salary is Rs.4200/-.                                                                                                                                                                     
Kevins monthly salary is Rs.5800/-.                                                                                                                                                                     
Trennas monthly salary is Rs.3500/-.                                                                                                                                                                    
Curtiss monthly salary is Rs.3100/-.                                                                                                                                                                    
Randalls monthly salary is Rs.2600/-.                                                                                                                                                                   
Peters monthly salary is Rs.2500/-.                                                                                                                                                                     
Elenis monthly salary is Rs.10500/-.                                                                                                                                                                    
Ellens monthly salary is Rs.11000/-.                                                                                                                                                                    
Jonathons monthly salary is Rs.8600/-.                                                                                                                                                                  
Kimerelys monthly salary is Rs.7000/-.                                                                                                                                                                  
Jennifers monthly salary is Rs.4400/-.                                                                                                                                                                  
Michaels monthly salary is Rs.13000/-.                                                                                                                                                                  
Pats monthly salary is Rs.6000/-.                                                                                                                                                                       
Shelleys monthly salary is Rs.12000/-.                                                                                                                                                                  
Williams monthly salary is Rs.8300/-.                                                                                                                                                                   

20 rows selected.

SQL> SELECT FIRST_NAME || ''s monthly salary is Rs.' || SALARY || '/-.' FROM EMPLOYEES;
ERROR:
ORA-01756: quoted string not properly terminated 


SQL> SELECT FIRST_NAME || '''s monthly salary is Rs.' || SALARY || '/-.' FROM EMPLOYEES;

FIRST_NAME||'''SMONTHLYSALARYISRS.'||SALARY||'/-.'                                                                                                                                                      
-----------------------------------------------------------------------------                                                                                                                           
Steven's monthly salary is Rs.24000/-.                                                                                                                                                                  
Neena's monthly salary is Rs.17000/-.                                                                                                                                                                   
Lex's monthly salary is Rs.17000/-.                                                                                                                                                                     
Alexander's monthly salary is Rs.9000/-.                                                                                                                                                                
Bruce's monthly salary is Rs.6000/-.                                                                                                                                                                    
Diana's monthly salary is Rs.4200/-.                                                                                                                                                                    
Kevin's monthly salary is Rs.5800/-.                                                                                                                                                                    
Trenna's monthly salary is Rs.3500/-.                                                                                                                                                                   
Curtis's monthly salary is Rs.3100/-.                                                                                                                                                                   
Randall's monthly salary is Rs.2600/-.                                                                                                                                                                  
Peter's monthly salary is Rs.2500/-.                                                                                                                                                                    
Eleni's monthly salary is Rs.10500/-.                                                                                                                                                                   
Ellen's monthly salary is Rs.11000/-.                                                                                                                                                                   
Jonathon's monthly salary is Rs.8600/-.                                                                                                                                                                 
Kimerely's monthly salary is Rs.7000/-.                                                                                                                                                                 
Jennifer's monthly salary is Rs.4400/-.                                                                                                                                                                 
Michael's monthly salary is Rs.13000/-.                                                                                                                                                                 
Pat's monthly salary is Rs.6000/-.                                                                                                                                                                      
Shelley's monthly salary is Rs.12000/-.                                                                                                                                                                 
William's monthly salary is Rs.8300/-.                                                                                                                                                                  

20 rows selected.

SQL> REM Q/QUOTE OPERATOR IS USED TO CHANGE DELIMITER CHARACTER
SQL> 
SQL> SELECT FIRST_NAME || Q'*'s monthly salary is Rs.*' || SALARY || '/-.' FROM EMPLOYEES;

FIRST_NAME||Q'*'SMONTHLYSALARYISRS.*'||SALARY||'/-.'                                                                                                                                                    
-----------------------------------------------------------------------------                                                                                                                           
Steven's monthly salary is Rs.24000/-.                                                                                                                                                                  
Neena's monthly salary is Rs.17000/-.                                                                                                                                                                   
Lex's monthly salary is Rs.17000/-.                                                                                                                                                                     
Alexander's monthly salary is Rs.9000/-.                                                                                                                                                                
Bruce's monthly salary is Rs.6000/-.                                                                                                                                                                    
Diana's monthly salary is Rs.4200/-.                                                                                                                                                                    
Kevin's monthly salary is Rs.5800/-.                                                                                                                                                                    
Trenna's monthly salary is Rs.3500/-.                                                                                                                                                                   
Curtis's monthly salary is Rs.3100/-.                                                                                                                                                                   
Randall's monthly salary is Rs.2600/-.                                                                                                                                                                  
Peter's monthly salary is Rs.2500/-.                                                                                                                                                                    
Eleni's monthly salary is Rs.10500/-.                                                                                                                                                                   
Ellen's monthly salary is Rs.11000/-.                                                                                                                                                                   
Jonathon's monthly salary is Rs.8600/-.                                                                                                                                                                 
Kimerely's monthly salary is Rs.7000/-.                                                                                                                                                                 
Jennifer's monthly salary is Rs.4400/-.                                                                                                                                                                 
Michael's monthly salary is Rs.13000/-.                                                                                                                                                                 
Pat's monthly salary is Rs.6000/-.                                                                                                                                                                      
Shelley's monthly salary is Rs.12000/-.                                                                                                                                                                 
William's monthly salary is Rs.8300/-.                                                                                                                                                                  

20 rows selected.

SQL> SELECT FIRST_NAME || Q'"'s monthly salary is Rs."' || SALARY || '/-.' FROM EMPLOYEES;

FIRST_NAME||Q'"'SMONTHLYSALARYISRS."'||SALARY||'/-.'                                                                                                                                                    
-----------------------------------------------------------------------------                                                                                                                           
Steven's monthly salary is Rs.24000/-.                                                                                                                                                                  
Neena's monthly salary is Rs.17000/-.                                                                                                                                                                   
Lex's monthly salary is Rs.17000/-.                                                                                                                                                                     
Alexander's monthly salary is Rs.9000/-.                                                                                                                                                                
Bruce's monthly salary is Rs.6000/-.                                                                                                                                                                    
Diana's monthly salary is Rs.4200/-.                                                                                                                                                                    
Kevin's monthly salary is Rs.5800/-.                                                                                                                                                                    
Trenna's monthly salary is Rs.3500/-.                                                                                                                                                                   
Curtis's monthly salary is Rs.3100/-.                                                                                                                                                                   
Randall's monthly salary is Rs.2600/-.                                                                                                                                                                  
Peter's monthly salary is Rs.2500/-.                                                                                                                                                                    
Eleni's monthly salary is Rs.10500/-.                                                                                                                                                                   
Ellen's monthly salary is Rs.11000/-.                                                                                                                                                                   
Jonathon's monthly salary is Rs.8600/-.                                                                                                                                                                 
Kimerely's monthly salary is Rs.7000/-.                                                                                                                                                                 
Jennifer's monthly salary is Rs.4400/-.                                                                                                                                                                 
Michael's monthly salary is Rs.13000/-.                                                                                                                                                                 
Pat's monthly salary is Rs.6000/-.                                                                                                                                                                      
Shelley's monthly salary is Rs.12000/-.                                                                                                                                                                 
William's monthly salary is Rs.8300/-.                                                                                                                                                                  

20 rows selected.

SQL> SELECT FIRST_NAME || Q'A's monthly salary is Rs.A' || SALARY || '/-.' FROM EMPLOYEES;

FIRST_NAME||Q'A'SMONTHLYSALARYISRS.A'||SALARY||'/-.'                                                                                                                                                    
-----------------------------------------------------------------------------                                                                                                                           
Steven's monthly salary is Rs.24000/-.                                                                                                                                                                  
Neena's monthly salary is Rs.17000/-.                                                                                                                                                                   
Lex's monthly salary is Rs.17000/-.                                                                                                                                                                     
Alexander's monthly salary is Rs.9000/-.                                                                                                                                                                
Bruce's monthly salary is Rs.6000/-.                                                                                                                                                                    
Diana's monthly salary is Rs.4200/-.                                                                                                                                                                    
Kevin's monthly salary is Rs.5800/-.                                                                                                                                                                    
Trenna's monthly salary is Rs.3500/-.                                                                                                                                                                   
Curtis's monthly salary is Rs.3100/-.                                                                                                                                                                   
Randall's monthly salary is Rs.2600/-.                                                                                                                                                                  
Peter's monthly salary is Rs.2500/-.                                                                                                                                                                    
Eleni's monthly salary is Rs.10500/-.                                                                                                                                                                   
Ellen's monthly salary is Rs.11000/-.                                                                                                                                                                   
Jonathon's monthly salary is Rs.8600/-.                                                                                                                                                                 
Kimerely's monthly salary is Rs.7000/-.                                                                                                                                                                 
Jennifer's monthly salary is Rs.4400/-.                                                                                                                                                                 
Michael's monthly salary is Rs.13000/-.                                                                                                                                                                 
Pat's monthly salary is Rs.6000/-.                                                                                                                                                                      
Shelley's monthly salary is Rs.12000/-.                                                                                                                                                                 
William's monthly salary is Rs.8300/-.                                                                                                                                                                  

20 rows selected.

SQL> SELECT FIRST_NAME || Q'4's monthly salary is Rs.4' || SALARY || '/-.' FROM EMPLOYEES;

FIRST_NAME||Q'4'SMONTHLYSALARYISRS.4'||SALARY||'/-.'                                                                                                                                                    
-----------------------------------------------------------------------------                                                                                                                           
Steven's monthly salary is Rs.24000/-.                                                                                                                                                                  
Neena's monthly salary is Rs.17000/-.                                                                                                                                                                   
Lex's monthly salary is Rs.17000/-.                                                                                                                                                                     
Alexander's monthly salary is Rs.9000/-.                                                                                                                                                                
Bruce's monthly salary is Rs.6000/-.                                                                                                                                                                    
Diana's monthly salary is Rs.4200/-.                                                                                                                                                                    
Kevin's monthly salary is Rs.5800/-.                                                                                                                                                                    
Trenna's monthly salary is Rs.3500/-.                                                                                                                                                                   
Curtis's monthly salary is Rs.3100/-.                                                                                                                                                                   
Randall's monthly salary is Rs.2600/-.                                                                                                                                                                  
Peter's monthly salary is Rs.2500/-.                                                                                                                                                                    
Eleni's monthly salary is Rs.10500/-.                                                                                                                                                                   
Ellen's monthly salary is Rs.11000/-.                                                                                                                                                                   
Jonathon's monthly salary is Rs.8600/-.                                                                                                                                                                 
Kimerely's monthly salary is Rs.7000/-.                                                                                                                                                                 
Jennifer's monthly salary is Rs.4400/-.                                                                                                                                                                 
Michael's monthly salary is Rs.13000/-.                                                                                                                                                                 
Pat's monthly salary is Rs.6000/-.                                                                                                                                                                      
Shelley's monthly salary is Rs.12000/-.                                                                                                                                                                 
William's monthly salary is Rs.8300/-.                                                                                                                                                                  

20 rows selected.

SQL> SELECT FIRST_NAME || Q'4's monthly salary is Rs.6' || SALARY || '/-.' FROM EMPLOYEES;
ERROR:
ORA-01756: quoted string not properly terminated 


SQL> SELECT FIRST_NAME || Q'['s monthly salary is Rs.]' || SALARY || '/-.' FROM EMPLOYEES;

FIRST_NAME||Q'['SMONTHLYSALARYISRS.]'||SALARY||'/-.'                                                                                                                                                    
-----------------------------------------------------------------------------                                                                                                                           
Steven's monthly salary is Rs.24000/-.                                                                                                                                                                  
Neena's monthly salary is Rs.17000/-.                                                                                                                                                                   
Lex's monthly salary is Rs.17000/-.                                                                                                                                                                     
Alexander's monthly salary is Rs.9000/-.                                                                                                                                                                
Bruce's monthly salary is Rs.6000/-.                                                                                                                                                                    
Diana's monthly salary is Rs.4200/-.                                                                                                                                                                    
Kevin's monthly salary is Rs.5800/-.                                                                                                                                                                    
Trenna's monthly salary is Rs.3500/-.                                                                                                                                                                   
Curtis's monthly salary is Rs.3100/-.                                                                                                                                                                   
Randall's monthly salary is Rs.2600/-.                                                                                                                                                                  
Peter's monthly salary is Rs.2500/-.                                                                                                                                                                    
Eleni's monthly salary is Rs.10500/-.                                                                                                                                                                   
Ellen's monthly salary is Rs.11000/-.                                                                                                                                                                   
Jonathon's monthly salary is Rs.8600/-.                                                                                                                                                                 
Kimerely's monthly salary is Rs.7000/-.                                                                                                                                                                 
Jennifer's monthly salary is Rs.4400/-.                                                                                                                                                                 
Michael's monthly salary is Rs.13000/-.                                                                                                                                                                 
Pat's monthly salary is Rs.6000/-.                                                                                                                                                                      
Shelley's monthly salary is Rs.12000/-.                                                                                                                                                                 
William's monthly salary is Rs.8300/-.                                                                                                                                                                  

20 rows selected.

SQL> SELECT FIRST_NAME || Q']'s monthly salary is Rs.]' || SALARY || '/-.' FROM EMPLOYEES;

FIRST_NAME||Q']'SMONTHLYSALARYISRS.]'||SALARY||'/-.'                                                                                                                                                    
-----------------------------------------------------------------------------                                                                                                                           
Steven's monthly salary is Rs.24000/-.                                                                                                                                                                  
Neena's monthly salary is Rs.17000/-.                                                                                                                                                                   
Lex's monthly salary is Rs.17000/-.                                                                                                                                                                     
Alexander's monthly salary is Rs.9000/-.                                                                                                                                                                
Bruce's monthly salary is Rs.6000/-.                                                                                                                                                                    
Diana's monthly salary is Rs.4200/-.                                                                                                                                                                    
Kevin's monthly salary is Rs.5800/-.                                                                                                                                                                    
Trenna's monthly salary is Rs.3500/-.                                                                                                                                                                   
Curtis's monthly salary is Rs.3100/-.                                                                                                                                                                   
Randall's monthly salary is Rs.2600/-.                                                                                                                                                                  
Peter's monthly salary is Rs.2500/-.                                                                                                                                                                    
Eleni's monthly salary is Rs.10500/-.                                                                                                                                                                   
Ellen's monthly salary is Rs.11000/-.                                                                                                                                                                   
Jonathon's monthly salary is Rs.8600/-.                                                                                                                                                                 
Kimerely's monthly salary is Rs.7000/-.                                                                                                                                                                 
Jennifer's monthly salary is Rs.4400/-.                                                                                                                                                                 
Michael's monthly salary is Rs.13000/-.                                                                                                                                                                 
Pat's monthly salary is Rs.6000/-.                                                                                                                                                                      
Shelley's monthly salary is Rs.12000/-.                                                                                                                                                                 
William's monthly salary is Rs.8300/-.                                                                                                                                                                  

20 rows selected.

SQL> SELECT FIRST_NAME || Q'['s monthly salary is Rs.[' || SALARY || '/-.' FROM EMPLOYEES;
ERROR:
ORA-01756: quoted string not properly terminated 


SQL> SELECT FIRST_NAME || Q']'s monthly salary is Rs.[' || SALARY || '/-.' FROM EMPLOYEES;
ERROR:
ORA-01756: quoted string not properly terminated 


SQL> REM [] {} <> ()
SQL> 
SQL> REM ARITHMETIC OPERATION WITH NULL VALUES
SQL> 
SQL> SELECT FIRST_NAME , SALARY , COMMISSION_PCT FROM EMPLOYEES;

FIRST_NAME     SALARY COMMISSION_PCT                                                                                                                                                                    
---------- ---------- --------------                                                                                                                                                                    
Steven          24000                                                                                                                                                                                   
Neena           17000                                                                                                                                                                                   
Lex             17000                                                                                                                                                                                   
Alexander        9000                                                                                                                                                                                   
Bruce            6000                                                                                                                                                                                   
Diana            4200                                                                                                                                                                                   
Kevin            5800                                                                                                                                                                                   
Trenna           3500                                                                                                                                                                                   
Curtis           3100                                                                                                                                                                                   
Randall          2600                                                                                                                                                                                   
Peter            2500                                                                                                                                                                                   
Eleni           10500             .2                                                                                                                                                                    
Ellen           11000             .3                                                                                                                                                                    
Jonathon         8600             .3                                                                                                                                                                    
Kimerely         7000            .15                                                                                                                                                                    
Jennifer         4400                                                                                                                                                                                   
Michael         13000                                                                                                                                                                                   
Pat              6000                                                                                                                                                                                   
Shelley         12000                                                                                                                                                                                   
William          8300                                                                                                                                                                                   

20 rows selected.

SQL> SELECT FIRST_NAME , SALARY , COMMISSION_PCT , SALARY * COMMISSION_PCT "COMM AMOUNT" FROM EMPLOYEES;

FIRST_NAME     SALARY COMMISSION_PCT COMM AMOUNT                                                                                                                                                        
---------- ---------- -------------- -----------                                                                                                                                                        
Steven          24000                                                                                                                                                                                   
Neena           17000                                                                                                                                                                                   
Lex             17000                                                                                                                                                                                   
Alexander        9000                                                                                                                                                                                   
Bruce            6000                                                                                                                                                                                   
Diana            4200                                                                                                                                                                                   
Kevin            5800                                                                                                                                                                                   
Trenna           3500                                                                                                                                                                                   
Curtis           3100                                                                                                                                                                                   
Randall          2600                                                                                                                                                                                   
Peter            2500                                                                                                                                                                                   
Eleni           10500             .2        2100                                                                                                                                                        
Ellen           11000             .3        3300                                                                                                                                                        
Jonathon         8600             .3        2580                                                                                                                                                        
Kimerely         7000            .15        1050                                                                                                                                                        
Jennifer         4400                                                                                                                                                                                   
Michael         13000                                                                                                                                                                                   
Pat              6000                                                                                                                                                                                   
Shelley         12000                                                                                                                                                                                   
William          8300                                                                                                                                                                                   

20 rows selected.

SQL> SELECT FIRST_NAME , SALARY , COMMISSION_PCT , SALARY * COMMISSION_PCT "COMM AMOUNT" , SALARY + "COMM AMOUNT" FROM EMPLOYEES;
SELECT FIRST_NAME , SALARY , COMMISSION_PCT , SALARY * COMMISSION_PCT "COMM AMOUNT" , SALARY + "COMM AMOUNT" FROM EMPLOYEES
                                                                                               *
ERROR at line 1:
ORA-00904: "COMM AMOUNT": invalid identifier 


SQL> SELECT FIRST_NAME , SALARY , COMMISSION_PCT , SALARY * COMMISSION_PCT "COMM AMOUNT" , SALARY + SALARY * COMMISSION_PCT "TOTAL PAYMENT" FROM EMPLOYEES;

FIRST_NAME     SALARY COMMISSION_PCT COMM AMOUNT TOTAL PAYMENT                                                                                                                                          
---------- ---------- -------------- ----------- -------------                                                                                                                                          
Steven          24000                                                                                                                                                                                   
Neena           17000                                                                                                                                                                                   
Lex             17000                                                                                                                                                                                   
Alexander        9000                                                                                                                                                                                   
Bruce            6000                                                                                                                                                                                   
Diana            4200                                                                                                                                                                                   
Kevin            5800                                                                                                                                                                                   
Trenna           3500                                                                                                                                                                                   
Curtis           3100                                                                                                                                                                                   
Randall          2600                                                                                                                                                                                   
Peter            2500                                                                                                                                                                                   
Eleni           10500             .2        2100         12600                                                                                                                                          
Ellen           11000             .3        3300         14300                                                                                                                                          
Jonathon         8600             .3        2580         11180                                                                                                                                          
Kimerely         7000            .15        1050          8050                                                                                                                                          
Jennifer         4400                                                                                                                                                                                   
Michael         13000                                                                                                                                                                                   
Pat              6000                                                                                                                                                                                   
Shelley         12000                                                                                                                                                                                   
William          8300                                                                                                                                                                                   

20 rows selected.

SQL> REM ANY ARITHMETIC CALCULATION WITH NULL WILL ALWAYS RESULT INTO NULL.
SQL> 
SQL> SELECT 5 + NULL FROM DUAL;

    5+NULL                                                                                                                                                                                              
----------                                                                                                                                                                                              
                                                                                                                                                                                                        

SQL> SELECT 5 - NULL FROM DUAL;

    5-NULL                                                                                                                                                                                              
----------                                                                                                                                                                                              
                                                                                                                                                                                                        

SQL> SELECT 5 / NULL FROM DUAL;

    5/NULL                                                                                                                                                                                              
----------                                                                                                                                                                                              
                                                                                                                                                                                                        

SQL> SELECT 5 * NULL FROM DUAL;

    5*NULL                                                                                                                                                                                              
----------                                                                                                                                                                                              
                                                                                                                                                                                                        

SQL> SELECT 5 || NULL FROM DUAL;

5                                                                                                                                                                                                       
-                                                                                                                                                                                                       
5                                                                                                                                                                                                       

SQL> SELECT FIRST_NAME , SALARY , NVL(COMMISSION_PCT,0) , SALARY * COMMISSION_PCT "COMM AMOUNT" , SALARY + SALARY * COMMISSION_PCT "TOTAL PAYMENT" FROM EMPLOYEES;

FIRST_NAME     SALARY NVL(COMMISSION_PCT,0) COMM AMOUNT TOTAL PAYMENT                                                                                                                                   
---------- ---------- --------------------- ----------- -------------                                                                                                                                   
Steven          24000                     0                                                                                                                                                             
Neena           17000                     0                                                                                                                                                             
Lex             17000                     0                                                                                                                                                             
Alexander        9000                     0                                                                                                                                                             
Bruce            6000                     0                                                                                                                                                             
Diana            4200                     0                                                                                                                                                             
Kevin            5800                     0                                                                                                                                                             
Trenna           3500                     0                                                                                                                                                             
Curtis           3100                     0                                                                                                                                                             
Randall          2600                     0                                                                                                                                                             
Peter            2500                     0                                                                                                                                                             
Eleni           10500                    .2        2100         12600                                                                                                                                   
Ellen           11000                    .3        3300         14300                                                                                                                                   
Jonathon         8600                    .3        2580         11180                                                                                                                                   
Kimerely         7000                   .15        1050          8050                                                                                                                                   
Jennifer         4400                     0                                                                                                                                                             
Michael         13000                     0                                                                                                                                                             
Pat              6000                     0                                                                                                                                                             
Shelley         12000                     0                                                                                                                                                             
William          8300                     0                                                                                                                                                             

20 rows selected.

SQL> SELECT FIRST_NAME , SALARY , NVL(COMMISSION_PCT,0) , SALARY * NVL(COMMISSION_PCT,0) "COMM AMOUNT" , SALARY + SALARY * NVL(COMMISSION_PCT,0) "TOTAL PAYMENT" FROM EMPLOYEES;

FIRST_NAME     SALARY NVL(COMMISSION_PCT,0) COMM AMOUNT TOTAL PAYMENT                                                                                                                                   
---------- ---------- --------------------- ----------- -------------                                                                                                                                   
Steven          24000                     0           0         24000                                                                                                                                   
Neena           17000                     0           0         17000                                                                                                                                   
Lex             17000                     0           0         17000                                                                                                                                   
Alexander        9000                     0           0          9000                                                                                                                                   
Bruce            6000                     0           0          6000                                                                                                                                   
Diana            4200                     0           0          4200                                                                                                                                   
Kevin            5800                     0           0          5800                                                                                                                                   
Trenna           3500                     0           0          3500                                                                                                                                   
Curtis           3100                     0           0          3100                                                                                                                                   
Randall          2600                     0           0          2600                                                                                                                                   
Peter            2500                     0           0          2500                                                                                                                                   
Eleni           10500                    .2        2100         12600                                                                                                                                   
Ellen           11000                    .3        3300         14300                                                                                                                                   
Jonathon         8600                    .3        2580         11180                                                                                                                                   
Kimerely         7000                   .15        1050          8050                                                                                                                                   
Jennifer         4400                     0           0          4400                                                                                                                                   
Michael         13000                     0           0         13000                                                                                                                                   
Pat              6000                     0           0          6000                                                                                                                                   
Shelley         12000                     0           0         12000                                                                                                                                   
William          8300                     0           0          8300                                                                                                                                   

20 rows selected.

SQL> REM PRECEDENCE OF OPERATORS :
SQL> 
SQL> REM 1 BRACKET () : (  )   (  ) : LEFT TO RIGHT , (   (   )   ) : NESTED BRACKET (INNER TO OUTER)
SQL> 
SQL> REM 2 POWER FUNCTION
SQL> 
SQL> REM 3 / * (LEFT TO RIGHT IN FORMULA)
SQL> 
SQL> REM 4 + - || (LEFT TO RIGHT IN FORMULA)
SQL> 
SQL> 
SQL> 
SQL> SELECT POWER(5,2) FROM DUAL;

POWER(5,2)                                                                                                                                                                                              
----------                                                                                                                                                                                              
        25                                                                                                                                                                                              

SQL> SELECT POWER(5,3) FROM DUAL;

POWER(5,3)                                                                                                                                                                                              
----------                                                                                                                                                                                              
       125                                                                                                                                                                                              

SQL> SELECT POWER(25,1/2) FROM DUAL;

POWER(25,1/2)                                                                                                                                                                                           
-------------                                                                                                                                                                                           
            5                                                                                                                                                                                           

SQL> SELECT POWER(125,1/3) FROM DUAL;

POWER(125,1/3)                                                                                                                                                                                          
--------------                                                                                                                                                                                          
             5                                                                                                                                                                                          

SQL> SELECT 10 - 4 / 2 * 4 FROM DUAL;

  10-4/2*4                                                                                                                                                                                              
----------                                                                                                                                                                                              
         2                                                                                                                                                                                              

SQL> REM PRECEDENCE OF OPERATORS :
SQL> 
SQL> REM 1 BRACKET () : (  )   (  ) : LEFT TO RIGHT , (   (   )   ) : NESTED BRACKET (INNER TO OUTER)
SQL> 
SQL> REM 2 POWER FUNCTION
SQL> 
SQL> REM 3 / * (LEFT TO RIGHT IN FORMULA)
SQL> 
SQL> REM 4 + - || (LEFT TO RIGHT IN FORMULA)
SQL> 
SQL> 
SQL> SELECT (10 - 4) / 2 * 4 FROM DUAL;

(10-4)/2*4                                                                                                                                                                                              
----------                                                                                                                                                                                              
        12                                                                                                                                                                                              

SQL> SELECT (20 - 4) / (2 * 4) FROM DUAL;

(20-4)/(2*4)                                                                                                                                                                                            
------------                                                                                                                                                                                            
           2                                                                                                                                                                                            

SQL> SELECT ((20 - 4) / 2) * 4 FROM DUAL;

((20-4)/2)*4                                                                                                                                                                                            
------------                                                                                                                                                                                            
          32                                                                                                                                                                                            

SQL> SELECT 'SHRI' || 210 + 210 FROM DUAL;
SELECT 'SHRI' || 210 + 210 FROM DUAL
               *
ERROR at line 1:
ORA-01722: invalid number 


SQL> SELECT 'SHRI' || (210 + 210) FROM DUAL;

'SHRI'|                                                                                                                                                                                                 
-------                                                                                                                                                                                                 
SHRI420                                                                                                                                                                                                 

SQL> SELECT 'SHRI' || 210 * 2 FROM DUAL;

'SHRI'|                                                                                                                                                                                                 
-------                                                                                                                                                                                                 
SHRI420                                                                                                                                                                                                 

SQL> SELECT ('SHRI' || 210) * 2 FROM DUAL;
SELECT ('SHRI' || 210) * 2 FROM DUAL
                *
ERROR at line 1:
ORA-01722: invalid number 


SQL> SELECT 'SHRI' || (210 * 2) FROM DUAL;

'SHRI'|                                                                                                                                                                                                 
-------                                                                                                                                                                                                 
SHRI420                                                                                                                                                                                                 

SQL> REM DISTINCT/UNIQUE
SQL> 
SQL> SELECT JOB_ID FROM EMPLOYEES;

JOB_ID                                                                                                                                                                                                  
----------                                                                                                                                                                                              
AD_PRES                                                                                                                                                                                                 
AD_VP                                                                                                                                                                                                   
AD_VP                                                                                                                                                                                                   
IT_PROG                                                                                                                                                                                                 
IT_PROG                                                                                                                                                                                                 
IT_PROG                                                                                                                                                                                                 
ST_MAN                                                                                                                                                                                                  
ST_CLERK                                                                                                                                                                                                
ST_CLERK                                                                                                                                                                                                
ST_CLERK                                                                                                                                                                                                
ST_CLERK                                                                                                                                                                                                
SA_MAN                                                                                                                                                                                                  
SA_REP                                                                                                                                                                                                  
SA_REP                                                                                                                                                                                                  
SA_REP                                                                                                                                                                                                  
AD_ASST                                                                                                                                                                                                 
MK_MAN                                                                                                                                                                                                  
MK_REP                                                                                                                                                                                                  
AC_MGR                                                                                                                                                                                                  
AC_ACCOUNT                                                                                                                                                                                              

20 rows selected.

SQL> SELECT UNIQUE JOB_ID FROM EMPLOYEES;

JOB_ID                                                                                                                                                                                                  
----------                                                                                                                                                                                              
IT_PROG                                                                                                                                                                                                 
AC_MGR                                                                                                                                                                                                  
AC_ACCOUNT                                                                                                                                                                                              
ST_MAN                                                                                                                                                                                                  
AD_ASST                                                                                                                                                                                                 
AD_VP                                                                                                                                                                                                   
SA_MAN                                                                                                                                                                                                  
MK_MAN                                                                                                                                                                                                  
AD_PRES                                                                                                                                                                                                 
SA_REP                                                                                                                                                                                                  
MK_REP                                                                                                                                                                                                  
ST_CLERK                                                                                                                                                                                                

12 rows selected.

SQL> SELECT DISTINCT JOB_ID FROM EMPLOYEES;

JOB_ID                                                                                                                                                                                                  
----------                                                                                                                                                                                              
IT_PROG                                                                                                                                                                                                 
AC_MGR                                                                                                                                                                                                  
AC_ACCOUNT                                                                                                                                                                                              
ST_MAN                                                                                                                                                                                                  
AD_ASST                                                                                                                                                                                                 
AD_VP                                                                                                                                                                                                   
SA_MAN                                                                                                                                                                                                  
MK_MAN                                                                                                                                                                                                  
AD_PRES                                                                                                                                                                                                 
SA_REP                                                                                                                                                                                                  
MK_REP                                                                                                                                                                                                  
ST_CLERK                                                                                                                                                                                                

12 rows selected.

SQL> SELECT DEPARTMENT_ID FROM EMPLOYEES;

DEPARTMENT_ID                                                                                                                                                                                           
-------------                                                                                                                                                                                           
           90                                                                                                                                                                                           
           90                                                                                                                                                                                           
           90                                                                                                                                                                                           
           60                                                                                                                                                                                           
           60                                                                                                                                                                                           
           60                                                                                                                                                                                           
           50                                                                                                                                                                                           
           50                                                                                                                                                                                           
           50                                                                                                                                                                                           
           50                                                                                                                                                                                           
           50                                                                                                                                                                                           
           80                                                                                                                                                                                           
           80                                                                                                                                                                                           
           80                                                                                                                                                                                           
                                                                                                                                                                                                        
           10                                                                                                                                                                                           
           20                                                                                                                                                                                           
           20                                                                                                                                                                                           
          110                                                                                                                                                                                           
          110                                                                                                                                                                                           

20 rows selected.

SQL> SELECT DISTINCT DEPARTMENT_ID FROM EMPLOYEES;

DEPARTMENT_ID                                                                                                                                                                                           
-------------                                                                                                                                                                                           
                                                                                                                                                                                                        
           90                                                                                                                                                                                           
           20                                                                                                                                                                                           
          110                                                                                                                                                                                           
           50                                                                                                                                                                                           
           80                                                                                                                                                                                           
           60                                                                                                                                                                                           
           10                                                                                                                                                                                           

8 rows selected.

SQL> SELECT DEPARTMENT_ID DISTINCT FROM EMPLOYEES;
SELECT DEPARTMENT_ID DISTINCT FROM EMPLOYEES
                     *
ERROR at line 1:
ORA-00923: FROM keyword not found where expected 


SQL> SELECT DEPARTMENT_ID , JOB_ID FROM EMPLOYEES ORDER BY 1,2;

DEPARTMENT_ID JOB_ID                                                                                                                                                                                    
------------- ----------                                                                                                                                                                                
           10 AD_ASST                                                                                                                                                                                   
           20 MK_MAN                                                                                                                                                                                    
           20 MK_REP                                                                                                                                                                                    
           50 ST_CLERK                                                                                                                                                                                  
           50 ST_CLERK                                                                                                                                                                                  
           50 ST_CLERK                                                                                                                                                                                  
           50 ST_CLERK                                                                                                                                                                                  
           50 ST_MAN                                                                                                                                                                                    
           60 IT_PROG                                                                                                                                                                                   
           60 IT_PROG                                                                                                                                                                                   
           60 IT_PROG                                                                                                                                                                                   
           80 SA_MAN                                                                                                                                                                                    
           80 SA_REP                                                                                                                                                                                    
           80 SA_REP                                                                                                                                                                                    
           90 AD_PRES                                                                                                                                                                                   
           90 AD_VP                                                                                                                                                                                     
           90 AD_VP                                                                                                                                                                                     
          110 AC_ACCOUNT                                                                                                                                                                                
          110 AC_MGR                                                                                                                                                                                    
              SA_REP                                                                                                                                                                                    

20 rows selected.

SQL> SELECT DISTINCT DEPARTMENT_ID ,JOB_ID FROM EMPLOYEES ORDER BY 1,2;

DEPARTMENT_ID JOB_ID                                                                                                                                                                                    
------------- ----------                                                                                                                                                                                
           10 AD_ASST                                                                                                                                                                                   
           20 MK_MAN                                                                                                                                                                                    
           20 MK_REP                                                                                                                                                                                    
           50 ST_CLERK                                                                                                                                                                                  
           50 ST_MAN                                                                                                                                                                                    
           60 IT_PROG                                                                                                                                                                                   
           80 SA_MAN                                                                                                                                                                                    
           80 SA_REP                                                                                                                                                                                    
           90 AD_PRES                                                                                                                                                                                   
           90 AD_VP                                                                                                                                                                                     
          110 AC_ACCOUNT                                                                                                                                                                                
          110 AC_MGR                                                                                                                                                                                    
              SA_REP                                                                                                                                                                                    

13 rows selected.

SQL> SELECT DISTINCT DEPARTMENT_ID , DISTINCT JOB_ID FROM EMPLOYEES ORDER BY 1,2;
SELECT DISTINCT DEPARTMENT_ID , DISTINCT JOB_ID FROM EMPLOYEES ORDER BY 1,2
                                *
ERROR at line 1:
ORA-00936: missing expression 


SQL> SELECT DEPARTMENT_ID , DISTINCT JOB_ID FROM EMPLOYEES ORDER BY 1,2;
SELECT DEPARTMENT_ID , DISTINCT JOB_ID FROM EMPLOYEES ORDER BY 1,2
                       *
ERROR at line 1:
ORA-00936: missing expression 


SQL> SELECT MANAGER_ID , JOB_ID FROM EMPLOYEES ORDER BY 1,2;

MANAGER_ID JOB_ID                                                                                                                                                                                       
---------- ----------                                                                                                                                                                                   
       100 AD_VP                                                                                                                                                                                        
       100 AD_VP                                                                                                                                                                                        
       100 MK_MAN                                                                                                                                                                                       
       100 SA_MAN                                                                                                                                                                                       
       100 ST_MAN                                                                                                                                                                                       
       101 AC_MGR                                                                                                                                                                                       
       101 AD_ASST                                                                                                                                                                                      
       102 IT_PROG                                                                                                                                                                                      
       103 IT_PROG                                                                                                                                                                                      
       103 IT_PROG                                                                                                                                                                                      
       124 ST_CLERK                                                                                                                                                                                     
       124 ST_CLERK                                                                                                                                                                                     
       124 ST_CLERK                                                                                                                                                                                     
       124 ST_CLERK                                                                                                                                                                                     
       149 SA_REP                                                                                                                                                                                       
       149 SA_REP                                                                                                                                                                                       
       149 SA_REP                                                                                                                                                                                       
       201 MK_REP                                                                                                                                                                                       
       205 AC_ACCOUNT                                                                                                                                                                                   
           AD_PRES                                                                                                                                                                                      

20 rows selected.

SQL> SELECT UNIQUE MANAGER_ID , JOB_ID FROM EMPLOYEES ORDER BY 1,2;

MANAGER_ID JOB_ID                                                                                                                                                                                       
---------- ----------                                                                                                                                                                                   
       100 AD_VP                                                                                                                                                                                        
       100 MK_MAN                                                                                                                                                                                       
       100 SA_MAN                                                                                                                                                                                       
       100 ST_MAN                                                                                                                                                                                       
       101 AC_MGR                                                                                                                                                                                       
       101 AD_ASST                                                                                                                                                                                      
       102 IT_PROG                                                                                                                                                                                      
       103 IT_PROG                                                                                                                                                                                      
       124 ST_CLERK                                                                                                                                                                                     
       149 SA_REP                                                                                                                                                                                       
       201 MK_REP                                                                                                                                                                                       
       205 AC_ACCOUNT                                                                                                                                                                                   
           AD_PRES                                                                                                                                                                                      

13 rows selected.

SQL> SELECT * FROM REGIONS;

 REGION_ID REGION_NAME                                                                                                                                                                                  
---------- -------------------------                                                                                                                                                                    
         1 Europe                                                                                                                                                                                       
         2 Americas                                                                                                                                                                                     
         3 Asia                                                                                                                                                                                         
         4 Middle East and Africa                                                                                                                                                                       

SQL> SELECT DISTINCT * FROM REGIONS;

 REGION_ID REGION_NAME                                                                                                                                                                                  
---------- -------------------------                                                                                                                                                                    
         1 Europe                                                                                                                                                                                       
         2 Americas                                                                                                                                                                                     
         3 Asia                                                                                                                                                                                         
         4 Middle East and Africa                                                                                                                                                                       

SQL> SELECT ALL * FROM REGIONS;

 REGION_ID REGION_NAME                                                                                                                                                                                  
---------- -------------------------                                                                                                                                                                    
         1 Europe                                                                                                                                                                                       
         2 Americas                                                                                                                                                                                     
         3 Asia                                                                                                                                                                                         
         4 Middle East and Africa                                                                                                                                                                       

SQL> SPOOL OFF
