SQL> 
SQL> SELECT * FROM EMPLOYEES;

EMPLOYEE_ID FIRST_NAME LAST_NAME  EMAIL      PHONE_NUMBER         HIRE_DATE JOB_ID         SALARY COMMISSION_PCT MANAGER_ID DEPARTMENT_ID                                                               
----------- ---------- ---------- ---------- -------------------- --------- ---------- ---------- -------------- ---------- -------------                                                               
        100 Steven     King       SKING      515.123.4567         17-JUL-87 AD_PRES         24000                                      90                                                               
        101 Neena      Kochhar    NKOCHHAR   515.123.4568         21-SEP-89 AD_VP           17000                       100            90                                                               
        102 Lex        De Haan    LDEHAAN    515.123.4569         13-JAN-93 AD_VP           17000                       100            90                                                               
        103 Alexander  Hunold     AHUNOLD    590.423.4567         03-JAN-90 IT_PROG          9000                       102            60                                                               
        104 Bruce      Ernst      BERNST     590.423.4568         21-MAY-91 IT_PROG          6000                       103            60                                                               
        107 Diana      Lorentz    DLORENTZ   590.423.5567         07-FEB-99 IT_PROG          4200                       103            60                                                               
        124 Kevin      Mourgos    KMOURGOS   650.123.5234         16-NOV-99 ST_MAN           5800                       100            50                                                               
        141 Trenna     Rajs       TRAJS      650.121.8009         17-OCT-95 ST_CLERK         3500                       124            50                                                               
        142 Curtis     Davies     CDAVIES    650.121.2994         29-JAN-97 ST_CLERK         3100                       124            50                                                               
        143 Randall    Matos      RMATOS     650.121.2874         15-MAR-98 ST_CLERK         2600                       124            50                                                               
        144 Peter      Vargas     PVARGAS    650.121.2004         09-JUL-98 ST_CLERK         2500                       124            50                                                               
        149 Eleni      Zlotkey    EZLOTKEY   011.44.1344.429018   29-JAN-00 SA_MAN          10500             .2        100            80                                                               
        174 Ellen      Abel       EABEL      011.44.1644.429267   11-MAY-96 SA_REP          11000             .3        149            80                                                               
        176 Jonathon   Taylor     JTAYLOR    011.44.1644.429265   24-MAR-98 SA_REP           8600             .3        149            80                                                               
        178 Kimerely   Grant      KGRANT     011.44.1644.429263   24-MAY-99 SA_REP           7000            .15        149                                                                             
        200 Jennifer   Whalen     JWAHLEN    515.123.4444         17-SEP-87 AD_ASST          4400                       101            10                                                               
        201 Michael    Hartstein  MHARTSTE   515.123.5555         17-FEB-96 MK_MAN          13000                       100            20                                                               
        202 Pat        Fay        PFAY       603.123.6666         17-AUG-97 MK_REP           6000                       201            20                                                               
        205 Shelley    Higgins    SHIGGINS   515.123.8080         07-JUN-94 AC_MGR          12000                       101           110                                                               
        206 William    Gietz      WGIETZ     515.123.8181         07-JUN-94 AC_ACCOUNT       8300                       205           110                                                               

20 rows selected.

SQL> REM FIRST ROW IS COLUMN HEADING
SQL> 
SQL> REM SECOND ROW IS SEPARATOR
SQL> 
SQL> REM THIRD ROW ONWARDS ALL ROWS HAS DATA/VALUES
SQL> 
SQL> REM VERTICAL = COLUMN
SQL> 
SQL> REM HORIZONTAL = ROW
SQL> 
SQL> REM INTERSECTION = FIELD
SQL> 
SQL> REM COMBINATION = DATA
SQL> 
SQL> REM COLUMN HEADING + DATA = TABLE
SQL> 
SQL> REM DD-MON-RR
SQL> 
SQL> REM IS NOTHING BUT COMMENT
SQL> 
SQL> REM IS FIRST STYLE OF WRITING COMMENT
SQL> 
SQL> -- IS SECOND STYLE OF WRITING COMMENT
SQL> 
SQL> /*
SQL> IS THE
SQL> THIRD STYLE
SQL> OF WRITING
SQL> COMMENT
SQL> */
SQL> 
SQL> REM USING REM AND -- WE CAN WRITE SINGLE LINE COMMENT
SQL> 
SQL> REM USING /* SADFSDF J;LKSADFJ JALK  */ : WE CAN WRITE MULTI LINE COMMENT
SQL> 
SQL> REM COMMENT IS FOR OUR SELEVES
SQL> 
SQL> REM COMMAND IS FOR ORACLE/SQL
SQL> 
SQL> REM ORACLE IS RDBMS : RELATIONAL DATA BASE MANAGEMENT SYSTEM
SQL> 
SQL> REM SQL> IS PROMPT, WHICH MEANS IT IS READY TO TAKE NEW COMMAND
SQL> 
SQL> 
SQL> REM BASIC SELECT STATEMENT
SQL> 
SQL> REM SELECT STATEMENT IS USED TO DISPLAY DATA OF TABLE ON SCREEN
SQL> 
SQL> REM SYNTAX : IS COMPUTER LANGUAGE GRAMMER
SQL> 
SQL> SELECT * FROM EMPLOYEES;

EMPLOYEE_ID FIRST_NAME LAST_NAME  EMAIL      PHONE_NUMBER         HIRE_DATE JOB_ID         SALARY COMMISSION_PCT MANAGER_ID DEPARTMENT_ID                                                               
----------- ---------- ---------- ---------- -------------------- --------- ---------- ---------- -------------- ---------- -------------                                                               
        100 Steven     King       SKING      515.123.4567         17-JUL-87 AD_PRES         24000                                      90                                                               
        101 Neena      Kochhar    NKOCHHAR   515.123.4568         21-SEP-89 AD_VP           17000                       100            90                                                               
        102 Lex        De Haan    LDEHAAN    515.123.4569         13-JAN-93 AD_VP           17000                       100            90                                                               
        103 Alexander  Hunold     AHUNOLD    590.423.4567         03-JAN-90 IT_PROG          9000                       102            60                                                               
        104 Bruce      Ernst      BERNST     590.423.4568         21-MAY-91 IT_PROG          6000                       103            60                                                               
        107 Diana      Lorentz    DLORENTZ   590.423.5567         07-FEB-99 IT_PROG          4200                       103            60                                                               
        124 Kevin      Mourgos    KMOURGOS   650.123.5234         16-NOV-99 ST_MAN           5800                       100            50                                                               
        141 Trenna     Rajs       TRAJS      650.121.8009         17-OCT-95 ST_CLERK         3500                       124            50                                                               
        142 Curtis     Davies     CDAVIES    650.121.2994         29-JAN-97 ST_CLERK         3100                       124            50                                                               
        143 Randall    Matos      RMATOS     650.121.2874         15-MAR-98 ST_CLERK         2600                       124            50                                                               
        144 Peter      Vargas     PVARGAS    650.121.2004         09-JUL-98 ST_CLERK         2500                       124            50                                                               
        149 Eleni      Zlotkey    EZLOTKEY   011.44.1344.429018   29-JAN-00 SA_MAN          10500             .2        100            80                                                               
        174 Ellen      Abel       EABEL      011.44.1644.429267   11-MAY-96 SA_REP          11000             .3        149            80                                                               
        176 Jonathon   Taylor     JTAYLOR    011.44.1644.429265   24-MAR-98 SA_REP           8600             .3        149            80                                                               
        178 Kimerely   Grant      KGRANT     011.44.1644.429263   24-MAY-99 SA_REP           7000            .15        149                                                                             
        200 Jennifer   Whalen     JWAHLEN    515.123.4444         17-SEP-87 AD_ASST          4400                       101            10                                                               
        201 Michael    Hartstein  MHARTSTE   515.123.5555         17-FEB-96 MK_MAN          13000                       100            20                                                               
        202 Pat        Fay        PFAY       603.123.6666         17-AUG-97 MK_REP           6000                       201            20                                                               
        205 Shelley    Higgins    SHIGGINS   515.123.8080         07-JUN-94 AC_MGR          12000                       101           110                                                               
        206 William    Gietz      WGIETZ     515.123.8181         07-JUN-94 AC_ACCOUNT       8300                       205           110                                                               

20 rows selected.

SQL> SELECT FROM * EMPLOYEES;
SELECT FROM * EMPLOYEES
       *
ERROR at line 1:
ORA-00936: missing expression 


SQL> SELECT * EMPLOYEES;
SELECT * EMPLOYEES
         *
ERROR at line 1:
ORA-00923: FROM keyword not found where expected 


SQL> REM BASIC SELECT STATEMENT HAS 5 PARTS
SQL> 
SQL> REM SELECT
SQL> 
SQL> REM *
SQL> 
SQL> REM FROM
SQL> 
SQL> REM TABLENAME
SQL> 
SQL> REM ;
SQL> 
SQL> REM SYNTAX FOR SELECT STATEMENT : SELECT */COLUMNLIST FROM TABLENAME;
SQL> 
SQL> SELECT * FROM EMPLOYEES;

EMPLOYEE_ID FIRST_NAME LAST_NAME  EMAIL      PHONE_NUMBER         HIRE_DATE JOB_ID         SALARY COMMISSION_PCT MANAGER_ID DEPARTMENT_ID                                                               
----------- ---------- ---------- ---------- -------------------- --------- ---------- ---------- -------------- ---------- -------------                                                               
        100 Steven     King       SKING      515.123.4567         17-JUL-87 AD_PRES         24000                                      90                                                               
        101 Neena      Kochhar    NKOCHHAR   515.123.4568         21-SEP-89 AD_VP           17000                       100            90                                                               
        102 Lex        De Haan    LDEHAAN    515.123.4569         13-JAN-93 AD_VP           17000                       100            90                                                               
        103 Alexander  Hunold     AHUNOLD    590.423.4567         03-JAN-90 IT_PROG          9000                       102            60                                                               
        104 Bruce      Ernst      BERNST     590.423.4568         21-MAY-91 IT_PROG          6000                       103            60                                                               
        107 Diana      Lorentz    DLORENTZ   590.423.5567         07-FEB-99 IT_PROG          4200                       103            60                                                               
        124 Kevin      Mourgos    KMOURGOS   650.123.5234         16-NOV-99 ST_MAN           5800                       100            50                                                               
        141 Trenna     Rajs       TRAJS      650.121.8009         17-OCT-95 ST_CLERK         3500                       124            50                                                               
        142 Curtis     Davies     CDAVIES    650.121.2994         29-JAN-97 ST_CLERK         3100                       124            50                                                               
        143 Randall    Matos      RMATOS     650.121.2874         15-MAR-98 ST_CLERK         2600                       124            50                                                               
        144 Peter      Vargas     PVARGAS    650.121.2004         09-JUL-98 ST_CLERK         2500                       124            50                                                               
        149 Eleni      Zlotkey    EZLOTKEY   011.44.1344.429018   29-JAN-00 SA_MAN          10500             .2        100            80                                                               
        174 Ellen      Abel       EABEL      011.44.1644.429267   11-MAY-96 SA_REP          11000             .3        149            80                                                               
        176 Jonathon   Taylor     JTAYLOR    011.44.1644.429265   24-MAR-98 SA_REP           8600             .3        149            80                                                               
        178 Kimerely   Grant      KGRANT     011.44.1644.429263   24-MAY-99 SA_REP           7000            .15        149                                                                             
        200 Jennifer   Whalen     JWAHLEN    515.123.4444         17-SEP-87 AD_ASST          4400                       101            10                                                               
        201 Michael    Hartstein  MHARTSTE   515.123.5555         17-FEB-96 MK_MAN          13000                       100            20                                                               
        202 Pat        Fay        PFAY       603.123.6666         17-AUG-97 MK_REP           6000                       201            20                                                               
        205 Shelley    Higgins    SHIGGINS   515.123.8080         07-JUN-94 AC_MGR          12000                       101           110                                                               
        206 William    Gietz      WGIETZ     515.123.8181         07-JUN-94 AC_ACCOUNT       8300                       205           110                                                               

20 rows selected.

SQL> SELECT * FROM EMPLOYEES
  2  ;

EMPLOYEE_ID FIRST_NAME LAST_NAME  EMAIL      PHONE_NUMBER         HIRE_DATE JOB_ID         SALARY COMMISSION_PCT MANAGER_ID DEPARTMENT_ID                                                               
----------- ---------- ---------- ---------- -------------------- --------- ---------- ---------- -------------- ---------- -------------                                                               
        100 Steven     King       SKING      515.123.4567         17-JUL-87 AD_PRES         24000                                      90                                                               
        101 Neena      Kochhar    NKOCHHAR   515.123.4568         21-SEP-89 AD_VP           17000                       100            90                                                               
        102 Lex        De Haan    LDEHAAN    515.123.4569         13-JAN-93 AD_VP           17000                       100            90                                                               
        103 Alexander  Hunold     AHUNOLD    590.423.4567         03-JAN-90 IT_PROG          9000                       102            60                                                               
        104 Bruce      Ernst      BERNST     590.423.4568         21-MAY-91 IT_PROG          6000                       103            60                                                               
        107 Diana      Lorentz    DLORENTZ   590.423.5567         07-FEB-99 IT_PROG          4200                       103            60                                                               
        124 Kevin      Mourgos    KMOURGOS   650.123.5234         16-NOV-99 ST_MAN           5800                       100            50                                                               
        141 Trenna     Rajs       TRAJS      650.121.8009         17-OCT-95 ST_CLERK         3500                       124            50                                                               
        142 Curtis     Davies     CDAVIES    650.121.2994         29-JAN-97 ST_CLERK         3100                       124            50                                                               
        143 Randall    Matos      RMATOS     650.121.2874         15-MAR-98 ST_CLERK         2600                       124            50                                                               
        144 Peter      Vargas     PVARGAS    650.121.2004         09-JUL-98 ST_CLERK         2500                       124            50                                                               
        149 Eleni      Zlotkey    EZLOTKEY   011.44.1344.429018   29-JAN-00 SA_MAN          10500             .2        100            80                                                               
        174 Ellen      Abel       EABEL      011.44.1644.429267   11-MAY-96 SA_REP          11000             .3        149            80                                                               
        176 Jonathon   Taylor     JTAYLOR    011.44.1644.429265   24-MAR-98 SA_REP           8600             .3        149            80                                                               
        178 Kimerely   Grant      KGRANT     011.44.1644.429263   24-MAY-99 SA_REP           7000            .15        149                                                                             
        200 Jennifer   Whalen     JWAHLEN    515.123.4444         17-SEP-87 AD_ASST          4400                       101            10                                                               
        201 Michael    Hartstein  MHARTSTE   515.123.5555         17-FEB-96 MK_MAN          13000                       100            20                                                               
        202 Pat        Fay        PFAY       603.123.6666         17-AUG-97 MK_REP           6000                       201            20                                                               
        205 Shelley    Higgins    SHIGGINS   515.123.8080         07-JUN-94 AC_MGR          12000                       101           110                                                               
        206 William    Gietz      WGIETZ     515.123.8181         07-JUN-94 AC_ACCOUNT       8300                       205           110                                                               

20 rows selected.

SQL> SELECT * FROM EMPLOYEES
  2  /

EMPLOYEE_ID FIRST_NAME LAST_NAME  EMAIL      PHONE_NUMBER         HIRE_DATE JOB_ID         SALARY COMMISSION_PCT MANAGER_ID DEPARTMENT_ID                                                               
----------- ---------- ---------- ---------- -------------------- --------- ---------- ---------- -------------- ---------- -------------                                                               
        100 Steven     King       SKING      515.123.4567         17-JUL-87 AD_PRES         24000                                      90                                                               
        101 Neena      Kochhar    NKOCHHAR   515.123.4568         21-SEP-89 AD_VP           17000                       100            90                                                               
        102 Lex        De Haan    LDEHAAN    515.123.4569         13-JAN-93 AD_VP           17000                       100            90                                                               
        103 Alexander  Hunold     AHUNOLD    590.423.4567         03-JAN-90 IT_PROG          9000                       102            60                                                               
        104 Bruce      Ernst      BERNST     590.423.4568         21-MAY-91 IT_PROG          6000                       103            60                                                               
        107 Diana      Lorentz    DLORENTZ   590.423.5567         07-FEB-99 IT_PROG          4200                       103            60                                                               
        124 Kevin      Mourgos    KMOURGOS   650.123.5234         16-NOV-99 ST_MAN           5800                       100            50                                                               
        141 Trenna     Rajs       TRAJS      650.121.8009         17-OCT-95 ST_CLERK         3500                       124            50                                                               
        142 Curtis     Davies     CDAVIES    650.121.2994         29-JAN-97 ST_CLERK         3100                       124            50                                                               
        143 Randall    Matos      RMATOS     650.121.2874         15-MAR-98 ST_CLERK         2600                       124            50                                                               
        144 Peter      Vargas     PVARGAS    650.121.2004         09-JUL-98 ST_CLERK         2500                       124            50                                                               
        149 Eleni      Zlotkey    EZLOTKEY   011.44.1344.429018   29-JAN-00 SA_MAN          10500             .2        100            80                                                               
        174 Ellen      Abel       EABEL      011.44.1644.429267   11-MAY-96 SA_REP          11000             .3        149            80                                                               
        176 Jonathon   Taylor     JTAYLOR    011.44.1644.429265   24-MAR-98 SA_REP           8600             .3        149            80                                                               
        178 Kimerely   Grant      KGRANT     011.44.1644.429263   24-MAY-99 SA_REP           7000            .15        149                                                                             
        200 Jennifer   Whalen     JWAHLEN    515.123.4444         17-SEP-87 AD_ASST          4400                       101            10                                                               
        201 Michael    Hartstein  MHARTSTE   515.123.5555         17-FEB-96 MK_MAN          13000                       100            20                                                               
        202 Pat        Fay        PFAY       603.123.6666         17-AUG-97 MK_REP           6000                       201            20                                                               
        205 Shelley    Higgins    SHIGGINS   515.123.8080         07-JUN-94 AC_MGR          12000                       101           110                                                               
        206 William    Gietz      WGIETZ     515.123.8181         07-JUN-94 AC_ACCOUNT       8300                       205           110                                                               

20 rows selected.

SQL> SELECT * FROM EMPLOYEES;

EMPLOYEE_ID FIRST_NAME LAST_NAME  EMAIL      PHONE_NUMBER         HIRE_DATE JOB_ID         SALARY COMMISSION_PCT MANAGER_ID DEPARTMENT_ID                                                               
----------- ---------- ---------- ---------- -------------------- --------- ---------- ---------- -------------- ---------- -------------                                                               
        100 Steven     King       SKING      515.123.4567         17-JUL-87 AD_PRES         24000                                      90                                                               
        101 Neena      Kochhar    NKOCHHAR   515.123.4568         21-SEP-89 AD_VP           17000                       100            90                                                               
        102 Lex        De Haan    LDEHAAN    515.123.4569         13-JAN-93 AD_VP           17000                       100            90                                                               
        103 Alexander  Hunold     AHUNOLD    590.423.4567         03-JAN-90 IT_PROG          9000                       102            60                                                               
        104 Bruce      Ernst      BERNST     590.423.4568         21-MAY-91 IT_PROG          6000                       103            60                                                               
        107 Diana      Lorentz    DLORENTZ   590.423.5567         07-FEB-99 IT_PROG          4200                       103            60                                                               
        124 Kevin      Mourgos    KMOURGOS   650.123.5234         16-NOV-99 ST_MAN           5800                       100            50                                                               
        141 Trenna     Rajs       TRAJS      650.121.8009         17-OCT-95 ST_CLERK         3500                       124            50                                                               
        142 Curtis     Davies     CDAVIES    650.121.2994         29-JAN-97 ST_CLERK         3100                       124            50                                                               
        143 Randall    Matos      RMATOS     650.121.2874         15-MAR-98 ST_CLERK         2600                       124            50                                                               
        144 Peter      Vargas     PVARGAS    650.121.2004         09-JUL-98 ST_CLERK         2500                       124            50                                                               
        149 Eleni      Zlotkey    EZLOTKEY   011.44.1344.429018   29-JAN-00 SA_MAN          10500             .2        100            80                                                               
        174 Ellen      Abel       EABEL      011.44.1644.429267   11-MAY-96 SA_REP          11000             .3        149            80                                                               
        176 Jonathon   Taylor     JTAYLOR    011.44.1644.429265   24-MAR-98 SA_REP           8600             .3        149            80                                                               
        178 Kimerely   Grant      KGRANT     011.44.1644.429263   24-MAY-99 SA_REP           7000            .15        149                                                                             
        200 Jennifer   Whalen     JWAHLEN    515.123.4444         17-SEP-87 AD_ASST          4400                       101            10                                                               
        201 Michael    Hartstein  MHARTSTE   515.123.5555         17-FEB-96 MK_MAN          13000                       100            20                                                               
        202 Pat        Fay        PFAY       603.123.6666         17-AUG-97 MK_REP           6000                       201            20                                                               
        205 Shelley    Higgins    SHIGGINS   515.123.8080         07-JUN-94 AC_MGR          12000                       101           110                                                               
        206 William    Gietz      WGIETZ     515.123.8181         07-JUN-94 AC_ACCOUNT       8300                       205           110                                                               

20 rows selected.

SQL> SELECT * FROM EMPLOYEES/
  2  
SQL> 
SQL> REM / EXECUTES A COMMAND WHICH IS STORED IN BUFFER
SQL> 
SQL> SELECT * FROM EMPLOYEE;
SELECT * FROM EMPLOYEE
              *
ERROR at line 1:
ORA-00942: table or view does not exist 


SQL> SELECT * FRM EMPLOYEES;
SELECT * FRM EMPLOYEES
         *
ERROR at line 1:
ORA-00923: FROM keyword not found where expected 


SQL> SELECT * EMPLOYEES;
SELECT * EMPLOYEES
         *
ERROR at line 1:
ORA-00923: FROM keyword not found where expected 


SQL> SELECT * FROM;
SELECT * FROM
            *
ERROR at line 1:
ORA-00903: invalid table name 


SQL> SELECT * FROM EMPLOYEES;

EMPLOYEE_ID FIRST_NAME LAST_NAME  EMAIL      PHONE_NUMBER         HIRE_DATE JOB_ID         SALARY COMMISSION_PCT MANAGER_ID DEPARTMENT_ID                                                               
----------- ---------- ---------- ---------- -------------------- --------- ---------- ---------- -------------- ---------- -------------                                                               
        100 Steven     King       SKING      515.123.4567         17-JUL-87 AD_PRES         24000                                      90                                                               
        101 Neena      Kochhar    NKOCHHAR   515.123.4568         21-SEP-89 AD_VP           17000                       100            90                                                               
        102 Lex        De Haan    LDEHAAN    515.123.4569         13-JAN-93 AD_VP           17000                       100            90                                                               
        103 Alexander  Hunold     AHUNOLD    590.423.4567         03-JAN-90 IT_PROG          9000                       102            60                                                               
        104 Bruce      Ernst      BERNST     590.423.4568         21-MAY-91 IT_PROG          6000                       103            60                                                               
        107 Diana      Lorentz    DLORENTZ   590.423.5567         07-FEB-99 IT_PROG          4200                       103            60                                                               
        124 Kevin      Mourgos    KMOURGOS   650.123.5234         16-NOV-99 ST_MAN           5800                       100            50                                                               
        141 Trenna     Rajs       TRAJS      650.121.8009         17-OCT-95 ST_CLERK         3500                       124            50                                                               
        142 Curtis     Davies     CDAVIES    650.121.2994         29-JAN-97 ST_CLERK         3100                       124            50                                                               
        143 Randall    Matos      RMATOS     650.121.2874         15-MAR-98 ST_CLERK         2600                       124            50                                                               
        144 Peter      Vargas     PVARGAS    650.121.2004         09-JUL-98 ST_CLERK         2500                       124            50                                                               
        149 Eleni      Zlotkey    EZLOTKEY   011.44.1344.429018   29-JAN-00 SA_MAN          10500             .2        100            80                                                               
        174 Ellen      Abel       EABEL      011.44.1644.429267   11-MAY-96 SA_REP          11000             .3        149            80                                                               
        176 Jonathon   Taylor     JTAYLOR    011.44.1644.429265   24-MAR-98 SA_REP           8600             .3        149            80                                                               
        178 Kimerely   Grant      KGRANT     011.44.1644.429263   24-MAY-99 SA_REP           7000            .15        149                                                                             
        200 Jennifer   Whalen     JWAHLEN    515.123.4444         17-SEP-87 AD_ASST          4400                       101            10                                                               
        201 Michael    Hartstein  MHARTSTE   515.123.5555         17-FEB-96 MK_MAN          13000                       100            20                                                               
        202 Pat        Fay        PFAY       603.123.6666         17-AUG-97 MK_REP           6000                       201            20                                                               
        205 Shelley    Higgins    SHIGGINS   515.123.8080         07-JUN-94 AC_MGR          12000                       101           110                                                               
        206 William    Gietz      WGIETZ     515.123.8181         07-JUN-94 AC_ACCOUNT       8300                       205           110                                                               

20 rows selected.

SQL> SELECT FROM EMPLOYEES;
SELECT FROM EMPLOYEES
       *
ERROR at line 1:
ORA-00936: missing expression 


SQL> SELCT * FROM EMPLOYEES;
SP2-0734: unknown command beginning "SELCT * FR..." - rest of line ignored.
SQL> 
SQL> 
SQL> SELECT FROM * EMPLOYEES;
SELECT FROM * EMPLOYEES
       *
ERROR at line 1:
ORA-00936: missing expression 


SQL> REM * : META CHARACTER
SQL> 
SQL> REM * : REPRESENTS ALL COLUMNS
SQL> 
SQL> SELECT * FROM REGIONS;

 REGION_ID REGION_NAME                                                                                                                                                                                  
---------- -------------------------                                                                                                                                                                    
         1 Europe                                                                                                                                                                                       
         2 Americas                                                                                                                                                                                     
         3 Asia                                                                                                                                                                                         
         4 Middle East and Africa                                                                                                                                                                       

SQL> SELECT REGION_ID , REGION_NAME FROM REGIONS;

 REGION_ID REGION_NAME                                                                                                                                                                                  
---------- -------------------------                                                                                                                                                                    
         1 Europe                                                                                                                                                                                       
         2 Americas                                                                                                                                                                                     
         3 Asia                                                                                                                                                                                         
         4 Middle East and Africa                                                                                                                                                                       

SQL> SELECT * FROM DEPARTMENTS;

DEPARTMENT_ID DEPARTMENT_NAME                MANAGER_ID LOCATION_ID                                                                                                                                     
------------- ------------------------------ ---------- -----------                                                                                                                                     
           10 Administration                        200        1700                                                                                                                                     
           20 Marketing                             201        1800                                                                                                                                     
           50 Shiping                               124        1500                                                                                                                                     
           60 IT                                    103        1400                                                                                                                                     
           80 Sales                                 149        2500                                                                                                                                     
           90 Executive                             100        1700                                                                                                                                     
          110 Accounting                            205        1700                                                                                                                                     
          190 Contracting                                      1700                                                                                                                                     
          230 SADDDDD                               102        1200                                                                                                                                     
          200 PURCHASE                              105        1500                                                                                                                                     
          210 SADF                                  107        1700                                                                                                                                     
          220 SADFFDF                               102        1200                                                                                                                                     

12 rows selected.

SQL> SELECT DEPARTMENT_ID , DEPARTMENT_NAME , MANAGER_ID , LOCATION_ID , FROM DEPARTMENTS;
SELECT DEPARTMENT_ID , DEPARTMENT_NAME , MANAGER_ID , LOCATION_ID , FROM DEPARTMENTS
                                                                    *
ERROR at line 1:
ORA-00936: missing expression 


SQL> SELECT DEPARTMENT_ID , DEPARTMENT_NAME , MANAGER_ID , LOCATION_ID FROM DEPARTMENTS;

DEPARTMENT_ID DEPARTMENT_NAME                MANAGER_ID LOCATION_ID                                                                                                                                     
------------- ------------------------------ ---------- -----------                                                                                                                                     
           10 Administration                        200        1700                                                                                                                                     
           20 Marketing                             201        1800                                                                                                                                     
           50 Shiping                               124        1500                                                                                                                                     
           60 IT                                    103        1400                                                                                                                                     
           80 Sales                                 149        2500                                                                                                                                     
           90 Executive                             100        1700                                                                                                                                     
          110 Accounting                            205        1700                                                                                                                                     
          190 Contracting                                      1700                                                                                                                                     
          230 SADDDDD                               102        1200                                                                                                                                     
          200 PURCHASE                              105        1500                                                                                                                                     
          210 SADF                                  107        1700                                                                                                                                     
          220 SADFFDF                               102        1200                                                                                                                                     

12 rows selected.

SQL> SELECT , DEPARTMENT_ID , DEPARTMENT_NAME , MANAGER_ID , LOCATION_ID FROM DEPARTMENTS;
SELECT , DEPARTMENT_ID , DEPARTMENT_NAME , MANAGER_ID , LOCATION_ID FROM DEPARTMENTS
       *
ERROR at line 1:
ORA-00936: missing expression 


SQL> SELECT DEPARTMENT_ID , DEPARTMENT_NAME , MANAGER_ID , LOCATION_ID FROM DEPARTMENTS;

DEPARTMENT_ID DEPARTMENT_NAME                MANAGER_ID LOCATION_ID                                                                                                                                     
------------- ------------------------------ ---------- -----------                                                                                                                                     
           10 Administration                        200        1700                                                                                                                                     
           20 Marketing                             201        1800                                                                                                                                     
           50 Shiping                               124        1500                                                                                                                                     
           60 IT                                    103        1400                                                                                                                                     
           80 Sales                                 149        2500                                                                                                                                     
           90 Executive                             100        1700                                                                                                                                     
          110 Accounting                            205        1700                                                                                                                                     
          190 Contracting                                      1700                                                                                                                                     
          230 SADDDDD                               102        1200                                                                                                                                     
          200 PURCHASE                              105        1500                                                                                                                                     
          210 SADF                                  107        1700                                                                                                                                     
          220 SADFFDF                               102        1200                                                                                                                                     

12 rows selected.

SQL> SELECT DEPARTMENT_ID , DEPARTMENT_NAME , MANAGER_ID ,, LOCATION_ID FROM DEPARTMENTS;
SELECT DEPARTMENT_ID , DEPARTMENT_NAME , MANAGER_ID ,, LOCATION_ID FROM DEPARTMENTS
                                                     *
ERROR at line 1:
ORA-00936: missing expression 


SQL> SELECT DEPARTMENT_ID , DEPARTMENT_NAME , MANAGER_ID - LOCATION_ID FROM DEPARTMENTS;

DEPARTMENT_ID DEPARTMENT_NAME                MANAGER_ID-LOCATION_ID                                                                                                                                     
------------- ------------------------------ ----------------------                                                                                                                                     
           10 Administration                                  -1500                                                                                                                                     
           20 Marketing                                       -1599                                                                                                                                     
           50 Shiping                                         -1376                                                                                                                                     
           60 IT                                              -1297                                                                                                                                     
           80 Sales                                           -2351                                                                                                                                     
           90 Executive                                       -1600                                                                                                                                     
          110 Accounting                                      -1495                                                                                                                                     
          190 Contracting                                                                                                                                                                               
          230 SADDDDD                                         -1098                                                                                                                                     
          200 PURCHASE                                        -1395                                                                                                                                     
          210 SADF                                            -1593                                                                                                                                     
          220 SADFFDF                                         -1098                                                                                                                                     

12 rows selected.

SQL> SELECT DEPARTMENT_ID , DEPARTMENT_NAME , MANAGER_ID ; LOCATION_ID FROM DEPARTMENTS;
SELECT DEPARTMENT_ID , DEPARTMENT_NAME , MANAGER_ID ; LOCATION_ID FROM DEPARTMENTS
                                                    *
ERROR at line 1:
ORA-00923: FROM keyword not found where expected 


SQL> SELECT DEPARTMENT_ID , DEPARTMENT_NAME , MANAGER_ID : LOCATION_ID FROM DEPARTMENTS;
SP2-0552: Bind variable "LOCATION_ID" not declared.
SQL> 
SQL> 
SQL> REM PROJECTION : DISPLAYING SELECTED COLUMNS OF OUR CHOICE FROM TABLE, INSTEAD OF ALL COLUMNS
SQL> 
SQL> SELECT * FROM EMPLOYEES;

EMPLOYEE_ID FIRST_NAME LAST_NAME  EMAIL      PHONE_NUMBER         HIRE_DATE JOB_ID         SALARY COMMISSION_PCT MANAGER_ID DEPARTMENT_ID                                                               
----------- ---------- ---------- ---------- -------------------- --------- ---------- ---------- -------------- ---------- -------------                                                               
        100 Steven     King       SKING      515.123.4567         17-JUL-87 AD_PRES         24000                                      90                                                               
        101 Neena      Kochhar    NKOCHHAR   515.123.4568         21-SEP-89 AD_VP           17000                       100            90                                                               
        102 Lex        De Haan    LDEHAAN    515.123.4569         13-JAN-93 AD_VP           17000                       100            90                                                               
        103 Alexander  Hunold     AHUNOLD    590.423.4567         03-JAN-90 IT_PROG          9000                       102            60                                                               
        104 Bruce      Ernst      BERNST     590.423.4568         21-MAY-91 IT_PROG          6000                       103            60                                                               
        107 Diana      Lorentz    DLORENTZ   590.423.5567         07-FEB-99 IT_PROG          4200                       103            60                                                               
        124 Kevin      Mourgos    KMOURGOS   650.123.5234         16-NOV-99 ST_MAN           5800                       100            50                                                               
        141 Trenna     Rajs       TRAJS      650.121.8009         17-OCT-95 ST_CLERK         3500                       124            50                                                               
        142 Curtis     Davies     CDAVIES    650.121.2994         29-JAN-97 ST_CLERK         3100                       124            50                                                               
        143 Randall    Matos      RMATOS     650.121.2874         15-MAR-98 ST_CLERK         2600                       124            50                                                               
        144 Peter      Vargas     PVARGAS    650.121.2004         09-JUL-98 ST_CLERK         2500                       124            50                                                               
        149 Eleni      Zlotkey    EZLOTKEY   011.44.1344.429018   29-JAN-00 SA_MAN          10500             .2        100            80                                                               
        174 Ellen      Abel       EABEL      011.44.1644.429267   11-MAY-96 SA_REP          11000             .3        149            80                                                               
        176 Jonathon   Taylor     JTAYLOR    011.44.1644.429265   24-MAR-98 SA_REP           8600             .3        149            80                                                               
        178 Kimerely   Grant      KGRANT     011.44.1644.429263   24-MAY-99 SA_REP           7000            .15        149                                                                             
        200 Jennifer   Whalen     JWAHLEN    515.123.4444         17-SEP-87 AD_ASST          4400                       101            10                                                               
        201 Michael    Hartstein  MHARTSTE   515.123.5555         17-FEB-96 MK_MAN          13000                       100            20                                                               
        202 Pat        Fay        PFAY       603.123.6666         17-AUG-97 MK_REP           6000                       201            20                                                               
        205 Shelley    Higgins    SHIGGINS   515.123.8080         07-JUN-94 AC_MGR          12000                       101           110                                                               
        206 William    Gietz      WGIETZ     515.123.8181         07-JUN-94 AC_ACCOUNT       8300                       205           110                                                               

20 rows selected.

SQL> SELECT FIRST_NAME FROM EMPLOYEES;

FIRST_NAME                                                                                                                                                                                              
----------                                                                                                                                                                                              
Steven                                                                                                                                                                                                  
Neena                                                                                                                                                                                                   
Lex                                                                                                                                                                                                     
Alexander                                                                                                                                                                                               
Bruce                                                                                                                                                                                                   
Diana                                                                                                                                                                                                   
Kevin                                                                                                                                                                                                   
Trenna                                                                                                                                                                                                  
Curtis                                                                                                                                                                                                  
Randall                                                                                                                                                                                                 
Peter                                                                                                                                                                                                   
Eleni                                                                                                                                                                                                   
Ellen                                                                                                                                                                                                   
Jonathon                                                                                                                                                                                                
Kimerely                                                                                                                                                                                                
Jennifer                                                                                                                                                                                                
Michael                                                                                                                                                                                                 
Pat                                                                                                                                                                                                     
Shelley                                                                                                                                                                                                 
William                                                                                                                                                                                                 

20 rows selected.

SQL> SELECT FIRST_NAME , SALARY FROM EMPLOYEES;

FIRST_NAME     SALARY                                                                                                                                                                                   
---------- ----------                                                                                                                                                                                   
Steven          24000                                                                                                                                                                                   
Neena           17000                                                                                                                                                                                   
Lex             17000                                                                                                                                                                                   
Alexander        9000                                                                                                                                                                                   
Bruce            6000                                                                                                                                                                                   
Diana            4200                                                                                                                                                                                   
Kevin            5800                                                                                                                                                                                   
Trenna           3500                                                                                                                                                                                   
Curtis           3100                                                                                                                                                                                   
Randall          2600                                                                                                                                                                                   
Peter            2500                                                                                                                                                                                   
Eleni           10500                                                                                                                                                                                   
Ellen           11000                                                                                                                                                                                   
Jonathon         8600                                                                                                                                                                                   
Kimerely         7000                                                                                                                                                                                   
Jennifer         4400                                                                                                                                                                                   
Michael         13000                                                                                                                                                                                   
Pat              6000                                                                                                                                                                                   
Shelley         12000                                                                                                                                                                                   
William          8300                                                                                                                                                                                   

20 rows selected.

SQL> SELECT DEPARTMENT_ID , FIRST_NAME , SALARY FROM EMPLOYEES;

DEPARTMENT_ID FIRST_NAME     SALARY                                                                                                                                                                     
------------- ---------- ----------                                                                                                                                                                     
           90 Steven          24000                                                                                                                                                                     
           90 Neena           17000                                                                                                                                                                     
           90 Lex             17000                                                                                                                                                                     
           60 Alexander        9000                                                                                                                                                                     
           60 Bruce            6000                                                                                                                                                                     
           60 Diana            4200                                                                                                                                                                     
           50 Kevin            5800                                                                                                                                                                     
           50 Trenna           3500                                                                                                                                                                     
           50 Curtis           3100                                                                                                                                                                     
           50 Randall          2600                                                                                                                                                                     
           50 Peter            2500                                                                                                                                                                     
           80 Eleni           10500                                                                                                                                                                     
           80 Ellen           11000                                                                                                                                                                     
           80 Jonathon         8600                                                                                                                                                                     
              Kimerely         7000                                                                                                                                                                     
           10 Jennifer         4400                                                                                                                                                                     
           20 Michael         13000                                                                                                                                                                     
           20 Pat              6000                                                                                                                                                                     
          110 Shelley         12000                                                                                                                                                                     
          110 William          8300                                                                                                                                                                     

20 rows selected.

SQL> SELECT * FROM DEPARTMENTS;

DEPARTMENT_ID DEPARTMENT_NAME                MANAGER_ID LOCATION_ID                                                                                                                                     
------------- ------------------------------ ---------- -----------                                                                                                                                     
           10 Administration                        200        1700                                                                                                                                     
           20 Marketing                             201        1800                                                                                                                                     
           50 Shiping                               124        1500                                                                                                                                     
           60 IT                                    103        1400                                                                                                                                     
           80 Sales                                 149        2500                                                                                                                                     
           90 Executive                             100        1700                                                                                                                                     
          110 Accounting                            205        1700                                                                                                                                     
          190 Contracting                                      1700                                                                                                                                     
          230 SADDDDD                               102        1200                                                                                                                                     
          200 PURCHASE                              105        1500                                                                                                                                     
          210 SADF                                  107        1700                                                                                                                                     
          220 SADFFDF                               102        1200                                                                                                                                     

12 rows selected.

SQL> select department_name , manager_id from departments;

DEPARTMENT_NAME                MANAGER_ID                                                                                                                                                               
------------------------------ ----------                                                                                                                                                               
Administration                        200                                                                                                                                                               
Marketing                             201                                                                                                                                                               
Shiping                               124                                                                                                                                                               
IT                                    103                                                                                                                                                               
Sales                                 149                                                                                                                                                               
Executive                             100                                                                                                                                                               
Accounting                            205                                                                                                                                                               
Contracting                                                                                                                                                                                             
SADDDDD                               102                                                                                                                                                               
PURCHASE                              105                                                                                                                                                               
SADF                                  107                                                                                                                                                               
SADFFDF                               102                                                                                                                                                               

12 rows selected.

SQL> SELECT * FROM REGIONS;

 REGION_ID REGION_NAME                                                                                                                                                                                  
---------- -------------------------                                                                                                                                                                    
         1 Europe                                                                                                                                                                                       
         2 Americas                                                                                                                                                                                     
         3 Asia                                                                                                                                                                                         
         4 Middle East and Africa                                                                                                                                                                       

SQL> SELECT REGION_ID FROM REGIONS;

 REGION_ID                                                                                                                                                                                              
----------                                                                                                                                                                                              
         1                                                                                                                                                                                              
         2                                                                                                                                                                                              
         3                                                                                                                                                                                              
         4                                                                                                                                                                                              

SQL> SELECT REGION_NAME FROM REGIONS;

REGION_NAME                                                                                                                                                                                             
-------------------------                                                                                                                                                                               
Europe                                                                                                                                                                                                  
Americas                                                                                                                                                                                                
Asia                                                                                                                                                                                                    
Middle East and Africa                                                                                                                                                                                  

SQL> SELECT REGION_NAME , REGION_ID FROM REGIONS;

REGION_NAME                REGION_ID                                                                                                                                                                    
------------------------- ----------                                                                                                                                                                    
Europe                             1                                                                                                                                                                    
Americas                           2                                                                                                                                                                    
Asia                               3                                                                                                                                                                    
Middle East and Africa             4                                                                                                                                                                    

SQL> REM IF 6 OR MORE ROWS ARE DISPLAYED THEN ONLY THE FEED BACK MESSAGE GET DISPLAYED.
SQL> 
SQL> SELECT * FROM EMPLOYEES;

EMPLOYEE_ID FIRST_NAME LAST_NAME  EMAIL      PHONE_NUMBER         HIRE_DATE JOB_ID         SALARY COMMISSION_PCT MANAGER_ID DEPARTMENT_ID                                                               
----------- ---------- ---------- ---------- -------------------- --------- ---------- ---------- -------------- ---------- -------------                                                               
        100 Steven     King       SKING      515.123.4567         17-JUL-87 AD_PRES         24000                                      90                                                               
        101 Neena      Kochhar    NKOCHHAR   515.123.4568         21-SEP-89 AD_VP           17000                       100            90                                                               
        102 Lex        De Haan    LDEHAAN    515.123.4569         13-JAN-93 AD_VP           17000                       100            90                                                               
        103 Alexander  Hunold     AHUNOLD    590.423.4567         03-JAN-90 IT_PROG          9000                       102            60                                                               
        104 Bruce      Ernst      BERNST     590.423.4568         21-MAY-91 IT_PROG          6000                       103            60                                                               
        107 Diana      Lorentz    DLORENTZ   590.423.5567         07-FEB-99 IT_PROG          4200                       103            60                                                               
        124 Kevin      Mourgos    KMOURGOS   650.123.5234         16-NOV-99 ST_MAN           5800                       100            50                                                               
        141 Trenna     Rajs       TRAJS      650.121.8009         17-OCT-95 ST_CLERK         3500                       124            50                                                               
        142 Curtis     Davies     CDAVIES    650.121.2994         29-JAN-97 ST_CLERK         3100                       124            50                                                               
        143 Randall    Matos      RMATOS     650.121.2874         15-MAR-98 ST_CLERK         2600                       124            50                                                               
        144 Peter      Vargas     PVARGAS    650.121.2004         09-JUL-98 ST_CLERK         2500                       124            50                                                               
        149 Eleni      Zlotkey    EZLOTKEY   011.44.1344.429018   29-JAN-00 SA_MAN          10500             .2        100            80                                                               
        174 Ellen      Abel       EABEL      011.44.1644.429267   11-MAY-96 SA_REP          11000             .3        149            80                                                               
        176 Jonathon   Taylor     JTAYLOR    011.44.1644.429265   24-MAR-98 SA_REP           8600             .3        149            80                                                               
        178 Kimerely   Grant      KGRANT     011.44.1644.429263   24-MAY-99 SA_REP           7000            .15        149                                                                             
        200 Jennifer   Whalen     JWAHLEN    515.123.4444         17-SEP-87 AD_ASST          4400                       101            10                                                               
        201 Michael    Hartstein  MHARTSTE   515.123.5555         17-FEB-96 MK_MAN          13000                       100            20                                                               
        202 Pat        Fay        PFAY       603.123.6666         17-AUG-97 MK_REP           6000                       201            20                                                               
        205 Shelley    Higgins    SHIGGINS   515.123.8080         07-JUN-94 AC_MGR          12000                       101           110                                                               
        206 William    Gietz      WGIETZ     515.123.8181         07-JUN-94 AC_ACCOUNT       8300                       205           110                                                               

20 rows selected.

SQL> REM 3 , 8 , 11 DISPLAY
SQL> 
SQL> SELECT*FROM REGIONS;

 REGION_ID REGION_NAME                                                                                                                                                                                  
---------- -------------------------                                                                                                                                                                    
         1 Europe                                                                                                                                                                                       
         2 Americas                                                                                                                                                                                     
         3 Asia                                                                                                                                                                                         
         4 Middle East and Africa                                                                                                                                                                       

SQL> SELECTFIRST_NAMEFROM REGIONS;
SP2-0734: unknown command beginning "SELECTFIRS..." - rest of line ignored.
SQL> SELECT LAST_NAME , SALARY , DEPARTMENT_FROM EMPLOYEES;
SELECT LAST_NAME , SALARY , DEPARTMENT_FROM EMPLOYEES
                                                    *
ERROR at line 1:
ORA-00923: FROM keyword not found where expected 


SQL> SELECT LAST_NAME , SALARY , DEPARTMENT_ID FROM EMPLOYEES;

LAST_NAME      SALARY DEPARTMENT_ID                                                                                                                                                                     
---------- ---------- -------------                                                                                                                                                                     
King            24000            90                                                                                                                                                                     
Kochhar         17000            90                                                                                                                                                                     
De Haan         17000            90                                                                                                                                                                     
Hunold           9000            60                                                                                                                                                                     
Ernst            6000            60                                                                                                                                                                     
Lorentz          4200            60                                                                                                                                                                     
Mourgos          5800            50                                                                                                                                                                     
Rajs             3500            50                                                                                                                                                                     
Davies           3100            50                                                                                                                                                                     
Matos            2600            50                                                                                                                                                                     
Vargas           2500            50                                                                                                                                                                     
Zlotkey         10500            80                                                                                                                                                                     
Abel            11000            80                                                                                                                                                                     
Taylor           8600            80                                                                                                                                                                     
Grant            7000                                                                                                                                                                                   
Whalen           4400            10                                                                                                                                                                     
Hartstein       13000            20                                                                                                                                                                     
Fay              6000            20                                                                                                                                                                     
Higgins         12000           110                                                                                                                                                                     
Gietz            8300           110                                                                                                                                                                     

20 rows selected.

SQL> SELECT LAST_NAME,SALARY,DEPARTMENT_ID FROM EMPLOYEES;

LAST_NAME      SALARY DEPARTMENT_ID                                                                                                                                                                     
---------- ---------- -------------                                                                                                                                                                     
King            24000            90                                                                                                                                                                     
Kochhar         17000            90                                                                                                                                                                     
De Haan         17000            90                                                                                                                                                                     
Hunold           9000            60                                                                                                                                                                     
Ernst            6000            60                                                                                                                                                                     
Lorentz          4200            60                                                                                                                                                                     
Mourgos          5800            50                                                                                                                                                                     
Rajs             3500            50                                                                                                                                                                     
Davies           3100            50                                                                                                                                                                     
Matos            2600            50                                                                                                                                                                     
Vargas           2500            50                                                                                                                                                                     
Zlotkey         10500            80                                                                                                                                                                     
Abel            11000            80                                                                                                                                                                     
Taylor           8600            80                                                                                                                                                                     
Grant            7000                                                                                                                                                                                   
Whalen           4400            10                                                                                                                                                                     
Hartstein       13000            20                                                                                                                                                                     
Fay              6000            20                                                                                                                                                                     
Higgins         12000           110                                                                                                                                                                     
Gietz            8300           110                                                                                                                                                                     

20 rows selected.

SQL> SELECT LAST_NAME ,            SALARY ,                         DEPARTMENT_ID FROM EMPLOYEES;

LAST_NAME      SALARY DEPARTMENT_ID                                                                                                                                                                     
---------- ---------- -------------                                                                                                                                                                     
King            24000            90                                                                                                                                                                     
Kochhar         17000            90                                                                                                                                                                     
De Haan         17000            90                                                                                                                                                                     
Hunold           9000            60                                                                                                                                                                     
Ernst            6000            60                                                                                                                                                                     
Lorentz          4200            60                                                                                                                                                                     
Mourgos          5800            50                                                                                                                                                                     
Rajs             3500            50                                                                                                                                                                     
Davies           3100            50                                                                                                                                                                     
Matos            2600            50                                                                                                                                                                     
Vargas           2500            50                                                                                                                                                                     
Zlotkey         10500            80                                                                                                                                                                     
Abel            11000            80                                                                                                                                                                     
Taylor           8600            80                                                                                                                                                                     
Grant            7000                                                                                                                                                                                   
Whalen           4400            10                                                                                                                                                                     
Hartstein       13000            20                                                                                                                                                                     
Fay              6000            20                                                                                                                                                                     
Higgins         12000           110                                                                                                                                                                     
Gietz            8300           110                                                                                                                                                                     

20 rows selected.

SQL> REM SQL IS CASE INSENSITIVE LANGUAGE
SQL> 
SQL> SELECT * FROM EMPLOYEES;

EMPLOYEE_ID FIRST_NAME LAST_NAME  EMAIL      PHONE_NUMBER         HIRE_DATE JOB_ID         SALARY COMMISSION_PCT MANAGER_ID DEPARTMENT_ID                                                               
----------- ---------- ---------- ---------- -------------------- --------- ---------- ---------- -------------- ---------- -------------                                                               
        100 Steven     King       SKING      515.123.4567         17-JUL-87 AD_PRES         24000                                      90                                                               
        101 Neena      Kochhar    NKOCHHAR   515.123.4568         21-SEP-89 AD_VP           17000                       100            90                                                               
        102 Lex        De Haan    LDEHAAN    515.123.4569         13-JAN-93 AD_VP           17000                       100            90                                                               
        103 Alexander  Hunold     AHUNOLD    590.423.4567         03-JAN-90 IT_PROG          9000                       102            60                                                               
        104 Bruce      Ernst      BERNST     590.423.4568         21-MAY-91 IT_PROG          6000                       103            60                                                               
        107 Diana      Lorentz    DLORENTZ   590.423.5567         07-FEB-99 IT_PROG          4200                       103            60                                                               
        124 Kevin      Mourgos    KMOURGOS   650.123.5234         16-NOV-99 ST_MAN           5800                       100            50                                                               
        141 Trenna     Rajs       TRAJS      650.121.8009         17-OCT-95 ST_CLERK         3500                       124            50                                                               
        142 Curtis     Davies     CDAVIES    650.121.2994         29-JAN-97 ST_CLERK         3100                       124            50                                                               
        143 Randall    Matos      RMATOS     650.121.2874         15-MAR-98 ST_CLERK         2600                       124            50                                                               
        144 Peter      Vargas     PVARGAS    650.121.2004         09-JUL-98 ST_CLERK         2500                       124            50                                                               
        149 Eleni      Zlotkey    EZLOTKEY   011.44.1344.429018   29-JAN-00 SA_MAN          10500             .2        100            80                                                               
        174 Ellen      Abel       EABEL      011.44.1644.429267   11-MAY-96 SA_REP          11000             .3        149            80                                                               
        176 Jonathon   Taylor     JTAYLOR    011.44.1644.429265   24-MAR-98 SA_REP           8600             .3        149            80                                                               
        178 Kimerely   Grant      KGRANT     011.44.1644.429263   24-MAY-99 SA_REP           7000            .15        149                                                                             
        200 Jennifer   Whalen     JWAHLEN    515.123.4444         17-SEP-87 AD_ASST          4400                       101            10                                                               
        201 Michael    Hartstein  MHARTSTE   515.123.5555         17-FEB-96 MK_MAN          13000                       100            20                                                               
        202 Pat        Fay        PFAY       603.123.6666         17-AUG-97 MK_REP           6000                       201            20                                                               
        205 Shelley    Higgins    SHIGGINS   515.123.8080         07-JUN-94 AC_MGR          12000                       101           110                                                               
        206 William    Gietz      WGIETZ     515.123.8181         07-JUN-94 AC_ACCOUNT       8300                       205           110                                                               

20 rows selected.

SQL> select * from employees;

EMPLOYEE_ID FIRST_NAME LAST_NAME  EMAIL      PHONE_NUMBER         HIRE_DATE JOB_ID         SALARY COMMISSION_PCT MANAGER_ID DEPARTMENT_ID                                                               
----------- ---------- ---------- ---------- -------------------- --------- ---------- ---------- -------------- ---------- -------------                                                               
        100 Steven     King       SKING      515.123.4567         17-JUL-87 AD_PRES         24000                                      90                                                               
        101 Neena      Kochhar    NKOCHHAR   515.123.4568         21-SEP-89 AD_VP           17000                       100            90                                                               
        102 Lex        De Haan    LDEHAAN    515.123.4569         13-JAN-93 AD_VP           17000                       100            90                                                               
        103 Alexander  Hunold     AHUNOLD    590.423.4567         03-JAN-90 IT_PROG          9000                       102            60                                                               
        104 Bruce      Ernst      BERNST     590.423.4568         21-MAY-91 IT_PROG          6000                       103            60                                                               
        107 Diana      Lorentz    DLORENTZ   590.423.5567         07-FEB-99 IT_PROG          4200                       103            60                                                               
        124 Kevin      Mourgos    KMOURGOS   650.123.5234         16-NOV-99 ST_MAN           5800                       100            50                                                               
        141 Trenna     Rajs       TRAJS      650.121.8009         17-OCT-95 ST_CLERK         3500                       124            50                                                               
        142 Curtis     Davies     CDAVIES    650.121.2994         29-JAN-97 ST_CLERK         3100                       124            50                                                               
        143 Randall    Matos      RMATOS     650.121.2874         15-MAR-98 ST_CLERK         2600                       124            50                                                               
        144 Peter      Vargas     PVARGAS    650.121.2004         09-JUL-98 ST_CLERK         2500                       124            50                                                               
        149 Eleni      Zlotkey    EZLOTKEY   011.44.1344.429018   29-JAN-00 SA_MAN          10500             .2        100            80                                                               
        174 Ellen      Abel       EABEL      011.44.1644.429267   11-MAY-96 SA_REP          11000             .3        149            80                                                               
        176 Jonathon   Taylor     JTAYLOR    011.44.1644.429265   24-MAR-98 SA_REP           8600             .3        149            80                                                               
        178 Kimerely   Grant      KGRANT     011.44.1644.429263   24-MAY-99 SA_REP           7000            .15        149                                                                             
        200 Jennifer   Whalen     JWAHLEN    515.123.4444         17-SEP-87 AD_ASST          4400                       101            10                                                               
        201 Michael    Hartstein  MHARTSTE   515.123.5555         17-FEB-96 MK_MAN          13000                       100            20                                                               
        202 Pat        Fay        PFAY       603.123.6666         17-AUG-97 MK_REP           6000                       201            20                                                               
        205 Shelley    Higgins    SHIGGINS   515.123.8080         07-JUN-94 AC_MGR          12000                       101           110                                                               
        206 William    Gietz      WGIETZ     515.123.8181         07-JUN-94 AC_ACCOUNT       8300                       205           110                                                               

20 rows selected.

SQL> Select* From Employees;

EMPLOYEE_ID FIRST_NAME LAST_NAME  EMAIL      PHONE_NUMBER         HIRE_DATE JOB_ID         SALARY COMMISSION_PCT MANAGER_ID DEPARTMENT_ID                                                               
----------- ---------- ---------- ---------- -------------------- --------- ---------- ---------- -------------- ---------- -------------                                                               
        100 Steven     King       SKING      515.123.4567         17-JUL-87 AD_PRES         24000                                      90                                                               
        101 Neena      Kochhar    NKOCHHAR   515.123.4568         21-SEP-89 AD_VP           17000                       100            90                                                               
        102 Lex        De Haan    LDEHAAN    515.123.4569         13-JAN-93 AD_VP           17000                       100            90                                                               
        103 Alexander  Hunold     AHUNOLD    590.423.4567         03-JAN-90 IT_PROG          9000                       102            60                                                               
        104 Bruce      Ernst      BERNST     590.423.4568         21-MAY-91 IT_PROG          6000                       103            60                                                               
        107 Diana      Lorentz    DLORENTZ   590.423.5567         07-FEB-99 IT_PROG          4200                       103            60                                                               
        124 Kevin      Mourgos    KMOURGOS   650.123.5234         16-NOV-99 ST_MAN           5800                       100            50                                                               
        141 Trenna     Rajs       TRAJS      650.121.8009         17-OCT-95 ST_CLERK         3500                       124            50                                                               
        142 Curtis     Davies     CDAVIES    650.121.2994         29-JAN-97 ST_CLERK         3100                       124            50                                                               
        143 Randall    Matos      RMATOS     650.121.2874         15-MAR-98 ST_CLERK         2600                       124            50                                                               
        144 Peter      Vargas     PVARGAS    650.121.2004         09-JUL-98 ST_CLERK         2500                       124            50                                                               
        149 Eleni      Zlotkey    EZLOTKEY   011.44.1344.429018   29-JAN-00 SA_MAN          10500             .2        100            80                                                               
        174 Ellen      Abel       EABEL      011.44.1644.429267   11-MAY-96 SA_REP          11000             .3        149            80                                                               
        176 Jonathon   Taylor     JTAYLOR    011.44.1644.429265   24-MAR-98 SA_REP           8600             .3        149            80                                                               
        178 Kimerely   Grant      KGRANT     011.44.1644.429263   24-MAY-99 SA_REP           7000            .15        149                                                                             
        200 Jennifer   Whalen     JWAHLEN    515.123.4444         17-SEP-87 AD_ASST          4400                       101            10                                                               
        201 Michael    Hartstein  MHARTSTE   515.123.5555         17-FEB-96 MK_MAN          13000                       100            20                                                               
        202 Pat        Fay        PFAY       603.123.6666         17-AUG-97 MK_REP           6000                       201            20                                                               
        205 Shelley    Higgins    SHIGGINS   515.123.8080         07-JUN-94 AC_MGR          12000                       101           110                                                               
        206 William    Gietz      WGIETZ     515.123.8181         07-JUN-94 AC_ACCOUNT       8300                       205           110                                                               

20 rows selected.

SQL> selecT * FRom empLOYEes;

EMPLOYEE_ID FIRST_NAME LAST_NAME  EMAIL      PHONE_NUMBER         HIRE_DATE JOB_ID         SALARY COMMISSION_PCT MANAGER_ID DEPARTMENT_ID                                                               
----------- ---------- ---------- ---------- -------------------- --------- ---------- ---------- -------------- ---------- -------------                                                               
        100 Steven     King       SKING      515.123.4567         17-JUL-87 AD_PRES         24000                                      90                                                               
        101 Neena      Kochhar    NKOCHHAR   515.123.4568         21-SEP-89 AD_VP           17000                       100            90                                                               
        102 Lex        De Haan    LDEHAAN    515.123.4569         13-JAN-93 AD_VP           17000                       100            90                                                               
        103 Alexander  Hunold     AHUNOLD    590.423.4567         03-JAN-90 IT_PROG          9000                       102            60                                                               
        104 Bruce      Ernst      BERNST     590.423.4568         21-MAY-91 IT_PROG          6000                       103            60                                                               
        107 Diana      Lorentz    DLORENTZ   590.423.5567         07-FEB-99 IT_PROG          4200                       103            60                                                               
        124 Kevin      Mourgos    KMOURGOS   650.123.5234         16-NOV-99 ST_MAN           5800                       100            50                                                               
        141 Trenna     Rajs       TRAJS      650.121.8009         17-OCT-95 ST_CLERK         3500                       124            50                                                               
        142 Curtis     Davies     CDAVIES    650.121.2994         29-JAN-97 ST_CLERK         3100                       124            50                                                               
        143 Randall    Matos      RMATOS     650.121.2874         15-MAR-98 ST_CLERK         2600                       124            50                                                               
        144 Peter      Vargas     PVARGAS    650.121.2004         09-JUL-98 ST_CLERK         2500                       124            50                                                               
        149 Eleni      Zlotkey    EZLOTKEY   011.44.1344.429018   29-JAN-00 SA_MAN          10500             .2        100            80                                                               
        174 Ellen      Abel       EABEL      011.44.1644.429267   11-MAY-96 SA_REP          11000             .3        149            80                                                               
        176 Jonathon   Taylor     JTAYLOR    011.44.1644.429265   24-MAR-98 SA_REP           8600             .3        149            80                                                               
        178 Kimerely   Grant      KGRANT     011.44.1644.429263   24-MAY-99 SA_REP           7000            .15        149                                                                             
        200 Jennifer   Whalen     JWAHLEN    515.123.4444         17-SEP-87 AD_ASST          4400                       101            10                                                               
        201 Michael    Hartstein  MHARTSTE   515.123.5555         17-FEB-96 MK_MAN          13000                       100            20                                                               
        202 Pat        Fay        PFAY       603.123.6666         17-AUG-97 MK_REP           6000                       201            20                                                               
        205 Shelley    Higgins    SHIGGINS   515.123.8080         07-JUN-94 AC_MGR          12000                       101           110                                                               
        206 William    Gietz      WGIETZ     515.123.8181         07-JUN-94 AC_ACCOUNT       8300                       205           110                                                               

20 rows selected.

SQL> REM WHILE COMPARING CHARACTER VALUES SQL IS CASE SENSITIVE.
SQL> 
SQL> REM SQL IS FREE-FLOW LANGUAGE
SQL> 
SQL> SELECT * FROM EMPLOYEES;

EMPLOYEE_ID FIRST_NAME LAST_NAME  EMAIL      PHONE_NUMBER         HIRE_DATE JOB_ID         SALARY COMMISSION_PCT MANAGER_ID DEPARTMENT_ID                                                               
----------- ---------- ---------- ---------- -------------------- --------- ---------- ---------- -------------- ---------- -------------                                                               
        100 Steven     King       SKING      515.123.4567         17-JUL-87 AD_PRES         24000                                      90                                                               
        101 Neena      Kochhar    NKOCHHAR   515.123.4568         21-SEP-89 AD_VP           17000                       100            90                                                               
        102 Lex        De Haan    LDEHAAN    515.123.4569         13-JAN-93 AD_VP           17000                       100            90                                                               
        103 Alexander  Hunold     AHUNOLD    590.423.4567         03-JAN-90 IT_PROG          9000                       102            60                                                               
        104 Bruce      Ernst      BERNST     590.423.4568         21-MAY-91 IT_PROG          6000                       103            60                                                               
        107 Diana      Lorentz    DLORENTZ   590.423.5567         07-FEB-99 IT_PROG          4200                       103            60                                                               
        124 Kevin      Mourgos    KMOURGOS   650.123.5234         16-NOV-99 ST_MAN           5800                       100            50                                                               
        141 Trenna     Rajs       TRAJS      650.121.8009         17-OCT-95 ST_CLERK         3500                       124            50                                                               
        142 Curtis     Davies     CDAVIES    650.121.2994         29-JAN-97 ST_CLERK         3100                       124            50                                                               
        143 Randall    Matos      RMATOS     650.121.2874         15-MAR-98 ST_CLERK         2600                       124            50                                                               
        144 Peter      Vargas     PVARGAS    650.121.2004         09-JUL-98 ST_CLERK         2500                       124            50                                                               
        149 Eleni      Zlotkey    EZLOTKEY   011.44.1344.429018   29-JAN-00 SA_MAN          10500             .2        100            80                                                               
        174 Ellen      Abel       EABEL      011.44.1644.429267   11-MAY-96 SA_REP          11000             .3        149            80                                                               
        176 Jonathon   Taylor     JTAYLOR    011.44.1644.429265   24-MAR-98 SA_REP           8600             .3        149            80                                                               
        178 Kimerely   Grant      KGRANT     011.44.1644.429263   24-MAY-99 SA_REP           7000            .15        149                                                                             
        200 Jennifer   Whalen     JWAHLEN    515.123.4444         17-SEP-87 AD_ASST          4400                       101            10                                                               
        201 Michael    Hartstein  MHARTSTE   515.123.5555         17-FEB-96 MK_MAN          13000                       100            20                                                               
        202 Pat        Fay        PFAY       603.123.6666         17-AUG-97 MK_REP           6000                       201            20                                                               
        205 Shelley    Higgins    SHIGGINS   515.123.8080         07-JUN-94 AC_MGR          12000                       101           110                                                               
        206 William    Gietz      WGIETZ     515.123.8181         07-JUN-94 AC_ACCOUNT       8300                       205           110                                                               

20 rows selected.

SQL> SELECT
  2  *
  3  FROM
  4  EMPLOYEES
  5  ;

EMPLOYEE_ID FIRST_NAME LAST_NAME  EMAIL      PHONE_NUMBER         HIRE_DATE JOB_ID         SALARY COMMISSION_PCT MANAGER_ID DEPARTMENT_ID                                                               
----------- ---------- ---------- ---------- -------------------- --------- ---------- ---------- -------------- ---------- -------------                                                               
        100 Steven     King       SKING      515.123.4567         17-JUL-87 AD_PRES         24000                                      90                                                               
        101 Neena      Kochhar    NKOCHHAR   515.123.4568         21-SEP-89 AD_VP           17000                       100            90                                                               
        102 Lex        De Haan    LDEHAAN    515.123.4569         13-JAN-93 AD_VP           17000                       100            90                                                               
        103 Alexander  Hunold     AHUNOLD    590.423.4567         03-JAN-90 IT_PROG          9000                       102            60                                                               
        104 Bruce      Ernst      BERNST     590.423.4568         21-MAY-91 IT_PROG          6000                       103            60                                                               
        107 Diana      Lorentz    DLORENTZ   590.423.5567         07-FEB-99 IT_PROG          4200                       103            60                                                               
        124 Kevin      Mourgos    KMOURGOS   650.123.5234         16-NOV-99 ST_MAN           5800                       100            50                                                               
        141 Trenna     Rajs       TRAJS      650.121.8009         17-OCT-95 ST_CLERK         3500                       124            50                                                               
        142 Curtis     Davies     CDAVIES    650.121.2994         29-JAN-97 ST_CLERK         3100                       124            50                                                               
        143 Randall    Matos      RMATOS     650.121.2874         15-MAR-98 ST_CLERK         2600                       124            50                                                               
        144 Peter      Vargas     PVARGAS    650.121.2004         09-JUL-98 ST_CLERK         2500                       124            50                                                               
        149 Eleni      Zlotkey    EZLOTKEY   011.44.1344.429018   29-JAN-00 SA_MAN          10500             .2        100            80                                                               
        174 Ellen      Abel       EABEL      011.44.1644.429267   11-MAY-96 SA_REP          11000             .3        149            80                                                               
        176 Jonathon   Taylor     JTAYLOR    011.44.1644.429265   24-MAR-98 SA_REP           8600             .3        149            80                                                               
        178 Kimerely   Grant      KGRANT     011.44.1644.429263   24-MAY-99 SA_REP           7000            .15        149                                                                             
        200 Jennifer   Whalen     JWAHLEN    515.123.4444         17-SEP-87 AD_ASST          4400                       101            10                                                               
        201 Michael    Hartstein  MHARTSTE   515.123.5555         17-FEB-96 MK_MAN          13000                       100            20                                                               
        202 Pat        Fay        PFAY       603.123.6666         17-AUG-97 MK_REP           6000                       201            20                                                               
        205 Shelley    Higgins    SHIGGINS   515.123.8080         07-JUN-94 AC_MGR          12000                       101           110                                                               
        206 William    Gietz      WGIETZ     515.123.8181         07-JUN-94 AC_ACCOUNT       8300                       205           110                                                               

20 rows selected.

SQL> SELECT *
  2  FROM
  3  EMPLOYEES;

EMPLOYEE_ID FIRST_NAME LAST_NAME  EMAIL      PHONE_NUMBER         HIRE_DATE JOB_ID         SALARY COMMISSION_PCT MANAGER_ID DEPARTMENT_ID                                                               
----------- ---------- ---------- ---------- -------------------- --------- ---------- ---------- -------------- ---------- -------------                                                               
        100 Steven     King       SKING      515.123.4567         17-JUL-87 AD_PRES         24000                                      90                                                               
        101 Neena      Kochhar    NKOCHHAR   515.123.4568         21-SEP-89 AD_VP           17000                       100            90                                                               
        102 Lex        De Haan    LDEHAAN    515.123.4569         13-JAN-93 AD_VP           17000                       100            90                                                               
        103 Alexander  Hunold     AHUNOLD    590.423.4567         03-JAN-90 IT_PROG          9000                       102            60                                                               
        104 Bruce      Ernst      BERNST     590.423.4568         21-MAY-91 IT_PROG          6000                       103            60                                                               
        107 Diana      Lorentz    DLORENTZ   590.423.5567         07-FEB-99 IT_PROG          4200                       103            60                                                               
        124 Kevin      Mourgos    KMOURGOS   650.123.5234         16-NOV-99 ST_MAN           5800                       100            50                                                               
        141 Trenna     Rajs       TRAJS      650.121.8009         17-OCT-95 ST_CLERK         3500                       124            50                                                               
        142 Curtis     Davies     CDAVIES    650.121.2994         29-JAN-97 ST_CLERK         3100                       124            50                                                               
        143 Randall    Matos      RMATOS     650.121.2874         15-MAR-98 ST_CLERK         2600                       124            50                                                               
        144 Peter      Vargas     PVARGAS    650.121.2004         09-JUL-98 ST_CLERK         2500                       124            50                                                               
        149 Eleni      Zlotkey    EZLOTKEY   011.44.1344.429018   29-JAN-00 SA_MAN          10500             .2        100            80                                                               
        174 Ellen      Abel       EABEL      011.44.1644.429267   11-MAY-96 SA_REP          11000             .3        149            80                                                               
        176 Jonathon   Taylor     JTAYLOR    011.44.1644.429265   24-MAR-98 SA_REP           8600             .3        149            80                                                               
        178 Kimerely   Grant      KGRANT     011.44.1644.429263   24-MAY-99 SA_REP           7000            .15        149                                                                             
        200 Jennifer   Whalen     JWAHLEN    515.123.4444         17-SEP-87 AD_ASST          4400                       101            10                                                               
        201 Michael    Hartstein  MHARTSTE   515.123.5555         17-FEB-96 MK_MAN          13000                       100            20                                                               
        202 Pat        Fay        PFAY       603.123.6666         17-AUG-97 MK_REP           6000                       201            20                                                               
        205 Shelley    Higgins    SHIGGINS   515.123.8080         07-JUN-94 AC_MGR          12000                       101           110                                                               
        206 William    Gietz      WGIETZ     515.123.8181         07-JUN-94 AC_ACCOUNT       8300                       205           110                                                               

20 rows selected.

SQL> SELECT *
  2  FR
  3  OM
  4  EMPLOYEES;
FR
*
ERROR at line 2:
ORA-00923: FROM keyword not found where expected 


SQL> REM INSENSITIVE = RETENTIVE
SQL> 
SQL> SELECT FIRST
  2  _NAME FROM EMPLOYEES;
_NAME FROM EMPLOYEES
*
ERROR at line 2:
ORA-00911: invalid character 


SQL> REM DISPLAY ALL DATA OF REGIONS TABLE (DON'T USE CAPITAL LETTERS)
SQL> 
SQL> REM ARITMETIC OPERATORS :
SQL> 
SQL> REM ARITMETIC OPERATORS : / * + -
> 
SQL> REM / DIVISION
SQL> 
SQL> REM * MULITIPLICATION
SQL> 
SQL> REM + ADDITION
SQL> 
SQL> REM - SUBTRACTION
SQL> 
SQL> 
SQL> 
SQL> REM * HAS TWO MEANINGS
SQL> 
SQL> 
SQL> 
SQL> REM WHEN WE USE ONLY * BETWEEN SELECT AND FROM KEY WORDS, IT IS USED AS META CHARACTER TO DISPLAY ALL COLUMNS.
SQL> 
SQL> SELECT * FROM REGIONS;

 REGION_ID REGION_NAME                                                                                                                                                                                  
---------- -------------------------                                                                                                                                                                    
         1 Europe                                                                                                                                                                                       
         2 Americas                                                                                                                                                                                     
         3 Asia                                                                                                                                                                                         
         4 Middle East and Africa                                                                                                                                                                       

SQL> REM WHEN WE USE * WITH ANY OTHER ITEM BETWEEN SELECT AND FROM THEN * IS USED AS MULTIPLICATION OPERATOR.
SQL> 
SQL> SELECT 5 * 8 FROM DUAL;

       5*8                                                                                                                                                                                              
----------                                                                                                                                                                                              
        40                                                                                                                                                                                              

SQL> REM DUAL IS A DUMMY TABLE
SQL> 
SQL> REM IT HAS SINGLE COLUMN SINGLE ROW
SQL> 
SQL> REM IT IS GENERALLY USED TO DISPLAY THOSE VALUES WHICH ARE NOT STORED IN ANY TABLE.
SQL> 
SQL> 
SQL> 
SQL> SELECT * FIRST_NAME FROM EMPLOYEES;
SELECT * FIRST_NAME FROM EMPLOYEES
         *
ERROR at line 1:
ORA-00923: FROM keyword not found where expected 


SQL> SELECT SALARY * 12, FIRST_NAME FROM EMPLOYEES;

 SALARY*12 FIRST_NAME                                                                                                                                                                                   
---------- ----------                                                                                                                                                                                   
    288000 Steven                                                                                                                                                                                       
    204000 Neena                                                                                                                                                                                        
    204000 Lex                                                                                                                                                                                          
    108000 Alexander                                                                                                                                                                                    
     72000 Bruce                                                                                                                                                                                        
     50400 Diana                                                                                                                                                                                        
     69600 Kevin                                                                                                                                                                                        
     42000 Trenna                                                                                                                                                                                       
     37200 Curtis                                                                                                                                                                                       
     31200 Randall                                                                                                                                                                                      
     30000 Peter                                                                                                                                                                                        
    126000 Eleni                                                                                                                                                                                        
    132000 Ellen                                                                                                                                                                                        
    103200 Jonathon                                                                                                                                                                                     
     84000 Kimerely                                                                                                                                                                                     
     52800 Jennifer                                                                                                                                                                                     
    156000 Michael                                                                                                                                                                                      
     72000 Pat                                                                                                                                                                                          
    144000 Shelley                                                                                                                                                                                      
     99600 William                                                                                                                                                                                      

20 rows selected.

SQL> SELECT FIRST_NAME * 12, FIRST_NAME FROM EMPLOYEES;
SELECT FIRST_NAME * 12, FIRST_NAME FROM EMPLOYEES
       *
ERROR at line 1:
ORA-01722: invalid number 


SQL> SELECT * , SALARY * 12 FROM EMPLOYEES;
SELECT * , SALARY * 12 FROM EMPLOYEES
         *
ERROR at line 1:
ORA-00923: FROM keyword not found where expected 


SQL> SELECT EMPLOYEES.* , SALARY * 12 FROM EMPLOYEES;

EMPLOYEE_ID FIRST_NAME LAST_NAME  EMAIL      PHONE_NUMBER         HIRE_DATE JOB_ID         SALARY COMMISSION_PCT MANAGER_ID DEPARTMENT_ID  SALARY*12                                                    
----------- ---------- ---------- ---------- -------------------- --------- ---------- ---------- -------------- ---------- ------------- ----------                                                    
        100 Steven     King       SKING      515.123.4567         17-JUL-87 AD_PRES         24000                                      90     288000                                                    
        101 Neena      Kochhar    NKOCHHAR   515.123.4568         21-SEP-89 AD_VP           17000                       100            90     204000                                                    
        102 Lex        De Haan    LDEHAAN    515.123.4569         13-JAN-93 AD_VP           17000                       100            90     204000                                                    
        103 Alexander  Hunold     AHUNOLD    590.423.4567         03-JAN-90 IT_PROG          9000                       102            60     108000                                                    
        104 Bruce      Ernst      BERNST     590.423.4568         21-MAY-91 IT_PROG          6000                       103            60      72000                                                    
        107 Diana      Lorentz    DLORENTZ   590.423.5567         07-FEB-99 IT_PROG          4200                       103            60      50400                                                    
        124 Kevin      Mourgos    KMOURGOS   650.123.5234         16-NOV-99 ST_MAN           5800                       100            50      69600                                                    
        141 Trenna     Rajs       TRAJS      650.121.8009         17-OCT-95 ST_CLERK         3500                       124            50      42000                                                    
        142 Curtis     Davies     CDAVIES    650.121.2994         29-JAN-97 ST_CLERK         3100                       124            50      37200                                                    
        143 Randall    Matos      RMATOS     650.121.2874         15-MAR-98 ST_CLERK         2600                       124            50      31200                                                    
        144 Peter      Vargas     PVARGAS    650.121.2004         09-JUL-98 ST_CLERK         2500                       124            50      30000                                                    
        149 Eleni      Zlotkey    EZLOTKEY   011.44.1344.429018   29-JAN-00 SA_MAN          10500             .2        100            80     126000                                                    
        174 Ellen      Abel       EABEL      011.44.1644.429267   11-MAY-96 SA_REP          11000             .3        149            80     132000                                                    
        176 Jonathon   Taylor     JTAYLOR    011.44.1644.429265   24-MAR-98 SA_REP           8600             .3        149            80     103200                                                    
        178 Kimerely   Grant      KGRANT     011.44.1644.429263   24-MAY-99 SA_REP           7000            .15        149                    84000                                                    
        200 Jennifer   Whalen     JWAHLEN    515.123.4444         17-SEP-87 AD_ASST          4400                       101            10      52800                                                    
        201 Michael    Hartstein  MHARTSTE   515.123.5555         17-FEB-96 MK_MAN          13000                       100            20     156000                                                    
        202 Pat        Fay        PFAY       603.123.6666         17-AUG-97 MK_REP           6000                       201            20      72000                                                    
        205 Shelley    Higgins    SHIGGINS   515.123.8080         07-JUN-94 AC_MGR          12000                       101           110     144000                                                    
        206 William    Gietz      WGIETZ     515.123.8181         07-JUN-94 AC_ACCOUNT       8300                       205           110      99600                                                    

20 rows selected.

SQL> SELECT * , ROWID FROM EMPLOYEES;
SELECT * , ROWID FROM EMPLOYEES
         *
ERROR at line 1:
ORA-00923: FROM keyword not found where expected 


SQL> SELECT EMPLOYEES.* , ROWID FROM EMPLOYEES;

EMPLOYEE_ID FIRST_NAME LAST_NAME  EMAIL      PHONE_NUMBER         HIRE_DATE JOB_ID         SALARY COMMISSION_PCT MANAGER_ID DEPARTMENT_ID ROWID                                                         
----------- ---------- ---------- ---------- -------------------- --------- ---------- ---------- -------------- ---------- ------------- ------------------                                            
        100 Steven     King       SKING      515.123.4567         17-JUL-87 AD_PRES         24000                                      90 AAASQsAAHAAAAGrAAA                                            
        101 Neena      Kochhar    NKOCHHAR   515.123.4568         21-SEP-89 AD_VP           17000                       100            90 AAASQsAAHAAAAGrAAB                                            
        102 Lex        De Haan    LDEHAAN    515.123.4569         13-JAN-93 AD_VP           17000                       100            90 AAASQsAAHAAAAGrAAC                                            
        103 Alexander  Hunold     AHUNOLD    590.423.4567         03-JAN-90 IT_PROG          9000                       102            60 AAASQsAAHAAAAGrAAD                                            
        104 Bruce      Ernst      BERNST     590.423.4568         21-MAY-91 IT_PROG          6000                       103            60 AAASQsAAHAAAAGrAAE                                            
        107 Diana      Lorentz    DLORENTZ   590.423.5567         07-FEB-99 IT_PROG          4200                       103            60 AAASQsAAHAAAAGrAAF                                            
        124 Kevin      Mourgos    KMOURGOS   650.123.5234         16-NOV-99 ST_MAN           5800                       100            50 AAASQsAAHAAAAGrAAG                                            
        141 Trenna     Rajs       TRAJS      650.121.8009         17-OCT-95 ST_CLERK         3500                       124            50 AAASQsAAHAAAAGrAAH                                            
        142 Curtis     Davies     CDAVIES    650.121.2994         29-JAN-97 ST_CLERK         3100                       124            50 AAASQsAAHAAAAGrAAI                                            
        143 Randall    Matos      RMATOS     650.121.2874         15-MAR-98 ST_CLERK         2600                       124            50 AAASQsAAHAAAAGrAAJ                                            
        144 Peter      Vargas     PVARGAS    650.121.2004         09-JUL-98 ST_CLERK         2500                       124            50 AAASQsAAHAAAAGrAAK                                            
        149 Eleni      Zlotkey    EZLOTKEY   011.44.1344.429018   29-JAN-00 SA_MAN          10500             .2        100            80 AAASQsAAHAAAAGrAAL                                            
        174 Ellen      Abel       EABEL      011.44.1644.429267   11-MAY-96 SA_REP          11000             .3        149            80 AAASQsAAHAAAAGrAAM                                            
        176 Jonathon   Taylor     JTAYLOR    011.44.1644.429265   24-MAR-98 SA_REP           8600             .3        149            80 AAASQsAAHAAAAGrAAN                                            
        178 Kimerely   Grant      KGRANT     011.44.1644.429263   24-MAY-99 SA_REP           7000            .15        149               AAASQsAAHAAAAGrAAO                                            
        200 Jennifer   Whalen     JWAHLEN    515.123.4444         17-SEP-87 AD_ASST          4400                       101            10 AAASQsAAHAAAAGrAAP                                            
        201 Michael    Hartstein  MHARTSTE   515.123.5555         17-FEB-96 MK_MAN          13000                       100            20 AAASQsAAHAAAAGrAAQ                                            
        202 Pat        Fay        PFAY       603.123.6666         17-AUG-97 MK_REP           6000                       201            20 AAASQsAAHAAAAGrAAR                                            
        205 Shelley    Higgins    SHIGGINS   515.123.8080         07-JUN-94 AC_MGR          12000                       101           110 AAASQsAAHAAAAGrAAS                                            
        206 William    Gietz      WGIETZ     515.123.8181         07-JUN-94 AC_ACCOUNT       8300                       205           110 AAASQsAAHAAAAGrAAT                                            

20 rows selected.

SQL> SELECT *.EMPLOYEES , ROWID FROM EMPLOYEES;
SELECT *.EMPLOYEES , ROWID FROM EMPLOYEES
        *
ERROR at line 1:
ORA-00923: FROM keyword not found where expected 


SQL> SELECT EMPLOYEES.* , ROWID FROM EMPLOYEES E;
SELECT EMPLOYEES.* , ROWID FROM EMPLOYEES E
                 *
ERROR at line 1:
ORA-00904: "EMPLOYEES": invalid identifier 


SQL> SELECT E.* , ROWID FROM EMPLOYEES E;

EMPLOYEE_ID FIRST_NAME LAST_NAME  EMAIL      PHONE_NUMBER         HIRE_DATE JOB_ID         SALARY COMMISSION_PCT MANAGER_ID DEPARTMENT_ID ROWID                                                         
----------- ---------- ---------- ---------- -------------------- --------- ---------- ---------- -------------- ---------- ------------- ------------------                                            
        100 Steven     King       SKING      515.123.4567         17-JUL-87 AD_PRES         24000                                      90 AAASQsAAHAAAAGrAAA                                            
        101 Neena      Kochhar    NKOCHHAR   515.123.4568         21-SEP-89 AD_VP           17000                       100            90 AAASQsAAHAAAAGrAAB                                            
        102 Lex        De Haan    LDEHAAN    515.123.4569         13-JAN-93 AD_VP           17000                       100            90 AAASQsAAHAAAAGrAAC                                            
        103 Alexander  Hunold     AHUNOLD    590.423.4567         03-JAN-90 IT_PROG          9000                       102            60 AAASQsAAHAAAAGrAAD                                            
        104 Bruce      Ernst      BERNST     590.423.4568         21-MAY-91 IT_PROG          6000                       103            60 AAASQsAAHAAAAGrAAE                                            
        107 Diana      Lorentz    DLORENTZ   590.423.5567         07-FEB-99 IT_PROG          4200                       103            60 AAASQsAAHAAAAGrAAF                                            
        124 Kevin      Mourgos    KMOURGOS   650.123.5234         16-NOV-99 ST_MAN           5800                       100            50 AAASQsAAHAAAAGrAAG                                            
        141 Trenna     Rajs       TRAJS      650.121.8009         17-OCT-95 ST_CLERK         3500                       124            50 AAASQsAAHAAAAGrAAH                                            
        142 Curtis     Davies     CDAVIES    650.121.2994         29-JAN-97 ST_CLERK         3100                       124            50 AAASQsAAHAAAAGrAAI                                            
        143 Randall    Matos      RMATOS     650.121.2874         15-MAR-98 ST_CLERK         2600                       124            50 AAASQsAAHAAAAGrAAJ                                            
        144 Peter      Vargas     PVARGAS    650.121.2004         09-JUL-98 ST_CLERK         2500                       124            50 AAASQsAAHAAAAGrAAK                                            
        149 Eleni      Zlotkey    EZLOTKEY   011.44.1344.429018   29-JAN-00 SA_MAN          10500             .2        100            80 AAASQsAAHAAAAGrAAL                                            
        174 Ellen      Abel       EABEL      011.44.1644.429267   11-MAY-96 SA_REP          11000             .3        149            80 AAASQsAAHAAAAGrAAM                                            
        176 Jonathon   Taylor     JTAYLOR    011.44.1644.429265   24-MAR-98 SA_REP           8600             .3        149            80 AAASQsAAHAAAAGrAAN                                            
        178 Kimerely   Grant      KGRANT     011.44.1644.429263   24-MAY-99 SA_REP           7000            .15        149               AAASQsAAHAAAAGrAAO                                            
        200 Jennifer   Whalen     JWAHLEN    515.123.4444         17-SEP-87 AD_ASST          4400                       101            10 AAASQsAAHAAAAGrAAP                                            
        201 Michael    Hartstein  MHARTSTE   515.123.5555         17-FEB-96 MK_MAN          13000                       100            20 AAASQsAAHAAAAGrAAQ                                            
        202 Pat        Fay        PFAY       603.123.6666         17-AUG-97 MK_REP           6000                       201            20 AAASQsAAHAAAAGrAAR                                            
        205 Shelley    Higgins    SHIGGINS   515.123.8080         07-JUN-94 AC_MGR          12000                       101           110 AAASQsAAHAAAAGrAAS                                            
        206 William    Gietz      WGIETZ     515.123.8181         07-JUN-94 AC_ACCOUNT       8300                       205           110 AAASQsAAHAAAAGrAAT                                            

20 rows selected.

SQL> SELECT EMP.* , ROWID FROM EMPLOYEES EMP;

EMPLOYEE_ID FIRST_NAME LAST_NAME  EMAIL      PHONE_NUMBER         HIRE_DATE JOB_ID         SALARY COMMISSION_PCT MANAGER_ID DEPARTMENT_ID ROWID                                                         
----------- ---------- ---------- ---------- -------------------- --------- ---------- ---------- -------------- ---------- ------------- ------------------                                            
        100 Steven     King       SKING      515.123.4567         17-JUL-87 AD_PRES         24000                                      90 AAASQsAAHAAAAGrAAA                                            
        101 Neena      Kochhar    NKOCHHAR   515.123.4568         21-SEP-89 AD_VP           17000                       100            90 AAASQsAAHAAAAGrAAB                                            
        102 Lex        De Haan    LDEHAAN    515.123.4569         13-JAN-93 AD_VP           17000                       100            90 AAASQsAAHAAAAGrAAC                                            
        103 Alexander  Hunold     AHUNOLD    590.423.4567         03-JAN-90 IT_PROG          9000                       102            60 AAASQsAAHAAAAGrAAD                                            
        104 Bruce      Ernst      BERNST     590.423.4568         21-MAY-91 IT_PROG          6000                       103            60 AAASQsAAHAAAAGrAAE                                            
        107 Diana      Lorentz    DLORENTZ   590.423.5567         07-FEB-99 IT_PROG          4200                       103            60 AAASQsAAHAAAAGrAAF                                            
        124 Kevin      Mourgos    KMOURGOS   650.123.5234         16-NOV-99 ST_MAN           5800                       100            50 AAASQsAAHAAAAGrAAG                                            
        141 Trenna     Rajs       TRAJS      650.121.8009         17-OCT-95 ST_CLERK         3500                       124            50 AAASQsAAHAAAAGrAAH                                            
        142 Curtis     Davies     CDAVIES    650.121.2994         29-JAN-97 ST_CLERK         3100                       124            50 AAASQsAAHAAAAGrAAI                                            
        143 Randall    Matos      RMATOS     650.121.2874         15-MAR-98 ST_CLERK         2600                       124            50 AAASQsAAHAAAAGrAAJ                                            
        144 Peter      Vargas     PVARGAS    650.121.2004         09-JUL-98 ST_CLERK         2500                       124            50 AAASQsAAHAAAAGrAAK                                            
        149 Eleni      Zlotkey    EZLOTKEY   011.44.1344.429018   29-JAN-00 SA_MAN          10500             .2        100            80 AAASQsAAHAAAAGrAAL                                            
        174 Ellen      Abel       EABEL      011.44.1644.429267   11-MAY-96 SA_REP          11000             .3        149            80 AAASQsAAHAAAAGrAAM                                            
        176 Jonathon   Taylor     JTAYLOR    011.44.1644.429265   24-MAR-98 SA_REP           8600             .3        149            80 AAASQsAAHAAAAGrAAN                                            
        178 Kimerely   Grant      KGRANT     011.44.1644.429263   24-MAY-99 SA_REP           7000            .15        149               AAASQsAAHAAAAGrAAO                                            
        200 Jennifer   Whalen     JWAHLEN    515.123.4444         17-SEP-87 AD_ASST          4400                       101            10 AAASQsAAHAAAAGrAAP                                            
        201 Michael    Hartstein  MHARTSTE   515.123.5555         17-FEB-96 MK_MAN          13000                       100            20 AAASQsAAHAAAAGrAAQ                                            
        202 Pat        Fay        PFAY       603.123.6666         17-AUG-97 MK_REP           6000                       201            20 AAASQsAAHAAAAGrAAR                                            
        205 Shelley    Higgins    SHIGGINS   515.123.8080         07-JUN-94 AC_MGR          12000                       101           110 AAASQsAAHAAAAGrAAS                                            
        206 William    Gietz      WGIETZ     515.123.8181         07-JUN-94 AC_ACCOUNT       8300                       205           110 AAASQsAAHAAAAGrAAT                                            

20 rows selected.

SQL> REM * IS META CHARACTE
SQL> 
SQL> REM META CHARACTER IS USED TO REPRESENT ALL COLUMNS
SQL> 
SQL> REM WE CAN USE * INSTEAD OF WRITING ALL COLUMN NAMES COMMA SEPARATED
SQL> 
SQL> REM ROWID IS NOTHING BUT ROW ADDRESS
SQL> 
SQL> 
SQL> REM ROWID IS ALWAYS UNIQUE FOR EACH ROW
SQL> 
SQL> SELECT ROWID , * FROM REGIONS;
SELECT ROWID , * FROM REGIONS
               *
ERROR at line 1:
ORA-00936: missing expression 


SQL> SELECT ROWID , R.* FROM REGIONS;
SELECT ROWID , R.* FROM REGIONS
                 *
ERROR at line 1:
ORA-00904: "R": invalid identifier 


SQL> SELECT ROWID , REGIONS.* FROM REGIONS R;
SELECT ROWID , REGIONS.* FROM REGIONS R
                       *
ERROR at line 1:
ORA-00904: "REGIONS": invalid identifier 


SQL> SELECT ROWID , R.* FROM REGIONS R;

ROWID               REGION_ID REGION_NAME                                                                                                                                                               
------------------ ---------- -------------------------                                                                                                                                                 
AAASQyAAHAAAAHjAAA          1 Europe                                                                                                                                                                    
AAASQyAAHAAAAHjAAB          2 Americas                                                                                                                                                                  
AAASQyAAHAAAAHjAAC          3 Asia                                                                                                                                                                      
AAASQyAAHAAAAHjAAD          4 Middle East and Africa                                                                                                                                                    

SQL> SELECT ROWID , REGIONS.* FROM REGIONS;

ROWID               REGION_ID REGION_NAME                                                                                                                                                               
------------------ ---------- -------------------------                                                                                                                                                 
AAASQyAAHAAAAHjAAA          1 Europe                                                                                                                                                                    
AAASQyAAHAAAAHjAAB          2 Americas                                                                                                                                                                  
AAASQyAAHAAAAHjAAC          3 Asia                                                                                                                                                                      
AAASQyAAHAAAAHjAAD          4 Middle East and Africa                                                                                                                                                    

SQL> SELECT FIRST_NAME , SALARY , SALARY * 12 FROM EMPLOYEES;

FIRST_NAME     SALARY  SALARY*12                                                                                                                                                                        
---------- ---------- ----------                                                                                                                                                                        
Steven          24000     288000                                                                                                                                                                        
Neena           17000     204000                                                                                                                                                                        
Lex             17000     204000                                                                                                                                                                        
Alexander        9000     108000                                                                                                                                                                        
Bruce            6000      72000                                                                                                                                                                        
Diana            4200      50400                                                                                                                                                                        
Kevin            5800      69600                                                                                                                                                                        
Trenna           3500      42000                                                                                                                                                                        
Curtis           3100      37200                                                                                                                                                                        
Randall          2600      31200                                                                                                                                                                        
Peter            2500      30000                                                                                                                                                                        
Eleni           10500     126000                                                                                                                                                                        
Ellen           11000     132000                                                                                                                                                                        
Jonathon         8600     103200                                                                                                                                                                        
Kimerely         7000      84000                                                                                                                                                                        
Jennifer         4400      52800                                                                                                                                                                        
Michael         13000     156000                                                                                                                                                                        
Pat              6000      72000                                                                                                                                                                        
Shelley         12000     144000                                                                                                                                                                        
William          8300      99600                                                                                                                                                                        

20 rows selected.

SQL> REM +1200 INCREMENT
SQL> 
SQL> SELECT FIRST_NAME , SALARY , SALARY + 1200 FROM EMPLOYEES;

FIRST_NAME     SALARY SALARY+1200                                                                                                                                                                       
---------- ---------- -----------                                                                                                                                                                       
Steven          24000       25200                                                                                                                                                                       
Neena           17000       18200                                                                                                                                                                       
Lex             17000       18200                                                                                                                                                                       
Alexander        9000       10200                                                                                                                                                                       
Bruce            6000        7200                                                                                                                                                                       
Diana            4200        5400                                                                                                                                                                       
Kevin            5800        7000                                                                                                                                                                       
Trenna           3500        4700                                                                                                                                                                       
Curtis           3100        4300                                                                                                                                                                       
Randall          2600        3800                                                                                                                                                                       
Peter            2500        3700                                                                                                                                                                       
Eleni           10500       11700                                                                                                                                                                       
Ellen           11000       12200                                                                                                                                                                       
Jonathon         8600        9800                                                                                                                                                                       
Kimerely         7000        8200                                                                                                                                                                       
Jennifer         4400        5600                                                                                                                                                                       
Michael         13000       14200                                                                                                                                                                       
Pat              6000        7200                                                                                                                                                                       
Shelley         12000       13200                                                                                                                                                                       
William          8300        9500                                                                                                                                                                       

20 rows selected.

SQL> REM DECREMENT : -500
SQL> 
SQL> SELECT FIRST_NAME , SALARY , SALARY - 500 FROM EMPLOYEES;

FIRST_NAME     SALARY SALARY-500                                                                                                                                                                        
---------- ---------- ----------                                                                                                                                                                        
Steven          24000      23500                                                                                                                                                                        
Neena           17000      16500                                                                                                                                                                        
Lex             17000      16500                                                                                                                                                                        
Alexander        9000       8500                                                                                                                                                                        
Bruce            6000       5500                                                                                                                                                                        
Diana            4200       3700                                                                                                                                                                        
Kevin            5800       5300                                                                                                                                                                        
Trenna           3500       3000                                                                                                                                                                        
Curtis           3100       2600                                                                                                                                                                        
Randall          2600       2100                                                                                                                                                                        
Peter            2500       2000                                                                                                                                                                        
Eleni           10500      10000                                                                                                                                                                        
Ellen           11000      10500                                                                                                                                                                        
Jonathon         8600       8100                                                                                                                                                                        
Kimerely         7000       6500                                                                                                                                                                        
Jennifer         4400       3900                                                                                                                                                                        
Michael         13000      12500                                                                                                                                                                        
Pat              6000       5500                                                                                                                                                                        
Shelley         12000      11500                                                                                                                                                                        
William          8300       7800                                                                                                                                                                        

20 rows selected.

SQL> REM DAILY SALARY = SALARY / 30
SQL> 
SQL> SELECT LAST_NAME , SALARY , SALARY / 30 FROM EMPLOYEES;

LAST_NAME      SALARY  SALARY/30                                                                                                                                                                        
---------- ---------- ----------                                                                                                                                                                        
King            24000        800                                                                                                                                                                        
Kochhar         17000 566.666667                                                                                                                                                                        
De Haan         17000 566.666667                                                                                                                                                                        
Hunold           9000        300                                                                                                                                                                        
Ernst            6000        200                                                                                                                                                                        
Lorentz          4200        140                                                                                                                                                                        
Mourgos          5800 193.333333                                                                                                                                                                        
Rajs             3500 116.666667                                                                                                                                                                        
Davies           3100 103.333333                                                                                                                                                                        
Matos            2600 86.6666667                                                                                                                                                                        
Vargas           2500 83.3333333                                                                                                                                                                        
Zlotkey         10500        350                                                                                                                                                                        
Abel            11000 366.666667                                                                                                                                                                        
Taylor           8600 286.666667                                                                                                                                                                        
Grant            7000 233.333333                                                                                                                                                                        
Whalen           4400 146.666667                                                                                                                                                                        
Hartstein       13000 433.333333                                                                                                                                                                        
Fay              6000        200                                                                                                                                                                        
Higgins         12000        400                                                                                                                                                                        
Gietz            8300 276.666667                                                                                                                                                                        

20 rows selected.

SQL> SELECT FIRST_NAME NAME , LAST_NAME SURNAME FROM EMPLOYEES;

NAME       SURNAME                                                                                                                                                                                      
---------- ----------                                                                                                                                                                                   
Steven     King                                                                                                                                                                                         
Neena      Kochhar                                                                                                                                                                                      
Lex        De Haan                                                                                                                                                                                      
Alexander  Hunold                                                                                                                                                                                       
Bruce      Ernst                                                                                                                                                                                        
Diana      Lorentz                                                                                                                                                                                      
Kevin      Mourgos                                                                                                                                                                                      
Trenna     Rajs                                                                                                                                                                                         
Curtis     Davies                                                                                                                                                                                       
Randall    Matos                                                                                                                                                                                        
Peter      Vargas                                                                                                                                                                                       
Eleni      Zlotkey                                                                                                                                                                                      
Ellen      Abel                                                                                                                                                                                         
Jonathon   Taylor                                                                                                                                                                                       
Kimerely   Grant                                                                                                                                                                                        
Jennifer   Whalen                                                                                                                                                                                       
Michael    Hartstein                                                                                                                                                                                    
Pat        Fay                                                                                                                                                                                          
Shelley    Higgins                                                                                                                                                                                      
William    Gietz                                                                                                                                                                                        

20 rows selected.

SQL> SELECT FIRST_NAME AS NAME , LAST_NAME SURNAME FROM EMPLOYEES;

NAME       SURNAME                                                                                                                                                                                      
---------- ----------                                                                                                                                                                                   
Steven     King                                                                                                                                                                                         
Neena      Kochhar                                                                                                                                                                                      
Lex        De Haan                                                                                                                                                                                      
Alexander  Hunold                                                                                                                                                                                       
Bruce      Ernst                                                                                                                                                                                        
Diana      Lorentz                                                                                                                                                                                      
Kevin      Mourgos                                                                                                                                                                                      
Trenna     Rajs                                                                                                                                                                                         
Curtis     Davies                                                                                                                                                                                       
Randall    Matos                                                                                                                                                                                        
Peter      Vargas                                                                                                                                                                                       
Eleni      Zlotkey                                                                                                                                                                                      
Ellen      Abel                                                                                                                                                                                         
Jonathon   Taylor                                                                                                                                                                                       
Kimerely   Grant                                                                                                                                                                                        
Jennifer   Whalen                                                                                                                                                                                       
Michael    Hartstein                                                                                                                                                                                    
Pat        Fay                                                                                                                                                                                          
Shelley    Higgins                                                                                                                                                                                      
William    Gietz                                                                                                                                                                                        

20 rows selected.

SQL> SELECT FIRST_NAME , SALARY , SALARY * 12 YEARLYSALARY FROM EMPLOYEES;

FIRST_NAME     SALARY YEARLYSALARY                                                                                                                                                                      
---------- ---------- ------------                                                                                                                                                                      
Steven          24000       288000                                                                                                                                                                      
Neena           17000       204000                                                                                                                                                                      
Lex             17000       204000                                                                                                                                                                      
Alexander        9000       108000                                                                                                                                                                      
Bruce            6000        72000                                                                                                                                                                      
Diana            4200        50400                                                                                                                                                                      
Kevin            5800        69600                                                                                                                                                                      
Trenna           3500        42000                                                                                                                                                                      
Curtis           3100        37200                                                                                                                                                                      
Randall          2600        31200                                                                                                                                                                      
Peter            2500        30000                                                                                                                                                                      
Eleni           10500       126000                                                                                                                                                                      
Ellen           11000       132000                                                                                                                                                                      
Jonathon         8600       103200                                                                                                                                                                      
Kimerely         7000        84000                                                                                                                                                                      
Jennifer         4400        52800                                                                                                                                                                      
Michael         13000       156000                                                                                                                                                                      
Pat              6000        72000                                                                                                                                                                      
Shelley         12000       144000                                                                                                                                                                      
William          8300        99600                                                                                                                                                                      

20 rows selected.

SQL> SELECT FIRST_NAME , SALARY , SALARY * 12 yearlysalary FROM EMPLOYEES;

FIRST_NAME     SALARY YEARLYSALARY                                                                                                                                                                      
---------- ---------- ------------                                                                                                                                                                      
Steven          24000       288000                                                                                                                                                                      
Neena           17000       204000                                                                                                                                                                      
Lex             17000       204000                                                                                                                                                                      
Alexander        9000       108000                                                                                                                                                                      
Bruce            6000        72000                                                                                                                                                                      
Diana            4200        50400                                                                                                                                                                      
Kevin            5800        69600                                                                                                                                                                      
Trenna           3500        42000                                                                                                                                                                      
Curtis           3100        37200                                                                                                                                                                      
Randall          2600        31200                                                                                                                                                                      
Peter            2500        30000                                                                                                                                                                      
Eleni           10500       126000                                                                                                                                                                      
Ellen           11000       132000                                                                                                                                                                      
Jonathon         8600       103200                                                                                                                                                                      
Kimerely         7000        84000                                                                                                                                                                      
Jennifer         4400        52800                                                                                                                                                                      
Michael         13000       156000                                                                                                                                                                      
Pat              6000        72000                                                                                                                                                                      
Shelley         12000       144000                                                                                                                                                                      
William          8300        99600                                                                                                                                                                      

20 rows selected.

SQL> SELECT FIRST_NAME , SALARY , SALARY * 12 "yearlysalary" FROM EMPLOYEES;

FIRST_NAME     SALARY yearlysalary                                                                                                                                                                      
---------- ---------- ------------                                                                                                                                                                      
Steven          24000       288000                                                                                                                                                                      
Neena           17000       204000                                                                                                                                                                      
Lex             17000       204000                                                                                                                                                                      
Alexander        9000       108000                                                                                                                                                                      
Bruce            6000        72000                                                                                                                                                                      
Diana            4200        50400                                                                                                                                                                      
Kevin            5800        69600                                                                                                                                                                      
Trenna           3500        42000                                                                                                                                                                      
Curtis           3100        37200                                                                                                                                                                      
Randall          2600        31200                                                                                                                                                                      
Peter            2500        30000                                                                                                                                                                      
Eleni           10500       126000                                                                                                                                                                      
Ellen           11000       132000                                                                                                                                                                      
Jonathon         8600       103200                                                                                                                                                                      
Kimerely         7000        84000                                                                                                                                                                      
Jennifer         4400        52800                                                                                                                                                                      
Michael         13000       156000                                                                                                                                                                      
Pat              6000        72000                                                                                                                                                                      
Shelley         12000       144000                                                                                                                                                                      
William          8300        99600                                                                                                                                                                      

20 rows selected.

SQL> SELECT FIRST_NAME , SALARY , SALARY * 12 YEARLY SALARY FROM EMPLOYEES;
SELECT FIRST_NAME , SALARY , SALARY * 12 YEARLY SALARY FROM EMPLOYEES
                                                *
ERROR at line 1:
ORA-00923: FROM keyword not found where expected 


SQL> SELECT FIRST_NAME , SALARY , SALARY * 12 "YEARLY SALARY" FROM EMPLOYEES;

FIRST_NAME     SALARY YEARLY SALARY                                                                                                                                                                     
---------- ---------- -------------                                                                                                                                                                     
Steven          24000        288000                                                                                                                                                                     
Neena           17000        204000                                                                                                                                                                     
Lex             17000        204000                                                                                                                                                                     
Alexander        9000        108000                                                                                                                                                                     
Bruce            6000         72000                                                                                                                                                                     
Diana            4200         50400                                                                                                                                                                     
Kevin            5800         69600                                                                                                                                                                     
Trenna           3500         42000                                                                                                                                                                     
Curtis           3100         37200                                                                                                                                                                     
Randall          2600         31200                                                                                                                                                                     
Peter            2500         30000                                                                                                                                                                     
Eleni           10500        126000                                                                                                                                                                     
Ellen           11000        132000                                                                                                                                                                     
Jonathon         8600        103200                                                                                                                                                                     
Kimerely         7000         84000                                                                                                                                                                     
Jennifer         4400         52800                                                                                                                                                                     
Michael         13000        156000                                                                                                                                                                     
Pat              6000         72000                                                                                                                                                                     
Shelley         12000        144000                                                                                                                                                                     
William          8300         99600                                                                                                                                                                     

20 rows selected.

SQL> SELECT FIRST_NAME , SALARY , SALARY * 12 YEARLY_#$SALARY FROM EMPLOYEES;

FIRST_NAME     SALARY YEARLY_#$SALARY                                                                                                                                                                   
---------- ---------- ---------------                                                                                                                                                                   
Steven          24000          288000                                                                                                                                                                   
Neena           17000          204000                                                                                                                                                                   
Lex             17000          204000                                                                                                                                                                   
Alexander        9000          108000                                                                                                                                                                   
Bruce            6000           72000                                                                                                                                                                   
Diana            4200           50400                                                                                                                                                                   
Kevin            5800           69600                                                                                                                                                                   
Trenna           3500           42000                                                                                                                                                                   
Curtis           3100           37200                                                                                                                                                                   
Randall          2600           31200                                                                                                                                                                   
Peter            2500           30000                                                                                                                                                                   
Eleni           10500          126000                                                                                                                                                                   
Ellen           11000          132000                                                                                                                                                                   
Jonathon         8600          103200                                                                                                                                                                   
Kimerely         7000           84000                                                                                                                                                                   
Jennifer         4400           52800                                                                                                                                                                   
Michael         13000          156000                                                                                                                                                                   
Pat              6000           72000                                                                                                                                                                   
Shelley         12000          144000                                                                                                                                                                   
William          8300           99600                                                                                                                                                                   

20 rows selected.

SQL> SELECT FIRST_NAME , SALARY , SALARY * 12 YEARLY_#$^SALARY FROM EMPLOYEES;
SELECT FIRST_NAME , SALARY , SALARY * 12 YEARLY_#$^SALARY FROM EMPLOYEES
                                                  *
ERROR at line 1:
ORA-00923: FROM keyword not found where expected 


SQL> SELECT FIRST_NAME , SALARY , SALARY * 12 "YEARLY_#$^SALARY" FROM EMPLOYEES;

FIRST_NAME     SALARY YEARLY_#$^SALARY                                                                                                                                                                  
---------- ---------- ----------------                                                                                                                                                                  
Steven          24000           288000                                                                                                                                                                  
Neena           17000           204000                                                                                                                                                                  
Lex             17000           204000                                                                                                                                                                  
Alexander        9000           108000                                                                                                                                                                  
Bruce            6000            72000                                                                                                                                                                  
Diana            4200            50400                                                                                                                                                                  
Kevin            5800            69600                                                                                                                                                                  
Trenna           3500            42000                                                                                                                                                                  
Curtis           3100            37200                                                                                                                                                                  
Randall          2600            31200                                                                                                                                                                  
Peter            2500            30000                                                                                                                                                                  
Eleni           10500           126000                                                                                                                                                                  
Ellen           11000           132000                                                                                                                                                                  
Jonathon         8600           103200                                                                                                                                                                  
Kimerely         7000            84000                                                                                                                                                                  
Jennifer         4400            52800                                                                                                                                                                  
Michael         13000           156000                                                                                                                                                                  
Pat              6000            72000                                                                                                                                                                  
Shelley         12000           144000                                                                                                                                                                  
William          8300            99600                                                                                                                                                                  

20 rows selected.

SQL> SELECT FIRST_NAME , SALARY , SALARY * 12 SELECT FROM EMPLOYEES;
SELECT FIRST_NAME , SALARY , SALARY * 12 SELECT FROM EMPLOYEES
                                         *
ERROR at line 1:
ORA-00923: FROM keyword not found where expected 


SQL> SELECT FIRST_NAME , SALARY , SALARY * 12 "SELECT" FROM EMPLOYEES;

FIRST_NAME     SALARY     SELECT                                                                                                                                                                        
---------- ---------- ----------                                                                                                                                                                        
Steven          24000     288000                                                                                                                                                                        
Neena           17000     204000                                                                                                                                                                        
Lex             17000     204000                                                                                                                                                                        
Alexander        9000     108000                                                                                                                                                                        
Bruce            6000      72000                                                                                                                                                                        
Diana            4200      50400                                                                                                                                                                        
Kevin            5800      69600                                                                                                                                                                        
Trenna           3500      42000                                                                                                                                                                        
Curtis           3100      37200                                                                                                                                                                        
Randall          2600      31200                                                                                                                                                                        
Peter            2500      30000                                                                                                                                                                        
Eleni           10500     126000                                                                                                                                                                        
Ellen           11000     132000                                                                                                                                                                        
Jonathon         8600     103200                                                                                                                                                                        
Kimerely         7000      84000                                                                                                                                                                        
Jennifer         4400      52800                                                                                                                                                                        
Michael         13000     156000                                                                                                                                                                        
Pat              6000      72000                                                                                                                                                                        
Shelley         12000     144000                                                                                                                                                                        
William          8300      99600                                                                                                                                                                        

20 rows selected.

SQL> REM COLUMN ALIAS MUST BE QUOTED WITH DOUBLE QUOTES
SQL> 
SQL> SELECT FIRST_NAME , SALARY , SALARY * 12 'SELECT' FROM EMPLOYEES;
SELECT FIRST_NAME , SALARY , SALARY * 12 'SELECT' FROM EMPLOYEES
                                         *
ERROR at line 1:
ORA-00923: FROM keyword not found where expected 


SQL> SELECT FIRST_NAME , SALARY , SALARY * 12 (SELECT) FROM EMPLOYEES;
SELECT FIRST_NAME , SALARY , SALARY * 12 (SELECT) FROM EMPLOYEES
                                         *
ERROR at line 1:
ORA-00923: FROM keyword not found where expected 


SQL> REM COLUMN ALIAS MUST BE QUOTED WITH DOUBLE QUOTES IN BELOW 4 CASES
SQL> 
SQL> REM 1 IF WE WANT TO DISPLAY CASE SENSITIVE COLUMN ALIAS
SQL> 
SQL> REM 2 IF WE WANT TO DISPLAY MULTIPLE WORDS AS COLUMN ALIAS
SQL> 
SQL> REM 3 IF WE WANT TO USE ANY SPECIAL CHARACTER OTHER THAN _ # 4
SQL> 
SQL> REM 3 IF WE WANT TO USE ANY SPECIAL CHARACTER OTHER THAN _ # $
SQL> 
SQL> REM 4 IF WE WANT TO USE SQL/ORACLE KEY/RESERVE WORD AS COLUMN ALIAS
SQL> 
SQL> 
SQL> 
SQL> 
SQL> SELECT FIRST_NAME , SALARY , SALARY * 12 SELECTINSERT FROM EMPLOYEES;

FIRST_NAME     SALARY SELECTINSERT                                                                                                                                                                      
---------- ---------- ------------                                                                                                                                                                      
Steven          24000       288000                                                                                                                                                                      
Neena           17000       204000                                                                                                                                                                      
Lex             17000       204000                                                                                                                                                                      
Alexander        9000       108000                                                                                                                                                                      
Bruce            6000        72000                                                                                                                                                                      
Diana            4200        50400                                                                                                                                                                      
Kevin            5800        69600                                                                                                                                                                      
Trenna           3500        42000                                                                                                                                                                      
Curtis           3100        37200                                                                                                                                                                      
Randall          2600        31200                                                                                                                                                                      
Peter            2500        30000                                                                                                                                                                      
Eleni           10500       126000                                                                                                                                                                      
Ellen           11000       132000                                                                                                                                                                      
Jonathon         8600       103200                                                                                                                                                                      
Kimerely         7000        84000                                                                                                                                                                      
Jennifer         4400        52800                                                                                                                                                                      
Michael         13000       156000                                                                                                                                                                      
Pat              6000        72000                                                                                                                                                                      
Shelley         12000       144000                                                                                                                                                                      
William          8300        99600                                                                                                                                                                      

20 rows selected.

SQL> SELECT FIRST_NAME , SALARY , SALARY * 12 SELECT_INSERT FROM EMPLOYEES;

FIRST_NAME     SALARY SELECT_INSERT                                                                                                                                                                     
---------- ---------- -------------                                                                                                                                                                     
Steven          24000        288000                                                                                                                                                                     
Neena           17000        204000                                                                                                                                                                     
Lex             17000        204000                                                                                                                                                                     
Alexander        9000        108000                                                                                                                                                                     
Bruce            6000         72000                                                                                                                                                                     
Diana            4200         50400                                                                                                                                                                     
Kevin            5800         69600                                                                                                                                                                     
Trenna           3500         42000                                                                                                                                                                     
Curtis           3100         37200                                                                                                                                                                     
Randall          2600         31200                                                                                                                                                                     
Peter            2500         30000                                                                                                                                                                     
Eleni           10500        126000                                                                                                                                                                     
Ellen           11000        132000                                                                                                                                                                     
Jonathon         8600        103200                                                                                                                                                                     
Kimerely         7000         84000                                                                                                                                                                     
Jennifer         4400         52800                                                                                                                                                                     
Michael         13000        156000                                                                                                                                                                     
Pat              6000         72000                                                                                                                                                                     
Shelley         12000        144000                                                                                                                                                                     
William          8300         99600                                                                                                                                                                     

20 rows selected.

SQL> REM CONCATENATION OPERATOR : ||
SQL> 
SQL> REM TO JOIN/CLUB/CONCAT TWO ITEMS
SQL> 
SQL> SELECT FIRST_NAME , LAST_NAME FROM EMPLOYEES;

FIRST_NAME LAST_NAME                                                                                                                                                                                    
---------- ----------                                                                                                                                                                                   
Steven     King                                                                                                                                                                                         
Neena      Kochhar                                                                                                                                                                                      
Lex        De Haan                                                                                                                                                                                      
Alexander  Hunold                                                                                                                                                                                       
Bruce      Ernst                                                                                                                                                                                        
Diana      Lorentz                                                                                                                                                                                      
Kevin      Mourgos                                                                                                                                                                                      
Trenna     Rajs                                                                                                                                                                                         
Curtis     Davies                                                                                                                                                                                       
Randall    Matos                                                                                                                                                                                        
Peter      Vargas                                                                                                                                                                                       
Eleni      Zlotkey                                                                                                                                                                                      
Ellen      Abel                                                                                                                                                                                         
Jonathon   Taylor                                                                                                                                                                                       
Kimerely   Grant                                                                                                                                                                                        
Jennifer   Whalen                                                                                                                                                                                       
Michael    Hartstein                                                                                                                                                                                    
Pat        Fay                                                                                                                                                                                          
Shelley    Higgins                                                                                                                                                                                      
William    Gietz                                                                                                                                                                                        

20 rows selected.

SQL> SELECT FIRST_NAME || LAST_NAME FROM EMPLOYEES;

FIRST_NAME||LAST_NAM                                                                                                                                                                                    
--------------------                                                                                                                                                                                    
StevenKing                                                                                                                                                                                              
NeenaKochhar                                                                                                                                                                                            
LexDe Haan                                                                                                                                                                                              
AlexanderHunold                                                                                                                                                                                         
BruceErnst                                                                                                                                                                                              
DianaLorentz                                                                                                                                                                                            
KevinMourgos                                                                                                                                                                                            
TrennaRajs                                                                                                                                                                                              
CurtisDavies                                                                                                                                                                                            
RandallMatos                                                                                                                                                                                            
PeterVargas                                                                                                                                                                                             
EleniZlotkey                                                                                                                                                                                            
EllenAbel                                                                                                                                                                                               
JonathonTaylor                                                                                                                                                                                          
KimerelyGrant                                                                                                                                                                                           
JenniferWhalen                                                                                                                                                                                          
MichaelHartstein                                                                                                                                                                                        
PatFay                                                                                                                                                                                                  
ShelleyHiggins                                                                                                                                                                                          
WilliamGietz                                                                                                                                                                                            

20 rows selected.

SQL> SELECT FIRST_NAME || SALARY FROM EMPLOYEES;

FIRST_NAME||SALARY                                                                                                                                                                                      
--------------------------------------------------                                                                                                                                                      
Steven24000                                                                                                                                                                                             
Neena17000                                                                                                                                                                                              
Lex17000                                                                                                                                                                                                
Alexander9000                                                                                                                                                                                           
Bruce6000                                                                                                                                                                                               
Diana4200                                                                                                                                                                                               
Kevin5800                                                                                                                                                                                               
Trenna3500                                                                                                                                                                                              
Curtis3100                                                                                                                                                                                              
Randall2600                                                                                                                                                                                             
Peter2500                                                                                                                                                                                               
Eleni10500                                                                                                                                                                                              
Ellen11000                                                                                                                                                                                              
Jonathon8600                                                                                                                                                                                            
Kimerely7000                                                                                                                                                                                            
Jennifer4400                                                                                                                                                                                            
Michael13000                                                                                                                                                                                            
Pat6000                                                                                                                                                                                                 
Shelley12000                                                                                                                                                                                            
William8300                                                                                                                                                                                             

20 rows selected.

SQL> SELECT FIRST_NAME || SALARY || HIRE_dATE FROM EMPLOYEES;

FIRST_NAME||SALARY||HIRE_DATE                                                                                                                                                                           
--------------------------------------------------------------------                                                                                                                                    
Steven2400017-JUL-87                                                                                                                                                                                    
Neena1700021-SEP-89                                                                                                                                                                                     
Lex1700013-JAN-93                                                                                                                                                                                       
Alexander900003-JAN-90                                                                                                                                                                                  
Bruce600021-MAY-91                                                                                                                                                                                      
Diana420007-FEB-99                                                                                                                                                                                      
Kevin580016-NOV-99                                                                                                                                                                                      
Trenna350017-OCT-95                                                                                                                                                                                     
Curtis310029-JAN-97                                                                                                                                                                                     
Randall260015-MAR-98                                                                                                                                                                                    
Peter250009-JUL-98                                                                                                                                                                                      
Eleni1050029-JAN-00                                                                                                                                                                                     
Ellen1100011-MAY-96                                                                                                                                                                                     
Jonathon860024-MAR-98                                                                                                                                                                                   
Kimerely700024-MAY-99                                                                                                                                                                                   
Jennifer440017-SEP-87                                                                                                                                                                                   
Michael1300017-FEB-96                                                                                                                                                                                   
Pat600017-AUG-97                                                                                                                                                                                        
Shelley1200007-JUN-94                                                                                                                                                                                   
William830007-JUN-94                                                                                                                                                                                    

20 rows selected.

SQL> SELECT FIRST_NAME || SALARY , HIRE_DATE FROM EMPLOYEES;

FIRST_NAME||SALARY                                 HIRE_DATE                                                                                                                                            
-------------------------------------------------- ---------                                                                                                                                            
Steven24000                                        17-JUL-87                                                                                                                                            
Neena17000                                         21-SEP-89                                                                                                                                            
Lex17000                                           13-JAN-93                                                                                                                                            
Alexander9000                                      03-JAN-90                                                                                                                                            
Bruce6000                                          21-MAY-91                                                                                                                                            
Diana4200                                          07-FEB-99                                                                                                                                            
Kevin5800                                          16-NOV-99                                                                                                                                            
Trenna3500                                         17-OCT-95                                                                                                                                            
Curtis3100                                         29-JAN-97                                                                                                                                            
Randall2600                                        15-MAR-98                                                                                                                                            
Peter2500                                          09-JUL-98                                                                                                                                            
Eleni10500                                         29-JAN-00                                                                                                                                            
Ellen11000                                         11-MAY-96                                                                                                                                            
Jonathon8600                                       24-MAR-98                                                                                                                                            
Kimerely7000                                       24-MAY-99                                                                                                                                            
Jennifer4400                                       17-SEP-87                                                                                                                                            
Michael13000                                       17-FEB-96                                                                                                                                            
Pat6000                                            17-AUG-97                                                                                                                                            
Shelley12000                                       07-JUN-94                                                                                                                                            
William8300                                        07-JUN-94                                                                                                                                            

20 rows selected.

SQL> SELECT FIRST_NAME || ' ' || LAST_NAME FROM EMPLOYEES;

FIRST_NAME||''||LAST_                                                                                                                                                                                   
---------------------                                                                                                                                                                                   
Steven King                                                                                                                                                                                             
Neena Kochhar                                                                                                                                                                                           
Lex De Haan                                                                                                                                                                                             
Alexander Hunold                                                                                                                                                                                        
Bruce Ernst                                                                                                                                                                                             
Diana Lorentz                                                                                                                                                                                           
Kevin Mourgos                                                                                                                                                                                           
Trenna Rajs                                                                                                                                                                                             
Curtis Davies                                                                                                                                                                                           
Randall Matos                                                                                                                                                                                           
Peter Vargas                                                                                                                                                                                            
Eleni Zlotkey                                                                                                                                                                                           
Ellen Abel                                                                                                                                                                                              
Jonathon Taylor                                                                                                                                                                                         
Kimerely Grant                                                                                                                                                                                          
Jennifer Whalen                                                                                                                                                                                         
Michael Hartstein                                                                                                                                                                                       
Pat Fay                                                                                                                                                                                                 
Shelley Higgins                                                                                                                                                                                         
William Gietz                                                                                                                                                                                           

20 rows selected.

SQL> SELECT FIRST_NAME || ' ' || LAST_NAME FULLNAME FROM EMPLOYEES;

FULLNAME                                                                                                                                                                                                
---------------------                                                                                                                                                                                   
Steven King                                                                                                                                                                                             
Neena Kochhar                                                                                                                                                                                           
Lex De Haan                                                                                                                                                                                             
Alexander Hunold                                                                                                                                                                                        
Bruce Ernst                                                                                                                                                                                             
Diana Lorentz                                                                                                                                                                                           
Kevin Mourgos                                                                                                                                                                                           
Trenna Rajs                                                                                                                                                                                             
Curtis Davies                                                                                                                                                                                           
Randall Matos                                                                                                                                                                                           
Peter Vargas                                                                                                                                                                                            
Eleni Zlotkey                                                                                                                                                                                           
Ellen Abel                                                                                                                                                                                              
Jonathon Taylor                                                                                                                                                                                         
Kimerely Grant                                                                                                                                                                                          
Jennifer Whalen                                                                                                                                                                                         
Michael Hartstein                                                                                                                                                                                       
Pat Fay                                                                                                                                                                                                 
Shelley Higgins                                                                                                                                                                                         
William Gietz                                                                                                                                                                                           

20 rows selected.

SQL> SELECT FIRST_NAME || '-' || LAST_NAME FULLNAME FROM EMPLOYEES;

FULLNAME                                                                                                                                                                                                
---------------------                                                                                                                                                                                   
Steven-King                                                                                                                                                                                             
Neena-Kochhar                                                                                                                                                                                           
Lex-De Haan                                                                                                                                                                                             
Alexander-Hunold                                                                                                                                                                                        
Bruce-Ernst                                                                                                                                                                                             
Diana-Lorentz                                                                                                                                                                                           
Kevin-Mourgos                                                                                                                                                                                           
Trenna-Rajs                                                                                                                                                                                             
Curtis-Davies                                                                                                                                                                                           
Randall-Matos                                                                                                                                                                                           
Peter-Vargas                                                                                                                                                                                            
Eleni-Zlotkey                                                                                                                                                                                           
Ellen-Abel                                                                                                                                                                                              
Jonathon-Taylor                                                                                                                                                                                         
Kimerely-Grant                                                                                                                                                                                          
Jennifer-Whalen                                                                                                                                                                                         
Michael-Hartstein                                                                                                                                                                                       
Pat-Fay                                                                                                                                                                                                 
Shelley-Higgins                                                                                                                                                                                         
William-Gietz                                                                                                                                                                                           

20 rows selected.

SQL> SELECT FIRST_NAME || ',' || LAST_NAME FULLNAME FROM EMPLOYEES;

FULLNAME                                                                                                                                                                                                
---------------------                                                                                                                                                                                   
Steven,King                                                                                                                                                                                             
Neena,Kochhar                                                                                                                                                                                           
Lex,De Haan                                                                                                                                                                                             
Alexander,Hunold                                                                                                                                                                                        
Bruce,Ernst                                                                                                                                                                                             
Diana,Lorentz                                                                                                                                                                                           
Kevin,Mourgos                                                                                                                                                                                           
Trenna,Rajs                                                                                                                                                                                             
Curtis,Davies                                                                                                                                                                                           
Randall,Matos                                                                                                                                                                                           
Peter,Vargas                                                                                                                                                                                            
Eleni,Zlotkey                                                                                                                                                                                           
Ellen,Abel                                                                                                                                                                                              
Jonathon,Taylor                                                                                                                                                                                         
Kimerely,Grant                                                                                                                                                                                          
Jennifer,Whalen                                                                                                                                                                                         
Michael,Hartstein                                                                                                                                                                                       
Pat,Fay                                                                                                                                                                                                 
Shelley,Higgins                                                                                                                                                                                         
William,Gietz                                                                                                                                                                                           

20 rows selected.

SQL> SELECT FIRST_NAME || ' - ' || LAST_NAME FULLNAME FROM EMPLOYEES;

FULLNAME                                                                                                                                                                                                
-----------------------                                                                                                                                                                                 
Steven - King                                                                                                                                                                                           
Neena - Kochhar                                                                                                                                                                                         
Lex - De Haan                                                                                                                                                                                           
Alexander - Hunold                                                                                                                                                                                      
Bruce - Ernst                                                                                                                                                                                           
Diana - Lorentz                                                                                                                                                                                         
Kevin - Mourgos                                                                                                                                                                                         
Trenna - Rajs                                                                                                                                                                                           
Curtis - Davies                                                                                                                                                                                         
Randall - Matos                                                                                                                                                                                         
Peter - Vargas                                                                                                                                                                                          
Eleni - Zlotkey                                                                                                                                                                                         
Ellen - Abel                                                                                                                                                                                            
Jonathon - Taylor                                                                                                                                                                                       
Kimerely - Grant                                                                                                                                                                                        
Jennifer - Whalen                                                                                                                                                                                       
Michael - Hartstein                                                                                                                                                                                     
Pat - Fay                                                                                                                                                                                               
Shelley - Higgins                                                                                                                                                                                       
William - Gietz                                                                                                                                                                                         

20 rows selected.

SQL> SELECT FIRST_NAME , JOB_ID FROM EMPLOYEES;

FIRST_NAME JOB_ID                                                                                                                                                                                       
---------- ----------                                                                                                                                                                                   
Steven     AD_PRES                                                                                                                                                                                      
Neena      AD_VP                                                                                                                                                                                        
Lex        AD_VP                                                                                                                                                                                        
Alexander  IT_PROG                                                                                                                                                                                      
Bruce      IT_PROG                                                                                                                                                                                      
Diana      IT_PROG                                                                                                                                                                                      
Kevin      ST_MAN                                                                                                                                                                                       
Trenna     ST_CLERK                                                                                                                                                                                     
Curtis     ST_CLERK                                                                                                                                                                                     
Randall    ST_CLERK                                                                                                                                                                                     
Peter      ST_CLERK                                                                                                                                                                                     
Eleni      SA_MAN                                                                                                                                                                                       
Ellen      SA_REP                                                                                                                                                                                       
Jonathon   SA_REP                                                                                                                                                                                       
Kimerely   SA_REP                                                                                                                                                                                       
Jennifer   AD_ASST                                                                                                                                                                                      
Michael    MK_MAN                                                                                                                                                                                       
Pat        MK_REP                                                                                                                                                                                       
Shelley    AC_MGR                                                                                                                                                                                       
William    AC_ACCOUNT                                                                                                                                                                                   

20 rows selected.

SQL> REM Steven works as AD_PRES.
SQL> REM Neena works as AD_VP.
SQL> 
SQL> REM William works as AC_ACCOUNT.
SQL> 
SQL> 
SQL> SELECT FIRST_NAME || ' works as ' || JOB_ID || '.' FROM EMPLOYEES;

FIRST_NAME||'WORKSAS'||JOB_ID||                                                                                                                                                                         
-------------------------------                                                                                                                                                                         
Steven works as AD_PRES.                                                                                                                                                                                
Neena works as AD_VP.                                                                                                                                                                                   
Lex works as AD_VP.                                                                                                                                                                                     
Alexander works as IT_PROG.                                                                                                                                                                             
Bruce works as IT_PROG.                                                                                                                                                                                 
Diana works as IT_PROG.                                                                                                                                                                                 
Kevin works as ST_MAN.                                                                                                                                                                                  
Trenna works as ST_CLERK.                                                                                                                                                                               
Curtis works as ST_CLERK.                                                                                                                                                                               
Randall works as ST_CLERK.                                                                                                                                                                              
Peter works as ST_CLERK.                                                                                                                                                                                
Eleni works as SA_MAN.                                                                                                                                                                                  
Ellen works as SA_REP.                                                                                                                                                                                  
Jonathon works as SA_REP.                                                                                                                                                                               
Kimerely works as SA_REP.                                                                                                                                                                               
Jennifer works as AD_ASST.                                                                                                                                                                              
Michael works as MK_MAN.                                                                                                                                                                                
Pat works as MK_REP.                                                                                                                                                                                    
Shelley works as AC_MGR.                                                                                                                                                                                
William works as AC_ACCOUNT.                                                                                                                                                                            

20 rows selected.

SQL> SELECT FIRST_NAME || ' works as ' || JOB_ID || '.' "EMPLOYEES INFO." FROM EMPLOYEES;

EMPLOYEES INFO.                                                                                                                                                                                         
-------------------------------                                                                                                                                                                         
Steven works as AD_PRES.                                                                                                                                                                                
Neena works as AD_VP.                                                                                                                                                                                   
Lex works as AD_VP.                                                                                                                                                                                     
Alexander works as IT_PROG.                                                                                                                                                                             
Bruce works as IT_PROG.                                                                                                                                                                                 
Diana works as IT_PROG.                                                                                                                                                                                 
Kevin works as ST_MAN.                                                                                                                                                                                  
Trenna works as ST_CLERK.                                                                                                                                                                               
Curtis works as ST_CLERK.                                                                                                                                                                               
Randall works as ST_CLERK.                                                                                                                                                                              
Peter works as ST_CLERK.                                                                                                                                                                                
Eleni works as SA_MAN.                                                                                                                                                                                  
Ellen works as SA_REP.                                                                                                                                                                                  
Jonathon works as SA_REP.                                                                                                                                                                               
Kimerely works as SA_REP.                                                                                                                                                                               
Jennifer works as AD_ASST.                                                                                                                                                                              
Michael works as MK_MAN.                                                                                                                                                                                
Pat works as MK_REP.                                                                                                                                                                                    
Shelley works as AC_MGR.                                                                                                                                                                                
William works as AC_ACCOUNT.                                                                                                                                                                            

20 rows selected.

SQL> SELECT JOB_ID || ' works as ' || FIRST_NAME || '.' "EMPLOYEES INFO." FROM EMPLOYEES;

EMPLOYEES INFO.                                                                                                                                                                                         
-------------------------------                                                                                                                                                                         
AD_PRES works as Steven.                                                                                                                                                                                
AD_VP works as Neena.                                                                                                                                                                                   
AD_VP works as Lex.                                                                                                                                                                                     
IT_PROG works as Alexander.                                                                                                                                                                             
IT_PROG works as Bruce.                                                                                                                                                                                 
IT_PROG works as Diana.                                                                                                                                                                                 
ST_MAN works as Kevin.                                                                                                                                                                                  
ST_CLERK works as Trenna.                                                                                                                                                                               
ST_CLERK works as Curtis.                                                                                                                                                                               
ST_CLERK works as Randall.                                                                                                                                                                              
ST_CLERK works as Peter.                                                                                                                                                                                
SA_MAN works as Eleni.                                                                                                                                                                                  
SA_REP works as Ellen.                                                                                                                                                                                  
SA_REP works as Jonathon.                                                                                                                                                                               
SA_REP works as Kimerely.                                                                                                                                                                               
AD_ASST works as Jennifer.                                                                                                                                                                              
MK_MAN works as Michael.                                                                                                                                                                                
MK_REP works as Pat.                                                                                                                                                                                    
AC_MGR works as Shelley.                                                                                                                                                                                
AC_ACCOUNT works as William.                                                                                                                                                                            

20 rows selected.

SQL> SELECT LAST_NAME , SALARY FROM EMPLOYEES;

LAST_NAME      SALARY                                                                                                                                                                                   
---------- ----------                                                                                                                                                                                   
King            24000                                                                                                                                                                                   
Kochhar         17000                                                                                                                                                                                   
De Haan         17000                                                                                                                                                                                   
Hunold           9000                                                                                                                                                                                   
Ernst            6000                                                                                                                                                                                   
Lorentz          4200                                                                                                                                                                                   
Mourgos          5800                                                                                                                                                                                   
Rajs             3500                                                                                                                                                                                   
Davies           3100                                                                                                                                                                                   
Matos            2600                                                                                                                                                                                   
Vargas           2500                                                                                                                                                                                   
Zlotkey         10500                                                                                                                                                                                   
Abel            11000                                                                                                                                                                                   
Taylor           8600                                                                                                                                                                                   
Grant            7000                                                                                                                                                                                   
Whalen           4400                                                                                                                                                                                   
Hartstein       13000                                                                                                                                                                                   
Fay              6000                                                                                                                                                                                   
Higgins         12000                                                                                                                                                                                   
Gietz            8300                                                                                                                                                                                   

20 rows selected.

SQL> REM King gets Rs.24000 as monthly salary.
SQL> REM Kochhar gets Rs.17000 as monthly salary.
SQL> 
SQL> REM Gietz gets Rs.8300 as monthly salary.
SQL> 
SQL> SELECT LAST_NAME || ' gets Rs.' || SALARY || ' as monthly salary.' FROM EMPLOYEES;

LAST_NAME||'GETSRS.'||SALARY||'ASMONTHLYSALARY.'                                                                                                                                                        
------------------------------------------------------------------------------                                                                                                                          
King gets Rs.24000 as monthly salary.                                                                                                                                                                   
Kochhar gets Rs.17000 as monthly salary.                                                                                                                                                                
De Haan gets Rs.17000 as monthly salary.                                                                                                                                                                
Hunold gets Rs.9000 as monthly salary.                                                                                                                                                                  
Ernst gets Rs.6000 as monthly salary.                                                                                                                                                                   
Lorentz gets Rs.4200 as monthly salary.                                                                                                                                                                 
Mourgos gets Rs.5800 as monthly salary.                                                                                                                                                                 
Rajs gets Rs.3500 as monthly salary.                                                                                                                                                                    
Davies gets Rs.3100 as monthly salary.                                                                                                                                                                  
Matos gets Rs.2600 as monthly salary.                                                                                                                                                                   
Vargas gets Rs.2500 as monthly salary.                                                                                                                                                                  
Zlotkey gets Rs.10500 as monthly salary.                                                                                                                                                                
Abel gets Rs.11000 as monthly salary.                                                                                                                                                                   
Taylor gets Rs.8600 as monthly salary.                                                                                                                                                                  
Grant gets Rs.7000 as monthly salary.                                                                                                                                                                   
Whalen gets Rs.4400 as monthly salary.                                                                                                                                                                  
Hartstein gets Rs.13000 as monthly salary.                                                                                                                                                              
Fay gets Rs.6000 as monthly salary.                                                                                                                                                                     
Higgins gets Rs.12000 as monthly salary.                                                                                                                                                                
Gietz gets Rs.8300 as monthly salary.                                                                                                                                                                   

20 rows selected.

SQL> SELECT LAST_NAME || ' gets Rs.' || SALARY || ' as monthly salary.' "EMPLOYEE AND SALARY" FROM EMPLOYEES;

EMPLOYEE AND SALARY                                                                                                                                                                                     
------------------------------------------------------------------------------                                                                                                                          
King gets Rs.24000 as monthly salary.                                                                                                                                                                   
Kochhar gets Rs.17000 as monthly salary.                                                                                                                                                                
De Haan gets Rs.17000 as monthly salary.                                                                                                                                                                
Hunold gets Rs.9000 as monthly salary.                                                                                                                                                                  
Ernst gets Rs.6000 as monthly salary.                                                                                                                                                                   
Lorentz gets Rs.4200 as monthly salary.                                                                                                                                                                 
Mourgos gets Rs.5800 as monthly salary.                                                                                                                                                                 
Rajs gets Rs.3500 as monthly salary.                                                                                                                                                                    
Davies gets Rs.3100 as monthly salary.                                                                                                                                                                  
Matos gets Rs.2600 as monthly salary.                                                                                                                                                                   
Vargas gets Rs.2500 as monthly salary.                                                                                                                                                                  
Zlotkey gets Rs.10500 as monthly salary.                                                                                                                                                                
Abel gets Rs.11000 as monthly salary.                                                                                                                                                                   
Taylor gets Rs.8600 as monthly salary.                                                                                                                                                                  
Grant gets Rs.7000 as monthly salary.                                                                                                                                                                   
Whalen gets Rs.4400 as monthly salary.                                                                                                                                                                  
Hartstein gets Rs.13000 as monthly salary.                                                                                                                                                              
Fay gets Rs.6000 as monthly salary.                                                                                                                                                                     
Higgins gets Rs.12000 as monthly salary.                                                                                                                                                                
Gietz gets Rs.8300 as monthly salary.                                                                                                                                                                   

20 rows selected.

SQL> REM BASIC SELECT STATEMENT
SQL> 
SQL> REM SQL IS CASE INSENSITIVE LANGAUGE
SQL> 
SQL> REM SQL IS FREE FLOW LANGUAGE
SQL> 
SQL> REM * META CHARACTER
SQL> 
SQL> REM PROJECTION
SQL> 
SQL> REM ARITHMETIC OPERATORS
SQL> 
SQL> REM CONCATENATION OPERATOR
SQL> 
SQL> REM TABLE ALIAS
SQL> 
SQL> REM COLUMN ALIAS
SQL> 
SQL> REM HOW TO QUALIFY *?
SQL> 
SQL> SPOOL OFF
