SQL> CL SCR

SQL> REM BASIC SELECT : 5 PARTS
SQL> 
SQL> SELECT * FROM EMPLOYEES;

EMPLOYEE_ID FIRST_NAME LAST_NAME  EMAIL      PHONE_NUMBER         HIRE_DATE JOB_ID         SALARY COMMISSION_PCT MANAGER_ID DEPARTMENT_ID                                                               
----------- ---------- ---------- ---------- -------------------- --------- ---------- ---------- -------------- ---------- -------------                                                               
        100 Steven     King       SKING      515.123.4567         17-JUL-87 AD_PRES         24000                                      90                                                               
        101 Neena      Kochhar    NKOCHHAR   515.123.4568         21-SEP-89 AD_VP           17000                       100            90                                                               
        102 Lex        De Haan    LDEHAAN    515.123.4569         13-JAN-93 AD_VP           17000                       100            90                                                               
        103 Alexander  Hunold     AHUNOLD    590.423.4567         03-JAN-90 IT_PROG          9000                       102            60                                                               
        104 Bruce      Ernst      BERNST     590.423.4568         21-MAY-91 IT_PROG          6000                       103            60                                                               
        107 Diana      Lorentz    DLORENTZ   590.423.5567         07-FEB-99 IT_PROG          4200                       103            60                                                               
        124 Kevin      Mourgos    KMOURGOS   650.123.5234         16-NOV-99 ST_MAN           5800                       100            50                                                               
        141 Trenna     Rajs       TRAJS      650.121.8009         17-OCT-95 ST_CLERK         3500                       124            50                                                               
        142 Curtis     Davies     CDAVIES    650.121.2994         29-JAN-97 ST_CLERK         3100                       124            50                                                               
        143 Randall    Matos      RMATOS     650.121.2874         15-MAR-98 ST_CLERK         2600                       124            50                                                               
        144 Peter      Vargas     PVARGAS    650.121.2004         09-JUL-98 ST_CLERK         2500                       124            50                                                               
        149 Eleni      Zlotkey    EZLOTKEY   011.44.1344.429018   29-JAN-00 SA_MAN          10500             .2        100            80                                                               
        174 Ellen      Abel       EABEL      011.44.1644.429267   11-MAY-96 SA_REP          11000             .3        149            80                                                               
        176 Jonathon   Taylor     JTAYLOR    011.44.1644.429265   24-MAR-98 SA_REP           8600             .3        149            80                                                               
        178 Kimerely   Grant      KGRANT     011.44.1644.429263   24-MAY-99 SA_REP           7000            .15        149                                                                             
        200 Jennifer   Whalen     JWAHLEN    515.123.4444         17-SEP-87 AD_ASST          4400                       101            10                                                               
        201 Michael    Hartstein  MHARTSTE   515.123.5555         17-FEB-96 MK_MAN          13000                       100            20                                                               
        202 Pat        Fay        PFAY       603.123.6666         17-AUG-97 MK_REP           6000                       201            20                                                               
        205 Shelley    Higgins    SHIGGINS   515.123.8080         07-JUN-94 AC_MGR          12000                       101           110                                                               
        206 William    Gietz      WGIETZ     515.123.8181         07-JUN-94 AC_ACCOUNT       8300                       205           110                                                               

20 rows selected.

SQL> SELECT FROM * EMPLOYEES;
SELECT FROM * EMPLOYEES
       *
ERROR at line 1:
ORA-00936: missing expression 


SQL> SELECT * FROM EMPLOYEES
  2  ;

EMPLOYEE_ID FIRST_NAME LAST_NAME  EMAIL      PHONE_NUMBER         HIRE_DATE JOB_ID         SALARY COMMISSION_PCT MANAGER_ID DEPARTMENT_ID                                                               
----------- ---------- ---------- ---------- -------------------- --------- ---------- ---------- -------------- ---------- -------------                                                               
        100 Steven     King       SKING      515.123.4567         17-JUL-87 AD_PRES         24000                                      90                                                               
        101 Neena      Kochhar    NKOCHHAR   515.123.4568         21-SEP-89 AD_VP           17000                       100            90                                                               
        102 Lex        De Haan    LDEHAAN    515.123.4569         13-JAN-93 AD_VP           17000                       100            90                                                               
        103 Alexander  Hunold     AHUNOLD    590.423.4567         03-JAN-90 IT_PROG          9000                       102            60                                                               
        104 Bruce      Ernst      BERNST     590.423.4568         21-MAY-91 IT_PROG          6000                       103            60                                                               
        107 Diana      Lorentz    DLORENTZ   590.423.5567         07-FEB-99 IT_PROG          4200                       103            60                                                               
        124 Kevin      Mourgos    KMOURGOS   650.123.5234         16-NOV-99 ST_MAN           5800                       100            50                                                               
        141 Trenna     Rajs       TRAJS      650.121.8009         17-OCT-95 ST_CLERK         3500                       124            50                                                               
        142 Curtis     Davies     CDAVIES    650.121.2994         29-JAN-97 ST_CLERK         3100                       124            50                                                               
        143 Randall    Matos      RMATOS     650.121.2874         15-MAR-98 ST_CLERK         2600                       124            50                                                               
        144 Peter      Vargas     PVARGAS    650.121.2004         09-JUL-98 ST_CLERK         2500                       124            50                                                               
        149 Eleni      Zlotkey    EZLOTKEY   011.44.1344.429018   29-JAN-00 SA_MAN          10500             .2        100            80                                                               
        174 Ellen      Abel       EABEL      011.44.1644.429267   11-MAY-96 SA_REP          11000             .3        149            80                                                               
        176 Jonathon   Taylor     JTAYLOR    011.44.1644.429265   24-MAR-98 SA_REP           8600             .3        149            80                                                               
        178 Kimerely   Grant      KGRANT     011.44.1644.429263   24-MAY-99 SA_REP           7000            .15        149                                                                             
        200 Jennifer   Whalen     JWAHLEN    515.123.4444         17-SEP-87 AD_ASST          4400                       101            10                                                               
        201 Michael    Hartstein  MHARTSTE   515.123.5555         17-FEB-96 MK_MAN          13000                       100            20                                                               
        202 Pat        Fay        PFAY       603.123.6666         17-AUG-97 MK_REP           6000                       201            20                                                               
        205 Shelley    Higgins    SHIGGINS   515.123.8080         07-JUN-94 AC_MGR          12000                       101           110                                                               
        206 William    Gietz      WGIETZ     515.123.8181         07-JUN-94 AC_ACCOUNT       8300                       205           110                                                               

20 rows selected.

SQL> SELECT * FROM EMPLOYEES
  2  /

EMPLOYEE_ID FIRST_NAME LAST_NAME  EMAIL      PHONE_NUMBER         HIRE_DATE JOB_ID         SALARY COMMISSION_PCT MANAGER_ID DEPARTMENT_ID                                                               
----------- ---------- ---------- ---------- -------------------- --------- ---------- ---------- -------------- ---------- -------------                                                               
        100 Steven     King       SKING      515.123.4567         17-JUL-87 AD_PRES         24000                                      90                                                               
        101 Neena      Kochhar    NKOCHHAR   515.123.4568         21-SEP-89 AD_VP           17000                       100            90                                                               
        102 Lex        De Haan    LDEHAAN    515.123.4569         13-JAN-93 AD_VP           17000                       100            90                                                               
        103 Alexander  Hunold     AHUNOLD    590.423.4567         03-JAN-90 IT_PROG          9000                       102            60                                                               
        104 Bruce      Ernst      BERNST     590.423.4568         21-MAY-91 IT_PROG          6000                       103            60                                                               
        107 Diana      Lorentz    DLORENTZ   590.423.5567         07-FEB-99 IT_PROG          4200                       103            60                                                               
        124 Kevin      Mourgos    KMOURGOS   650.123.5234         16-NOV-99 ST_MAN           5800                       100            50                                                               
        141 Trenna     Rajs       TRAJS      650.121.8009         17-OCT-95 ST_CLERK         3500                       124            50                                                               
        142 Curtis     Davies     CDAVIES    650.121.2994         29-JAN-97 ST_CLERK         3100                       124            50                                                               
        143 Randall    Matos      RMATOS     650.121.2874         15-MAR-98 ST_CLERK         2600                       124            50                                                               
        144 Peter      Vargas     PVARGAS    650.121.2004         09-JUL-98 ST_CLERK         2500                       124            50                                                               
        149 Eleni      Zlotkey    EZLOTKEY   011.44.1344.429018   29-JAN-00 SA_MAN          10500             .2        100            80                                                               
        174 Ellen      Abel       EABEL      011.44.1644.429267   11-MAY-96 SA_REP          11000             .3        149            80                                                               
        176 Jonathon   Taylor     JTAYLOR    011.44.1644.429265   24-MAR-98 SA_REP           8600             .3        149            80                                                               
        178 Kimerely   Grant      KGRANT     011.44.1644.429263   24-MAY-99 SA_REP           7000            .15        149                                                                             
        200 Jennifer   Whalen     JWAHLEN    515.123.4444         17-SEP-87 AD_ASST          4400                       101            10                                                               
        201 Michael    Hartstein  MHARTSTE   515.123.5555         17-FEB-96 MK_MAN          13000                       100            20                                                               
        202 Pat        Fay        PFAY       603.123.6666         17-AUG-97 MK_REP           6000                       201            20                                                               
        205 Shelley    Higgins    SHIGGINS   515.123.8080         07-JUN-94 AC_MGR          12000                       101           110                                                               
        206 William    Gietz      WGIETZ     515.123.8181         07-JUN-94 AC_ACCOUNT       8300                       205           110                                                               

20 rows selected.

SQL> SELECT * FROM EMPLOYES;
SELECT * FROM EMPLOYES
              *
ERROR at line 1:
ORA-00942: table or view does not exist 


SQL> SELECT * FROM;
SELECT * FROM
            *
ERROR at line 1:
ORA-00903: invalid table name 


SQL> SELECT * FRM EMPLOYEES;
SELECT * FRM EMPLOYEES
         *
ERROR at line 1:
ORA-00923: FROM keyword not found where expected 


SQL> SELECT * EMPLOYEES;
SELECT * EMPLOYEES
         *
ERROR at line 1:
ORA-00923: FROM keyword not found where expected 


SQL> SELECT FROM EMPLOYEES;
SELECT FROM EMPLOYEES
       *
ERROR at line 1:
ORA-00936: missing expression 


SQL> SELCT * FROM EMPLOYEES;
SP2-0734: unknown command beginning "SELCT * FR..." - rest of line ignored.
SQL> 
SQL> 
SQL> REM SQL IS CASE RETENETIVE LANGUAGE.
SQL> 
SQL> select * from employees;

EMPLOYEE_ID FIRST_NAME LAST_NAME  EMAIL      PHONE_NUMBER         HIRE_DATE JOB_ID         SALARY COMMISSION_PCT MANAGER_ID DEPARTMENT_ID                                                               
----------- ---------- ---------- ---------- -------------------- --------- ---------- ---------- -------------- ---------- -------------                                                               
        100 Steven     King       SKING      515.123.4567         17-JUL-87 AD_PRES         24000                                      90                                                               
        101 Neena      Kochhar    NKOCHHAR   515.123.4568         21-SEP-89 AD_VP           17000                       100            90                                                               
        102 Lex        De Haan    LDEHAAN    515.123.4569         13-JAN-93 AD_VP           17000                       100            90                                                               
        103 Alexander  Hunold     AHUNOLD    590.423.4567         03-JAN-90 IT_PROG          9000                       102            60                                                               
        104 Bruce      Ernst      BERNST     590.423.4568         21-MAY-91 IT_PROG          6000                       103            60                                                               
        107 Diana      Lorentz    DLORENTZ   590.423.5567         07-FEB-99 IT_PROG          4200                       103            60                                                               
        124 Kevin      Mourgos    KMOURGOS   650.123.5234         16-NOV-99 ST_MAN           5800                       100            50                                                               
        141 Trenna     Rajs       TRAJS      650.121.8009         17-OCT-95 ST_CLERK         3500                       124            50                                                               
        142 Curtis     Davies     CDAVIES    650.121.2994         29-JAN-97 ST_CLERK         3100                       124            50                                                               
        143 Randall    Matos      RMATOS     650.121.2874         15-MAR-98 ST_CLERK         2600                       124            50                                                               
        144 Peter      Vargas     PVARGAS    650.121.2004         09-JUL-98 ST_CLERK         2500                       124            50                                                               
        149 Eleni      Zlotkey    EZLOTKEY   011.44.1344.429018   29-JAN-00 SA_MAN          10500             .2        100            80                                                               
        174 Ellen      Abel       EABEL      011.44.1644.429267   11-MAY-96 SA_REP          11000             .3        149            80                                                               
        176 Jonathon   Taylor     JTAYLOR    011.44.1644.429265   24-MAR-98 SA_REP           8600             .3        149            80                                                               
        178 Kimerely   Grant      KGRANT     011.44.1644.429263   24-MAY-99 SA_REP           7000            .15        149                                                                             
        200 Jennifer   Whalen     JWAHLEN    515.123.4444         17-SEP-87 AD_ASST          4400                       101            10                                                               
        201 Michael    Hartstein  MHARTSTE   515.123.5555         17-FEB-96 MK_MAN          13000                       100            20                                                               
        202 Pat        Fay        PFAY       603.123.6666         17-AUG-97 MK_REP           6000                       201            20                                                               
        205 Shelley    Higgins    SHIGGINS   515.123.8080         07-JUN-94 AC_MGR          12000                       101           110                                                               
        206 William    Gietz      WGIETZ     515.123.8181         07-JUN-94 AC_ACCOUNT       8300                       205           110                                                               

20 rows selected.

SQL> SELECT * frOM EMPloyees;

EMPLOYEE_ID FIRST_NAME LAST_NAME  EMAIL      PHONE_NUMBER         HIRE_DATE JOB_ID         SALARY COMMISSION_PCT MANAGER_ID DEPARTMENT_ID                                                               
----------- ---------- ---------- ---------- -------------------- --------- ---------- ---------- -------------- ---------- -------------                                                               
        100 Steven     King       SKING      515.123.4567         17-JUL-87 AD_PRES         24000                                      90                                                               
        101 Neena      Kochhar    NKOCHHAR   515.123.4568         21-SEP-89 AD_VP           17000                       100            90                                                               
        102 Lex        De Haan    LDEHAAN    515.123.4569         13-JAN-93 AD_VP           17000                       100            90                                                               
        103 Alexander  Hunold     AHUNOLD    590.423.4567         03-JAN-90 IT_PROG          9000                       102            60                                                               
        104 Bruce      Ernst      BERNST     590.423.4568         21-MAY-91 IT_PROG          6000                       103            60                                                               
        107 Diana      Lorentz    DLORENTZ   590.423.5567         07-FEB-99 IT_PROG          4200                       103            60                                                               
        124 Kevin      Mourgos    KMOURGOS   650.123.5234         16-NOV-99 ST_MAN           5800                       100            50                                                               
        141 Trenna     Rajs       TRAJS      650.121.8009         17-OCT-95 ST_CLERK         3500                       124            50                                                               
        142 Curtis     Davies     CDAVIES    650.121.2994         29-JAN-97 ST_CLERK         3100                       124            50                                                               
        143 Randall    Matos      RMATOS     650.121.2874         15-MAR-98 ST_CLERK         2600                       124            50                                                               
        144 Peter      Vargas     PVARGAS    650.121.2004         09-JUL-98 ST_CLERK         2500                       124            50                                                               
        149 Eleni      Zlotkey    EZLOTKEY   011.44.1344.429018   29-JAN-00 SA_MAN          10500             .2        100            80                                                               
        174 Ellen      Abel       EABEL      011.44.1644.429267   11-MAY-96 SA_REP          11000             .3        149            80                                                               
        176 Jonathon   Taylor     JTAYLOR    011.44.1644.429265   24-MAR-98 SA_REP           8600             .3        149            80                                                               
        178 Kimerely   Grant      KGRANT     011.44.1644.429263   24-MAY-99 SA_REP           7000            .15        149                                                                             
        200 Jennifer   Whalen     JWAHLEN    515.123.4444         17-SEP-87 AD_ASST          4400                       101            10                                                               
        201 Michael    Hartstein  MHARTSTE   515.123.5555         17-FEB-96 MK_MAN          13000                       100            20                                                               
        202 Pat        Fay        PFAY       603.123.6666         17-AUG-97 MK_REP           6000                       201            20                                                               
        205 Shelley    Higgins    SHIGGINS   515.123.8080         07-JUN-94 AC_MGR          12000                       101           110                                                               
        206 William    Gietz      WGIETZ     515.123.8181         07-JUN-94 AC_ACCOUNT       8300                       205           110                                                               

20 rows selected.

SQL> REM SQL FREE FLOW LANGUAGE
SQL> 
SQL> SELECT
  2  *
  3  FROM
  4  EMPLOYEES;

EMPLOYEE_ID FIRST_NAME LAST_NAME  EMAIL      PHONE_NUMBER         HIRE_DATE JOB_ID         SALARY COMMISSION_PCT MANAGER_ID DEPARTMENT_ID                                                               
----------- ---------- ---------- ---------- -------------------- --------- ---------- ---------- -------------- ---------- -------------                                                               
        100 Steven     King       SKING      515.123.4567         17-JUL-87 AD_PRES         24000                                      90                                                               
        101 Neena      Kochhar    NKOCHHAR   515.123.4568         21-SEP-89 AD_VP           17000                       100            90                                                               
        102 Lex        De Haan    LDEHAAN    515.123.4569         13-JAN-93 AD_VP           17000                       100            90                                                               
        103 Alexander  Hunold     AHUNOLD    590.423.4567         03-JAN-90 IT_PROG          9000                       102            60                                                               
        104 Bruce      Ernst      BERNST     590.423.4568         21-MAY-91 IT_PROG          6000                       103            60                                                               
        107 Diana      Lorentz    DLORENTZ   590.423.5567         07-FEB-99 IT_PROG          4200                       103            60                                                               
        124 Kevin      Mourgos    KMOURGOS   650.123.5234         16-NOV-99 ST_MAN           5800                       100            50                                                               
        141 Trenna     Rajs       TRAJS      650.121.8009         17-OCT-95 ST_CLERK         3500                       124            50                                                               
        142 Curtis     Davies     CDAVIES    650.121.2994         29-JAN-97 ST_CLERK         3100                       124            50                                                               
        143 Randall    Matos      RMATOS     650.121.2874         15-MAR-98 ST_CLERK         2600                       124            50                                                               
        144 Peter      Vargas     PVARGAS    650.121.2004         09-JUL-98 ST_CLERK         2500                       124            50                                                               
        149 Eleni      Zlotkey    EZLOTKEY   011.44.1344.429018   29-JAN-00 SA_MAN          10500             .2        100            80                                                               
        174 Ellen      Abel       EABEL      011.44.1644.429267   11-MAY-96 SA_REP          11000             .3        149            80                                                               
        176 Jonathon   Taylor     JTAYLOR    011.44.1644.429265   24-MAR-98 SA_REP           8600             .3        149            80                                                               
        178 Kimerely   Grant      KGRANT     011.44.1644.429263   24-MAY-99 SA_REP           7000            .15        149                                                                             
        200 Jennifer   Whalen     JWAHLEN    515.123.4444         17-SEP-87 AD_ASST          4400                       101            10                                                               
        201 Michael    Hartstein  MHARTSTE   515.123.5555         17-FEB-96 MK_MAN          13000                       100            20                                                               
        202 Pat        Fay        PFAY       603.123.6666         17-AUG-97 MK_REP           6000                       201            20                                                               
        205 Shelley    Higgins    SHIGGINS   515.123.8080         07-JUN-94 AC_MGR          12000                       101           110                                                               
        206 William    Gietz      WGIETZ     515.123.8181         07-JUN-94 AC_ACCOUNT       8300                       205           110                                                               

20 rows selected.

SQL> SELECT
  2  *
  3  From
  4  empLOYEES;

EMPLOYEE_ID FIRST_NAME LAST_NAME  EMAIL      PHONE_NUMBER         HIRE_DATE JOB_ID         SALARY COMMISSION_PCT MANAGER_ID DEPARTMENT_ID                                                               
----------- ---------- ---------- ---------- -------------------- --------- ---------- ---------- -------------- ---------- -------------                                                               
        100 Steven     King       SKING      515.123.4567         17-JUL-87 AD_PRES         24000                                      90                                                               
        101 Neena      Kochhar    NKOCHHAR   515.123.4568         21-SEP-89 AD_VP           17000                       100            90                                                               
        102 Lex        De Haan    LDEHAAN    515.123.4569         13-JAN-93 AD_VP           17000                       100            90                                                               
        103 Alexander  Hunold     AHUNOLD    590.423.4567         03-JAN-90 IT_PROG          9000                       102            60                                                               
        104 Bruce      Ernst      BERNST     590.423.4568         21-MAY-91 IT_PROG          6000                       103            60                                                               
        107 Diana      Lorentz    DLORENTZ   590.423.5567         07-FEB-99 IT_PROG          4200                       103            60                                                               
        124 Kevin      Mourgos    KMOURGOS   650.123.5234         16-NOV-99 ST_MAN           5800                       100            50                                                               
        141 Trenna     Rajs       TRAJS      650.121.8009         17-OCT-95 ST_CLERK         3500                       124            50                                                               
        142 Curtis     Davies     CDAVIES    650.121.2994         29-JAN-97 ST_CLERK         3100                       124            50                                                               
        143 Randall    Matos      RMATOS     650.121.2874         15-MAR-98 ST_CLERK         2600                       124            50                                                               
        144 Peter      Vargas     PVARGAS    650.121.2004         09-JUL-98 ST_CLERK         2500                       124            50                                                               
        149 Eleni      Zlotkey    EZLOTKEY   011.44.1344.429018   29-JAN-00 SA_MAN          10500             .2        100            80                                                               
        174 Ellen      Abel       EABEL      011.44.1644.429267   11-MAY-96 SA_REP          11000             .3        149            80                                                               
        176 Jonathon   Taylor     JTAYLOR    011.44.1644.429265   24-MAR-98 SA_REP           8600             .3        149            80                                                               
        178 Kimerely   Grant      KGRANT     011.44.1644.429263   24-MAY-99 SA_REP           7000            .15        149                                                                             
        200 Jennifer   Whalen     JWAHLEN    515.123.4444         17-SEP-87 AD_ASST          4400                       101            10                                                               
        201 Michael    Hartstein  MHARTSTE   515.123.5555         17-FEB-96 MK_MAN          13000                       100            20                                                               
        202 Pat        Fay        PFAY       603.123.6666         17-AUG-97 MK_REP           6000                       201            20                                                               
        205 Shelley    Higgins    SHIGGINS   515.123.8080         07-JUN-94 AC_MGR          12000                       101           110                                                               
        206 William    Gietz      WGIETZ     515.123.8181         07-JUN-94 AC_ACCOUNT       8300                       205           110                                                               

20 rows selected.

SQL> REM COLUMN HEADING ARE DISPLAYED IN CAPITAL LETTER
SQL> 
SQL> REM * : META CHARACTER
SQL> 
SQL> REM IT REPRESENTS ALL COLUMNS
SQL> 
SQL> SELECT * FROM REGIONS;

 REGION_ID REGION_NAME                                                                                                                                                                                  
---------- -------------------------                                                                                                                                                                    
         1 Europe                                                                                                                                                                                       
         2 Americas                                                                                                                                                                                     
         3 Asia                                                                                                                                                                                         
         4 Middle East and Africa                                                                                                                                                                       

SQL> SELECT REGION_ID , REGION_NAME FROM REGIONS;

 REGION_ID REGION_NAME                                                                                                                                                                                  
---------- -------------------------                                                                                                                                                                    
         1 Europe                                                                                                                                                                                       
         2 Americas                                                                                                                                                                                     
         3 Asia                                                                                                                                                                                         
         4 Middle East and Africa                                                                                                                                                                       

SQL> SELECT REGION_NAME FROM REGIONS;

REGION_NAME                                                                                                                                                                                             
-------------------------                                                                                                                                                                               
Europe                                                                                                                                                                                                  
Americas                                                                                                                                                                                                
Asia                                                                                                                                                                                                    
Middle East and Africa                                                                                                                                                                                  

SQL> SELECT REGION_ID REGION_NAME FROM REGIONS;

REGION_NAME                                                                                                                                                                                             
-----------                                                                                                                                                                                             
          1                                                                                                                                                                                             
          2                                                                                                                                                                                             
          3                                                                                                                                                                                             
          4                                                                                                                                                                                             

SQL> SELECT * FROM REGIONS;

 REGION_ID REGION_NAME                                                                                                                                                                                  
---------- -------------------------                                                                                                                                                                    
         1 Europe                                                                                                                                                                                       
         2 Americas                                                                                                                                                                                     
         3 Asia                                                                                                                                                                                         
         4 Middle East and Africa                                                                                                                                                                       

SQL> SELECT * FROM COUNTRIES;

CO COUNTRY_NAME                              REGION_ID                                                                                                                                                  
-- ---------------------------------------- ----------                                                                                                                                                  
CA Canada                                            2                                                                                                                                                  
DE Germany                                           1                                                                                                                                                  
UK United Kingdom                                    1                                                                                                                                                  
US United States of America                          2                                                                                                                                                  

SQL> SELECT * FROM LOCATIONS;

LOCATION_ID STREET_ADRESS                            POSTAL_CODE  CITY                           STATE_PROVINCE            CO                                                                           
----------- ---------------------------------------- ------------ ------------------------------ ------------------------- --                                                                           
       1400 2014 Jabberwocky Rd                      26192        Southlake                      Texas                     US                                                                           
       1500 2011 Interiors Blvd                      99236        South San Francisco            California                US                                                                           
       1700 2004 Charade Rd                          98199        Seattle                        Washington                US                                                                           
       1800 460 Bloor St. W.                         ON M5S 1X8   Toronto                        Ontario                   CA                                                                           
       2500 Magdalen Centre, The Oxford Science Park OX9 9ZB      Oxford                         Oxford                    UK                                                                           

SQL> SELECT * FROM DEPARTMENTS;

DEPARTMENT_ID DEPARTMENT_NAME                MANAGER_ID LOCATION_ID                                                                                                                                     
------------- ------------------------------ ---------- -----------                                                                                                                                     
           10 Administration                        200        1700                                                                                                                                     
           20 Marketing                             201        1800                                                                                                                                     
           50 Shiping                               124        1500                                                                                                                                     
           60 IT                                    103        1400                                                                                                                                     
           80 Sales                                 149        2500                                                                                                                                     
           90 Executive                             100        1700                                                                                                                                     
          110 Accounting                            205        1700                                                                                                                                     
          190 Contracting                                      1700                                                                                                                                     

8 rows selected.

SQL> SELECT * FROM EMPLOYEES;

EMPLOYEE_ID FIRST_NAME LAST_NAME  EMAIL      PHONE_NUMBER         HIRE_DATE JOB_ID         SALARY COMMISSION_PCT MANAGER_ID DEPARTMENT_ID                                                               
----------- ---------- ---------- ---------- -------------------- --------- ---------- ---------- -------------- ---------- -------------                                                               
        100 Steven     King       SKING      515.123.4567         17-JUL-87 AD_PRES         24000                                      90                                                               
        101 Neena      Kochhar    NKOCHHAR   515.123.4568         21-SEP-89 AD_VP           17000                       100            90                                                               
        102 Lex        De Haan    LDEHAAN    515.123.4569         13-JAN-93 AD_VP           17000                       100            90                                                               
        103 Alexander  Hunold     AHUNOLD    590.423.4567         03-JAN-90 IT_PROG          9000                       102            60                                                               
        104 Bruce      Ernst      BERNST     590.423.4568         21-MAY-91 IT_PROG          6000                       103            60                                                               
        107 Diana      Lorentz    DLORENTZ   590.423.5567         07-FEB-99 IT_PROG          4200                       103            60                                                               
        124 Kevin      Mourgos    KMOURGOS   650.123.5234         16-NOV-99 ST_MAN           5800                       100            50                                                               
        141 Trenna     Rajs       TRAJS      650.121.8009         17-OCT-95 ST_CLERK         3500                       124            50                                                               
        142 Curtis     Davies     CDAVIES    650.121.2994         29-JAN-97 ST_CLERK         3100                       124            50                                                               
        143 Randall    Matos      RMATOS     650.121.2874         15-MAR-98 ST_CLERK         2600                       124            50                                                               
        144 Peter      Vargas     PVARGAS    650.121.2004         09-JUL-98 ST_CLERK         2500                       124            50                                                               
        149 Eleni      Zlotkey    EZLOTKEY   011.44.1344.429018   29-JAN-00 SA_MAN          10500             .2        100            80                                                               
        174 Ellen      Abel       EABEL      011.44.1644.429267   11-MAY-96 SA_REP          11000             .3        149            80                                                               
        176 Jonathon   Taylor     JTAYLOR    011.44.1644.429265   24-MAR-98 SA_REP           8600             .3        149            80                                                               
        178 Kimerely   Grant      KGRANT     011.44.1644.429263   24-MAY-99 SA_REP           7000            .15        149                                                                             
        200 Jennifer   Whalen     JWAHLEN    515.123.4444         17-SEP-87 AD_ASST          4400                       101            10                                                               
        201 Michael    Hartstein  MHARTSTE   515.123.5555         17-FEB-96 MK_MAN          13000                       100            20                                                               
        202 Pat        Fay        PFAY       603.123.6666         17-AUG-97 MK_REP           6000                       201            20                                                               
        205 Shelley    Higgins    SHIGGINS   515.123.8080         07-JUN-94 AC_MGR          12000                       101           110                                                               
        206 William    Gietz      WGIETZ     515.123.8181         07-JUN-94 AC_ACCOUNT       8300                       205           110                                                               

20 rows selected.

SQL> SELECT SALARY FROM DEPARTMENTS;
SELECT SALARY FROM DEPARTMENTS
       *
ERROR at line 1:
ORA-00904: "SALARY": invalid identifier 


SQL> SELECT FIRST_NAME , SALARY FROM DEPARTMENTS;
SELECT FIRST_NAME , SALARY FROM DEPARTMENTS
                    *
ERROR at line 1:
ORA-00904: "SALARY": invalid identifier 


SQL> SELECT FIRST_NAME , SALARY FROM EMPLOYEES;

FIRST_NAME     SALARY                                                                                                                                                                                   
---------- ----------                                                                                                                                                                                   
Steven          24000                                                                                                                                                                                   
Neena           17000                                                                                                                                                                                   
Lex             17000                                                                                                                                                                                   
Alexander        9000                                                                                                                                                                                   
Bruce            6000                                                                                                                                                                                   
Diana            4200                                                                                                                                                                                   
Kevin            5800                                                                                                                                                                                   
Trenna           3500                                                                                                                                                                                   
Curtis           3100                                                                                                                                                                                   
Randall          2600                                                                                                                                                                                   
Peter            2500                                                                                                                                                                                   
Eleni           10500                                                                                                                                                                                   
Ellen           11000                                                                                                                                                                                   
Jonathon         8600                                                                                                                                                                                   
Kimerely         7000                                                                                                                                                                                   
Jennifer         4400                                                                                                                                                                                   
Michael         13000                                                                                                                                                                                   
Pat              6000                                                                                                                                                                                   
Shelley         12000                                                                                                                                                                                   
William          8300                                                                                                                                                                                   

20 rows selected.

SQL> SELECT FIRST_NAME , SALARY*12  FROM EMPLOYEES;

FIRST_NAME  SALARY*12                                                                                                                                                                                   
---------- ----------                                                                                                                                                                                   
Steven         288000                                                                                                                                                                                   
Neena          204000                                                                                                                                                                                   
Lex            204000                                                                                                                                                                                   
Alexander      108000                                                                                                                                                                                   
Bruce           72000                                                                                                                                                                                   
Diana           50400                                                                                                                                                                                   
Kevin           69600                                                                                                                                                                                   
Trenna          42000                                                                                                                                                                                   
Curtis          37200                                                                                                                                                                                   
Randall         31200                                                                                                                                                                                   
Peter           30000                                                                                                                                                                                   
Eleni          126000                                                                                                                                                                                   
Ellen          132000                                                                                                                                                                                   
Jonathon       103200                                                                                                                                                                                   
Kimerely        84000                                                                                                                                                                                   
Jennifer        52800                                                                                                                                                                                   
Michael        156000                                                                                                                                                                                   
Pat             72000                                                                                                                                                                                   
Shelley        144000                                                                                                                                                                                   
William         99600                                                                                                                                                                                   

20 rows selected.

SQL> SELECT FIRST_NAME , SALARY*12 YEARLY_SALARY FROM EMPLOYEES;

FIRST_NAME YEARLY_SALARY                                                                                                                                                                                
---------- -------------                                                                                                                                                                                
Steven            288000                                                                                                                                                                                
Neena             204000                                                                                                                                                                                
Lex               204000                                                                                                                                                                                
Alexander         108000                                                                                                                                                                                
Bruce              72000                                                                                                                                                                                
Diana              50400                                                                                                                                                                                
Kevin              69600                                                                                                                                                                                
Trenna             42000                                                                                                                                                                                
Curtis             37200                                                                                                                                                                                
Randall            31200                                                                                                                                                                                
Peter              30000                                                                                                                                                                                
Eleni             126000                                                                                                                                                                                
Ellen             132000                                                                                                                                                                                
Jonathon          103200                                                                                                                                                                                
Kimerely           84000                                                                                                                                                                                
Jennifer           52800                                                                                                                                                                                
Michael           156000                                                                                                                                                                                
Pat                72000                                                                                                                                                                                
Shelley           144000                                                                                                                                                                                
William            99600                                                                                                                                                                                

20 rows selected.

SQL> SELECT FIRST_NAME , SALARY ,  SALARY*12 YEARLY_SALARY FROM EMPLOYEES;

FIRST_NAME     SALARY YEARLY_SALARY                                                                                                                                                                     
---------- ---------- -------------                                                                                                                                                                     
Steven          24000        288000                                                                                                                                                                     
Neena           17000        204000                                                                                                                                                                     
Lex             17000        204000                                                                                                                                                                     
Alexander        9000        108000                                                                                                                                                                     
Bruce            6000         72000                                                                                                                                                                     
Diana            4200         50400                                                                                                                                                                     
Kevin            5800         69600                                                                                                                                                                     
Trenna           3500         42000                                                                                                                                                                     
Curtis           3100         37200                                                                                                                                                                     
Randall          2600         31200                                                                                                                                                                     
Peter            2500         30000                                                                                                                                                                     
Eleni           10500        126000                                                                                                                                                                     
Ellen           11000        132000                                                                                                                                                                     
Jonathon         8600        103200                                                                                                                                                                     
Kimerely         7000         84000                                                                                                                                                                     
Jennifer         4400         52800                                                                                                                                                                     
Michael         13000        156000                                                                                                                                                                     
Pat              6000         72000                                                                                                                                                                     
Shelley         12000        144000                                                                                                                                                                     
William          8300         99600                                                                                                                                                                     

20 rows selected.

SQL> REM PROJECTION : DISPLAYING SOME OF THE SELECTED COLUMN INSTEAD OF ALL COLUMNS
SQL> 
SQL> REM ARITHMETIC OPERATORS : / * + -
> 
SQL> SELECT FIRST_NAME , SALARY , SALARY / 30 FROM EMPLOYEES;

FIRST_NAME     SALARY  SALARY/30                                                                                                                                                                        
---------- ---------- ----------                                                                                                                                                                        
Steven          24000        800                                                                                                                                                                        
Neena           17000 566.666667                                                                                                                                                                        
Lex             17000 566.666667                                                                                                                                                                        
Alexander        9000        300                                                                                                                                                                        
Bruce            6000        200                                                                                                                                                                        
Diana            4200        140                                                                                                                                                                        
Kevin            5800 193.333333                                                                                                                                                                        
Trenna           3500 116.666667                                                                                                                                                                        
Curtis           3100 103.333333                                                                                                                                                                        
Randall          2600 86.6666667                                                                                                                                                                        
Peter            2500 83.3333333                                                                                                                                                                        
Eleni           10500        350                                                                                                                                                                        
Ellen           11000 366.666667                                                                                                                                                                        
Jonathon         8600 286.666667                                                                                                                                                                        
Kimerely         7000 233.333333                                                                                                                                                                        
Jennifer         4400 146.666667                                                                                                                                                                        
Michael         13000 433.333333                                                                                                                                                                        
Pat              6000        200                                                                                                                                                                        
Shelley         12000        400                                                                                                                                                                        
William          8300 276.666667                                                                                                                                                                        

20 rows selected.

SQL> SELECT FIRST_NAME , SALARY , SALARY / 30 DAILY_SALARY FROM EMPLOYEES;

FIRST_NAME     SALARY DAILY_SALARY                                                                                                                                                                      
---------- ---------- ------------                                                                                                                                                                      
Steven          24000          800                                                                                                                                                                      
Neena           17000   566.666667                                                                                                                                                                      
Lex             17000   566.666667                                                                                                                                                                      
Alexander        9000          300                                                                                                                                                                      
Bruce            6000          200                                                                                                                                                                      
Diana            4200          140                                                                                                                                                                      
Kevin            5800   193.333333                                                                                                                                                                      
Trenna           3500   116.666667                                                                                                                                                                      
Curtis           3100   103.333333                                                                                                                                                                      
Randall          2600   86.6666667                                                                                                                                                                      
Peter            2500   83.3333333                                                                                                                                                                      
Eleni           10500          350                                                                                                                                                                      
Ellen           11000   366.666667                                                                                                                                                                      
Jonathon         8600   286.666667                                                                                                                                                                      
Kimerely         7000   233.333333                                                                                                                                                                      
Jennifer         4400   146.666667                                                                                                                                                                      
Michael         13000   433.333333                                                                                                                                                                      
Pat              6000          200                                                                                                                                                                      
Shelley         12000          400                                                                                                                                                                      
William          8300   276.666667                                                                                                                                                                      

20 rows selected.

SQL> SELECT FIRST_NAME , SALARY , SALARY / 30 AS DAILY_SALARY FROM EMPLOYEES;

FIRST_NAME     SALARY DAILY_SALARY                                                                                                                                                                      
---------- ---------- ------------                                                                                                                                                                      
Steven          24000          800                                                                                                                                                                      
Neena           17000   566.666667                                                                                                                                                                      
Lex             17000   566.666667                                                                                                                                                                      
Alexander        9000          300                                                                                                                                                                      
Bruce            6000          200                                                                                                                                                                      
Diana            4200          140                                                                                                                                                                      
Kevin            5800   193.333333                                                                                                                                                                      
Trenna           3500   116.666667                                                                                                                                                                      
Curtis           3100   103.333333                                                                                                                                                                      
Randall          2600   86.6666667                                                                                                                                                                      
Peter            2500   83.3333333                                                                                                                                                                      
Eleni           10500          350                                                                                                                                                                      
Ellen           11000   366.666667                                                                                                                                                                      
Jonathon         8600   286.666667                                                                                                                                                                      
Kimerely         7000   233.333333                                                                                                                                                                      
Jennifer         4400   146.666667                                                                                                                                                                      
Michael         13000   433.333333                                                                                                                                                                      
Pat              6000          200                                                                                                                                                                      
Shelley         12000          400                                                                                                                                                                      
William          8300   276.666667                                                                                                                                                                      

20 rows selected.

SQL> SELECT FIRST_NAME , SALARY , SALARY / 30 AS DAILY_#$SALARY FROM EMPLOYEES;

FIRST_NAME     SALARY DAILY_#$SALARY                                                                                                                                                                    
---------- ---------- --------------                                                                                                                                                                    
Steven          24000            800                                                                                                                                                                    
Neena           17000     566.666667                                                                                                                                                                    
Lex             17000     566.666667                                                                                                                                                                    
Alexander        9000            300                                                                                                                                                                    
Bruce            6000            200                                                                                                                                                                    
Diana            4200            140                                                                                                                                                                    
Kevin            5800     193.333333                                                                                                                                                                    
Trenna           3500     116.666667                                                                                                                                                                    
Curtis           3100     103.333333                                                                                                                                                                    
Randall          2600     86.6666667                                                                                                                                                                    
Peter            2500     83.3333333                                                                                                                                                                    
Eleni           10500            350                                                                                                                                                                    
Ellen           11000     366.666667                                                                                                                                                                    
Jonathon         8600     286.666667                                                                                                                                                                    
Kimerely         7000     233.333333                                                                                                                                                                    
Jennifer         4400     146.666667                                                                                                                                                                    
Michael         13000     433.333333                                                                                                                                                                    
Pat              6000            200                                                                                                                                                                    
Shelley         12000            400                                                                                                                                                                    
William          8300     276.666667                                                                                                                                                                    

20 rows selected.

SQL> SELECT FIRST_NAME , SALARY , SALARY / 30 AS DAILY_#$^SALARY FROM EMPLOYEES;
SELECT FIRST_NAME , SALARY , SALARY / 30 AS DAILY_#$^SALARY FROM EMPLOYEES
                                                    *
ERROR at line 1:
ORA-00923: FROM keyword not found where expected 


SQL> SELECT FIRST_NAME , SALARY , SALARY / 30 AS "DAILY_#$^SALARY" FROM EMPLOYEES;

FIRST_NAME     SALARY DAILY_#$^SALARY                                                                                                                                                                   
---------- ---------- ---------------                                                                                                                                                                   
Steven          24000             800                                                                                                                                                                   
Neena           17000      566.666667                                                                                                                                                                   
Lex             17000      566.666667                                                                                                                                                                   
Alexander        9000             300                                                                                                                                                                   
Bruce            6000             200                                                                                                                                                                   
Diana            4200             140                                                                                                                                                                   
Kevin            5800      193.333333                                                                                                                                                                   
Trenna           3500      116.666667                                                                                                                                                                   
Curtis           3100      103.333333                                                                                                                                                                   
Randall          2600      86.6666667                                                                                                                                                                   
Peter            2500      83.3333333                                                                                                                                                                   
Eleni           10500             350                                                                                                                                                                   
Ellen           11000      366.666667                                                                                                                                                                   
Jonathon         8600      286.666667                                                                                                                                                                   
Kimerely         7000      233.333333                                                                                                                                                                   
Jennifer         4400      146.666667                                                                                                                                                                   
Michael         13000      433.333333                                                                                                                                                                   
Pat              6000             200                                                                                                                                                                   
Shelley         12000             400                                                                                                                                                                   
William          8300      276.666667                                                                                                                                                                   

20 rows selected.

SQL> SELECT FIRST_NAME , SALARY , SALARY / 30 AS "NAVAIDHYA" FROM EMPLOYEES;

FIRST_NAME     SALARY  NAVAIDHYA                                                                                                                                                                        
---------- ---------- ----------                                                                                                                                                                        
Steven          24000        800                                                                                                                                                                        
Neena           17000 566.666667                                                                                                                                                                        
Lex             17000 566.666667                                                                                                                                                                        
Alexander        9000        300                                                                                                                                                                        
Bruce            6000        200                                                                                                                                                                        
Diana            4200        140                                                                                                                                                                        
Kevin            5800 193.333333                                                                                                                                                                        
Trenna           3500 116.666667                                                                                                                                                                        
Curtis           3100 103.333333                                                                                                                                                                        
Randall          2600 86.6666667                                                                                                                                                                        
Peter            2500 83.3333333                                                                                                                                                                        
Eleni           10500        350                                                                                                                                                                        
Ellen           11000 366.666667                                                                                                                                                                        
Jonathon         8600 286.666667                                                                                                                                                                        
Kimerely         7000 233.333333                                                                                                                                                                        
Jennifer         4400 146.666667                                                                                                                                                                        
Michael         13000 433.333333                                                                                                                                                                        
Pat              6000        200                                                                                                                                                                        
Shelley         12000        400                                                                                                                                                                        
William          8300 276.666667                                                                                                                                                                        

20 rows selected.

SQL> SELECT FIRST_NAME , SALARY , SALARY * 12 AS YEARLY_SALARY FROM EMPLOYEES;

FIRST_NAME     SALARY YEARLY_SALARY                                                                                                                                                                     
---------- ---------- -------------                                                                                                                                                                     
Steven          24000        288000                                                                                                                                                                     
Neena           17000        204000                                                                                                                                                                     
Lex             17000        204000                                                                                                                                                                     
Alexander        9000        108000                                                                                                                                                                     
Bruce            6000         72000                                                                                                                                                                     
Diana            4200         50400                                                                                                                                                                     
Kevin            5800         69600                                                                                                                                                                     
Trenna           3500         42000                                                                                                                                                                     
Curtis           3100         37200                                                                                                                                                                     
Randall          2600         31200                                                                                                                                                                     
Peter            2500         30000                                                                                                                                                                     
Eleni           10500        126000                                                                                                                                                                     
Ellen           11000        132000                                                                                                                                                                     
Jonathon         8600        103200                                                                                                                                                                     
Kimerely         7000         84000                                                                                                                                                                     
Jennifer         4400         52800                                                                                                                                                                     
Michael         13000        156000                                                                                                                                                                     
Pat              6000         72000                                                                                                                                                                     
Shelley         12000        144000                                                                                                                                                                     
William          8300         99600                                                                                                                                                                     

20 rows selected.

SQL> SELECT FIRST_NAME , SALARY , SALARY + 1500 AS INCREMENTED_SALARY FROM EMPLOYEES;

FIRST_NAME     SALARY INCREMENTED_SALARY                                                                                                                                                                
---------- ---------- ------------------                                                                                                                                                                
Steven          24000              25500                                                                                                                                                                
Neena           17000              18500                                                                                                                                                                
Lex             17000              18500                                                                                                                                                                
Alexander        9000              10500                                                                                                                                                                
Bruce            6000               7500                                                                                                                                                                
Diana            4200               5700                                                                                                                                                                
Kevin            5800               7300                                                                                                                                                                
Trenna           3500               5000                                                                                                                                                                
Curtis           3100               4600                                                                                                                                                                
Randall          2600               4100                                                                                                                                                                
Peter            2500               4000                                                                                                                                                                
Eleni           10500              12000                                                                                                                                                                
Ellen           11000              12500                                                                                                                                                                
Jonathon         8600              10100                                                                                                                                                                
Kimerely         7000               8500                                                                                                                                                                
Jennifer         4400               5900                                                                                                                                                                
Michael         13000              14500                                                                                                                                                                
Pat              6000               7500                                                                                                                                                                
Shelley         12000              13500                                                                                                                                                                
William          8300               9800                                                                                                                                                                

20 rows selected.

SQL> SELECT FIRST_NAME , SALARY , SALARY * 1.2 AS INCREMENTED_SALARY FROM EMPLOYEES;

FIRST_NAME     SALARY INCREMENTED_SALARY                                                                                                                                                                
---------- ---------- ------------------                                                                                                                                                                
Steven          24000              28800                                                                                                                                                                
Neena           17000              20400                                                                                                                                                                
Lex             17000              20400                                                                                                                                                                
Alexander        9000              10800                                                                                                                                                                
Bruce            6000               7200                                                                                                                                                                
Diana            4200               5040                                                                                                                                                                
Kevin            5800               6960                                                                                                                                                                
Trenna           3500               4200                                                                                                                                                                
Curtis           3100               3720                                                                                                                                                                
Randall          2600               3120                                                                                                                                                                
Peter            2500               3000                                                                                                                                                                
Eleni           10500              12600                                                                                                                                                                
Ellen           11000              13200                                                                                                                                                                
Jonathon         8600              10320                                                                                                                                                                
Kimerely         7000               8400                                                                                                                                                                
Jennifer         4400               5280                                                                                                                                                                
Michael         13000              15600                                                                                                                                                                
Pat              6000               7200                                                                                                                                                                
Shelley         12000              14400                                                                                                                                                                
William          8300               9960                                                                                                                                                                

20 rows selected.

SQL> SELECT FIRST_NAME , SALARY , SALARY * 1.15 AS INCREMENTED_SALARY FROM EMPLOYEES;

FIRST_NAME     SALARY INCREMENTED_SALARY                                                                                                                                                                
---------- ---------- ------------------                                                                                                                                                                
Steven          24000              27600                                                                                                                                                                
Neena           17000              19550                                                                                                                                                                
Lex             17000              19550                                                                                                                                                                
Alexander        9000              10350                                                                                                                                                                
Bruce            6000               6900                                                                                                                                                                
Diana            4200               4830                                                                                                                                                                
Kevin            5800               6670                                                                                                                                                                
Trenna           3500               4025                                                                                                                                                                
Curtis           3100               3565                                                                                                                                                                
Randall          2600               2990                                                                                                                                                                
Peter            2500               2875                                                                                                                                                                
Eleni           10500              12075                                                                                                                                                                
Ellen           11000              12650                                                                                                                                                                
Jonathon         8600               9890                                                                                                                                                                
Kimerely         7000               8050                                                                                                                                                                
Jennifer         4400               5060                                                                                                                                                                
Michael         13000              14950                                                                                                                                                                
Pat              6000               6900                                                                                                                                                                
Shelley         12000              13800                                                                                                                                                                
William          8300               9545                                                                                                                                                                

20 rows selected.

SQL> SELECT FIRST_NAME , SALARY , SALARY * 1.05 AS INCREMENTED_SALARY FROM EMPLOYEES;

FIRST_NAME     SALARY INCREMENTED_SALARY                                                                                                                                                                
---------- ---------- ------------------                                                                                                                                                                
Steven          24000              25200                                                                                                                                                                
Neena           17000              17850                                                                                                                                                                
Lex             17000              17850                                                                                                                                                                
Alexander        9000               9450                                                                                                                                                                
Bruce            6000               6300                                                                                                                                                                
Diana            4200               4410                                                                                                                                                                
Kevin            5800               6090                                                                                                                                                                
Trenna           3500               3675                                                                                                                                                                
Curtis           3100               3255                                                                                                                                                                
Randall          2600               2730                                                                                                                                                                
Peter            2500               2625                                                                                                                                                                
Eleni           10500              11025                                                                                                                                                                
Ellen           11000              11550                                                                                                                                                                
Jonathon         8600               9030                                                                                                                                                                
Kimerely         7000               7350                                                                                                                                                                
Jennifer         4400               4620                                                                                                                                                                
Michael         13000              13650                                                                                                                                                                
Pat              6000               6300                                                                                                                                                                
Shelley         12000              12600                                                                                                                                                                
William          8300               8715                                                                                                                                                                

20 rows selected.

SQL> SELECT FIRST_NAME , SALARY , SALARY * 1.075 AS INCREMENTED_SALARY FROM EMPLOYEES;

FIRST_NAME     SALARY INCREMENTED_SALARY                                                                                                                                                                
---------- ---------- ------------------                                                                                                                                                                
Steven          24000              25800                                                                                                                                                                
Neena           17000              18275                                                                                                                                                                
Lex             17000              18275                                                                                                                                                                
Alexander        9000               9675                                                                                                                                                                
Bruce            6000               6450                                                                                                                                                                
Diana            4200               4515                                                                                                                                                                
Kevin            5800               6235                                                                                                                                                                
Trenna           3500             3762.5                                                                                                                                                                
Curtis           3100             3332.5                                                                                                                                                                
Randall          2600               2795                                                                                                                                                                
Peter            2500             2687.5                                                                                                                                                                
Eleni           10500            11287.5                                                                                                                                                                
Ellen           11000              11825                                                                                                                                                                
Jonathon         8600               9245                                                                                                                                                                
Kimerely         7000               7525                                                                                                                                                                
Jennifer         4400               4730                                                                                                                                                                
Michael         13000              13975                                                                                                                                                                
Pat              6000               6450                                                                                                                                                                
Shelley         12000              12900                                                                                                                                                                
William          8300             8922.5                                                                                                                                                                

20 rows selected.

SQL> SELECT FIRST_NAME , SALARY , SALARY - 1000 DEDUCTED_SALARY FROM EMPLOYEES;

FIRST_NAME     SALARY DEDUCTED_SALARY                                                                                                                                                                   
---------- ---------- ---------------                                                                                                                                                                   
Steven          24000           23000                                                                                                                                                                   
Neena           17000           16000                                                                                                                                                                   
Lex             17000           16000                                                                                                                                                                   
Alexander        9000            8000                                                                                                                                                                   
Bruce            6000            5000                                                                                                                                                                   
Diana            4200            3200                                                                                                                                                                   
Kevin            5800            4800                                                                                                                                                                   
Trenna           3500            2500                                                                                                                                                                   
Curtis           3100            2100                                                                                                                                                                   
Randall          2600            1600                                                                                                                                                                   
Peter            2500            1500                                                                                                                                                                   
Eleni           10500            9500                                                                                                                                                                   
Ellen           11000           10000                                                                                                                                                                   
Jonathon         8600            7600                                                                                                                                                                   
Kimerely         7000            6000                                                                                                                                                                   
Jennifer         4400            3400                                                                                                                                                                   
Michael         13000           12000                                                                                                                                                                   
Pat              6000            5000                                                                                                                                                                   
Shelley         12000           11000                                                                                                                                                                   
William          8300            7300                                                                                                                                                                   

20 rows selected.

SQL> REM CONCATENATION OPERATOR : ||
SQL> 
SQL> SELECT FIRST_NAME , LAST_NAME FROM EMPLOYEES;

FIRST_NAME LAST_NAME                                                                                                                                                                                    
---------- ----------                                                                                                                                                                                   
Steven     King                                                                                                                                                                                         
Neena      Kochhar                                                                                                                                                                                      
Lex        De Haan                                                                                                                                                                                      
Alexander  Hunold                                                                                                                                                                                       
Bruce      Ernst                                                                                                                                                                                        
Diana      Lorentz                                                                                                                                                                                      
Kevin      Mourgos                                                                                                                                                                                      
Trenna     Rajs                                                                                                                                                                                         
Curtis     Davies                                                                                                                                                                                       
Randall    Matos                                                                                                                                                                                        
Peter      Vargas                                                                                                                                                                                       
Eleni      Zlotkey                                                                                                                                                                                      
Ellen      Abel                                                                                                                                                                                         
Jonathon   Taylor                                                                                                                                                                                       
Kimerely   Grant                                                                                                                                                                                        
Jennifer   Whalen                                                                                                                                                                                       
Michael    Hartstein                                                                                                                                                                                    
Pat        Fay                                                                                                                                                                                          
Shelley    Higgins                                                                                                                                                                                      
William    Gietz                                                                                                                                                                                        

20 rows selected.

SQL> SELECT FIRST_NAME || LAST_NAME FROM EMPLOYEES;

FIRST_NAME||LAST_NAM                                                                                                                                                                                    
--------------------                                                                                                                                                                                    
StevenKing                                                                                                                                                                                              
NeenaKochhar                                                                                                                                                                                            
LexDe Haan                                                                                                                                                                                              
AlexanderHunold                                                                                                                                                                                         
BruceErnst                                                                                                                                                                                              
DianaLorentz                                                                                                                                                                                            
KevinMourgos                                                                                                                                                                                            
TrennaRajs                                                                                                                                                                                              
CurtisDavies                                                                                                                                                                                            
RandallMatos                                                                                                                                                                                            
PeterVargas                                                                                                                                                                                             
EleniZlotkey                                                                                                                                                                                            
EllenAbel                                                                                                                                                                                               
JonathonTaylor                                                                                                                                                                                          
KimerelyGrant                                                                                                                                                                                           
JenniferWhalen                                                                                                                                                                                          
MichaelHartstein                                                                                                                                                                                        
PatFay                                                                                                                                                                                                  
ShelleyHiggins                                                                                                                                                                                          
WilliamGietz                                                                                                                                                                                            

20 rows selected.

SQL> SELECT FIRST_NAME | | LAST_NAME FROM EMPLOYEES;

FIRST_NAME||LAST_NAM                                                                                                                                                                                    
--------------------                                                                                                                                                                                    
StevenKing                                                                                                                                                                                              
NeenaKochhar                                                                                                                                                                                            
LexDe Haan                                                                                                                                                                                              
AlexanderHunold                                                                                                                                                                                         
BruceErnst                                                                                                                                                                                              
DianaLorentz                                                                                                                                                                                            
KevinMourgos                                                                                                                                                                                            
TrennaRajs                                                                                                                                                                                              
CurtisDavies                                                                                                                                                                                            
RandallMatos                                                                                                                                                                                            
PeterVargas                                                                                                                                                                                             
EleniZlotkey                                                                                                                                                                                            
EllenAbel                                                                                                                                                                                               
JonathonTaylor                                                                                                                                                                                          
KimerelyGrant                                                                                                                                                                                           
JenniferWhalen                                                                                                                                                                                          
MichaelHartstein                                                                                                                                                                                        
PatFay                                                                                                                                                                                                  
ShelleyHiggins                                                                                                                                                                                          
WilliamGietz                                                                                                                                                                                            

20 rows selected.

SQL> SELECT FIRST_NAME || ' ' || LAST_NAME FROM EMPLOYEES;

FIRST_NAME||''||LAST_                                                                                                                                                                                   
---------------------                                                                                                                                                                                   
Steven King                                                                                                                                                                                             
Neena Kochhar                                                                                                                                                                                           
Lex De Haan                                                                                                                                                                                             
Alexander Hunold                                                                                                                                                                                        
Bruce Ernst                                                                                                                                                                                             
Diana Lorentz                                                                                                                                                                                           
Kevin Mourgos                                                                                                                                                                                           
Trenna Rajs                                                                                                                                                                                             
Curtis Davies                                                                                                                                                                                           
Randall Matos                                                                                                                                                                                           
Peter Vargas                                                                                                                                                                                            
Eleni Zlotkey                                                                                                                                                                                           
Ellen Abel                                                                                                                                                                                              
Jonathon Taylor                                                                                                                                                                                         
Kimerely Grant                                                                                                                                                                                          
Jennifer Whalen                                                                                                                                                                                         
Michael Hartstein                                                                                                                                                                                       
Pat Fay                                                                                                                                                                                                 
Shelley Higgins                                                                                                                                                                                         
William Gietz                                                                                                                                                                                           

20 rows selected.

SQL> SELECT FIRST_NAME || ' -  ' || LAST_NAME FROM EMPLOYEES;

FIRST_NAME||'-'||LAST_NA                                                                                                                                                                                
------------------------                                                                                                                                                                                
Steven -  King                                                                                                                                                                                          
Neena -  Kochhar                                                                                                                                                                                        
Lex -  De Haan                                                                                                                                                                                          
Alexander -  Hunold                                                                                                                                                                                     
Bruce -  Ernst                                                                                                                                                                                          
Diana -  Lorentz                                                                                                                                                                                        
Kevin -  Mourgos                                                                                                                                                                                        
Trenna -  Rajs                                                                                                                                                                                          
Curtis -  Davies                                                                                                                                                                                        
Randall -  Matos                                                                                                                                                                                        
Peter -  Vargas                                                                                                                                                                                         
Eleni -  Zlotkey                                                                                                                                                                                        
Ellen -  Abel                                                                                                                                                                                           
Jonathon -  Taylor                                                                                                                                                                                      
Kimerely -  Grant                                                                                                                                                                                       
Jennifer -  Whalen                                                                                                                                                                                      
Michael -  Hartstein                                                                                                                                                                                    
Pat -  Fay                                                                                                                                                                                              
Shelley -  Higgins                                                                                                                                                                                      
William -  Gietz                                                                                                                                                                                        

20 rows selected.

SQL> SELECT FIRST_NAME || ',' || LAST_NAME FROM EMPLOYEES;

FIRST_NAME||','||LAST                                                                                                                                                                                   
---------------------                                                                                                                                                                                   
Steven,King                                                                                                                                                                                             
Neena,Kochhar                                                                                                                                                                                           
Lex,De Haan                                                                                                                                                                                             
Alexander,Hunold                                                                                                                                                                                        
Bruce,Ernst                                                                                                                                                                                             
Diana,Lorentz                                                                                                                                                                                           
Kevin,Mourgos                                                                                                                                                                                           
Trenna,Rajs                                                                                                                                                                                             
Curtis,Davies                                                                                                                                                                                           
Randall,Matos                                                                                                                                                                                           
Peter,Vargas                                                                                                                                                                                            
Eleni,Zlotkey                                                                                                                                                                                           
Ellen,Abel                                                                                                                                                                                              
Jonathon,Taylor                                                                                                                                                                                         
Kimerely,Grant                                                                                                                                                                                          
Jennifer,Whalen                                                                                                                                                                                         
Michael,Hartstein                                                                                                                                                                                       
Pat,Fay                                                                                                                                                                                                 
Shelley,Higgins                                                                                                                                                                                         
William,Gietz                                                                                                                                                                                           

20 rows selected.

SQL> SELECT 'Mr.' || FIRST_NAME || ',' || LAST_NAME FROM EMPLOYEES;

'MR.'||FIRST_NAME||','||                                                                                                                                                                                
------------------------                                                                                                                                                                                
Mr.Steven,King                                                                                                                                                                                          
Mr.Neena,Kochhar                                                                                                                                                                                        
Mr.Lex,De Haan                                                                                                                                                                                          
Mr.Alexander,Hunold                                                                                                                                                                                     
Mr.Bruce,Ernst                                                                                                                                                                                          
Mr.Diana,Lorentz                                                                                                                                                                                        
Mr.Kevin,Mourgos                                                                                                                                                                                        
Mr.Trenna,Rajs                                                                                                                                                                                          
Mr.Curtis,Davies                                                                                                                                                                                        
Mr.Randall,Matos                                                                                                                                                                                        
Mr.Peter,Vargas                                                                                                                                                                                         
Mr.Eleni,Zlotkey                                                                                                                                                                                        
Mr.Ellen,Abel                                                                                                                                                                                           
Mr.Jonathon,Taylor                                                                                                                                                                                      
Mr.Kimerely,Grant                                                                                                                                                                                       
Mr.Jennifer,Whalen                                                                                                                                                                                      
Mr.Michael,Hartstein                                                                                                                                                                                    
Mr.Pat,Fay                                                                                                                                                                                              
Mr.Shelley,Higgins                                                                                                                                                                                      
Mr.William,Gietz                                                                                                                                                                                        

20 rows selected.

SQL> SELECT FIRST_NAME ,              LAST_NAME FROM EMPLOYEES;

FIRST_NAME LAST_NAME                                                                                                                                                                                    
---------- ----------                                                                                                                                                                                   
Steven     King                                                                                                                                                                                         
Neena      Kochhar                                                                                                                                                                                      
Lex        De Haan                                                                                                                                                                                      
Alexander  Hunold                                                                                                                                                                                       
Bruce      Ernst                                                                                                                                                                                        
Diana      Lorentz                                                                                                                                                                                      
Kevin      Mourgos                                                                                                                                                                                      
Trenna     Rajs                                                                                                                                                                                         
Curtis     Davies                                                                                                                                                                                       
Randall    Matos                                                                                                                                                                                        
Peter      Vargas                                                                                                                                                                                       
Eleni      Zlotkey                                                                                                                                                                                      
Ellen      Abel                                                                                                                                                                                         
Jonathon   Taylor                                                                                                                                                                                       
Kimerely   Grant                                                                                                                                                                                        
Jennifer   Whalen                                                                                                                                                                                       
Michael    Hartstein                                                                                                                                                                                    
Pat        Fay                                                                                                                                                                                          
Shelley    Higgins                                                                                                                                                                                      
William    Gietz                                                                                                                                                                                        

20 rows selected.

SQL> help set

 SET
 ---

 Sets a system variable to alter the SQL*Plus environment settings
 for your current session. For example, to:
     -   set the display width for data
     -   customize HTML formatting
     -   enable or disable printing of column headings
     -   set the number of lines per page

 SET system_variable value

 where system_variable and value represent one of the following clauses:

   APPI[NFO]{OFF|ON|text}                   NEWP[AGE] {1|n|NONE}
   ARRAY[SIZE] {15|n}                       NULL text
   AUTO[COMMIT] {OFF|ON|IMM[EDIATE]|n}      NUMF[ORMAT] format
   AUTOP[RINT] {OFF|ON}                     NUM[WIDTH] {10|n}
   AUTORECOVERY {OFF|ON}                    PAGES[IZE] {14|n}
   AUTOT[RACE] {OFF|ON|TRACE[ONLY]}         PAU[SE] {OFF|ON|text}
     [EXP[LAIN]] [STAT[ISTICS]]             RECSEP {WR[APPED]|EA[CH]|OFF}
   BLO[CKTERMINATOR] {.|c|ON|OFF}           RECSEPCHAR {_|c}
   CMDS[EP] {;|c|OFF|ON}                    ROWPREF[ETCH] {n}
   COLINVI[SIBLE] {OFF|ON}                  SERVEROUT[PUT] {ON|OFF}
   COLSEP {_|text}                            [SIZE {n | UNLIMITED}]|
   CON[CAT] {.|c|ON|OFF}                      [FOR[MAT]  {WRA[PPED]|
   COPYC[OMMIT] {0|n}                          WOR[D_WRAPPED]|TRU[NCATED]}]
   COPYTYPECHECK {ON|OFF}                   SHIFT[INOUT] {VIS[IBLE] |
   DEF[INE] {&|c|ON|OFF}                      INV[ISIBLE]}
   DESCRIBE [DEPTH {1|n|ALL}]               SHOW[MODE] {OFF|ON}
     [LINENUM {OFF|ON}] [INDENT {OFF|ON}]   SQLBL[ANKLINES] {OFF|ON}
   ECHO {OFF|ON}                            SQLC[ASE] {MIX[ED] |
   EDITF[ILE] file_name[.ext]                 LO[WER] | UP[PER]}
   EMB[EDDED] {OFF|ON}                      SQLCO[NTINUE] {> | text}
   ERRORL[OGGING] {ON|OFF}                  SQLN[UMBER] {ON|OFF}
     [TABLE [schema.]tablename]             SQLPLUSCOMPAT[IBILITY] {x.y[.z]}
     [TRUNCATE] [IDENTIFIER identifier]     SQLPRE[FIX] {#|c}
   ESC[APE] {\|c|OFF|ON}                    SQLP[ROMPT] {SQL>|text}
   ESCCHAR {@|?|%|$|OFF}                    SQLT[ERMINATOR] {;|c|ON|OFF}
   EXITC[OMMIT] {ON|OFF}                    STATEMENTC[ACHE] {n}
   FEED[BACK] {6|n|ON|OFF}                  SUF[FIX] {SQL|text}
   FLAGGER {OFF|ENTRY|INTERMED[IATE]|FULL}  TAB {ON|OFF}
   FLU[SH] {ON|OFF}                         TERM[OUT] {ON|OFF}
   HEA[DING] {ON|OFF}                       TI[ME] {OFF|ON}
   HEADS[EP] {||c|ON|OFF}                   TIMI[NG] {OFF|ON}
   HIST[ORY] {ON|OFF|N}                     TRIM[OUT] {ON|OFF}
   INSTANCE [instance_path|LOCAL]           TRIMS[POOL] {OFF|ON}
   LIN[ESIZE] {80|n}                        UND[ERLINE] {-|c|ON|OFF}
   LOBOF[FSET] {1|n}                        VER[IFY] {ON|OFF}
   LOBPREF[ETCH] {n}                        WRA[P] {ON|OFF}
   LOGSOURCE [pathname]                     XQUERY {BASEURI text|
   LONG {80|n}                                ORDERING{UNORDERED|
   LONGC[HUNKSIZE] {80|n}                     ORDERED|DEFAULT}|
   MARK[UP] {HTML html_option|CSV csv_option} NODE{BYVALUE|BYREFERENCE|
     html_option;                             DEFAULT}|CONTEXT text}
       {ON|OFF} [HEAD text] [BODY text]
       [TABLE {ON|OFF}] [ENTMAP {ON|OFF}]
       [SPOOL {ON|OFF}] [PRE[FORMAT] {ON|OFF}]
     csv_option:
       {ON|OFF} [DELIM[ITER] {c}]
       [QUOTE {ON|OFF}]


SQL> SET COLSET |
SP2-0158: unknown SET option "COLSET"
SQL> COLSET |
SP2-0042: unknown command "COLSET |" - rest of line ignored.
SQL> COL SEP |
SP2-0158: unknown COLUMN option "|"
SQL> COLSEP |
SP2-0042: unknown command "COLSEP |" - rest of line ignored.
SQL> SET COLSEP |
SQL> 
SQL> SELECT * FROM REGIONS;

 REGION_ID|REGION_NAME                                                                                                                                                                                  
----------|-------------------------                                                                                                                                                                    
         1|Europe                                                                                                                                                                                       
         2|Americas                                                                                                                                                                                     
         3|Asia                                                                                                                                                                                         
         4|Middle East and Africa                                                                                                                                                                       

SQL> SET COLSEP  |
SQL> 
SQL> SELECT * FROM REGIONS;

 REGION_ID|REGION_NAME                                                                                                                                                                                  
----------|-------------------------                                                                                                                                                                    
         1|Europe                                                                                                                                                                                       
         2|Americas                                                                                                                                                                                     
         3|Asia                                                                                                                                                                                         
         4|Middle East and Africa                                                                                                                                                                       

SQL> SET COLSEP " | "
SQL> SELECT * FROM REGIONS;

 REGION_ID | REGION_NAME                                                                                                                                                                                
---------- | -------------------------                                                                                                                                                                  
         1 | Europe                                                                                                                                                                                     
         2 | Americas                                                                                                                                                                                   
         3 | Asia                                                                                                                                                                                       
         4 | Middle East and Africa                                                                                                                                                                     

SQL> SET COLSEP ' | '
SQL> SELECT * FROM REGIONS;

 REGION_ID | REGION_NAME                                                                                                                                                                                
---------- | -------------------------                                                                                                                                                                  
         1 | Europe                                                                                                                                                                                     
         2 | Americas                                                                                                                                                                                   
         3 | Asia                                                                                                                                                                                       
         4 | Middle East and Africa                                                                                                                                                                     

SQL> SET COLSEP
Usage: SET COLSEP { " " | text}
SQL> SET COLSEP " "
SQL> SELECT * FROM REGIONS;

 REGION_ID REGION_NAME                                                                                                                                                                                  
---------- -------------------------                                                                                                                                                                    
         1 Europe                                                                                                                                                                                       
         2 Americas                                                                                                                                                                                     
         3 Asia                                                                                                                                                                                         
         4 Middle East and Africa                                                                                                                                                                       

SQL> 
SQL> 
SQL> SELECT FIRST_NAME , SALARY , HIRE_DATE FROM EMPLOYEES;

FIRST_NAME     SALARY HIRE_DATE                                                                                                                                                                         
---------- ---------- ---------                                                                                                                                                                         
Steven          24000 17-JUL-87                                                                                                                                                                         
Neena           17000 21-SEP-89                                                                                                                                                                         
Lex             17000 13-JAN-93                                                                                                                                                                         
Alexander        9000 03-JAN-90                                                                                                                                                                         
Bruce            6000 21-MAY-91                                                                                                                                                                         
Diana            4200 07-FEB-99                                                                                                                                                                         
Kevin            5800 16-NOV-99                                                                                                                                                                         
Trenna           3500 17-OCT-95                                                                                                                                                                         
Curtis           3100 29-JAN-97                                                                                                                                                                         
Randall          2600 15-MAR-98                                                                                                                                                                         
Peter            2500 09-JUL-98                                                                                                                                                                         
Eleni           10500 29-JAN-00                                                                                                                                                                         
Ellen           11000 11-MAY-96                                                                                                                                                                         
Jonathon         8600 24-MAR-98                                                                                                                                                                         
Kimerely         7000 24-MAY-99                                                                                                                                                                         
Jennifer         4400 17-SEP-87                                                                                                                                                                         
Michael         13000 17-FEB-96                                                                                                                                                                         
Pat              6000 17-AUG-97                                                                                                                                                                         
Shelley         12000 07-JUN-94                                                                                                                                                                         
William          8300 07-JUN-94                                                                                                                                                                         

20 rows selected.

SQL> SELECT FIRST_NAME || SALARY || HIRE_DATE FROM EMPLOYEES;

FIRST_NAME||SALARY||HIRE_DATE                                                                                                                                                                           
--------------------------------------------------------------------                                                                                                                                    
Steven2400017-JUL-87                                                                                                                                                                                    
Neena1700021-SEP-89                                                                                                                                                                                     
Lex1700013-JAN-93                                                                                                                                                                                       
Alexander900003-JAN-90                                                                                                                                                                                  
Bruce600021-MAY-91                                                                                                                                                                                      
Diana420007-FEB-99                                                                                                                                                                                      
Kevin580016-NOV-99                                                                                                                                                                                      
Trenna350017-OCT-95                                                                                                                                                                                     
Curtis310029-JAN-97                                                                                                                                                                                     
Randall260015-MAR-98                                                                                                                                                                                    
Peter250009-JUL-98                                                                                                                                                                                      
Eleni1050029-JAN-00                                                                                                                                                                                     
Ellen1100011-MAY-96                                                                                                                                                                                     
Jonathon860024-MAR-98                                                                                                                                                                                   
Kimerely700024-MAY-99                                                                                                                                                                                   
Jennifer440017-SEP-87                                                                                                                                                                                   
Michael1300017-FEB-96                                                                                                                                                                                   
Pat600017-AUG-97                                                                                                                                                                                        
Shelley1200007-JUN-94                                                                                                                                                                                   
William830007-JUN-94                                                                                                                                                                                    

20 rows selected.

SQL> SELECT FIRST_NAME , SALARY FROM EMPLOYEES;

FIRST_NAME     SALARY                                                                                                                                                                                   
---------- ----------                                                                                                                                                                                   
Steven          24000                                                                                                                                                                                   
Neena           17000                                                                                                                                                                                   
Lex             17000                                                                                                                                                                                   
Alexander        9000                                                                                                                                                                                   
Bruce            6000                                                                                                                                                                                   
Diana            4200                                                                                                                                                                                   
Kevin            5800                                                                                                                                                                                   
Trenna           3500                                                                                                                                                                                   
Curtis           3100                                                                                                                                                                                   
Randall          2600                                                                                                                                                                                   
Peter            2500                                                                                                                                                                                   
Eleni           10500                                                                                                                                                                                   
Ellen           11000                                                                                                                                                                                   
Jonathon         8600                                                                                                                                                                                   
Kimerely         7000                                                                                                                                                                                   
Jennifer         4400                                                                                                                                                                                   
Michael         13000                                                                                                                                                                                   
Pat              6000                                                                                                                                                                                   
Shelley         12000                                                                                                                                                                                   
William          8300                                                                                                                                                                                   

20 rows selected.

SQL> REM Steven gets Rs.24000 as monthly salary.
SQL> 
SQL> SELECT FIRST_NAME || ' gets Rs.' || SALARY || ' as monthly salary.' FROM EMPLOYEES;

FIRST_NAME||'GETSRS.'||SALARY||'ASMONTHLYSALARY.'                                                                                                                                                       
------------------------------------------------------------------------------                                                                                                                          
Steven gets Rs.24000 as monthly salary.                                                                                                                                                                 
Neena gets Rs.17000 as monthly salary.                                                                                                                                                                  
Lex gets Rs.17000 as monthly salary.                                                                                                                                                                    
Alexander gets Rs.9000 as monthly salary.                                                                                                                                                               
Bruce gets Rs.6000 as monthly salary.                                                                                                                                                                   
Diana gets Rs.4200 as monthly salary.                                                                                                                                                                   
Kevin gets Rs.5800 as monthly salary.                                                                                                                                                                   
Trenna gets Rs.3500 as monthly salary.                                                                                                                                                                  
Curtis gets Rs.3100 as monthly salary.                                                                                                                                                                  
Randall gets Rs.2600 as monthly salary.                                                                                                                                                                 
Peter gets Rs.2500 as monthly salary.                                                                                                                                                                   
Eleni gets Rs.10500 as monthly salary.                                                                                                                                                                  
Ellen gets Rs.11000 as monthly salary.                                                                                                                                                                  
Jonathon gets Rs.8600 as monthly salary.                                                                                                                                                                
Kimerely gets Rs.7000 as monthly salary.                                                                                                                                                                
Jennifer gets Rs.4400 as monthly salary.                                                                                                                                                                
Michael gets Rs.13000 as monthly salary.                                                                                                                                                                
Pat gets Rs.6000 as monthly salary.                                                                                                                                                                     
Shelley gets Rs.12000 as monthly salary.                                                                                                                                                                
William gets Rs.8300 as monthly salary.                                                                                                                                                                 

20 rows selected.

SQL> SELECT FIRST_NAME || ' gets Rs.' || SALARY || ' as monthly salary.' FROM EMPLOYEES WHERE SALARY > 10000;

FIRST_NAME||'GETSRS.'||SALARY||'ASMONTHLYSALARY.'                                                                                                                                                       
------------------------------------------------------------------------------                                                                                                                          
Steven gets Rs.24000 as monthly salary.                                                                                                                                                                 
Neena gets Rs.17000 as monthly salary.                                                                                                                                                                  
Lex gets Rs.17000 as monthly salary.                                                                                                                                                                    
Eleni gets Rs.10500 as monthly salary.                                                                                                                                                                  
Ellen gets Rs.11000 as monthly salary.                                                                                                                                                                  
Michael gets Rs.13000 as monthly salary.                                                                                                                                                                
Shelley gets Rs.12000 as monthly salary.                                                                                                                                                                

7 rows selected.

SQL> SELECT FIRST_NAME || ' gets Rs.' || SALARY || ' as monthly salary.' FROM EMPLOYEES WHERE SALARY = 10000;

no rows selected

SQL> SELECT FIRST_NAME || ' gets Rs.' || SALARY || ' as monthly salary.' FROM EMPLOYEES WHERE SALARY = 11000;

FIRST_NAME||'GETSRS.'||SALARY||'ASMONTHLYSALARY.'                                                                                                                                                       
------------------------------------------------------------------------------                                                                                                                          
Ellen gets Rs.11000 as monthly salary.                                                                                                                                                                  

SQL> SELECT FIRST_NAME || ' gets Rs.' || SALARY || ' as monthly salary.' "EMPLOYEE INFO." FROM EMPLOYEES;

EMPLOYEE INFO.                                                                                                                                                                                          
------------------------------------------------------------------------------                                                                                                                          
Steven gets Rs.24000 as monthly salary.                                                                                                                                                                 
Neena gets Rs.17000 as monthly salary.                                                                                                                                                                  
Lex gets Rs.17000 as monthly salary.                                                                                                                                                                    
Alexander gets Rs.9000 as monthly salary.                                                                                                                                                               
Bruce gets Rs.6000 as monthly salary.                                                                                                                                                                   
Diana gets Rs.4200 as monthly salary.                                                                                                                                                                   
Kevin gets Rs.5800 as monthly salary.                                                                                                                                                                   
Trenna gets Rs.3500 as monthly salary.                                                                                                                                                                  
Curtis gets Rs.3100 as monthly salary.                                                                                                                                                                  
Randall gets Rs.2600 as monthly salary.                                                                                                                                                                 
Peter gets Rs.2500 as monthly salary.                                                                                                                                                                   
Eleni gets Rs.10500 as monthly salary.                                                                                                                                                                  
Ellen gets Rs.11000 as monthly salary.                                                                                                                                                                  
Jonathon gets Rs.8600 as monthly salary.                                                                                                                                                                
Kimerely gets Rs.7000 as monthly salary.                                                                                                                                                                
Jennifer gets Rs.4400 as monthly salary.                                                                                                                                                                
Michael gets Rs.13000 as monthly salary.                                                                                                                                                                
Pat gets Rs.6000 as monthly salary.                                                                                                                                                                     
Shelley gets Rs.12000 as monthly salary.                                                                                                                                                                
William gets Rs.8300 as monthly salary.                                                                                                                                                                 

20 rows selected.

SQL> SELECT FIRST_NAME "EMPLOYEE INFO." || ' gets Rs.' || SALARY || ' as monthly salary.' FROM EMPLOYEES;
SELECT FIRST_NAME "EMPLOYEE INFO." || ' gets Rs.' || SALARY || ' as monthly salary.' FROM EMPLOYEES
                                   *
ERROR at line 1:
ORA-00923: FROM keyword not found where expected 


SQL> SELECT FIRST_NAME , SALARY , SALARY * 12 ANNUAL_SALARY
  2  
SQL> SELECT FIRST_NAME , SALARY , SALARY * 12 ANNUAL_SALARY FROM EMPLOYEES;

FIRST_NAME     SALARY ANNUAL_SALARY                                                                                                                                                                     
---------- ---------- -------------                                                                                                                                                                     
Steven          24000        288000                                                                                                                                                                     
Neena           17000        204000                                                                                                                                                                     
Lex             17000        204000                                                                                                                                                                     
Alexander        9000        108000                                                                                                                                                                     
Bruce            6000         72000                                                                                                                                                                     
Diana            4200         50400                                                                                                                                                                     
Kevin            5800         69600                                                                                                                                                                     
Trenna           3500         42000                                                                                                                                                                     
Curtis           3100         37200                                                                                                                                                                     
Randall          2600         31200                                                                                                                                                                     
Peter            2500         30000                                                                                                                                                                     
Eleni           10500        126000                                                                                                                                                                     
Ellen           11000        132000                                                                                                                                                                     
Jonathon         8600        103200                                                                                                                                                                     
Kimerely         7000         84000                                                                                                                                                                     
Jennifer         4400         52800                                                                                                                                                                     
Michael         13000        156000                                                                                                                                                                     
Pat              6000         72000                                                                                                                                                                     
Shelley         12000        144000                                                                                                                                                                     
William          8300         99600                                                                                                                                                                     

20 rows selected.

SQL> SELECT FIRST_NAME , SALARY , SALARY * 12 ANNUAL_#$SALARY FROM EMPLOYEES;

FIRST_NAME     SALARY ANNUAL_#$SALARY                                                                                                                                                                   
---------- ---------- ---------------                                                                                                                                                                   
Steven          24000          288000                                                                                                                                                                   
Neena           17000          204000                                                                                                                                                                   
Lex             17000          204000                                                                                                                                                                   
Alexander        9000          108000                                                                                                                                                                   
Bruce            6000           72000                                                                                                                                                                   
Diana            4200           50400                                                                                                                                                                   
Kevin            5800           69600                                                                                                                                                                   
Trenna           3500           42000                                                                                                                                                                   
Curtis           3100           37200                                                                                                                                                                   
Randall          2600           31200                                                                                                                                                                   
Peter            2500           30000                                                                                                                                                                   
Eleni           10500          126000                                                                                                                                                                   
Ellen           11000          132000                                                                                                                                                                   
Jonathon         8600          103200                                                                                                                                                                   
Kimerely         7000           84000                                                                                                                                                                   
Jennifer         4400           52800                                                                                                                                                                   
Michael         13000          156000                                                                                                                                                                   
Pat              6000           72000                                                                                                                                                                   
Shelley         12000          144000                                                                                                                                                                   
William          8300           99600                                                                                                                                                                   

20 rows selected.

SQL> SELECT FIRST_NAME , SALARY , SALARY * 12 ANNUAL_#$^SALARY FROM EMPLOYEES;
SELECT FIRST_NAME , SALARY , SALARY * 12 ANNUAL_#$^SALARY FROM EMPLOYEES
                                                  *
ERROR at line 1:
ORA-00923: FROM keyword not found where expected 


SQL> SELECT FIRST_NAME , SALARY , SALARY * 12 "ANNUAL_#$^SALARY" FROM EMPLOYEES;

FIRST_NAME     SALARY ANNUAL_#$^SALARY                                                                                                                                                                  
---------- ---------- ----------------                                                                                                                                                                  
Steven          24000           288000                                                                                                                                                                  
Neena           17000           204000                                                                                                                                                                  
Lex             17000           204000                                                                                                                                                                  
Alexander        9000           108000                                                                                                                                                                  
Bruce            6000            72000                                                                                                                                                                  
Diana            4200            50400                                                                                                                                                                  
Kevin            5800            69600                                                                                                                                                                  
Trenna           3500            42000                                                                                                                                                                  
Curtis           3100            37200                                                                                                                                                                  
Randall          2600            31200                                                                                                                                                                  
Peter            2500            30000                                                                                                                                                                  
Eleni           10500           126000                                                                                                                                                                  
Ellen           11000           132000                                                                                                                                                                  
Jonathon         8600           103200                                                                                                                                                                  
Kimerely         7000            84000                                                                                                                                                                  
Jennifer         4400            52800                                                                                                                                                                  
Michael         13000           156000                                                                                                                                                                  
Pat              6000            72000                                                                                                                                                                  
Shelley         12000           144000                                                                                                                                                                  
William          8300            99600                                                                                                                                                                  

20 rows selected.

SQL> SELECT FIRST_NAME , SALARY , SALARY * 12 ANNUAL SALARY FROM EMPLOYEES;
SELECT FIRST_NAME , SALARY , SALARY * 12 ANNUAL SALARY FROM EMPLOYEES
                                                *
ERROR at line 1:
ORA-00923: FROM keyword not found where expected 


SQL> SELECT FIRST_NAME , SALARY , SALARY * 12 "ANNUAL SALARY" FROM EMPLOYEES;

FIRST_NAME     SALARY ANNUAL SALARY                                                                                                                                                                     
---------- ---------- -------------                                                                                                                                                                     
Steven          24000        288000                                                                                                                                                                     
Neena           17000        204000                                                                                                                                                                     
Lex             17000        204000                                                                                                                                                                     
Alexander        9000        108000                                                                                                                                                                     
Bruce            6000         72000                                                                                                                                                                     
Diana            4200         50400                                                                                                                                                                     
Kevin            5800         69600                                                                                                                                                                     
Trenna           3500         42000                                                                                                                                                                     
Curtis           3100         37200                                                                                                                                                                     
Randall          2600         31200                                                                                                                                                                     
Peter            2500         30000                                                                                                                                                                     
Eleni           10500        126000                                                                                                                                                                     
Ellen           11000        132000                                                                                                                                                                     
Jonathon         8600        103200                                                                                                                                                                     
Kimerely         7000         84000                                                                                                                                                                     
Jennifer         4400         52800                                                                                                                                                                     
Michael         13000        156000                                                                                                                                                                     
Pat              6000         72000                                                                                                                                                                     
Shelley         12000        144000                                                                                                                                                                     
William          8300         99600                                                                                                                                                                     

20 rows selected.

SQL> SELECT FIRST_NAME , SALARY , SALARY * 12 AnnaulSalary FROM EMPLOYEES;

FIRST_NAME     SALARY ANNAULSALARY                                                                                                                                                                      
---------- ---------- ------------                                                                                                                                                                      
Steven          24000       288000                                                                                                                                                                      
Neena           17000       204000                                                                                                                                                                      
Lex             17000       204000                                                                                                                                                                      
Alexander        9000       108000                                                                                                                                                                      
Bruce            6000        72000                                                                                                                                                                      
Diana            4200        50400                                                                                                                                                                      
Kevin            5800        69600                                                                                                                                                                      
Trenna           3500        42000                                                                                                                                                                      
Curtis           3100        37200                                                                                                                                                                      
Randall          2600        31200                                                                                                                                                                      
Peter            2500        30000                                                                                                                                                                      
Eleni           10500       126000                                                                                                                                                                      
Ellen           11000       132000                                                                                                                                                                      
Jonathon         8600       103200                                                                                                                                                                      
Kimerely         7000        84000                                                                                                                                                                      
Jennifer         4400        52800                                                                                                                                                                      
Michael         13000       156000                                                                                                                                                                      
Pat              6000        72000                                                                                                                                                                      
Shelley         12000       144000                                                                                                                                                                      
William          8300        99600                                                                                                                                                                      

20 rows selected.

SQL> SELECT FIRST_NAME , SALARY , SALARY * 12 "AnnaulSalary" FROM EMPLOYEES;

FIRST_NAME     SALARY AnnaulSalary                                                                                                                                                                      
---------- ---------- ------------                                                                                                                                                                      
Steven          24000       288000                                                                                                                                                                      
Neena           17000       204000                                                                                                                                                                      
Lex             17000       204000                                                                                                                                                                      
Alexander        9000       108000                                                                                                                                                                      
Bruce            6000        72000                                                                                                                                                                      
Diana            4200        50400                                                                                                                                                                      
Kevin            5800        69600                                                                                                                                                                      
Trenna           3500        42000                                                                                                                                                                      
Curtis           3100        37200                                                                                                                                                                      
Randall          2600        31200                                                                                                                                                                      
Peter            2500        30000                                                                                                                                                                      
Eleni           10500       126000                                                                                                                                                                      
Ellen           11000       132000                                                                                                                                                                      
Jonathon         8600       103200                                                                                                                                                                      
Kimerely         7000        84000                                                                                                                                                                      
Jennifer         4400        52800                                                                                                                                                                      
Michael         13000       156000                                                                                                                                                                      
Pat              6000        72000                                                                                                                                                                      
Shelley         12000       144000                                                                                                                                                                      
William          8300        99600                                                                                                                                                                      

20 rows selected.

SQL> SELECT FIRST_NAME , SALARY , SALARY * 12 select FROM EMPLOYEES;
SELECT FIRST_NAME , SALARY , SALARY * 12 select FROM EMPLOYEES
                                         *
ERROR at line 1:
ORA-00923: FROM keyword not found where expected 


SQL> SELECT FIRST_NAME , SALARY , SALARY * 12 "select" FROM EMPLOYEES;

FIRST_NAME     SALARY     select                                                                                                                                                                        
---------- ---------- ----------                                                                                                                                                                        
Steven          24000     288000                                                                                                                                                                        
Neena           17000     204000                                                                                                                                                                        
Lex             17000     204000                                                                                                                                                                        
Alexander        9000     108000                                                                                                                                                                        
Bruce            6000      72000                                                                                                                                                                        
Diana            4200      50400                                                                                                                                                                        
Kevin            5800      69600                                                                                                                                                                        
Trenna           3500      42000                                                                                                                                                                        
Curtis           3100      37200                                                                                                                                                                        
Randall          2600      31200                                                                                                                                                                        
Peter            2500      30000                                                                                                                                                                        
Eleni           10500     126000                                                                                                                                                                        
Ellen           11000     132000                                                                                                                                                                        
Jonathon         8600     103200                                                                                                                                                                        
Kimerely         7000      84000                                                                                                                                                                        
Jennifer         4400      52800                                                                                                                                                                        
Michael         13000     156000                                                                                                                                                                        
Pat              6000      72000                                                                                                                                                                        
Shelley         12000     144000                                                                                                                                                                        
William          8300      99600                                                                                                                                                                        

20 rows selected.

SQL> SELECT FIRST_NAME || LAST_NAME FULLNAME FROM EMPLOYEES;

FULLNAME                                                                                                                                                                                                
--------------------                                                                                                                                                                                    
StevenKing                                                                                                                                                                                              
NeenaKochhar                                                                                                                                                                                            
LexDe Haan                                                                                                                                                                                              
AlexanderHunold                                                                                                                                                                                         
BruceErnst                                                                                                                                                                                              
DianaLorentz                                                                                                                                                                                            
KevinMourgos                                                                                                                                                                                            
TrennaRajs                                                                                                                                                                                              
CurtisDavies                                                                                                                                                                                            
RandallMatos                                                                                                                                                                                            
PeterVargas                                                                                                                                                                                             
EleniZlotkey                                                                                                                                                                                            
EllenAbel                                                                                                                                                                                               
JonathonTaylor                                                                                                                                                                                          
KimerelyGrant                                                                                                                                                                                           
JenniferWhalen                                                                                                                                                                                          
MichaelHartstein                                                                                                                                                                                        
PatFay                                                                                                                                                                                                  
ShelleyHiggins                                                                                                                                                                                          
WilliamGietz                                                                                                                                                                                            

20 rows selected.

SQL> SELECT FIRST_NAME || LAST_NAME "        FULLNAME"  FROM EMPLOYEES;

        FULLNAME                                                                                                                                                                                        
--------------------                                                                                                                                                                                    
StevenKing                                                                                                                                                                                              
NeenaKochhar                                                                                                                                                                                            
LexDe Haan                                                                                                                                                                                              
AlexanderHunold                                                                                                                                                                                         
BruceErnst                                                                                                                                                                                              
DianaLorentz                                                                                                                                                                                            
KevinMourgos                                                                                                                                                                                            
TrennaRajs                                                                                                                                                                                              
CurtisDavies                                                                                                                                                                                            
RandallMatos                                                                                                                                                                                            
PeterVargas                                                                                                                                                                                             
EleniZlotkey                                                                                                                                                                                            
EllenAbel                                                                                                                                                                                               
JonathonTaylor                                                                                                                                                                                          
KimerelyGrant                                                                                                                                                                                           
JenniferWhalen                                                                                                                                                                                          
MichaelHartstein                                                                                                                                                                                        
PatFay                                                                                                                                                                                                  
ShelleyHiggins                                                                                                                                                                                          
WilliamGietz                                                                                                                                                                                            

20 rows selected.

SQL> HELP SET

 SET
 ---

 Sets a system variable to alter the SQL*Plus environment settings
 for your current session. For example, to:
     -   set the display width for data
     -   customize HTML formatting
     -   enable or disable printing of column headings
     -   set the number of lines per page

 SET system_variable value

 where system_variable and value represent one of the following clauses:

   APPI[NFO]{OFF|ON|text}                   NEWP[AGE] {1|n|NONE}
   ARRAY[SIZE] {15|n}                       NULL text
   AUTO[COMMIT] {OFF|ON|IMM[EDIATE]|n}      NUMF[ORMAT] format
   AUTOP[RINT] {OFF|ON}                     NUM[WIDTH] {10|n}
   AUTORECOVERY {OFF|ON}                    PAGES[IZE] {14|n}
   AUTOT[RACE] {OFF|ON|TRACE[ONLY]}         PAU[SE] {OFF|ON|text}
     [EXP[LAIN]] [STAT[ISTICS]]             RECSEP {WR[APPED]|EA[CH]|OFF}
   BLO[CKTERMINATOR] {.|c|ON|OFF}           RECSEPCHAR {_|c}
   CMDS[EP] {;|c|OFF|ON}                    ROWPREF[ETCH] {n}
   COLINVI[SIBLE] {OFF|ON}                  SERVEROUT[PUT] {ON|OFF}
   COLSEP {_|text}                            [SIZE {n | UNLIMITED}]|
   CON[CAT] {.|c|ON|OFF}                      [FOR[MAT]  {WRA[PPED]|
   COPYC[OMMIT] {0|n}                          WOR[D_WRAPPED]|TRU[NCATED]}]
   COPYTYPECHECK {ON|OFF}                   SHIFT[INOUT] {VIS[IBLE] |
   DEF[INE] {&|c|ON|OFF}                      INV[ISIBLE]}
   DESCRIBE [DEPTH {1|n|ALL}]               SHOW[MODE] {OFF|ON}
     [LINENUM {OFF|ON}] [INDENT {OFF|ON}]   SQLBL[ANKLINES] {OFF|ON}
   ECHO {OFF|ON}                            SQLC[ASE] {MIX[ED] |
   EDITF[ILE] file_name[.ext]                 LO[WER] | UP[PER]}
   EMB[EDDED] {OFF|ON}                      SQLCO[NTINUE] {> | text}
   ERRORL[OGGING] {ON|OFF}                  SQLN[UMBER] {ON|OFF}
     [TABLE [schema.]tablename]             SQLPLUSCOMPAT[IBILITY] {x.y[.z]}
     [TRUNCATE] [IDENTIFIER identifier]     SQLPRE[FIX] {#|c}
   ESC[APE] {\|c|OFF|ON}                    SQLP[ROMPT] {SQL>|text}
   ESCCHAR {@|?|%|$|OFF}                    SQLT[ERMINATOR] {;|c|ON|OFF}
   EXITC[OMMIT] {ON|OFF}                    STATEMENTC[ACHE] {n}
   FEED[BACK] {6|n|ON|OFF}                  SUF[FIX] {SQL|text}
   FLAGGER {OFF|ENTRY|INTERMED[IATE]|FULL}  TAB {ON|OFF}
   FLU[SH] {ON|OFF}                         TERM[OUT] {ON|OFF}
   HEA[DING] {ON|OFF}                       TI[ME] {OFF|ON}
   HEADS[EP] {||c|ON|OFF}                   TIMI[NG] {OFF|ON}
   HIST[ORY] {ON|OFF|N}                     TRIM[OUT] {ON|OFF}
   INSTANCE [instance_path|LOCAL]           TRIMS[POOL] {OFF|ON}
   LIN[ESIZE] {80|n}                        UND[ERLINE] {-|c|ON|OFF}
   LOBOF[FSET] {1|n}                        VER[IFY] {ON|OFF}
   LOBPREF[ETCH] {n}                        WRA[P] {ON|OFF}
   LOGSOURCE [pathname]                     XQUERY {BASEURI text|
   LONG {80|n}                                ORDERING{UNORDERED|
   LONGC[HUNKSIZE] {80|n}                     ORDERED|DEFAULT}|
   MARK[UP] {HTML html_option|CSV csv_option} NODE{BYVALUE|BYREFERENCE|
     html_option;                             DEFAULT}|CONTEXT text}
       {ON|OFF} [HEAD text] [BODY text]
       [TABLE {ON|OFF}] [ENTMAP {ON|OFF}]
       [SPOOL {ON|OFF}] [PRE[FORMAT] {ON|OFF}]
     csv_option:
       {ON|OFF} [DELIM[ITER] {c}]
       [QUOTE {ON|OFF}]


SQL> SELECT FIRST_NAME || LAST_NAME FULLNAME FROM EMPLOYEES;

FULLNAME                                                                                                                                                                                                
--------------------                                                                                                                                                                                    
StevenKing                                                                                                                                                                                              
NeenaKochhar                                                                                                                                                                                            
LexDe Haan                                                                                                                                                                                              
AlexanderHunold                                                                                                                                                                                         
BruceErnst                                                                                                                                                                                              
DianaLorentz                                                                                                                                                                                            
KevinMourgos                                                                                                                                                                                            
TrennaRajs                                                                                                                                                                                              
CurtisDavies                                                                                                                                                                                            
RandallMatos                                                                                                                                                                                            
PeterVargas                                                                                                                                                                                             
EleniZlotkey                                                                                                                                                                                            
EllenAbel                                                                                                                                                                                               
JonathonTaylor                                                                                                                                                                                          
KimerelyGrant                                                                                                                                                                                           
JenniferWhalen                                                                                                                                                                                          
MichaelHartstein                                                                                                                                                                                        
PatFay                                                                                                                                                                                                  
ShelleyHiggins                                                                                                                                                                                          
WilliamGietz                                                                                                                                                                                            

20 rows selected.

SQL> SELECT FIRST_NAME || LAST_NAME FULL NAME FROM EMPLOYEES;
SELECT FIRST_NAME || LAST_NAME FULL NAME FROM EMPLOYEES
                                    *
ERROR at line 1:
ORA-00923: FROM keyword not found where expected 


SQL> REM PRECEDENCE OF OPERATORS
SQL> 
SQL> REM 1 () BRACKET : (  )   (  ) : LEFT TO RIGHT  ,    (   (  )   ) : INNER TO OUTER
SQL> 
SQL> REM 2 POWER
SQL> 
SQL> REM 3 / *  (LEFT TO RIGHT)
SQL> 
SQL> REM 4 + - ||  (LEFT TO RIGHT)
SQL> 
SQL> 
SQL> 
SQL> 
SQL> SELECT 6 + 3 * 2 FROM DUAL;

     6+3*2                                                                                                                                                                                              
----------                                                                                                                                                                                              
        12                                                                                                                                                                                              

SQL> SELECT (6 + 3) * 2 FROM DUAL;

   (6+3)*2                                                                                                                                                                                              
----------                                                                                                                                                                                              
        18                                                                                                                                                                                              

SQL> SELECT 12 / 6 + 3 * 2 FROM DUAL;

  12/6+3*2                                                                                                                                                                                              
----------                                                                                                                                                                                              
         8                                                                                                                                                                                              

SQL> SELECT 18 / (6 + 3) * 3 FROM DUAL;

18/(6+3)*3                                                                                                                                                                                              
----------                                                                                                                                                                                              
         6                                                                                                                                                                                              

SQL> SELECT 'SHRI' || 210 + 210 FROM DUAL;
SELECT 'SHRI' || 210 + 210 FROM DUAL
               *
ERROR at line 1:
ORA-01722: invalid number 


SQL> REM PRECEDENCE OF OPERATORS
SQL> 
SQL> REM 1 () BRACKET : (  )   (  ) : LEFT TO RIGHT  ,    (   (  )   ) : INNER TO OUTER
SQL> 
SQL> REM 2 POWER
SQL> 
SQL> REM 3 / *  (LEFT TO RIGHT)
SQL> 
SQL> REM 4 + - ||  (LEFT TO RIGHT)
SQL> \
SP2-0042: unknown command "\" - rest of line ignored.
SQL> 
SQL> SELECT 'SHRI' || (210 + 210) FROM DUAL;

'SHRI'|                                                                                                                                                                                                 
-------                                                                                                                                                                                                 
SHRI420                                                                                                                                                                                                 

SQL> SELECT 'SHRI' || 210 * 2 FROM DUAL;

'SHRI'|                                                                                                                                                                                                 
-------                                                                                                                                                                                                 
SHRI420                                                                                                                                                                                                 

SQL> SELECT POWER(5,2) FROM DUAL;

POWER(5,2)                                                                                                                                                                                              
----------                                                                                                                                                                                              
        25                                                                                                                                                                                              

SQL> SELECT POWER(5,3) FROM DUAL;

POWER(5,3)                                                                                                                                                                                              
----------                                                                                                                                                                                              
       125                                                                                                                                                                                              

SQL> SELECT POWER(25,1/2) FROM DUAL;

POWER(25,1/2)                                                                                                                                                                                           
-------------                                                                                                                                                                                           
            5                                                                                                                                                                                           

SQL> SELECT POWER(125,1/3) FROM DUAL;

POWER(125,1/3)                                                                                                                                                                                          
--------------                                                                                                                                                                                          
             5                                                                                                                                                                                          

SQL> SELECT POWER(5.2,1.7) FROM DUAL;

POWER(5.2,1.7)                                                                                                                                                                                          
--------------                                                                                                                                                                                          
    16.4894315                                                                                                                                                                                          

SQL> SELECT POWER(12345678,345) FROM DUAL;
SELECT POWER(12345678,345) FROM DUAL
       *
ERROR at line 1:
ORA-01426: numeric overflow 


SQL> SELECT POWER(12345678,35) FROM DUAL;
SELECT POWER(12345678,35) FROM DUAL
       *
ERROR at line 1:
ORA-01426: numeric overflow 


SQL> SELECT POWER(345678,35) FROM DUAL;
SELECT POWER(345678,35) FROM DUAL
       *
ERROR at line 1:
ORA-01426: numeric overflow 


SQL> SELECT POWER(34578,35) FROM DUAL;
SELECT POWER(34578,35) FROM DUAL
       *
ERROR at line 1:
ORA-01426: numeric overflow 


SQL> SELECT POWER(3578,35) FROM DUAL;

POWER(3578,35)                                                                                                                                                                                          
--------------                                                                                                                                                                                          
    2.385E+124                                                                                                                                                                                          

SQL> SET NUMW 40
SQL> 
SQL> SELECT POWER(3578,35) FROM DUAL;

                          POWER(3578,35)                                                                                                                                                                
----------------------------------------                                                                                                                                                                
2.384579291631415264689494804687325E+124                                                                                                                                                                

SQL> SELECT POWER(578,35) FROM DUAL;

                           POWER(578,35)                                                                                                                                                                
----------------------------------------                                                                                                                                                                
4.6502290483918732783343362484640940E+96                                                                                                                                                                

SQL> SELECT POWER(57,35) FROM DUAL;

                            POWER(57,35)                                                                                                                                                                
----------------------------------------                                                                                                                                                                
2.8550909573650066229089548892507907E+61                                                                                                                                                                

SQL> SELECT POWER(57,5) FROM DUAL;

                             POWER(57,5)                                                                                                                                                                
----------------------------------------                                                                                                                                                                
                               601692057                                                                                                                                                                

SQL> SELECT POWER(574,5) FROM DUAL;

                            POWER(574,5)                                                                                                                                                                
----------------------------------------                                                                                                                                                                
                          62310245446624                                                                                                                                                                

SQL> SELECT POWER(5734,5) FROM DUAL;

                           POWER(5734,5)                                                                                                                                                                
----------------------------------------                                                                                                                                                                
                     6198526226080611424                                                                                                                                                                

SQL> SELECT POWER(54734,5) FROM DUAL;

                          POWER(54734,5)                                                                                                                                                                
----------------------------------------                                                                                                                                                                
                491231196082277466931424                                                                                                                                                                

SQL> SELECT POWER(546734,5) FROM DUAL;

                         POWER(546734,5)                                                                                                                                                                
----------------------------------------                                                                                                                                                                
           48851782181501609953205491424                                                                                                                                                                

SQL> SELECT POWER(5746734,5) FROM DUAL;

                        POWER(5746734,5)                                                                                                                                                                
----------------------------------------                                                                                                                                                                
      6267660682886682871933005141491424                                                                                                                                                                

SQL> SELECT POWER(57467834,5) FROM DUAL;

                       POWER(57467834,5)                                                                                                                                                                
----------------------------------------                                                                                                                                                                
 626793007743402497814182708586208939424                                                                                                                                                                

SQL> REM DISTINCT/UNIQUE , Q OPERATOR , DISPLAYING ROWID , TABLE ALIAS , NULL VALUES WITH ARITHMETIC OPERATORS
SQL> 
SQL> 
SQL> SELECT POWER (5 , 2) FROM DUAL;

                              POWER(5,2)                                                                                                                                                                
----------------------------------------                                                                                                                                                                
                                      25                                                                                                                                                                

SQL> SELECT POWER                    (5 , 2)                        FROM                                   DUAL;

                              POWER(5,2)                                                                                                                                                                
----------------------------------------                                                                                                                                                                
                                      25                                                                                                                                                                

SQL> SELECT DEPARTMENT_ID FROM EMPLOYEES;

                           DEPARTMENT_ID                                                                                                                                                                
----------------------------------------                                                                                                                                                                
                                      90                                                                                                                                                                
                                      90                                                                                                                                                                
                                      90                                                                                                                                                                
                                      60                                                                                                                                                                
                                      60                                                                                                                                                                
                                      60                                                                                                                                                                
                                      50                                                                                                                                                                
                                      50                                                                                                                                                                
                                      50                                                                                                                                                                
                                      50                                                                                                                                                                
                                      50                                                                                                                                                                
                                      80                                                                                                                                                                
                                      80                                                                                                                                                                
                                      80                                                                                                                                                                
                                                                                                                                                                                                        
                                      10                                                                                                                                                                
                                      20                                                                                                                                                                
                                      20                                                                                                                                                                
                                     110                                                                                                                                                                
                                     110                                                                                                                                                                

20 rows selected.

SQL> SET NUMW 10
SQL> 
SQL> SELECT DEPARTMENT_ID FROM EMPLOYEES;

DEPARTMENT_ID                                                                                                                                                                                           
-------------                                                                                                                                                                                           
           90                                                                                                                                                                                           
           90                                                                                                                                                                                           
           90                                                                                                                                                                                           
           60                                                                                                                                                                                           
           60                                                                                                                                                                                           
           60                                                                                                                                                                                           
           50                                                                                                                                                                                           
           50                                                                                                                                                                                           
           50                                                                                                                                                                                           
           50                                                                                                                                                                                           
           50                                                                                                                                                                                           
           80                                                                                                                                                                                           
           80                                                                                                                                                                                           
           80                                                                                                                                                                                           
                                                                                                                                                                                                        
           10                                                                                                                                                                                           
           20                                                                                                                                                                                           
           20                                                                                                                                                                                           
          110                                                                                                                                                                                           
          110                                                                                                                                                                                           

20 rows selected.

SQL> SET NUMW 10
SQL> SELECT * FROM EMPLOYEES;

EMPLOYEE_ID FIRST_NAME LAST_NAME  EMAIL      PHONE_NUMBER         HIRE_DATE JOB_ID         SALARY COMMISSION_PCT MANAGER_ID DEPARTMENT_ID                                                               
----------- ---------- ---------- ---------- -------------------- --------- ---------- ---------- -------------- ---------- -------------                                                               
        100 Steven     King       SKING      515.123.4567         17-JUL-87 AD_PRES         24000                                      90                                                               
        101 Neena      Kochhar    NKOCHHAR   515.123.4568         21-SEP-89 AD_VP           17000                       100            90                                                               
        102 Lex        De Haan    LDEHAAN    515.123.4569         13-JAN-93 AD_VP           17000                       100            90                                                               
        103 Alexander  Hunold     AHUNOLD    590.423.4567         03-JAN-90 IT_PROG          9000                       102            60                                                               
        104 Bruce      Ernst      BERNST     590.423.4568         21-MAY-91 IT_PROG          6000                       103            60                                                               
        107 Diana      Lorentz    DLORENTZ   590.423.5567         07-FEB-99 IT_PROG          4200                       103            60                                                               
        124 Kevin      Mourgos    KMOURGOS   650.123.5234         16-NOV-99 ST_MAN           5800                       100            50                                                               
        141 Trenna     Rajs       TRAJS      650.121.8009         17-OCT-95 ST_CLERK         3500                       124            50                                                               
        142 Curtis     Davies     CDAVIES    650.121.2994         29-JAN-97 ST_CLERK         3100                       124            50                                                               
        143 Randall    Matos      RMATOS     650.121.2874         15-MAR-98 ST_CLERK         2600                       124            50                                                               
        144 Peter      Vargas     PVARGAS    650.121.2004         09-JUL-98 ST_CLERK         2500                       124            50                                                               
        149 Eleni      Zlotkey    EZLOTKEY   011.44.1344.429018   29-JAN-00 SA_MAN          10500             .2        100            80                                                               
        174 Ellen      Abel       EABEL      011.44.1644.429267   11-MAY-96 SA_REP          11000             .3        149            80                                                               
        176 Jonathon   Taylor     JTAYLOR    011.44.1644.429265   24-MAR-98 SA_REP           8600             .3        149            80                                                               
        178 Kimerely   Grant      KGRANT     011.44.1644.429263   24-MAY-99 SA_REP           7000            .15        149                                                                             
        200 Jennifer   Whalen     JWAHLEN    515.123.4444         17-SEP-87 AD_ASST          4400                       101            10                                                               
        201 Michael    Hartstein  MHARTSTE   515.123.5555         17-FEB-96 MK_MAN          13000                       100            20                                                               
        202 Pat        Fay        PFAY       603.123.6666         17-AUG-97 MK_REP           6000                       201            20                                                               
        205 Shelley    Higgins    SHIGGINS   515.123.8080         07-JUN-94 AC_MGR          12000                       101           110                                                               
        206 William    Gietz      WGIETZ     515.123.8181         07-JUN-94 AC_ACCOUNT       8300                       205           110                                                               

20 rows selected.

SQL> SET NUMW 40
SQL> SET LINES 1000
SQL> 
SQL> SELECT * FROM EMPLOYEES;

                             EMPLOYEE_ID FIRST_NAME LAST_NAME  EMAIL      PHONE_NUMBER         HIRE_DATE JOB_ID                                       SALARY                           COMMISSION_PCT                               MANAGER_ID                            DEPARTMENT_ID                                                                                                                                                                                                                                                                                                                                                                                                                                                                                                                                                                                                                                                                                                                                                 
---------------------------------------- ---------- ---------- ---------- -------------------- --------- ---------- ---------------------------------------- ---------------------------------------- ---------------------------------------- ----------------------------------------                                                                                                                                                                                                                                                                                                                                                                                                                                                                                                                                                                                                                                                                                                                                                 
                                     100 Steven     King       SKING      515.123.4567         17-JUL-87 AD_PRES                                       24000                                                                                                                         90                                                                                                                                                                                                                                                                                                                                                                                                                                                                                                                                                                                                                                                                                                                                                 
                                     101 Neena      Kochhar    NKOCHHAR   515.123.4568         21-SEP-89 AD_VP                                         17000                                                                               100                                       90                                                                                                                                                                                                                                                                                                                                                                                                                                                                                                                                                                                                                                                                                                                                                 
                                     102 Lex        De Haan    LDEHAAN    515.123.4569         13-JAN-93 AD_VP                                         17000                                                                               100                                       90                                                                                                                                                                                                                                                                                                                                                                                                                                                                                                                                                                                                                                                                                                                                                 
                                     103 Alexander  Hunold     AHUNOLD    590.423.4567         03-JAN-90 IT_PROG                                        9000                                                                               102                                       60                                                                                                                                                                                                                                                                                                                                                                                                                                                                                                                                                                                                                                                                                                                                                 
                                     104 Bruce      Ernst      BERNST     590.423.4568         21-MAY-91 IT_PROG                                        6000                                                                               103                                       60                                                                                                                                                                                                                                                                                                                                                                                                                                                                                                                                                                                                                                                                                                                                                 
                                     107 Diana      Lorentz    DLORENTZ   590.423.5567         07-FEB-99 IT_PROG                                        4200                                                                               103                                       60                                                                                                                                                                                                                                                                                                                                                                                                                                                                                                                                                                                                                                                                                                                                                 
                                     124 Kevin      Mourgos    KMOURGOS   650.123.5234         16-NOV-99 ST_MAN                                         5800                                                                               100                                       50                                                                                                                                                                                                                                                                                                                                                                                                                                                                                                                                                                                                                                                                                                                                                 
                                     141 Trenna     Rajs       TRAJS      650.121.8009         17-OCT-95 ST_CLERK                                       3500                                                                               124                                       50                                                                                                                                                                                                                                                                                                                                                                                                                                                                                                                                                                                                                                                                                                                                                 
                                     142 Curtis     Davies     CDAVIES    650.121.2994         29-JAN-97 ST_CLERK                                       3100                                                                               124                                       50                                                                                                                                                                                                                                                                                                                                                                                                                                                                                                                                                                                                                                                                                                                                                 
                                     143 Randall    Matos      RMATOS     650.121.2874         15-MAR-98 ST_CLERK                                       2600                                                                               124                                       50                                                                                                                                                                                                                                                                                                                                                                                                                                                                                                                                                                                                                                                                                                                                                 
                                     144 Peter      Vargas     PVARGAS    650.121.2004         09-JUL-98 ST_CLERK                                       2500                                                                               124                                       50                                                                                                                                                                                                                                                                                                                                                                                                                                                                                                                                                                                                                                                                                                                                                 
                                     149 Eleni      Zlotkey    EZLOTKEY   011.44.1344.429018   29-JAN-00 SA_MAN                                        10500                                       .2                                      100                                       80                                                                                                                                                                                                                                                                                                                                                                                                                                                                                                                                                                                                                                                                                                                                                 
                                     174 Ellen      Abel       EABEL      011.44.1644.429267   11-MAY-96 SA_REP                                        11000                                       .3                                      149                                       80                                                                                                                                                                                                                                                                                                                                                                                                                                                                                                                                                                                                                                                                                                                                                 
                                     176 Jonathon   Taylor     JTAYLOR    011.44.1644.429265   24-MAR-98 SA_REP                                         8600                                       .3                                      149                                       80                                                                                                                                                                                                                                                                                                                                                                                                                                                                                                                                                                                                                                                                                                                                                 
                                     178 Kimerely   Grant      KGRANT     011.44.1644.429263   24-MAY-99 SA_REP                                         7000                                      .15                                      149                                                                                                                                                                                                                                                                                                                                                                                                                                                                                                                                                                                                                                                                                                                                                                                          
                                     200 Jennifer   Whalen     JWAHLEN    515.123.4444         17-SEP-87 AD_ASST                                        4400                                                                               101                                       10                                                                                                                                                                                                                                                                                                                                                                                                                                                                                                                                                                                                                                                                                                                                                 
                                     201 Michael    Hartstein  MHARTSTE   515.123.5555         17-FEB-96 MK_MAN                                        13000                                                                               100                                       20                                                                                                                                                                                                                                                                                                                                                                                                                                                                                                                                                                                                                                                                                                                                                 
                                     202 Pat        Fay        PFAY       603.123.6666         17-AUG-97 MK_REP                                         6000                                                                               201                                       20                                                                                                                                                                                                                                                                                                                                                                                                                                                                                                                                                                                                                                                                                                                                                 
                                     205 Shelley    Higgins    SHIGGINS   515.123.8080         07-JUN-94 AC_MGR                                        12000                                                                               101                                      110                                                                                                                                                                                                                                                                                                                                                                                                                                                                                                                                                                                                                                                                                                                                                 
                                     206 William    Gietz      WGIETZ     515.123.8181         07-JUN-94 AC_ACCOUNT                                     8300                                                                               205                                      110                                                                                                                                                                                                                                                                                                                                                                                                                                                                                                                                                                                                                                                                                                                                                 

20 rows selected.

SQL> SET LINES 100
SQL> 
SQL> R
  1* SELECT * FROM EMPLOYEES

                             EMPLOYEE_ID FIRST_NAME LAST_NAME  EMAIL      PHONE_NUMBER              
---------------------------------------- ---------- ---------- ---------- --------------------      
HIRE_DATE JOB_ID                                       SALARY                                       
--------- ---------- ----------------------------------------                                       
                          COMMISSION_PCT                               MANAGER_ID                   
---------------------------------------- ----------------------------------------                   
                           DEPARTMENT_ID                                                            
----------------------------------------                                                            
                                     100 Steven     King       SKING      515.123.4567              
17-JUL-87 AD_PRES                                       24000                                       
                                                                                                    
                                      90                                                            
                                                                                                    
                                     101 Neena      Kochhar    NKOCHHAR   515.123.4568              
21-SEP-89 AD_VP                                         17000                                       
                                                                              100                   
                                      90                                                            
                                                                                                    
                                     102 Lex        De Haan    LDEHAAN    515.123.4569              
13-JAN-93 AD_VP                                         17000                                       
                                                                              100                   
                                      90                                                            
                                                                                                    

                             EMPLOYEE_ID FIRST_NAME LAST_NAME  EMAIL      PHONE_NUMBER              
---------------------------------------- ---------- ---------- ---------- --------------------      
HIRE_DATE JOB_ID                                       SALARY                                       
--------- ---------- ----------------------------------------                                       
                          COMMISSION_PCT                               MANAGER_ID                   
---------------------------------------- ----------------------------------------                   
                           DEPARTMENT_ID                                                            
----------------------------------------                                                            
                                     103 Alexander  Hunold     AHUNOLD    590.423.4567              
03-JAN-90 IT_PROG                                        9000                                       
                                                                              102                   
                                      60                                                            
                                                                                                    
                                     104 Bruce      Ernst      BERNST     590.423.4568              
21-MAY-91 IT_PROG                                        6000                                       
                                                                              103                   
                                      60                                                            
                                                                                                    
                                     107 Diana      Lorentz    DLORENTZ   590.423.5567              
07-FEB-99 IT_PROG                                        4200                                       
                                                                              103                   
                                      60                                                            
                                                                                                    

                             EMPLOYEE_ID FIRST_NAME LAST_NAME  EMAIL      PHONE_NUMBER              
---------------------------------------- ---------- ---------- ---------- --------------------      
HIRE_DATE JOB_ID                                       SALARY                                       
--------- ---------- ----------------------------------------                                       
                          COMMISSION_PCT                               MANAGER_ID                   
---------------------------------------- ----------------------------------------                   
                           DEPARTMENT_ID                                                            
----------------------------------------                                                            
                                     124 Kevin      Mourgos    KMOURGOS   650.123.5234              
16-NOV-99 ST_MAN                                         5800                                       
                                                                              100                   
                                      50                                                            
                                                                                                    
                                     141 Trenna     Rajs       TRAJS      650.121.8009              
17-OCT-95 ST_CLERK                                       3500                                       
                                                                              124                   
                                      50                                                            
                                                                                                    
                                     142 Curtis     Davies     CDAVIES    650.121.2994              
29-JAN-97 ST_CLERK                                       3100                                       
                                                                              124                   
                                      50                                                            
                                                                                                    

                             EMPLOYEE_ID FIRST_NAME LAST_NAME  EMAIL      PHONE_NUMBER              
---------------------------------------- ---------- ---------- ---------- --------------------      
HIRE_DATE JOB_ID                                       SALARY                                       
--------- ---------- ----------------------------------------                                       
                          COMMISSION_PCT                               MANAGER_ID                   
---------------------------------------- ----------------------------------------                   
                           DEPARTMENT_ID                                                            
----------------------------------------                                                            
                                     143 Randall    Matos      RMATOS     650.121.2874              
15-MAR-98 ST_CLERK                                       2600                                       
                                                                              124                   
                                      50                                                            
                                                                                                    
                                     144 Peter      Vargas     PVARGAS    650.121.2004              
09-JUL-98 ST_CLERK                                       2500                                       
                                                                              124                   
                                      50                                                            
                                                                                                    
                                     149 Eleni      Zlotkey    EZLOTKEY   011.44.1344.429018        
29-JAN-00 SA_MAN                                        10500                                       
                                      .2                                      100                   
                                      80                                                            
                                                                                                    

                             EMPLOYEE_ID FIRST_NAME LAST_NAME  EMAIL      PHONE_NUMBER              
---------------------------------------- ---------- ---------- ---------- --------------------      
HIRE_DATE JOB_ID                                       SALARY                                       
--------- ---------- ----------------------------------------                                       
                          COMMISSION_PCT                               MANAGER_ID                   
---------------------------------------- ----------------------------------------                   
                           DEPARTMENT_ID                                                            
----------------------------------------                                                            
                                     174 Ellen      Abel       EABEL      011.44.1644.429267        
11-MAY-96 SA_REP                                        11000                                       
                                      .3                                      149                   
                                      80                                                            
                                                                                                    
                                     176 Jonathon   Taylor     JTAYLOR    011.44.1644.429265        
24-MAR-98 SA_REP                                         8600                                       
                                      .3                                      149                   
                                      80                                                            
                                                                                                    
                                     178 Kimerely   Grant      KGRANT     011.44.1644.429263        
24-MAY-99 SA_REP                                         7000                                       
                                     .15                                      149                   
                                                                                                    
                                                                                                    

                             EMPLOYEE_ID FIRST_NAME LAST_NAME  EMAIL      PHONE_NUMBER              
---------------------------------------- ---------- ---------- ---------- --------------------      
HIRE_DATE JOB_ID                                       SALARY                                       
--------- ---------- ----------------------------------------                                       
                          COMMISSION_PCT                               MANAGER_ID                   
---------------------------------------- ----------------------------------------                   
                           DEPARTMENT_ID                                                            
----------------------------------------                                                            
                                     200 Jennifer   Whalen     JWAHLEN    515.123.4444              
17-SEP-87 AD_ASST                                        4400                                       
                                                                              101                   
                                      10                                                            
                                                                                                    
                                     201 Michael    Hartstein  MHARTSTE   515.123.5555              
17-FEB-96 MK_MAN                                        13000                                       
                                                                              100                   
                                      20                                                            
                                                                                                    
                                     202 Pat        Fay        PFAY       603.123.6666              
17-AUG-97 MK_REP                                         6000                                       
                                                                              201                   
                                      20                                                            
                                                                                                    

                             EMPLOYEE_ID FIRST_NAME LAST_NAME  EMAIL      PHONE_NUMBER              
---------------------------------------- ---------- ---------- ---------- --------------------      
HIRE_DATE JOB_ID                                       SALARY                                       
--------- ---------- ----------------------------------------                                       
                          COMMISSION_PCT                               MANAGER_ID                   
---------------------------------------- ----------------------------------------                   
                           DEPARTMENT_ID                                                            
----------------------------------------                                                            
                                     205 Shelley    Higgins    SHIGGINS   515.123.8080              
07-JUN-94 AC_MGR                                        12000                                       
                                                                              101                   
                                     110                                                            
                                                                                                    
                                     206 William    Gietz      WGIETZ     515.123.8181              
07-JUN-94 AC_ACCOUNT                                     8300                                       
                                                                              205                   
                                     110                                                            
                                                                                                    

20 rows selected.

SQL> SET NUMW 10
SQL> SET LINES 200
SQL> 
SQL> R
  1* SELECT * FROM EMPLOYEES

EMPLOYEE_ID FIRST_NAME LAST_NAME  EMAIL      PHONE_NUMBER         HIRE_DATE JOB_ID         SALARY COMMISSION_PCT MANAGER_ID DEPARTMENT_ID                                                               
----------- ---------- ---------- ---------- -------------------- --------- ---------- ---------- -------------- ---------- -------------                                                               
        100 Steven     King       SKING      515.123.4567         17-JUL-87 AD_PRES         24000                                      90                                                               
        101 Neena      Kochhar    NKOCHHAR   515.123.4568         21-SEP-89 AD_VP           17000                       100            90                                                               
        102 Lex        De Haan    LDEHAAN    515.123.4569         13-JAN-93 AD_VP           17000                       100            90                                                               
        103 Alexander  Hunold     AHUNOLD    590.423.4567         03-JAN-90 IT_PROG          9000                       102            60                                                               
        104 Bruce      Ernst      BERNST     590.423.4568         21-MAY-91 IT_PROG          6000                       103            60                                                               
        107 Diana      Lorentz    DLORENTZ   590.423.5567         07-FEB-99 IT_PROG          4200                       103            60                                                               
        124 Kevin      Mourgos    KMOURGOS   650.123.5234         16-NOV-99 ST_MAN           5800                       100            50                                                               
        141 Trenna     Rajs       TRAJS      650.121.8009         17-OCT-95 ST_CLERK         3500                       124            50                                                               
        142 Curtis     Davies     CDAVIES    650.121.2994         29-JAN-97 ST_CLERK         3100                       124            50                                                               
        143 Randall    Matos      RMATOS     650.121.2874         15-MAR-98 ST_CLERK         2600                       124            50                                                               
        144 Peter      Vargas     PVARGAS    650.121.2004         09-JUL-98 ST_CLERK         2500                       124            50                                                               
        149 Eleni      Zlotkey    EZLOTKEY   011.44.1344.429018   29-JAN-00 SA_MAN          10500             .2        100            80                                                               
        174 Ellen      Abel       EABEL      011.44.1644.429267   11-MAY-96 SA_REP          11000             .3        149            80                                                               
        176 Jonathon   Taylor     JTAYLOR    011.44.1644.429265   24-MAR-98 SA_REP           8600             .3        149            80                                                               
        178 Kimerely   Grant      KGRANT     011.44.1644.429263   24-MAY-99 SA_REP           7000            .15        149                                                                             
        200 Jennifer   Whalen     JWAHLEN    515.123.4444         17-SEP-87 AD_ASST          4400                       101            10                                                               
        201 Michael    Hartstein  MHARTSTE   515.123.5555         17-FEB-96 MK_MAN          13000                       100            20                                                               
        202 Pat        Fay        PFAY       603.123.6666         17-AUG-97 MK_REP           6000                       201            20                                                               
        205 Shelley    Higgins    SHIGGINS   515.123.8080         07-JUN-94 AC_MGR          12000                       101           110                                                               
        206 William    Gietz      WGIETZ     515.123.8181         07-JUN-94 AC_ACCOUNT       8300                       205           110                                                               

20 rows selected.

SQL> SELECT DEPARTMENT_ID FROM EMPLOYEES;

DEPARTMENT_ID                                                                                                                                                                                           
-------------                                                                                                                                                                                           
           90                                                                                                                                                                                           
           90                                                                                                                                                                                           
           90                                                                                                                                                                                           
           60                                                                                                                                                                                           
           60                                                                                                                                                                                           
           60                                                                                                                                                                                           
           50                                                                                                                                                                                           
           50                                                                                                                                                                                           
           50                                                                                                                                                                                           
           50                                                                                                                                                                                           
           50                                                                                                                                                                                           
           80                                                                                                                                                                                           
           80                                                                                                                                                                                           
           80                                                                                                                                                                                           
                                                                                                                                                                                                        
           10                                                                                                                                                                                           
           20                                                                                                                                                                                           
           20                                                                                                                                                                                           
          110                                                                                                                                                                                           
          110                                                                                                                                                                                           

20 rows selected.

SQL> SELECT DISTINCT DEPARTMENT_ID FROM EMPLOYEES;

DEPARTMENT_ID                                                                                                                                                                                           
-------------                                                                                                                                                                                           
                                                                                                                                                                                                        
           90                                                                                                                                                                                           
           20                                                                                                                                                                                           
          110                                                                                                                                                                                           
           50                                                                                                                                                                                           
           80                                                                                                                                                                                           
           60                                                                                                                                                                                           
           10                                                                                                                                                                                           

8 rows selected.

SQL> SELECT UNIQUE DEPARTMENT_ID FROM EMPLOYEES;

DEPARTMENT_ID                                                                                                                                                                                           
-------------                                                                                                                                                                                           
                                                                                                                                                                                                        
           90                                                                                                                                                                                           
           20                                                                                                                                                                                           
          110                                                                                                                                                                                           
           50                                                                                                                                                                                           
           80                                                                                                                                                                                           
           60                                                                                                                                                                                           
           10                                                                                                                                                                                           

8 rows selected.

SQL> SELECT JOB_ID FROM EMPLOYEES;

JOB_ID                                                                                                                                                                                                  
----------                                                                                                                                                                                              
AD_PRES                                                                                                                                                                                                 
AD_VP                                                                                                                                                                                                   
AD_VP                                                                                                                                                                                                   
IT_PROG                                                                                                                                                                                                 
IT_PROG                                                                                                                                                                                                 
IT_PROG                                                                                                                                                                                                 
ST_MAN                                                                                                                                                                                                  
ST_CLERK                                                                                                                                                                                                
ST_CLERK                                                                                                                                                                                                
ST_CLERK                                                                                                                                                                                                
ST_CLERK                                                                                                                                                                                                
SA_MAN                                                                                                                                                                                                  
SA_REP                                                                                                                                                                                                  
SA_REP                                                                                                                                                                                                  
SA_REP                                                                                                                                                                                                  
AD_ASST                                                                                                                                                                                                 
MK_MAN                                                                                                                                                                                                  
MK_REP                                                                                                                                                                                                  
AC_MGR                                                                                                                                                                                                  
AC_ACCOUNT                                                                                                                                                                                              

20 rows selected.

SQL> SELECT UNIQUE JOB_ID FROM EMPLOYEES;

JOB_ID                                                                                                                                                                                                  
----------                                                                                                                                                                                              
IT_PROG                                                                                                                                                                                                 
AC_MGR                                                                                                                                                                                                  
AC_ACCOUNT                                                                                                                                                                                              
ST_MAN                                                                                                                                                                                                  
AD_ASST                                                                                                                                                                                                 
AD_VP                                                                                                                                                                                                   
SA_MAN                                                                                                                                                                                                  
MK_MAN                                                                                                                                                                                                  
AD_PRES                                                                                                                                                                                                 
SA_REP                                                                                                                                                                                                  
MK_REP                                                                                                                                                                                                  
ST_CLERK                                                                                                                                                                                                

12 rows selected.

SQL> SELECT DEPARTMENT_ID , JOB_ID FROM EMPLOYEES;

DEPARTMENT_ID JOB_ID                                                                                                                                                                                    
------------- ----------                                                                                                                                                                                
           90 AD_PRES                                                                                                                                                                                   
           90 AD_VP                                                                                                                                                                                     
           90 AD_VP                                                                                                                                                                                     
           60 IT_PROG                                                                                                                                                                                   
           60 IT_PROG                                                                                                                                                                                   
           60 IT_PROG                                                                                                                                                                                   
           50 ST_MAN                                                                                                                                                                                    
           50 ST_CLERK                                                                                                                                                                                  
           50 ST_CLERK                                                                                                                                                                                  
           50 ST_CLERK                                                                                                                                                                                  
           50 ST_CLERK                                                                                                                                                                                  
           80 SA_MAN                                                                                                                                                                                    
           80 SA_REP                                                                                                                                                                                    
           80 SA_REP                                                                                                                                                                                    
              SA_REP                                                                                                                                                                                    
           10 AD_ASST                                                                                                                                                                                   
           20 MK_MAN                                                                                                                                                                                    
           20 MK_REP                                                                                                                                                                                    
          110 AC_MGR                                                                                                                                                                                    
          110 AC_ACCOUNT                                                                                                                                                                                

20 rows selected.

SQL> SELECT DISTINCT DEPARTMENT_ID , JOB_ID FROM EMPLOYEES;

DEPARTMENT_ID JOB_ID                                                                                                                                                                                    
------------- ----------                                                                                                                                                                                
          110 AC_ACCOUNT                                                                                                                                                                                
           90 AD_VP                                                                                                                                                                                     
           50 ST_CLERK                                                                                                                                                                                  
           80 SA_REP                                                                                                                                                                                    
           50 ST_MAN                                                                                                                                                                                    
           80 SA_MAN                                                                                                                                                                                    
          110 AC_MGR                                                                                                                                                                                    
           90 AD_PRES                                                                                                                                                                                   
           60 IT_PROG                                                                                                                                                                                   
           20 MK_MAN                                                                                                                                                                                    
              SA_REP                                                                                                                                                                                    
           10 AD_ASST                                                                                                                                                                                   
           20 MK_REP                                                                                                                                                                                    

13 rows selected.

SQL> SELECT MANAGER_ID , DEPARTMENT_ID FROM EMPLOYEES;

MANAGER_ID DEPARTMENT_ID                                                                                                                                                                                
---------- -------------                                                                                                                                                                                
                      90                                                                                                                                                                                
       100            90                                                                                                                                                                                
       100            90                                                                                                                                                                                
       102            60                                                                                                                                                                                
       103            60                                                                                                                                                                                
       103            60                                                                                                                                                                                
       100            50                                                                                                                                                                                
       124            50                                                                                                                                                                                
       124            50                                                                                                                                                                                
       124            50                                                                                                                                                                                
       124            50                                                                                                                                                                                
       100            80                                                                                                                                                                                
       149            80                                                                                                                                                                                
       149            80                                                                                                                                                                                
       149                                                                                                                                                                                              
       101            10                                                                                                                                                                                
       100            20                                                                                                                                                                                
       201            20                                                                                                                                                                                
       101           110                                                                                                                                                                                
       205           110                                                                                                                                                                                

20 rows selected.

SQL> SELECT MANAGER_ID , DEPARTMENT_ID FROM EMPLOYEES ORDER BY 1,2;

MANAGER_ID DEPARTMENT_ID                                                                                                                                                                                
---------- -------------                                                                                                                                                                                
       100            20                                                                                                                                                                                
       100            50                                                                                                                                                                                
       100            80                                                                                                                                                                                
       100            90                                                                                                                                                                                
       100            90                                                                                                                                                                                
       101            10                                                                                                                                                                                
       101           110                                                                                                                                                                                
       102            60                                                                                                                                                                                
       103            60                                                                                                                                                                                
       103            60                                                                                                                                                                                
       124            50                                                                                                                                                                                
       124            50                                                                                                                                                                                
       124            50                                                                                                                                                                                
       124            50                                                                                                                                                                                
       149            80                                                                                                                                                                                
       149            80                                                                                                                                                                                
       149                                                                                                                                                                                              
       201            20                                                                                                                                                                                
       205           110                                                                                                                                                                                
                      90                                                                                                                                                                                

20 rows selected.

SQL> SELECT UNIQUE MANAGER_ID , DEPARTMENT_ID FROM EMPLOYEES ORDER BY 1,2;

MANAGER_ID DEPARTMENT_ID                                                                                                                                                                                
---------- -------------                                                                                                                                                                                
       100            20                                                                                                                                                                                
       100            50                                                                                                                                                                                
       100            80                                                                                                                                                                                
       100            90                                                                                                                                                                                
       101            10                                                                                                                                                                                
       101           110                                                                                                                                                                                
       102            60                                                                                                                                                                                
       103            60                                                                                                                                                                                
       124            50                                                                                                                                                                                
       149            80                                                                                                                                                                                
       149                                                                                                                                                                                              
       201            20                                                                                                                                                                                
       205           110                                                                                                                                                                                
                      90                                                                                                                                                                                

14 rows selected.

SQL> SELECT DEPARTMENT_ID , JOB_ID , MANAGER_ID FROM EMPLOYEES ORDER BY 1,2,3;

DEPARTMENT_ID JOB_ID     MANAGER_ID                                                                                                                                                                     
------------- ---------- ----------                                                                                                                                                                     
           10 AD_ASST           101                                                                                                                                                                     
           20 MK_MAN            100                                                                                                                                                                     
           20 MK_REP            201                                                                                                                                                                     
           50 ST_CLERK          124                                                                                                                                                                     
           50 ST_CLERK          124                                                                                                                                                                     
           50 ST_CLERK          124                                                                                                                                                                     
           50 ST_CLERK          124                                                                                                                                                                     
           50 ST_MAN            100                                                                                                                                                                     
           60 IT_PROG           102                                                                                                                                                                     
           60 IT_PROG           103                                                                                                                                                                     
           60 IT_PROG           103                                                                                                                                                                     
           80 SA_MAN            100                                                                                                                                                                     
           80 SA_REP            149                                                                                                                                                                     
           80 SA_REP            149                                                                                                                                                                     
           90 AD_PRES                                                                                                                                                                                   
           90 AD_VP             100                                                                                                                                                                     
           90 AD_VP             100                                                                                                                                                                     
          110 AC_ACCOUNT        205                                                                                                                                                                     
          110 AC_MGR            101                                                                                                                                                                     
              SA_REP            149                                                                                                                                                                     

20 rows selected.

SQL> SELECT UNIQUE DEPARTMENT_ID , JOB_ID , MANAGER_ID FROM EMPLOYEES ORDER BY 1,2,3;

DEPARTMENT_ID JOB_ID     MANAGER_ID                                                                                                                                                                     
------------- ---------- ----------                                                                                                                                                                     
           10 AD_ASST           101                                                                                                                                                                     
           20 MK_MAN            100                                                                                                                                                                     
           20 MK_REP            201                                                                                                                                                                     
           50 ST_CLERK          124                                                                                                                                                                     
           50 ST_MAN            100                                                                                                                                                                     
           60 IT_PROG           102                                                                                                                                                                     
           60 IT_PROG           103                                                                                                                                                                     
           80 SA_MAN            100                                                                                                                                                                     
           80 SA_REP            149                                                                                                                                                                     
           90 AD_PRES                                                                                                                                                                                   
           90 AD_VP             100                                                                                                                                                                     
          110 AC_ACCOUNT        205                                                                                                                                                                     
          110 AC_MGR            101                                                                                                                                                                     
              SA_REP            149                                                                                                                                                                     

14 rows selected.

SQL> 
SQL> SELECT FIRST_NAME , SALARY FROM EMPLOYEES;

FIRST_NAME     SALARY                                                                                                                                                                                   
---------- ----------                                                                                                                                                                                   
Steven          24000                                                                                                                                                                                   
Neena           17000                                                                                                                                                                                   
Lex             17000                                                                                                                                                                                   
Alexander        9000                                                                                                                                                                                   
Bruce            6000                                                                                                                                                                                   
Diana            4200                                                                                                                                                                                   
Kevin            5800                                                                                                                                                                                   
Trenna           3500                                                                                                                                                                                   
Curtis           3100                                                                                                                                                                                   
Randall          2600                                                                                                                                                                                   
Peter            2500                                                                                                                                                                                   
Eleni           10500                                                                                                                                                                                   
Ellen           11000                                                                                                                                                                                   
Jonathon         8600                                                                                                                                                                                   
Kimerely         7000                                                                                                                                                                                   
Jennifer         4400                                                                                                                                                                                   
Michael         13000                                                                                                                                                                                   
Pat              6000                                                                                                                                                                                   
Shelley         12000                                                                                                                                                                                   
William          8300                                                                                                                                                                                   

20 rows selected.

SQL> REM Steven gets Rs.24000
SQL> 
SQL> REM Steven's monthly salary is Rs.24000/-.
SQL> 
SQL> SELECT FIRST_NAME || 's monthly salary is Rs.' || SALARY || '/-.' FROM EMPLOYEES;

FIRST_NAME||'SMONTHLYSALARYISRS.'||SALARY||'/-.'                                                                                                                                                        
----------------------------------------------------------------------------                                                                                                                            
Stevens monthly salary is Rs.24000/-.                                                                                                                                                                   
Neenas monthly salary is Rs.17000/-.                                                                                                                                                                    
Lexs monthly salary is Rs.17000/-.                                                                                                                                                                      
Alexanders monthly salary is Rs.9000/-.                                                                                                                                                                 
Bruces monthly salary is Rs.6000/-.                                                                                                                                                                     
Dianas monthly salary is Rs.4200/-.                                                                                                                                                                     
Kevins monthly salary is Rs.5800/-.                                                                                                                                                                     
Trennas monthly salary is Rs.3500/-.                                                                                                                                                                    
Curtiss monthly salary is Rs.3100/-.                                                                                                                                                                    
Randalls monthly salary is Rs.2600/-.                                                                                                                                                                   
Peters monthly salary is Rs.2500/-.                                                                                                                                                                     
Elenis monthly salary is Rs.10500/-.                                                                                                                                                                    
Ellens monthly salary is Rs.11000/-.                                                                                                                                                                    
Jonathons monthly salary is Rs.8600/-.                                                                                                                                                                  
Kimerelys monthly salary is Rs.7000/-.                                                                                                                                                                  
Jennifers monthly salary is Rs.4400/-.                                                                                                                                                                  
Michaels monthly salary is Rs.13000/-.                                                                                                                                                                  
Pats monthly salary is Rs.6000/-.                                                                                                                                                                       
Shelleys monthly salary is Rs.12000/-.                                                                                                                                                                  
Williams monthly salary is Rs.8300/-.                                                                                                                                                                   

20 rows selected.

SQL> SELECT FIRST_NAME || ''s monthly salary is Rs.' || SALARY || '/-.' FROM EMPLOYEES;
ERROR:
ORA-01756: quoted string not properly terminated 


SQL> SELECT FIRST_NAME || '''s monthly salary is Rs.' || SALARY || '/-.' FROM EMPLOYEES;

FIRST_NAME||'''SMONTHLYSALARYISRS.'||SALARY||'/-.'                                                                                                                                                      
-----------------------------------------------------------------------------                                                                                                                           
Steven's monthly salary is Rs.24000/-.                                                                                                                                                                  
Neena's monthly salary is Rs.17000/-.                                                                                                                                                                   
Lex's monthly salary is Rs.17000/-.                                                                                                                                                                     
Alexander's monthly salary is Rs.9000/-.                                                                                                                                                                
Bruce's monthly salary is Rs.6000/-.                                                                                                                                                                    
Diana's monthly salary is Rs.4200/-.                                                                                                                                                                    
Kevin's monthly salary is Rs.5800/-.                                                                                                                                                                    
Trenna's monthly salary is Rs.3500/-.                                                                                                                                                                   
Curtis's monthly salary is Rs.3100/-.                                                                                                                                                                   
Randall's monthly salary is Rs.2600/-.                                                                                                                                                                  
Peter's monthly salary is Rs.2500/-.                                                                                                                                                                    
Eleni's monthly salary is Rs.10500/-.                                                                                                                                                                   
Ellen's monthly salary is Rs.11000/-.                                                                                                                                                                   
Jonathon's monthly salary is Rs.8600/-.                                                                                                                                                                 
Kimerely's monthly salary is Rs.7000/-.                                                                                                                                                                 
Jennifer's monthly salary is Rs.4400/-.                                                                                                                                                                 
Michael's monthly salary is Rs.13000/-.                                                                                                                                                                 
Pat's monthly salary is Rs.6000/-.                                                                                                                                                                      
Shelley's monthly salary is Rs.12000/-.                                                                                                                                                                 
William's monthly salary is Rs.8300/-.                                                                                                                                                                  

20 rows selected.

SQL> REM Q : QUOTE OPERATOR : TO CHANGE QUOTATION CHARACTER
SQL> 
SQL> SELECT FIRST_NAME || Q'"'s monthly salary is Rs."' || SALARY || '/-.' FROM EMPLOYEES;

FIRST_NAME||Q'"'SMONTHLYSALARYISRS."'||SALARY||'/-.'                                                                                                                                                    
-----------------------------------------------------------------------------                                                                                                                           
Steven's monthly salary is Rs.24000/-.                                                                                                                                                                  
Neena's monthly salary is Rs.17000/-.                                                                                                                                                                   
Lex's monthly salary is Rs.17000/-.                                                                                                                                                                     
Alexander's monthly salary is Rs.9000/-.                                                                                                                                                                
Bruce's monthly salary is Rs.6000/-.                                                                                                                                                                    
Diana's monthly salary is Rs.4200/-.                                                                                                                                                                    
Kevin's monthly salary is Rs.5800/-.                                                                                                                                                                    
Trenna's monthly salary is Rs.3500/-.                                                                                                                                                                   
Curtis's monthly salary is Rs.3100/-.                                                                                                                                                                   
Randall's monthly salary is Rs.2600/-.                                                                                                                                                                  
Peter's monthly salary is Rs.2500/-.                                                                                                                                                                    
Eleni's monthly salary is Rs.10500/-.                                                                                                                                                                   
Ellen's monthly salary is Rs.11000/-.                                                                                                                                                                   
Jonathon's monthly salary is Rs.8600/-.                                                                                                                                                                 
Kimerely's monthly salary is Rs.7000/-.                                                                                                                                                                 
Jennifer's monthly salary is Rs.4400/-.                                                                                                                                                                 
Michael's monthly salary is Rs.13000/-.                                                                                                                                                                 
Pat's monthly salary is Rs.6000/-.                                                                                                                                                                      
Shelley's monthly salary is Rs.12000/-.                                                                                                                                                                 
William's monthly salary is Rs.8300/-.                                                                                                                                                                  

20 rows selected.

SQL> SELECT FIRST_NAME || Q'*'s monthly salary is Rs.*' || SALARY || '/-.' FROM EMPLOYEES;

FIRST_NAME||Q'*'SMONTHLYSALARYISRS.*'||SALARY||'/-.'                                                                                                                                                    
-----------------------------------------------------------------------------                                                                                                                           
Steven's monthly salary is Rs.24000/-.                                                                                                                                                                  
Neena's monthly salary is Rs.17000/-.                                                                                                                                                                   
Lex's monthly salary is Rs.17000/-.                                                                                                                                                                     
Alexander's monthly salary is Rs.9000/-.                                                                                                                                                                
Bruce's monthly salary is Rs.6000/-.                                                                                                                                                                    
Diana's monthly salary is Rs.4200/-.                                                                                                                                                                    
Kevin's monthly salary is Rs.5800/-.                                                                                                                                                                    
Trenna's monthly salary is Rs.3500/-.                                                                                                                                                                   
Curtis's monthly salary is Rs.3100/-.                                                                                                                                                                   
Randall's monthly salary is Rs.2600/-.                                                                                                                                                                  
Peter's monthly salary is Rs.2500/-.                                                                                                                                                                    
Eleni's monthly salary is Rs.10500/-.                                                                                                                                                                   
Ellen's monthly salary is Rs.11000/-.                                                                                                                                                                   
Jonathon's monthly salary is Rs.8600/-.                                                                                                                                                                 
Kimerely's monthly salary is Rs.7000/-.                                                                                                                                                                 
Jennifer's monthly salary is Rs.4400/-.                                                                                                                                                                 
Michael's monthly salary is Rs.13000/-.                                                                                                                                                                 
Pat's monthly salary is Rs.6000/-.                                                                                                                                                                      
Shelley's monthly salary is Rs.12000/-.                                                                                                                                                                 
William's monthly salary is Rs.8300/-.                                                                                                                                                                  

20 rows selected.

SQL> SELECT FIRST_NAME || Q'A's monthly salary is Rs.A' || SALARY || '/-.' FROM EMPLOYEES;

FIRST_NAME||Q'A'SMONTHLYSALARYISRS.A'||SALARY||'/-.'                                                                                                                                                    
-----------------------------------------------------------------------------                                                                                                                           
Steven's monthly salary is Rs.24000/-.                                                                                                                                                                  
Neena's monthly salary is Rs.17000/-.                                                                                                                                                                   
Lex's monthly salary is Rs.17000/-.                                                                                                                                                                     
Alexander's monthly salary is Rs.9000/-.                                                                                                                                                                
Bruce's monthly salary is Rs.6000/-.                                                                                                                                                                    
Diana's monthly salary is Rs.4200/-.                                                                                                                                                                    
Kevin's monthly salary is Rs.5800/-.                                                                                                                                                                    
Trenna's monthly salary is Rs.3500/-.                                                                                                                                                                   
Curtis's monthly salary is Rs.3100/-.                                                                                                                                                                   
Randall's monthly salary is Rs.2600/-.                                                                                                                                                                  
Peter's monthly salary is Rs.2500/-.                                                                                                                                                                    
Eleni's monthly salary is Rs.10500/-.                                                                                                                                                                   
Ellen's monthly salary is Rs.11000/-.                                                                                                                                                                   
Jonathon's monthly salary is Rs.8600/-.                                                                                                                                                                 
Kimerely's monthly salary is Rs.7000/-.                                                                                                                                                                 
Jennifer's monthly salary is Rs.4400/-.                                                                                                                                                                 
Michael's monthly salary is Rs.13000/-.                                                                                                                                                                 
Pat's monthly salary is Rs.6000/-.                                                                                                                                                                      
Shelley's monthly salary is Rs.12000/-.                                                                                                                                                                 
William's monthly salary is Rs.8300/-.                                                                                                                                                                  

20 rows selected.

SQL> SELECT FIRST_NAME || Q'4's monthly salary is Rs.4' || SALARY || '/-.' FROM EMPLOYEES;

FIRST_NAME||Q'4'SMONTHLYSALARYISRS.4'||SALARY||'/-.'                                                                                                                                                    
-----------------------------------------------------------------------------                                                                                                                           
Steven's monthly salary is Rs.24000/-.                                                                                                                                                                  
Neena's monthly salary is Rs.17000/-.                                                                                                                                                                   
Lex's monthly salary is Rs.17000/-.                                                                                                                                                                     
Alexander's monthly salary is Rs.9000/-.                                                                                                                                                                
Bruce's monthly salary is Rs.6000/-.                                                                                                                                                                    
Diana's monthly salary is Rs.4200/-.                                                                                                                                                                    
Kevin's monthly salary is Rs.5800/-.                                                                                                                                                                    
Trenna's monthly salary is Rs.3500/-.                                                                                                                                                                   
Curtis's monthly salary is Rs.3100/-.                                                                                                                                                                   
Randall's monthly salary is Rs.2600/-.                                                                                                                                                                  
Peter's monthly salary is Rs.2500/-.                                                                                                                                                                    
Eleni's monthly salary is Rs.10500/-.                                                                                                                                                                   
Ellen's monthly salary is Rs.11000/-.                                                                                                                                                                   
Jonathon's monthly salary is Rs.8600/-.                                                                                                                                                                 
Kimerely's monthly salary is Rs.7000/-.                                                                                                                                                                 
Jennifer's monthly salary is Rs.4400/-.                                                                                                                                                                 
Michael's monthly salary is Rs.13000/-.                                                                                                                                                                 
Pat's monthly salary is Rs.6000/-.                                                                                                                                                                      
Shelley's monthly salary is Rs.12000/-.                                                                                                                                                                 
William's monthly salary is Rs.8300/-.                                                                                                                                                                  

20 rows selected.

SQL> SELECT FIRST_NAME || '"s monthly salary is Rs.' || SALARY || '/-.' FROM EMPLOYEES;

FIRST_NAME||'"SMONTHLYSALARYISRS.'||SALARY||'/-.'                                                                                                                                                       
-----------------------------------------------------------------------------                                                                                                                           
Steven"s monthly salary is Rs.24000/-.                                                                                                                                                                  
Neena"s monthly salary is Rs.17000/-.                                                                                                                                                                   
Lex"s monthly salary is Rs.17000/-.                                                                                                                                                                     
Alexander"s monthly salary is Rs.9000/-.                                                                                                                                                                
Bruce"s monthly salary is Rs.6000/-.                                                                                                                                                                    
Diana"s monthly salary is Rs.4200/-.                                                                                                                                                                    
Kevin"s monthly salary is Rs.5800/-.                                                                                                                                                                    
Trenna"s monthly salary is Rs.3500/-.                                                                                                                                                                   
Curtis"s monthly salary is Rs.3100/-.                                                                                                                                                                   
Randall"s monthly salary is Rs.2600/-.                                                                                                                                                                  
Peter"s monthly salary is Rs.2500/-.                                                                                                                                                                    
Eleni"s monthly salary is Rs.10500/-.                                                                                                                                                                   
Ellen"s monthly salary is Rs.11000/-.                                                                                                                                                                   
Jonathon"s monthly salary is Rs.8600/-.                                                                                                                                                                 
Kimerely"s monthly salary is Rs.7000/-.                                                                                                                                                                 
Jennifer"s monthly salary is Rs.4400/-.                                                                                                                                                                 
Michael"s monthly salary is Rs.13000/-.                                                                                                                                                                 
Pat"s monthly salary is Rs.6000/-.                                                                                                                                                                      
Shelley"s monthly salary is Rs.12000/-.                                                                                                                                                                 
William"s monthly salary is Rs.8300/-.                                                                                                                                                                  

20 rows selected.

SQL> SELECT FIRST_NAME || Q'['s monthly salary is Rs.]' || SALARY || '/-.' FROM EMPLOYEES;

FIRST_NAME||Q'['SMONTHLYSALARYISRS.]'||SALARY||'/-.'                                                                                                                                                    
-----------------------------------------------------------------------------                                                                                                                           
Steven's monthly salary is Rs.24000/-.                                                                                                                                                                  
Neena's monthly salary is Rs.17000/-.                                                                                                                                                                   
Lex's monthly salary is Rs.17000/-.                                                                                                                                                                     
Alexander's monthly salary is Rs.9000/-.                                                                                                                                                                
Bruce's monthly salary is Rs.6000/-.                                                                                                                                                                    
Diana's monthly salary is Rs.4200/-.                                                                                                                                                                    
Kevin's monthly salary is Rs.5800/-.                                                                                                                                                                    
Trenna's monthly salary is Rs.3500/-.                                                                                                                                                                   
Curtis's monthly salary is Rs.3100/-.                                                                                                                                                                   
Randall's monthly salary is Rs.2600/-.                                                                                                                                                                  
Peter's monthly salary is Rs.2500/-.                                                                                                                                                                    
Eleni's monthly salary is Rs.10500/-.                                                                                                                                                                   
Ellen's monthly salary is Rs.11000/-.                                                                                                                                                                   
Jonathon's monthly salary is Rs.8600/-.                                                                                                                                                                 
Kimerely's monthly salary is Rs.7000/-.                                                                                                                                                                 
Jennifer's monthly salary is Rs.4400/-.                                                                                                                                                                 
Michael's monthly salary is Rs.13000/-.                                                                                                                                                                 
Pat's monthly salary is Rs.6000/-.                                                                                                                                                                      
Shelley's monthly salary is Rs.12000/-.                                                                                                                                                                 
William's monthly salary is Rs.8300/-.                                                                                                                                                                  

20 rows selected.

SQL> SELECT FIRST_NAME || Q'['s monthly salary is Rs.[' || SALARY || '/-.' FROM EMPLOYEES;
ERROR:
ORA-01756: quoted string not properly terminated 


SQL> SELECT FIRST_NAME || Q']'s monthly salary is Rs.]' || SALARY || '/-.' FROM EMPLOYEES;

FIRST_NAME||Q']'SMONTHLYSALARYISRS.]'||SALARY||'/-.'                                                                                                                                                    
-----------------------------------------------------------------------------                                                                                                                           
Steven's monthly salary is Rs.24000/-.                                                                                                                                                                  
Neena's monthly salary is Rs.17000/-.                                                                                                                                                                   
Lex's monthly salary is Rs.17000/-.                                                                                                                                                                     
Alexander's monthly salary is Rs.9000/-.                                                                                                                                                                
Bruce's monthly salary is Rs.6000/-.                                                                                                                                                                    
Diana's monthly salary is Rs.4200/-.                                                                                                                                                                    
Kevin's monthly salary is Rs.5800/-.                                                                                                                                                                    
Trenna's monthly salary is Rs.3500/-.                                                                                                                                                                   
Curtis's monthly salary is Rs.3100/-.                                                                                                                                                                   
Randall's monthly salary is Rs.2600/-.                                                                                                                                                                  
Peter's monthly salary is Rs.2500/-.                                                                                                                                                                    
Eleni's monthly salary is Rs.10500/-.                                                                                                                                                                   
Ellen's monthly salary is Rs.11000/-.                                                                                                                                                                   
Jonathon's monthly salary is Rs.8600/-.                                                                                                                                                                 
Kimerely's monthly salary is Rs.7000/-.                                                                                                                                                                 
Jennifer's monthly salary is Rs.4400/-.                                                                                                                                                                 
Michael's monthly salary is Rs.13000/-.                                                                                                                                                                 
Pat's monthly salary is Rs.6000/-.                                                                                                                                                                      
Shelley's monthly salary is Rs.12000/-.                                                                                                                                                                 
William's monthly salary is Rs.8300/-.                                                                                                                                                                  

20 rows selected.

SQL> SELECT FIRST_NAME || Q']'s monthly salary is Rs.[' || SALARY || '/-.' FROM EMPLOYEES;
ERROR:
ORA-01756: quoted string not properly terminated 


SQL> SELECT FIRST_NAME || Q'''s monthly salary is Rs.'' || SALARY || '/-.' FROM EMPLOYEES;

FIRST_NAME||Q'''SMONTHLYSALARYISRS.''||SALARY||'/-.'                                                                                                                                                    
-----------------------------------------------------------------------------                                                                                                                           
Steven's monthly salary is Rs.24000/-.                                                                                                                                                                  
Neena's monthly salary is Rs.17000/-.                                                                                                                                                                   
Lex's monthly salary is Rs.17000/-.                                                                                                                                                                     
Alexander's monthly salary is Rs.9000/-.                                                                                                                                                                
Bruce's monthly salary is Rs.6000/-.                                                                                                                                                                    
Diana's monthly salary is Rs.4200/-.                                                                                                                                                                    
Kevin's monthly salary is Rs.5800/-.                                                                                                                                                                    
Trenna's monthly salary is Rs.3500/-.                                                                                                                                                                   
Curtis's monthly salary is Rs.3100/-.                                                                                                                                                                   
Randall's monthly salary is Rs.2600/-.                                                                                                                                                                  
Peter's monthly salary is Rs.2500/-.                                                                                                                                                                    
Eleni's monthly salary is Rs.10500/-.                                                                                                                                                                   
Ellen's monthly salary is Rs.11000/-.                                                                                                                                                                   
Jonathon's monthly salary is Rs.8600/-.                                                                                                                                                                 
Kimerely's monthly salary is Rs.7000/-.                                                                                                                                                                 
Jennifer's monthly salary is Rs.4400/-.                                                                                                                                                                 
Michael's monthly salary is Rs.13000/-.                                                                                                                                                                 
Pat's monthly salary is Rs.6000/-.                                                                                                                                                                      
Shelley's monthly salary is Rs.12000/-.                                                                                                                                                                 
William's monthly salary is Rs.8300/-.                                                                                                                                                                  

20 rows selected.

SQL> SELECT FIRST_NAME , SALARY , COMMISSION_PCT FROM EMPLOYEES;

FIRST_NAME     SALARY COMMISSION_PCT                                                                                                                                                                    
---------- ---------- --------------                                                                                                                                                                    
Steven          24000                                                                                                                                                                                   
Neena           17000                                                                                                                                                                                   
Lex             17000                                                                                                                                                                                   
Alexander        9000                                                                                                                                                                                   
Bruce            6000                                                                                                                                                                                   
Diana            4200                                                                                                                                                                                   
Kevin            5800                                                                                                                                                                                   
Trenna           3500                                                                                                                                                                                   
Curtis           3100                                                                                                                                                                                   
Randall          2600                                                                                                                                                                                   
Peter            2500                                                                                                                                                                                   
Eleni           10500             .2                                                                                                                                                                    
Ellen           11000             .3                                                                                                                                                                    
Jonathon         8600             .3                                                                                                                                                                    
Kimerely         7000            .15                                                                                                                                                                    
Jennifer         4400                                                                                                                                                                                   
Michael         13000                                                                                                                                                                                   
Pat              6000                                                                                                                                                                                   
Shelley         12000                                                                                                                                                                                   
William          8300                                                                                                                                                                                   

20 rows selected.

SQL> SELECT FIRST_NAME , SALARY , COMMISSION_PCT , SALARY * COMMISION_PCT COMM_AMOUNT FROM EMPLOYEES;
SELECT FIRST_NAME , SALARY , COMMISSION_PCT , SALARY * COMMISION_PCT COMM_AMOUNT FROM EMPLOYEES
                                                       *
ERROR at line 1:
ORA-00904: "COMMISION_PCT": invalid identifier 


SQL> 
SQL> SELECT FIRST_NAME , SALARY , COMMISSION_PCT , SALARY * COMMISSION_PCT COMM_AMOUNT FROM EMPLOYEES;

FIRST_NAME     SALARY COMMISSION_PCT COMM_AMOUNT                                                                                                                                                        
---------- ---------- -------------- -----------                                                                                                                                                        
Steven          24000                                                                                                                                                                                   
Neena           17000                                                                                                                                                                                   
Lex             17000                                                                                                                                                                                   
Alexander        9000                                                                                                                                                                                   
Bruce            6000                                                                                                                                                                                   
Diana            4200                                                                                                                                                                                   
Kevin            5800                                                                                                                                                                                   
Trenna           3500                                                                                                                                                                                   
Curtis           3100                                                                                                                                                                                   
Randall          2600                                                                                                                                                                                   
Peter            2500                                                                                                                                                                                   
Eleni           10500             .2        2100                                                                                                                                                        
Ellen           11000             .3        3300                                                                                                                                                        
Jonathon         8600             .3        2580                                                                                                                                                        
Kimerely         7000            .15        1050                                                                                                                                                        
Jennifer         4400                                                                                                                                                                                   
Michael         13000                                                                                                                                                                                   
Pat              6000                                                                                                                                                                                   
Shelley         12000                                                                                                                                                                                   
William          8300                                                                                                                                                                                   

20 rows selected.

SQL> SELECT FIRST_NAME , SALARY , COMMISSION_PCT , SALARY * COMMISSION_PCT COMM_AMOUNT , SALARY + SALARY * COMMISSION_PCT TOTAL_PAYMENT FROM EMPLOYEES;

FIRST_NAME     SALARY COMMISSION_PCT COMM_AMOUNT TOTAL_PAYMENT                                                                                                                                          
---------- ---------- -------------- ----------- -------------                                                                                                                                          
Steven          24000                                                                                                                                                                                   
Neena           17000                                                                                                                                                                                   
Lex             17000                                                                                                                                                                                   
Alexander        9000                                                                                                                                                                                   
Bruce            6000                                                                                                                                                                                   
Diana            4200                                                                                                                                                                                   
Kevin            5800                                                                                                                                                                                   
Trenna           3500                                                                                                                                                                                   
Curtis           3100                                                                                                                                                                                   
Randall          2600                                                                                                                                                                                   
Peter            2500                                                                                                                                                                                   
Eleni           10500             .2        2100         12600                                                                                                                                          
Ellen           11000             .3        3300         14300                                                                                                                                          
Jonathon         8600             .3        2580         11180                                                                                                                                          
Kimerely         7000            .15        1050          8050                                                                                                                                          
Jennifer         4400                                                                                                                                                                                   
Michael         13000                                                                                                                                                                                   
Pat              6000                                                                                                                                                                                   
Shelley         12000                                                                                                                                                                                   
William          8300                                                                                                                                                                                   

20 rows selected.

SQL> SELECT FIRST_NAME , SALARY , NVL(COMMISSION_PCT,0) , SALARY * COMMISSION_PCT COMM_AMOUNT , SALARY + SALARY * COMMISSION_PCT TOTAL_PAYMENT FROM EMPLOYEES;

FIRST_NAME     SALARY NVL(COMMISSION_PCT,0) COMM_AMOUNT TOTAL_PAYMENT                                                                                                                                   
---------- ---------- --------------------- ----------- -------------                                                                                                                                   
Steven          24000                     0                                                                                                                                                             
Neena           17000                     0                                                                                                                                                             
Lex             17000                     0                                                                                                                                                             
Alexander        9000                     0                                                                                                                                                             
Bruce            6000                     0                                                                                                                                                             
Diana            4200                     0                                                                                                                                                             
Kevin            5800                     0                                                                                                                                                             
Trenna           3500                     0                                                                                                                                                             
Curtis           3100                     0                                                                                                                                                             
Randall          2600                     0                                                                                                                                                             
Peter            2500                     0                                                                                                                                                             
Eleni           10500                    .2        2100         12600                                                                                                                                   
Ellen           11000                    .3        3300         14300                                                                                                                                   
Jonathon         8600                    .3        2580         11180                                                                                                                                   
Kimerely         7000                   .15        1050          8050                                                                                                                                   
Jennifer         4400                     0                                                                                                                                                             
Michael         13000                     0                                                                                                                                                             
Pat              6000                     0                                                                                                                                                             
Shelley         12000                     0                                                                                                                                                             
William          8300                     0                                                                                                                                                             

20 rows selected.

SQL> SELECT FIRST_NAME , SALARY , NVL(COMMISSION_PCT,0) , SALARY * NVL(COMMISSION_PCT,0) COMM_AMOUNT , SALARY + SALARY * COMMISSION_PCT TOTAL_PAYMENT FROM EMPLOYEES;

FIRST_NAME     SALARY NVL(COMMISSION_PCT,0) COMM_AMOUNT TOTAL_PAYMENT                                                                                                                                   
---------- ---------- --------------------- ----------- -------------                                                                                                                                   
Steven          24000                     0           0                                                                                                                                                 
Neena           17000                     0           0                                                                                                                                                 
Lex             17000                     0           0                                                                                                                                                 
Alexander        9000                     0           0                                                                                                                                                 
Bruce            6000                     0           0                                                                                                                                                 
Diana            4200                     0           0                                                                                                                                                 
Kevin            5800                     0           0                                                                                                                                                 
Trenna           3500                     0           0                                                                                                                                                 
Curtis           3100                     0           0                                                                                                                                                 
Randall          2600                     0           0                                                                                                                                                 
Peter            2500                     0           0                                                                                                                                                 
Eleni           10500                    .2        2100         12600                                                                                                                                   
Ellen           11000                    .3        3300         14300                                                                                                                                   
Jonathon         8600                    .3        2580         11180                                                                                                                                   
Kimerely         7000                   .15        1050          8050                                                                                                                                   
Jennifer         4400                     0           0                                                                                                                                                 
Michael         13000                     0           0                                                                                                                                                 
Pat              6000                     0           0                                                                                                                                                 
Shelley         12000                     0           0                                                                                                                                                 
William          8300                     0           0                                                                                                                                                 

20 rows selected.

SQL> SELECT FIRST_NAME , SALARY , NVL(COMMISSION_PCT,0) , SALARY * NVL(COMMISSION_PCT,0) COMM_AMOUNT , SALARY + SALARY * NVL(COMMISSION_PCT,0) TOTAL_PAYMENT FROM EMPLOYEES;

FIRST_NAME     SALARY NVL(COMMISSION_PCT,0) COMM_AMOUNT TOTAL_PAYMENT                                                                                                                                   
---------- ---------- --------------------- ----------- -------------                                                                                                                                   
Steven          24000                     0           0         24000                                                                                                                                   
Neena           17000                     0           0         17000                                                                                                                                   
Lex             17000                     0           0         17000                                                                                                                                   
Alexander        9000                     0           0          9000                                                                                                                                   
Bruce            6000                     0           0          6000                                                                                                                                   
Diana            4200                     0           0          4200                                                                                                                                   
Kevin            5800                     0           0          5800                                                                                                                                   
Trenna           3500                     0           0          3500                                                                                                                                   
Curtis           3100                     0           0          3100                                                                                                                                   
Randall          2600                     0           0          2600                                                                                                                                   
Peter            2500                     0           0          2500                                                                                                                                   
Eleni           10500                    .2        2100         12600                                                                                                                                   
Ellen           11000                    .3        3300         14300                                                                                                                                   
Jonathon         8600                    .3        2580         11180                                                                                                                                   
Kimerely         7000                   .15        1050          8050                                                                                                                                   
Jennifer         4400                     0           0          4400                                                                                                                                   
Michael         13000                     0           0         13000                                                                                                                                   
Pat              6000                     0           0          6000                                                                                                                                   
Shelley         12000                     0           0         12000                                                                                                                                   
William          8300                     0           0          8300                                                                                                                                   

20 rows selected.

SQL> REM ANY ARITHMETIC CALCULATION WITH NULL WILL RESULT INTO NULL.
SQL> 
SQL> SELECT 5 + NULL FROM DUAL;

    5+NULL                                                                                                                                                                                              
----------                                                                                                                                                                                              
                                                                                                                                                                                                        

SQL> SELECT 5 - NULL FROM DUAL;

    5-NULL                                                                                                                                                                                              
----------                                                                                                                                                                                              
                                                                                                                                                                                                        

SQL> SELECT 5 * NULL FROM DUAL;

    5*NULL                                                                                                                                                                                              
----------                                                                                                                                                                                              
                                                                                                                                                                                                        

SQL> SELECT 5 / NULL FROM DUAL;

    5/NULL                                                                                                                                                                                              
----------                                                                                                                                                                                              
                                                                                                                                                                                                        

SQL> SELECT 5 || NULL FROM DUAL;

5                                                                                                                                                                                                       
-                                                                                                                                                                                                       
5                                                                                                                                                                                                       

SQL> REM NVL : NULL VALUE LOCATOR
SQL> 
SQL> SELECT * FROM DEPARTMENTS;

DEPARTMENT_ID DEPARTMENT_NAME                MANAGER_ID LOCATION_ID                                                                                                                                     
------------- ------------------------------ ---------- -----------                                                                                                                                     
           10 Administration                        200        1700                                                                                                                                     
           20 Marketing                             201        1800                                                                                                                                     
           50 Shiping                               124        1500                                                                                                                                     
           60 IT                                    103        1400                                                                                                                                     
           80 Sales                                 149        2500                                                                                                                                     
           90 Executive                             100        1700                                                                                                                                     
          110 Accounting                            205        1700                                                                                                                                     
          190 Contracting                                      1700                                                                                                                                     

8 rows selected.

SQL> SELECT ROWID , * FROM DEPARTMENTS;
SELECT ROWID , * FROM DEPARTMENTS
               *
ERROR at line 1:
ORA-00936: missing expression 


SQL> REM ROWID : UNIQUE ROW ADDRESS
SQL> 
SQL> REM WHEN WE USE ONLY * BETWEEN SELECT AND FROM, IT WILL BE CONSIDERED AS META CHARACTER
SQL> 
SQL> REM WHEN WE USE ANY EXTRA ITEM WITH * BETWEEN SELECT AND FROM, IT WILL RAISE ERRRO
SQL> 
SQL> 
SQL> REM * WILL BE USED AS ARITHMETIC OPERATOR
SQL> 
SQL> REM IF WE WANT TO USE * AS META CHARACTER WE NEED TO QUALIFY * WITH EITHER TABLE ALIAS OR TABLE NAME
SQL> 
SQL> 
SQL> SELECT ROWID , * FROM DEPARTMENTS;
SELECT ROWID , * FROM DEPARTMENTS
               *
ERROR at line 1:
ORA-00936: missing expression 


SQL> SELECT ROWID , DEPARTMENTS.* FROM DEPARTMENTS;

ROWID              DEPARTMENT_ID DEPARTMENT_NAME                MANAGER_ID LOCATION_ID                                                                                                                  
------------------ ------------- ------------------------------ ---------- -----------                                                                                                                  
AAASQqAAHAAAAGbAAA            10 Administration                        200        1700                                                                                                                  
AAASQqAAHAAAAGbAAB            20 Marketing                             201        1800                                                                                                                  
AAASQqAAHAAAAGbAAC            50 Shiping                               124        1500                                                                                                                  
AAASQqAAHAAAAGbAAD            60 IT                                    103        1400                                                                                                                  
AAASQqAAHAAAAGbAAE            80 Sales                                 149        2500                                                                                                                  
AAASQqAAHAAAAGbAAF            90 Executive                             100        1700                                                                                                                  
AAASQqAAHAAAAGbAAG           110 Accounting                            205        1700                                                                                                                  
AAASQqAAHAAAAGbAAH           190 Contracting                                      1700                                                                                                                  

8 rows selected.

SQL> SELECT ROWID , D.* FROM DEPARTMENTS D;

ROWID              DEPARTMENT_ID DEPARTMENT_NAME                MANAGER_ID LOCATION_ID                                                                                                                  
------------------ ------------- ------------------------------ ---------- -----------                                                                                                                  
AAASQqAAHAAAAGbAAA            10 Administration                        200        1700                                                                                                                  
AAASQqAAHAAAAGbAAB            20 Marketing                             201        1800                                                                                                                  
AAASQqAAHAAAAGbAAC            50 Shiping                               124        1500                                                                                                                  
AAASQqAAHAAAAGbAAD            60 IT                                    103        1400                                                                                                                  
AAASQqAAHAAAAGbAAE            80 Sales                                 149        2500                                                                                                                  
AAASQqAAHAAAAGbAAF            90 Executive                             100        1700                                                                                                                  
AAASQqAAHAAAAGbAAG           110 Accounting                            205        1700                                                                                                                  
AAASQqAAHAAAAGbAAH           190 Contracting                                      1700                                                                                                                  

8 rows selected.

SQL> SELECT ROWID , DEPARTMENTS.* FROM DEPARTMENTS D;
SELECT ROWID , DEPARTMENTS.* FROM DEPARTMENTS D
                           *
ERROR at line 1:
ORA-00904: "DEPARTMENTS": invalid identifier 


SQL> SELECT ROWID , D.* FROM DEPARTMENTS;
SELECT ROWID , D.* FROM DEPARTMENTS
                 *
ERROR at line 1:
ORA-00904: "D": invalid identifier 


SQL> SELECT ROWNUM , ROWID , D.* FROM DEPARTMENTS D;

    ROWNUM ROWID              DEPARTMENT_ID DEPARTMENT_NAME                MANAGER_ID LOCATION_ID                                                                                                       
---------- ------------------ ------------- ------------------------------ ---------- -----------                                                                                                       
         1 AAASQqAAHAAAAGbAAA            10 Administration                        200        1700                                                                                                       
         2 AAASQqAAHAAAAGbAAB            20 Marketing                             201        1800                                                                                                       
         3 AAASQqAAHAAAAGbAAC            50 Shiping                               124        1500                                                                                                       
         4 AAASQqAAHAAAAGbAAD            60 IT                                    103        1400                                                                                                       
         5 AAASQqAAHAAAAGbAAE            80 Sales                                 149        2500                                                                                                       
         6 AAASQqAAHAAAAGbAAF            90 Executive                             100        1700                                                                                                       
         7 AAASQqAAHAAAAGbAAG           110 Accounting                            205        1700                                                                                                       
         8 AAASQqAAHAAAAGbAAH           190 Contracting                                      1700                                                                                                       

8 rows selected.

SQL> SPOOL OFF
