SQL> 
SQL> REM SELECT SYNTAX : SELECT ... FROM ... WHERE ... ORDER BY ... OFFSET ... FETCH ...;
SQL> 
SQL> REM WHERE : RESTRICTION / SELECTION PURPOSE
SQL> 
SQL> REM RESTRICTION/SELECTION : DISPLAYING SOME OF THE ROWS OF TABLE WHICH SATISFIES OUR CONDITION
SQL> 
SQL> SET LINES 200 PAGES 24
SQL> 
SQL> SELECT * FROM EMPLOYEES;

EMPLOYEE_ID FIRST_NAME LAST_NAME  EMAIL      PHONE_NUMBER         HIRE_DATE JOB_ID         SALARY COMMISSION_PCT MANAGER_ID DEPARTMENT_ID                                                               
----------- ---------- ---------- ---------- -------------------- --------- ---------- ---------- -------------- ---------- -------------                                                               
        100 Steven     King       SKING      515.123.4567         17-JUL-87 AD_PRES         24000                                      90                                                               
        101 Neena      Kochhar    NKOCHHAR   515.123.4568         21-SEP-89 AD_VP           17000                       100            90                                                               
        102 Lex        De Haan    LDEHAAN    515.123.4569         13-JAN-93 AD_VP           17000                       100            90                                                               
        103 Alexander  Hunold     AHUNOLD    590.423.4567         03-JAN-90 IT_PROG          9000                       102            60                                                               
        104 Bruce      Ernst      BERNST     590.423.4568         21-MAY-91 IT_PROG          6000                       103            60                                                               
        107 Diana      Lorentz    DLORENTZ   590.423.5567         07-FEB-99 IT_PROG          4200                       103            60                                                               
        124 Kevin      Mourgos    KMOURGOS   650.123.5234         16-NOV-99 ST_MAN           5800                       100            50                                                               
        141 Trenna     Rajs       TRAJS      650.121.8009         17-OCT-95 ST_CLERK         3500                       124            50                                                               
        142 Curtis     Davies     CDAVIES    650.121.2994         29-JAN-97 ST_CLERK         3100                       124            50                                                               
        143 Randall    Matos      RMATOS     650.121.2874         15-MAR-98 ST_CLERK         2600                       124            50                                                               
        144 Peter      Vargas     PVARGAS    650.121.2004         09-JUL-98 ST_CLERK         2500                       124            50                                                               
        149 Eleni      Zlotkey    EZLOTKEY   011.44.1344.429018   29-JAN-00 SA_MAN          10500             .2        100            80                                                               
        174 Ellen      Abel       EABEL      011.44.1644.429267   11-MAY-96 SA_REP          11000             .3        149            80                                                               
        176 Jonathon   Taylor     JTAYLOR    011.44.1644.429265   24-MAR-98 SA_REP           8600             .3        149            80                                                               
        178 Kimerely   Grant      KGRANT     011.44.1644.429263   24-MAY-99 SA_REP           7000            .15        149                                                                             
        200 Jennifer   Whalen     JWAHLEN    515.123.4444         17-SEP-87 AD_ASST          4400                       101            10                                                               
        201 Michael    Hartstein  MHARTSTE   515.123.5555         17-FEB-96 MK_MAN          13000                       100            20                                                               
        202 Pat        Fay        PFAY       603.123.6666         17-AUG-97 MK_REP           6000                       201            20                                                               
        205 Shelley    Higgins    SHIGGINS   515.123.8080         07-JUN-94 AC_MGR          12000                       101           110                                                               
        206 William    Gietz      WGIETZ     515.123.8181         07-JUN-94 AC_ACCOUNT       8300                       205           110                                                               

20 rows selected.

SQL> REM PROJECTION : DISPLAYING SELECTED COLUMNS
SQL> 
SQL> SELECT FIRST_NAME , SALARY FROM EMPLOYEES;

FIRST_NAME     SALARY                                                                                                                                                                                   
---------- ----------                                                                                                                                                                                   
Steven          24000                                                                                                                                                                                   
Neena           17000                                                                                                                                                                                   
Lex             17000                                                                                                                                                                                   
Alexander        9000                                                                                                                                                                                   
Bruce            6000                                                                                                                                                                                   
Diana            4200                                                                                                                                                                                   
Kevin            5800                                                                                                                                                                                   
Trenna           3500                                                                                                                                                                                   
Curtis           3100                                                                                                                                                                                   
Randall          2600                                                                                                                                                                                   
Peter            2500                                                                                                                                                                                   
Eleni           10500                                                                                                                                                                                   
Ellen           11000                                                                                                                                                                                   
Jonathon         8600                                                                                                                                                                                   
Kimerely         7000                                                                                                                                                                                   
Jennifer         4400                                                                                                                                                                                   
Michael         13000                                                                                                                                                                                   
Pat              6000                                                                                                                                                                                   
Shelley         12000                                                                                                                                                                                   
William          8300                                                                                                                                                                                   

20 rows selected.

SQL> SELECT * FROM EMPLOYEES WHERE SALARY > 10000;

EMPLOYEE_ID FIRST_NAME LAST_NAME  EMAIL      PHONE_NUMBER         HIRE_DATE JOB_ID         SALARY COMMISSION_PCT MANAGER_ID DEPARTMENT_ID                                                               
----------- ---------- ---------- ---------- -------------------- --------- ---------- ---------- -------------- ---------- -------------                                                               
        100 Steven     King       SKING      515.123.4567         17-JUL-87 AD_PRES         24000                                      90                                                               
        101 Neena      Kochhar    NKOCHHAR   515.123.4568         21-SEP-89 AD_VP           17000                       100            90                                                               
        102 Lex        De Haan    LDEHAAN    515.123.4569         13-JAN-93 AD_VP           17000                       100            90                                                               
        149 Eleni      Zlotkey    EZLOTKEY   011.44.1344.429018   29-JAN-00 SA_MAN          10500             .2        100            80                                                               
        174 Ellen      Abel       EABEL      011.44.1644.429267   11-MAY-96 SA_REP          11000             .3        149            80                                                               
        201 Michael    Hartstein  MHARTSTE   515.123.5555         17-FEB-96 MK_MAN          13000                       100            20                                                               
        205 Shelley    Higgins    SHIGGINS   515.123.8080         07-JUN-94 AC_MGR          12000                       101           110                                                               

7 rows selected.

SQL> SELECT FIRST_NAME , SALARY FROM EMPLOYEES WHERE SALARY > 10000;

FIRST_NAME     SALARY                                                                                                                                                                                   
---------- ----------                                                                                                                                                                                   
Steven          24000                                                                                                                                                                                   
Neena           17000                                                                                                                                                                                   
Lex             17000                                                                                                                                                                                   
Eleni           10500                                                                                                                                                                                   
Ellen           11000                                                                                                                                                                                   
Michael         13000                                                                                                                                                                                   
Shelley         12000                                                                                                                                                                                   

7 rows selected.

SQL> REM WHERE SYNTAX : OPERAND1 OPERATOR OPERAND2
SQL> 
SQL> REM WHERE EXAMPLE : SALARY > 10000
SQL> 
SQL> REM SALARY IS OPERAND1
SQL> 
SQL> REM > IS OPERATOR
SQL> 
SQL> REM 10000 IS OPERAND2
SQL> 
SQL> REM DATA TYPES OF BOTH OPERANDS SHOULD MATCH
SQL> 
SQL> REM IF NOT SAME, IT WILL TRY TO CONVERT ONE OF THEM INTO ANOTHER
SQL> 
SQL> REM IT IT CAN, IT WILL DEVELOP AND RETURN RESULT
SQL> 
SQL> REM IF IT CAN'T, IT WILL RAISE ERROR
SQL> 
SQL> REM NUMBER CONDITIONS :
SQL> 
SQL> SELECT FIRST_NAME , SALARY FROM EMPLOYEES WHERE SALARY > 10000;

FIRST_NAME     SALARY                                                                                                                                                                                   
---------- ----------                                                                                                                                                                                   
Steven          24000                                                                                                                                                                                   
Neena           17000                                                                                                                                                                                   
Lex             17000                                                                                                                                                                                   
Eleni           10500                                                                                                                                                                                   
Ellen           11000                                                                                                                                                                                   
Michael         13000                                                                                                                                                                                   
Shelley         12000                                                                                                                                                                                   

7 rows selected.

SQL> SELECT FIRST_NAME , SALARY FROM EMPLOYEES WHERE SALARY > '10000';

FIRST_NAME     SALARY                                                                                                                                                                                   
---------- ----------                                                                                                                                                                                   
Steven          24000                                                                                                                                                                                   
Neena           17000                                                                                                                                                                                   
Lex             17000                                                                                                                                                                                   
Eleni           10500                                                                                                                                                                                   
Ellen           11000                                                                                                                                                                                   
Michael         13000                                                                                                                                                                                   
Shelley         12000                                                                                                                                                                                   

7 rows selected.

SQL> SELECT FIRST_NAME , SALARY FROM EMPLOYEES WHERE SALARY > '10000.00';

FIRST_NAME     SALARY                                                                                                                                                                                   
---------- ----------                                                                                                                                                                                   
Steven          24000                                                                                                                                                                                   
Neena           17000                                                                                                                                                                                   
Lex             17000                                                                                                                                                                                   
Eleni           10500                                                                                                                                                                                   
Ellen           11000                                                                                                                                                                                   
Michael         13000                                                                                                                                                                                   
Shelley         12000                                                                                                                                                                                   

7 rows selected.

SQL> SELECT FIRST_NAME , SALARY FROM EMPLOYEES WHERE SALARY > '10,000';
SELECT FIRST_NAME , SALARY FROM EMPLOYEES WHERE SALARY > '10,000'
                                                         *
ERROR at line 1:
ORA-01722: invalid number 


SQL> SELECT FIRST_NAME , SALARY FROM EMPLOYEES WHERE SALARY > '$10000';
SELECT FIRST_NAME , SALARY FROM EMPLOYEES WHERE SALARY > '$10000'
                                                         *
ERROR at line 1:
ORA-01722: invalid number 


SQL> REM CHARACTER COMPARISONS
SQL> 
SQL> REM TYPES OF OPERATORS : 1 SINGLE ROW 2 MULTI ROW 3 SPECIAL
SQL> 
SQL> REM SINGLE ROW / SCALAR OPERATORS : IT CAN COMPARE SINGLE VALUE WITHIN SINGLE CONDITION
SQL> 
SQL> REM LIST OF SINGLE ROW / SCALAR OPERATORS : = < > <= >=    <> != ^=
SQL> 
SQL> REM NUMBER EXAMPLES
SQL> 
SQL> SELECT FIRST_NAME , SALARY FROM EMPLOYEES ORDER BY 2;

FIRST_NAME     SALARY                                                                                                                                                                                   
---------- ----------                                                                                                                                                                                   
Peter            2500                                                                                                                                                                                   
Randall          2600                                                                                                                                                                                   
Curtis           3100                                                                                                                                                                                   
Trenna           3500                                                                                                                                                                                   
Diana            4200                                                                                                                                                                                   
Jennifer         4400                                                                                                                                                                                   
Kevin            5800                                                                                                                                                                                   
Bruce            6000                                                                                                                                                                                   
Pat              6000                                                                                                                                                                                   
Kimerely         7000                                                                                                                                                                                   
William          8300                                                                                                                                                                                   
Jonathon         8600                                                                                                                                                                                   
Alexander        9000                                                                                                                                                                                   
Eleni           10500                                                                                                                                                                                   
Ellen           11000                                                                                                                                                                                   
Shelley         12000                                                                                                                                                                                   
Michael         13000                                                                                                                                                                                   
Neena           17000                                                                                                                                                                                   
Lex             17000                                                                                                                                                                                   
Steven          24000                                                                                                                                                                                   

20 rows selected.

SQL> SELECT FIRST_NAME , SALARY FROM EMPLOYEES WHERE SALARY = 6000 ORDER BY 2;

FIRST_NAME     SALARY                                                                                                                                                                                   
---------- ----------                                                                                                                                                                                   
Bruce            6000                                                                                                                                                                                   
Pat              6000                                                                                                                                                                                   

SQL> SELECT FIRST_NAME , SALARY FROM EMPLOYEES WHERE SALARY > 6000 ORDER BY 2;

FIRST_NAME     SALARY                                                                                                                                                                                   
---------- ----------                                                                                                                                                                                   
Kimerely         7000                                                                                                                                                                                   
William          8300                                                                                                                                                                                   
Jonathon         8600                                                                                                                                                                                   
Alexander        9000                                                                                                                                                                                   
Eleni           10500                                                                                                                                                                                   
Ellen           11000                                                                                                                                                                                   
Shelley         12000                                                                                                                                                                                   
Michael         13000                                                                                                                                                                                   
Neena           17000                                                                                                                                                                                   
Lex             17000                                                                                                                                                                                   
Steven          24000                                                                                                                                                                                   

11 rows selected.

SQL> SELECT FIRST_NAME , SALARY FROM EMPLOYEES WHERE SALARY >= 6000 ORDER BY 2;

FIRST_NAME     SALARY                                                                                                                                                                                   
---------- ----------                                                                                                                                                                                   
Pat              6000                                                                                                                                                                                   
Bruce            6000                                                                                                                                                                                   
Kimerely         7000                                                                                                                                                                                   
William          8300                                                                                                                                                                                   
Jonathon         8600                                                                                                                                                                                   
Alexander        9000                                                                                                                                                                                   
Eleni           10500                                                                                                                                                                                   
Ellen           11000                                                                                                                                                                                   
Shelley         12000                                                                                                                                                                                   
Michael         13000                                                                                                                                                                                   
Neena           17000                                                                                                                                                                                   
Lex             17000                                                                                                                                                                                   
Steven          24000                                                                                                                                                                                   

13 rows selected.

SQL> SELECT FIRST_NAME , SALARY FROM EMPLOYEES WHERE SALARY < 6000 ORDER BY 2;

FIRST_NAME     SALARY                                                                                                                                                                                   
---------- ----------                                                                                                                                                                                   
Peter            2500                                                                                                                                                                                   
Randall          2600                                                                                                                                                                                   
Curtis           3100                                                                                                                                                                                   
Trenna           3500                                                                                                                                                                                   
Diana            4200                                                                                                                                                                                   
Jennifer         4400                                                                                                                                                                                   
Kevin            5800                                                                                                                                                                                   

7 rows selected.

SQL> SELECT FIRST_NAME , SALARY FROM EMPLOYEES WHERE SALARY <= 6000 ORDER BY 2;

FIRST_NAME     SALARY                                                                                                                                                                                   
---------- ----------                                                                                                                                                                                   
Peter            2500                                                                                                                                                                                   
Randall          2600                                                                                                                                                                                   
Curtis           3100                                                                                                                                                                                   
Trenna           3500                                                                                                                                                                                   
Diana            4200                                                                                                                                                                                   
Jennifer         4400                                                                                                                                                                                   
Kevin            5800                                                                                                                                                                                   
Pat              6000                                                                                                                                                                                   
Bruce            6000                                                                                                                                                                                   

9 rows selected.

SQL> SELECT FIRST_NAME , SALARY FROM EMPLOYEES WHERE SALARY <> 6000 ORDER BY 2;

FIRST_NAME     SALARY                                                                                                                                                                                   
---------- ----------                                                                                                                                                                                   
Peter            2500                                                                                                                                                                                   
Randall          2600                                                                                                                                                                                   
Curtis           3100                                                                                                                                                                                   
Trenna           3500                                                                                                                                                                                   
Diana            4200                                                                                                                                                                                   
Jennifer         4400                                                                                                                                                                                   
Kevin            5800                                                                                                                                                                                   
Kimerely         7000                                                                                                                                                                                   
William          8300                                                                                                                                                                                   
Jonathon         8600                                                                                                                                                                                   
Alexander        9000                                                                                                                                                                                   
Eleni           10500                                                                                                                                                                                   
Ellen           11000                                                                                                                                                                                   
Shelley         12000                                                                                                                                                                                   
Michael         13000                                                                                                                                                                                   
Neena           17000                                                                                                                                                                                   
Lex             17000                                                                                                                                                                                   
Steven          24000                                                                                                                                                                                   

18 rows selected.

SQL> SELECT FIRST_NAME , SALARY FROM EMPLOYEES WHERE SALARY != 6000 ORDER BY 2;

FIRST_NAME     SALARY                                                                                                                                                                                   
---------- ----------                                                                                                                                                                                   
Peter            2500                                                                                                                                                                                   
Randall          2600                                                                                                                                                                                   
Curtis           3100                                                                                                                                                                                   
Trenna           3500                                                                                                                                                                                   
Diana            4200                                                                                                                                                                                   
Jennifer         4400                                                                                                                                                                                   
Kevin            5800                                                                                                                                                                                   
Kimerely         7000                                                                                                                                                                                   
William          8300                                                                                                                                                                                   
Jonathon         8600                                                                                                                                                                                   
Alexander        9000                                                                                                                                                                                   
Eleni           10500                                                                                                                                                                                   
Ellen           11000                                                                                                                                                                                   
Shelley         12000                                                                                                                                                                                   
Michael         13000                                                                                                                                                                                   
Neena           17000                                                                                                                                                                                   
Lex             17000                                                                                                                                                                                   
Steven          24000                                                                                                                                                                                   

18 rows selected.

SQL> SELECT FIRST_NAME , SALARY FROM EMPLOYEES WHERE SALARY ^= 6000 ORDER BY 2;

FIRST_NAME     SALARY                                                                                                                                                                                   
---------- ----------                                                                                                                                                                                   
Peter            2500                                                                                                                                                                                   
Randall          2600                                                                                                                                                                                   
Curtis           3100                                                                                                                                                                                   
Trenna           3500                                                                                                                                                                                   
Diana            4200                                                                                                                                                                                   
Jennifer         4400                                                                                                                                                                                   
Kevin            5800                                                                                                                                                                                   
Kimerely         7000                                                                                                                                                                                   
William          8300                                                                                                                                                                                   
Jonathon         8600                                                                                                                                                                                   
Alexander        9000                                                                                                                                                                                   
Eleni           10500                                                                                                                                                                                   
Ellen           11000                                                                                                                                                                                   
Shelley         12000                                                                                                                                                                                   
Michael         13000                                                                                                                                                                                   
Neena           17000                                                                                                                                                                                   
Lex             17000                                                                                                                                                                                   
Steven          24000                                                                                                                                                                                   

18 rows selected.

SQL> SELECT FIRST_NAME , SALARY FROM EMPLOYEES WHERE SALARY =^ 6000 ORDER BY 2;
SELECT FIRST_NAME , SALARY FROM EMPLOYEES WHERE SALARY =^ 6000 ORDER BY 2
                                                        *
ERROR at line 1:
ORA-00936: missing expression 


SQL> SELECT FIRST_NAME , SALARY FROM EMPLOYEES WHERE SALARY <> 6000 ORDER BY 2;

FIRST_NAME     SALARY                                                                                                                                                                                   
---------- ----------                                                                                                                                                                                   
Peter            2500                                                                                                                                                                                   
Randall          2600                                                                                                                                                                                   
Curtis           3100                                                                                                                                                                                   
Trenna           3500                                                                                                                                                                                   
Diana            4200                                                                                                                                                                                   
Jennifer         4400                                                                                                                                                                                   
Kevin            5800                                                                                                                                                                                   
Kimerely         7000                                                                                                                                                                                   
William          8300                                                                                                                                                                                   
Jonathon         8600                                                                                                                                                                                   
Alexander        9000                                                                                                                                                                                   
Eleni           10500                                                                                                                                                                                   
Ellen           11000                                                                                                                                                                                   
Shelley         12000                                                                                                                                                                                   
Michael         13000                                                                                                                                                                                   
Neena           17000                                                                                                                                                                                   
Lex             17000                                                                                                                                                                                   
Steven          24000                                                                                                                                                                                   

18 rows selected.

SQL> SELECT FIRST_NAME , SALARY FROM EMPLOYEES WHERE SALARY >< 6000 ORDER BY 2;
SELECT FIRST_NAME , SALARY FROM EMPLOYEES WHERE SALARY >< 6000 ORDER BY 2
                                                        *
ERROR at line 1:
ORA-00936: missing expression 


SQL> SELECT FIRST_NAME , SALARY FROM EMPLOYEES WHERE SALARY = (6000,11000) ORDER BY 2;
SELECT FIRST_NAME , SALARY FROM EMPLOYEES WHERE SALARY = (6000,11000) ORDER BY 2
                                                       *
ERROR at line 1:
ORA-01797: this operator must be followed by ANY or ALL 


SQL> REM COMMISSION_PCT
SQL> 
SQL> SELECT FIRST_NAME , COMMISSION_PCT FROM EMPLOYEES;

FIRST_NAME COMMISSION_PCT                                                                                                                                                                               
---------- --------------                                                                                                                                                                               
Steven                                                                                                                                                                                                  
Neena                                                                                                                                                                                                   
Lex                                                                                                                                                                                                     
Alexander                                                                                                                                                                                               
Bruce                                                                                                                                                                                                   
Diana                                                                                                                                                                                                   
Kevin                                                                                                                                                                                                   
Trenna                                                                                                                                                                                                  
Curtis                                                                                                                                                                                                  
Randall                                                                                                                                                                                                 
Peter                                                                                                                                                                                                   
Eleni                  .2                                                                                                                                                                               
Ellen                  .3                                                                                                                                                                               
Jonathon               .3                                                                                                                                                                               
Kimerely              .15                                                                                                                                                                               
Jennifer                                                                                                                                                                                                
Michael                                                                                                                                                                                                 
Pat                                                                                                                                                                                                     
Shelley                                                                                                                                                                                                 
William                                                                                                                                                                                                 

20 rows selected.

SQL> REM NULL VALUES ARE ALAWYS IGNORED BY ALL COMPARISON OPERATORS, EXCEPT IS NULL.
SQL> 
SQL> SELECT FIRST_NAME , COMMISSION_PCT FROM EMPLOYEES WHERE COMMISSION_PCT > .15;

FIRST_NAME COMMISSION_PCT                                                                                                                                                                               
---------- --------------                                                                                                                                                                               
Eleni                  .2                                                                                                                                                                               
Ellen                  .3                                                                                                                                                                               
Jonathon               .3                                                                                                                                                                               

SQL> 
SQL> SELECT FIRST_NAME , COMMISSION_PCT FROM EMPLOYEES WHERE COMMISSION_PCT >= .2;

FIRST_NAME COMMISSION_PCT                                                                                                                                                                               
---------- --------------                                                                                                                                                                               
Eleni                  .2                                                                                                                                                                               
Ellen                  .3                                                                                                                                                                               
Jonathon               .3                                                                                                                                                                               

SQL> SELECT FIRST_NAME , COMMISSION_PCT FROM EMPLOYEES WHERE COMMISSION_PCT <= .2;

FIRST_NAME COMMISSION_PCT                                                                                                                                                                               
---------- --------------                                                                                                                                                                               
Eleni                  .2                                                                                                                                                                               
Kimerely              .15                                                                                                                                                                               

SQL> SELECT FIRST_NAME , COMMISSION_PCT FROM EMPLOYEES WHERE COMMISSION_PCT <> 0;

FIRST_NAME COMMISSION_PCT                                                                                                                                                                               
---------- --------------                                                                                                                                                                               
Eleni                  .2                                                                                                                                                                               
Ellen                  .3                                                                                                                                                                               
Jonathon               .3                                                                                                                                                                               
Kimerely              .15                                                                                                                                                                               

SQL> SELECT FIRST_NAME , COMMISSION_PCT FROM EMPLOYEES WHERE COMMISSION_PCT = NULL;

no rows selected

SQL> SELECT ASCII(NULL) FROM DUAL;

ASCII(NULL)                                                                                                                                                                                             
-----------                                                                                                                                                                                             
                                                                                                                                                                                                        

SQL> REM CHARACTER COMPARISONS
SQL> 
SQL> SELECT FIRST_NAME , JOB_ID FROM EMPLOYEES;

FIRST_NAME JOB_ID                                                                                                                                                                                       
---------- ----------                                                                                                                                                                                   
Steven     AD_PRES                                                                                                                                                                                      
Neena      AD_VP                                                                                                                                                                                        
Lex        AD_VP                                                                                                                                                                                        
Alexander  IT_PROG                                                                                                                                                                                      
Bruce      IT_PROG                                                                                                                                                                                      
Diana      IT_PROG                                                                                                                                                                                      
Kevin      ST_MAN                                                                                                                                                                                       
Trenna     ST_CLERK                                                                                                                                                                                     
Curtis     ST_CLERK                                                                                                                                                                                     
Randall    ST_CLERK                                                                                                                                                                                     
Peter      ST_CLERK                                                                                                                                                                                     
Eleni      SA_MAN                                                                                                                                                                                       
Ellen      SA_REP                                                                                                                                                                                       
Jonathon   SA_REP                                                                                                                                                                                       
Kimerely   SA_REP                                                                                                                                                                                       
Jennifer   AD_ASST                                                                                                                                                                                      
Michael    MK_MAN                                                                                                                                                                                       
Pat        MK_REP                                                                                                                                                                                       
Shelley    AC_MGR                                                                                                                                                                                       
William    AC_ACCOUNT                                                                                                                                                                                   

20 rows selected.

SQL> REM DISPLAY ALL WHO WORKS AS IT_PROG
SQL> 
SQL> SELECT FIRST_NAME , JOB_ID FROM EMPLOYEES WHERE JOB_ID = IT_PROG;
SELECT FIRST_NAME , JOB_ID FROM EMPLOYEES WHERE JOB_ID = IT_PROG
                                                         *
ERROR at line 1:
ORA-00904: "IT_PROG": invalid identifier 


SQL> SELECT FIRST_NAME , JOB_ID FROM EMPLOYEES WHERE JOB_ID = 'IT_PROG';

FIRST_NAME JOB_ID                                                                                                                                                                                       
---------- ----------                                                                                                                                                                                   
Alexander  IT_PROG                                                                                                                                                                                      
Bruce      IT_PROG                                                                                                                                                                                      
Diana      IT_PROG                                                                                                                                                                                      

SQL> SELECT FIRST_NAME , JOB_ID FROM EMPLOYEES WHERE JOB_ID = "IT_PROG";
SELECT FIRST_NAME , JOB_ID FROM EMPLOYEES WHERE JOB_ID = "IT_PROG"
                                                         *
ERROR at line 1:
ORA-00904: "IT_PROG": invalid identifier 


SQL> SELECT FIRST_NAME , JOB_ID FROM EMPLOYEES WHERE JOB_ID = 'IT_prog';

no rows selected

SQL> SELECT FIRST_NAME , JOB_ID FROM EMPLOYEES WHERE 'IT_PROG' = JOB_ID;

FIRST_NAME JOB_ID                                                                                                                                                                                       
---------- ----------                                                                                                                                                                                   
Alexander  IT_PROG                                                                                                                                                                                      
Bruce      IT_PROG                                                                                                                                                                                      
Diana      IT_PROG                                                                                                                                                                                      

SQL> SELECT FIRST_NAME , JOB_ID FROM EMPLOYEES WHERE 'IT_PROG' = job_id;

FIRST_NAME JOB_ID                                                                                                                                                                                       
---------- ----------                                                                                                                                                                                   
Alexander  IT_PROG                                                                                                                                                                                      
Bruce      IT_PROG                                                                                                                                                                                      
Diana      IT_PROG                                                                                                                                                                                      

SQL> REM DATE COMPARISONS
SQL> 
SQL> REM DATE DEFAULT FORMAT : DD-MON-RR
SQL> 
SQL> REM DATE EXAMPLE : 13-DEC-21
SQL> 
SQL> REM RR : Rounding yeaR
SQL> 
SQL> REM DISPLAY THOSE WHO WERE HIRED IN YEAR 98
SQL> 
SQL> SELECT FIRST_NAME , HIRE_DATE FROM EMPLOYEES WHERE HIRE_DATE = 98;
SELECT FIRST_NAME , HIRE_DATE FROM EMPLOYEES WHERE HIRE_DATE = 98
                                                             *
ERROR at line 1:
ORA-00932: inconsistent datatypes: expected DATE got NUMBER 


SQL> SELECT FIRST_NAME , HIRE_DATE FROM EMPLOYEES WHERE HIRE_DATE = '98';
SELECT FIRST_NAME , HIRE_DATE FROM EMPLOYEES WHERE HIRE_DATE = '98'
                                                               *
ERROR at line 1:
ORA-01847: day of month must be between 1 and last day of month 


SQL> REM DISPLAY THOSE WHO WERE HIRED AFTER YEAR 98
SQL> 
SQL> SELECT FIRST_NAME , HIRE_DATE FROM EMPLOYEES WHERE HIRE_DATE > 98;
SELECT FIRST_NAME , HIRE_DATE FROM EMPLOYEES WHERE HIRE_DATE > 98
                                                             *
ERROR at line 1:
ORA-00932: inconsistent datatypes: expected DATE got NUMBER 


SQL> SELECT FIRST_NAME , HIRE_DATE FROM EMPLOYEES WHERE HIRE_DATE > '98';
SELECT FIRST_NAME , HIRE_DATE FROM EMPLOYEES WHERE HIRE_DATE > '98'
                                                               *
ERROR at line 1:
ORA-01847: day of month must be between 1 and last day of month 


SQL> SELECT FIRST_NAME , HIRE_DATE FROM EMPLOYEES WHERE HIRE_DATE > 31-DEC-98;
SELECT FIRST_NAME , HIRE_DATE FROM EMPLOYEES WHERE HIRE_DATE > 31-DEC-98
                                                                  *
ERROR at line 1:
ORA-00904: "DEC": invalid identifier 


SQL> SELECT FIRST_NAME , HIRE_DATE FROM EMPLOYEES WHERE HIRE_DATE > '31-DEC-98';

FIRST_NAME HIRE_DATE                                                                                                                                                                                    
---------- ---------                                                                                                                                                                                    
Diana      07-FEB-99                                                                                                                                                                                    
Kevin      16-NOV-99                                                                                                                                                                                    
Eleni      29-JAN-00                                                                                                                                                                                    
Kimerely   24-MAY-99                                                                                                                                                                                    

SQL> REM MONTH : DEC DECEMBER dec december Dec December
SQL> 
SQL> REM YEAR : 21 2021
SQL> 
SQL> REM SEPARATORS : ANY SPECIAL CHARACTER OTHER THAN ' AND &
SQL> 
SQL> REM SINGLE SEPARATOR WILL DO
SQL> 
SQL> REM TWO DIFFERENCE SEPARATORS WILL DO
SQL> 
SQL> REM WITHOUT SEPARATOR DATE IS ALLOWED
SQL> 
SQL> SELECT FIRST_NAME , HIRE_DATE FROM EMPLOYEES WHERE HIRE_DATE > '31-DECEMBER-98';

FIRST_NAME HIRE_DATE                                                                                                                                                                                    
---------- ---------                                                                                                                                                                                    
Diana      07-FEB-99                                                                                                                                                                                    
Kevin      16-NOV-99                                                                                                                                                                                    
Eleni      29-JAN-00                                                                                                                                                                                    
Kimerely   24-MAY-99                                                                                                                                                                                    

SQL> SELECT FIRST_NAME , HIRE_DATE FROM EMPLOYEES WHERE HIRE_DATE > '31-dec-98';

FIRST_NAME HIRE_DATE                                                                                                                                                                                    
---------- ---------                                                                                                                                                                                    
Diana      07-FEB-99                                                                                                                                                                                    
Kevin      16-NOV-99                                                                                                                                                                                    
Eleni      29-JAN-00                                                                                                                                                                                    
Kimerely   24-MAY-99                                                                                                                                                                                    

SQL> SELECT FIRST_NAME , HIRE_DATE FROM EMPLOYEES WHERE HIRE_DATE > '31-December-98';

FIRST_NAME HIRE_DATE                                                                                                                                                                                    
---------- ---------                                                                                                                                                                                    
Diana      07-FEB-99                                                                                                                                                                                    
Kevin      16-NOV-99                                                                                                                                                                                    
Eleni      29-JAN-00                                                                                                                                                                                    
Kimerely   24-MAY-99                                                                                                                                                                                    

SQL> SELECT FIRST_NAME , HIRE_DATE FROM EMPLOYEES WHERE HIRE_DATE > '31-December-1998';

FIRST_NAME HIRE_DATE                                                                                                                                                                                    
---------- ---------                                                                                                                                                                                    
Diana      07-FEB-99                                                                                                                                                                                    
Kevin      16-NOV-99                                                                                                                                                                                    
Eleni      29-JAN-00                                                                                                                                                                                    
Kimerely   24-MAY-99                                                                                                                                                                                    

SQL> SELECT FIRST_NAME , HIRE_DATE FROM EMPLOYEES WHERE HIRE_DATE > '31/December/1998';

FIRST_NAME HIRE_DATE                                                                                                                                                                                    
---------- ---------                                                                                                                                                                                    
Diana      07-FEB-99                                                                                                                                                                                    
Kevin      16-NOV-99                                                                                                                                                                                    
Eleni      29-JAN-00                                                                                                                                                                                    
Kimerely   24-MAY-99                                                                                                                                                                                    

SQL> SELECT FIRST_NAME , HIRE_DATE FROM EMPLOYEES WHERE HIRE_DATE > '31/December*1998';

FIRST_NAME HIRE_DATE                                                                                                                                                                                    
---------- ---------                                                                                                                                                                                    
Diana      07-FEB-99                                                                                                                                                                                    
Kevin      16-NOV-99                                                                                                                                                                                    
Eleni      29-JAN-00                                                                                                                                                                                    
Kimerely   24-MAY-99                                                                                                                                                                                    

SQL> SELECT FIRST_NAME , HIRE_DATE FROM EMPLOYEES WHERE HIRE_DATE > '31/December1998';

FIRST_NAME HIRE_DATE                                                                                                                                                                                    
---------- ---------                                                                                                                                                                                    
Diana      07-FEB-99                                                                                                                                                                                    
Kevin      16-NOV-99                                                                                                                                                                                    
Eleni      29-JAN-00                                                                                                                                                                                    
Kimerely   24-MAY-99                                                                                                                                                                                    

SQL> SELECT FIRST_NAME , HIRE_DATE FROM EMPLOYEES WHERE HIRE_DATE > '31December1998';

FIRST_NAME HIRE_DATE                                                                                                                                                                                    
---------- ---------                                                                                                                                                                                    
Diana      07-FEB-99                                                                                                                                                                                    
Kevin      16-NOV-99                                                                                                                                                                                    
Eleni      29-JAN-00                                                                                                                                                                                    
Kimerely   24-MAY-99                                                                                                                                                                                    

SQL> REM MONTH NUMBER IS NOT ALLOWED
SQL> 
SQL> REM LEFT TO RIGHT SEQUENCE/ORDER CAN'T BE CHANGED
SQL> 
SQL> SELECT FIRST_NAME , HIRE_DATE FROM EMPLOYEES WHERE HIRE_DATE > '31-12-1998';
SELECT FIRST_NAME , HIRE_DATE FROM EMPLOYEES WHERE HIRE_DATE > '31-12-1998'
                                                               *
ERROR at line 1:
ORA-01843: not a valid month 


SQL> SELECT FIRST_NAME , HIRE_DATE FROM EMPLOYEES WHERE HIRE_DATE > 'DEC-31-1998';
SELECT FIRST_NAME , HIRE_DATE FROM EMPLOYEES WHERE HIRE_DATE > 'DEC-31-1998'
                                                               *
ERROR at line 1:
ORA-01858: a non-numeric character was found where a numeric was expected 


SQL> SELECT FIRST_NAME , HIRE_DATE FROM EMPLOYEES WHERE HIRE_DATE > '98-DEC-31';
SELECT FIRST_NAME , HIRE_DATE FROM EMPLOYEES WHERE HIRE_DATE > '98-DEC-31'
                                                               *
ERROR at line 1:
ORA-01847: day of month must be between 1 and last day of month 


SQL> ALTER SESSION SET NLS_dATE_FORMAT = 'DD-MON-RRRR';

Session altered.

SQL> SELECT FIRST_NAME , HIRE_DATE FROM EMPLOYEES WHERE HIRE_DATE > '31/December1998';

FIRST_NAME HIRE_DATE                                                                                                                                                                                    
---------- -----------                                                                                                                                                                                  
Diana      07-FEB-1999                                                                                                                                                                                  
Kevin      16-NOV-1999                                                                                                                                                                                  
Eleni      29-JAN-2000                                                                                                                                                                                  
Kimerely   24-MAY-1999                                                                                                                                                                                  

SQL> REM CHARACTER VALUES ARE CASE SENSITIVE
SQL> 
SQL> REM DATE VALUES ARE FORMAT SENSITIVE
SQL> 
SQL> REM MULTI ROW COMPARISON OPERATOR
SQL> 
SQL> REM MULTI ROW COMPARISON OPERATOR : IT CAN COMPARE MULTIPLE VALUES WITHIN SINGLE CONDITION
SQL> 
SQL> REM LIST OF MULTI ROW COMPARISON OPERATORS : ANY/SOME , ALL
SQL> 
SQL> REM MULTI ROW COMPARISON OPERATORS CAN'T PERFORM ON IT'S OWN
SQL> 
SQL> REM MULTI ROW OPERATORS WORKS WITH SINGLE ROW OPERATORS
SQL> 
SQL> REM SYNTAX : SINGLE ROW OPERATOR MULTI ROW OPERATOR
SQL> 
SQL> REM SINGLE ROW : = < > <= >= <>
SQL> 
SQL> REM LOGICALLY WE SHOULD USE = ANY , = SOME , <> ALL
SQL> 
SQL> 
SQL> REM DISPLAY ALL WHO WORKS IN ANY OF THE DEPARTMENT 50 60 80
SQL> 
SQL> SELECT FIRST_NAME , DEPARTMENT_ID FROM EMPLOYEES WHERE DEPARTMENT_ID = (50, 60, 80);
SELECT FIRST_NAME , DEPARTMENT_ID FROM EMPLOYEES WHERE DEPARTMENT_ID = (50, 60, 80)
                                                                     *
ERROR at line 1:
ORA-01797: this operator must be followed by ANY or ALL 


SQL> SELECT FIRST_NAME , DEPARTMENT_ID FROM EMPLOYEES WHERE DEPARTMENT_ID = ANY (50, 60, 80);

FIRST_NAME DEPARTMENT_ID                                                                                                                                                                                
---------- -------------                                                                                                                                                                                
Alexander             60                                                                                                                                                                                
Bruce                 60                                                                                                                                                                                
Diana                 60                                                                                                                                                                                
Kevin                 50                                                                                                                                                                                
Trenna                50                                                                                                                                                                                
Curtis                50                                                                                                                                                                                
Randall               50                                                                                                                                                                                
Peter                 50                                                                                                                                                                                
Eleni                 80                                                                                                                                                                                
Ellen                 80                                                                                                                                                                                
Jonathon              80                                                                                                                                                                                

11 rows selected.

SQL> SELECT FIRST_NAME , DEPARTMENT_ID FROM EMPLOYEES WHERE DEPARTMENT_ID = SOME (50, 60, 80);

FIRST_NAME DEPARTMENT_ID                                                                                                                                                                                
---------- -------------                                                                                                                                                                                
Alexander             60                                                                                                                                                                                
Bruce                 60                                                                                                                                                                                
Diana                 60                                                                                                                                                                                
Kevin                 50                                                                                                                                                                                
Trenna                50                                                                                                                                                                                
Curtis                50                                                                                                                                                                                
Randall               50                                                                                                                                                                                
Peter                 50                                                                                                                                                                                
Eleni                 80                                                                                                                                                                                
Ellen                 80                                                                                                                                                                                
Jonathon              80                                                                                                                                                                                

11 rows selected.

SQL> REM DISPLAY ALL WHO WORKS IN ANY OF THE DEPARTMENT 50 80 110
SQL> 
SQL> SELECT FIRST_NAME , DEPARTMENT_ID FROM EMPLOYEES WHERE DEPARTMENT_ID = SOME (50, 80 , 110);

FIRST_NAME DEPARTMENT_ID                                                                                                                                                                                
---------- -------------                                                                                                                                                                                
Kevin                 50                                                                                                                                                                                
Trenna                50                                                                                                                                                                                
Curtis                50                                                                                                                                                                                
Randall               50                                                                                                                                                                                
Peter                 50                                                                                                                                                                                
Eleni                 80                                                                                                                                                                                
Ellen                 80                                                                                                                                                                                
Jonathon              80                                                                                                                                                                                
Shelley              110                                                                                                                                                                                
William              110                                                                                                                                                                                

10 rows selected.

SQL> SELECT FIRST_NAME , DEPARTMENT_ID FROM EMPLOYEES WHERE DEPARTMENT_ID = ANY (50, 80 , 110);

FIRST_NAME DEPARTMENT_ID                                                                                                                                                                                
---------- -------------                                                                                                                                                                                
Kevin                 50                                                                                                                                                                                
Trenna                50                                                                                                                                                                                
Curtis                50                                                                                                                                                                                
Randall               50                                                                                                                                                                                
Peter                 50                                                                                                                                                                                
Eleni                 80                                                                                                                                                                                
Ellen                 80                                                                                                                                                                                
Jonathon              80                                                                                                                                                                                
Shelley              110                                                                                                                                                                                
William              110                                                                                                                                                                                

10 rows selected.

SQL> REM DISPLAY ALL OTHER THAN THOSE WHO WORKS AS ANY OF : IT_PROG SA_REP MK_MAN
SQL> 
SQL> SELECT LAST_NAME , JOB_ID FROM EMPLOYEES WHERE JOB_ID <> ALL ('IT_PROG','SA_REP','MK_MAN');

LAST_NAME  JOB_ID                                                                                                                                                                                       
---------- ----------                                                                                                                                                                                   
King       AD_PRES                                                                                                                                                                                      
Kochhar    AD_VP                                                                                                                                                                                        
De Haan    AD_VP                                                                                                                                                                                        
Mourgos    ST_MAN                                                                                                                                                                                       
Rajs       ST_CLERK                                                                                                                                                                                     
Davies     ST_CLERK                                                                                                                                                                                     
Matos      ST_CLERK                                                                                                                                                                                     
Vargas     ST_CLERK                                                                                                                                                                                     
Zlotkey    SA_MAN                                                                                                                                                                                       
Whalen     AD_ASST                                                                                                                                                                                      
Fay        MK_REP                                                                                                                                                                                       
Higgins    AC_MGR                                                                                                                                                                                       
Gietz      AC_ACCOUNT                                                                                                                                                                                   

13 rows selected.

SQL> SELECT LAST_NAME , JOB_ID FROM EMPLOYEES WHERE JOB_ID <> ALL ('IT_PROG','SA_REP','MK_MAn');

LAST_NAME  JOB_ID                                                                                                                                                                                       
---------- ----------                                                                                                                                                                                   
King       AD_PRES                                                                                                                                                                                      
Kochhar    AD_VP                                                                                                                                                                                        
De Haan    AD_VP                                                                                                                                                                                        
Mourgos    ST_MAN                                                                                                                                                                                       
Rajs       ST_CLERK                                                                                                                                                                                     
Davies     ST_CLERK                                                                                                                                                                                     
Matos      ST_CLERK                                                                                                                                                                                     
Vargas     ST_CLERK                                                                                                                                                                                     
Zlotkey    SA_MAN                                                                                                                                                                                       
Whalen     AD_ASST                                                                                                                                                                                      
Hartstein  MK_MAN                                                                                                                                                                                       
Fay        MK_REP                                                                                                                                                                                       
Higgins    AC_MGR                                                                                                                                                                                       
Gietz      AC_ACCOUNT                                                                                                                                                                                   

14 rows selected.

SQL> SELECT FIRST_NAME , DEPARTMENT_ID FROM EMPLOYEES WHERE DEPARTMENT_ID = ANY (50, 80 , 110);

FIRST_NAME DEPARTMENT_ID                                                                                                                                                                                
---------- -------------                                                                                                                                                                                
Kevin                 50                                                                                                                                                                                
Trenna                50                                                                                                                                                                                
Curtis                50                                                                                                                                                                                
Randall               50                                                                                                                                                                                
Peter                 50                                                                                                                                                                                
Eleni                 80                                                                                                                                                                                
Ellen                 80                                                                                                                                                                                
Jonathon              80                                                                                                                                                                                
Shelley              110                                                                                                                                                                                
William              110                                                                                                                                                                                

10 rows selected.

SQL> SELECT FIRST_NAME , DEPARTMENT_ID FROM EMPLOYEES WHERE DEPARTMENT_ID = ALL (50, 80 , 110);

no rows selected

SQL> SELECT FIRST_NAME , DEPARTMENT_ID FROM EMPLOYEES WHERE DEPARTMENT_ID <> ALL (50, 80 , 110);

FIRST_NAME DEPARTMENT_ID                                                                                                                                                                                
---------- -------------                                                                                                                                                                                
Steven                90                                                                                                                                                                                
Neena                 90                                                                                                                                                                                
Lex                   90                                                                                                                                                                                
Alexander             60                                                                                                                                                                                
Bruce                 60                                                                                                                                                                                
Diana                 60                                                                                                                                                                                
Jennifer              10                                                                                                                                                                                
Michael               20                                                                                                                                                                                
Pat                   20                                                                                                                                                                                

9 rows selected.

SQL> SELECT FIRST_NAME , DEPARTMENT_ID FROM EMPLOYEES WHERE DEPARTMENT_ID <> ANY (50, 80 , 110);

FIRST_NAME DEPARTMENT_ID                                                                                                                                                                                
---------- -------------                                                                                                                                                                                
Steven                90                                                                                                                                                                                
Neena                 90                                                                                                                                                                                
Lex                   90                                                                                                                                                                                
Alexander             60                                                                                                                                                                                
Bruce                 60                                                                                                                                                                                
Diana                 60                                                                                                                                                                                
Kevin                 50                                                                                                                                                                                
Trenna                50                                                                                                                                                                                
Curtis                50                                                                                                                                                                                
Randall               50                                                                                                                                                                                
Peter                 50                                                                                                                                                                                
Eleni                 80                                                                                                                                                                                
Ellen                 80                                                                                                                                                                                
Jonathon              80                                                                                                                                                                                
Jennifer              10                                                                                                                                                                                
Michael               20                                                                                                                                                                                
Pat                   20                                                                                                                                                                                
Shelley              110                                                                                                                                                                                
William              110                                                                                                                                                                                

19 rows selected.

SQL> REM DISPLAY THOSE WHO WORKS UNDER MANAGER 124
SQL> 
SQL> SELECT * FROM EMPLOYEES;

EMPLOYEE_ID FIRST_NAME LAST_NAME  EMAIL      PHONE_NUMBER         HIRE_DATE   JOB_ID         SALARY COMMISSION_PCT MANAGER_ID DEPARTMENT_ID                                                             
----------- ---------- ---------- ---------- -------------------- ----------- ---------- ---------- -------------- ---------- -------------                                                             
        100 Steven     King       SKING      515.123.4567         17-JUL-1987 AD_PRES         24000                                      90                                                             
        101 Neena      Kochhar    NKOCHHAR   515.123.4568         21-SEP-1989 AD_VP           17000                       100            90                                                             
        102 Lex        De Haan    LDEHAAN    515.123.4569         13-JAN-1993 AD_VP           17000                       100            90                                                             
        103 Alexander  Hunold     AHUNOLD    590.423.4567         03-JAN-1990 IT_PROG          9000                       102            60                                                             
        104 Bruce      Ernst      BERNST     590.423.4568         21-MAY-1991 IT_PROG          6000                       103            60                                                             
        107 Diana      Lorentz    DLORENTZ   590.423.5567         07-FEB-1999 IT_PROG          4200                       103            60                                                             
        124 Kevin      Mourgos    KMOURGOS   650.123.5234         16-NOV-1999 ST_MAN           5800                       100            50                                                             
        141 Trenna     Rajs       TRAJS      650.121.8009         17-OCT-1995 ST_CLERK         3500                       124            50                                                             
        142 Curtis     Davies     CDAVIES    650.121.2994         29-JAN-1997 ST_CLERK         3100                       124            50                                                             
        143 Randall    Matos      RMATOS     650.121.2874         15-MAR-1998 ST_CLERK         2600                       124            50                                                             
        144 Peter      Vargas     PVARGAS    650.121.2004         09-JUL-1998 ST_CLERK         2500                       124            50                                                             
        149 Eleni      Zlotkey    EZLOTKEY   011.44.1344.429018   29-JAN-2000 SA_MAN          10500             .2        100            80                                                             
        174 Ellen      Abel       EABEL      011.44.1644.429267   11-MAY-1996 SA_REP          11000             .3        149            80                                                             
        176 Jonathon   Taylor     JTAYLOR    011.44.1644.429265   24-MAR-1998 SA_REP           8600             .3        149            80                                                             
        178 Kimerely   Grant      KGRANT     011.44.1644.429263   24-MAY-1999 SA_REP           7000            .15        149                                                                           
        200 Jennifer   Whalen     JWAHLEN    515.123.4444         17-SEP-1987 AD_ASST          4400                       101            10                                                             
        201 Michael    Hartstein  MHARTSTE   515.123.5555         17-FEB-1996 MK_MAN          13000                       100            20                                                             
        202 Pat        Fay        PFAY       603.123.6666         17-AUG-1997 MK_REP           6000                       201            20                                                             
        205 Shelley    Higgins    SHIGGINS   515.123.8080         07-JUN-1994 AC_MGR          12000                       101           110                                                             
        206 William    Gietz      WGIETZ     515.123.8181         07-JUN-1994 AC_ACCOUNT       8300                       205           110                                                             

20 rows selected.

SQL> SELECT * FROM EMPLOYEES WHERE MANAGER_ID = 124;

EMPLOYEE_ID FIRST_NAME LAST_NAME  EMAIL      PHONE_NUMBER         HIRE_DATE   JOB_ID         SALARY COMMISSION_PCT MANAGER_ID DEPARTMENT_ID                                                             
----------- ---------- ---------- ---------- -------------------- ----------- ---------- ---------- -------------- ---------- -------------                                                             
        141 Trenna     Rajs       TRAJS      650.121.8009         17-OCT-1995 ST_CLERK         3500                       124            50                                                             
        142 Curtis     Davies     CDAVIES    650.121.2994         29-JAN-1997 ST_CLERK         3100                       124            50                                                             
        143 Randall    Matos      RMATOS     650.121.2874         15-MAR-1998 ST_CLERK         2600                       124            50                                                             
        144 Peter      Vargas     PVARGAS    650.121.2004         09-JUL-1998 ST_CLERK         2500                       124            50                                                             

SQL> SELECT * FROM EMPLOYEES WHERE 124 = MANAGER_ID;

EMPLOYEE_ID FIRST_NAME LAST_NAME  EMAIL      PHONE_NUMBER         HIRE_DATE   JOB_ID         SALARY COMMISSION_PCT MANAGER_ID DEPARTMENT_ID                                                             
----------- ---------- ---------- ---------- -------------------- ----------- ---------- ---------- -------------- ---------- -------------                                                             
        141 Trenna     Rajs       TRAJS      650.121.8009         17-OCT-1995 ST_CLERK         3500                       124            50                                                             
        142 Curtis     Davies     CDAVIES    650.121.2994         29-JAN-1997 ST_CLERK         3100                       124            50                                                             
        143 Randall    Matos      RMATOS     650.121.2874         15-MAR-1998 ST_CLERK         2600                       124            50                                                             
        144 Peter      Vargas     PVARGAS    650.121.2004         09-JUL-1998 ST_CLERK         2500                       124            50                                                             

SQL> SELECT * FROM EMPLOYEES WHERE MANAGER_ID = ANY 124;

EMPLOYEE_ID FIRST_NAME LAST_NAME  EMAIL      PHONE_NUMBER         HIRE_DATE   JOB_ID         SALARY COMMISSION_PCT MANAGER_ID DEPARTMENT_ID                                                             
----------- ---------- ---------- ---------- -------------------- ----------- ---------- ---------- -------------- ---------- -------------                                                             
        141 Trenna     Rajs       TRAJS      650.121.8009         17-OCT-1995 ST_CLERK         3500                       124            50                                                             
        142 Curtis     Davies     CDAVIES    650.121.2994         29-JAN-1997 ST_CLERK         3100                       124            50                                                             
        143 Randall    Matos      RMATOS     650.121.2874         15-MAR-1998 ST_CLERK         2600                       124            50                                                             
        144 Peter      Vargas     PVARGAS    650.121.2004         09-JUL-1998 ST_CLERK         2500                       124            50                                                             

SQL> SELECT * FROM EMPLOYEES WHERE MANAGER_ID = SOME 124;

EMPLOYEE_ID FIRST_NAME LAST_NAME  EMAIL      PHONE_NUMBER         HIRE_DATE   JOB_ID         SALARY COMMISSION_PCT MANAGER_ID DEPARTMENT_ID                                                             
----------- ---------- ---------- ---------- -------------------- ----------- ---------- ---------- -------------- ---------- -------------                                                             
        141 Trenna     Rajs       TRAJS      650.121.8009         17-OCT-1995 ST_CLERK         3500                       124            50                                                             
        142 Curtis     Davies     CDAVIES    650.121.2994         29-JAN-1997 ST_CLERK         3100                       124            50                                                             
        143 Randall    Matos      RMATOS     650.121.2874         15-MAR-1998 ST_CLERK         2600                       124            50                                                             
        144 Peter      Vargas     PVARGAS    650.121.2004         09-JUL-1998 ST_CLERK         2500                       124            50                                                             

SQL> REM DISPLAY ALL EXCEPT THOSE WHO WORKS AS IT_PROG SA_REP
SQL> 
SQL> SELECT * FROM EMPLOYEES;

EMPLOYEE_ID FIRST_NAME LAST_NAME  EMAIL      PHONE_NUMBER         HIRE_DATE   JOB_ID         SALARY COMMISSION_PCT MANAGER_ID DEPARTMENT_ID                                                             
----------- ---------- ---------- ---------- -------------------- ----------- ---------- ---------- -------------- ---------- -------------                                                             
        100 Steven     King       SKING      515.123.4567         17-JUL-1987 AD_PRES         24000                                      90                                                             
        101 Neena      Kochhar    NKOCHHAR   515.123.4568         21-SEP-1989 AD_VP           17000                       100            90                                                             
        102 Lex        De Haan    LDEHAAN    515.123.4569         13-JAN-1993 AD_VP           17000                       100            90                                                             
        103 Alexander  Hunold     AHUNOLD    590.423.4567         03-JAN-1990 IT_PROG          9000                       102            60                                                             
        104 Bruce      Ernst      BERNST     590.423.4568         21-MAY-1991 IT_PROG          6000                       103            60                                                             
        107 Diana      Lorentz    DLORENTZ   590.423.5567         07-FEB-1999 IT_PROG          4200                       103            60                                                             
        124 Kevin      Mourgos    KMOURGOS   650.123.5234         16-NOV-1999 ST_MAN           5800                       100            50                                                             
        141 Trenna     Rajs       TRAJS      650.121.8009         17-OCT-1995 ST_CLERK         3500                       124            50                                                             
        142 Curtis     Davies     CDAVIES    650.121.2994         29-JAN-1997 ST_CLERK         3100                       124            50                                                             
        143 Randall    Matos      RMATOS     650.121.2874         15-MAR-1998 ST_CLERK         2600                       124            50                                                             
        144 Peter      Vargas     PVARGAS    650.121.2004         09-JUL-1998 ST_CLERK         2500                       124            50                                                             
        149 Eleni      Zlotkey    EZLOTKEY   011.44.1344.429018   29-JAN-2000 SA_MAN          10500             .2        100            80                                                             
        174 Ellen      Abel       EABEL      011.44.1644.429267   11-MAY-1996 SA_REP          11000             .3        149            80                                                             
        176 Jonathon   Taylor     JTAYLOR    011.44.1644.429265   24-MAR-1998 SA_REP           8600             .3        149            80                                                             
        178 Kimerely   Grant      KGRANT     011.44.1644.429263   24-MAY-1999 SA_REP           7000            .15        149                                                                           
        200 Jennifer   Whalen     JWAHLEN    515.123.4444         17-SEP-1987 AD_ASST          4400                       101            10                                                             
        201 Michael    Hartstein  MHARTSTE   515.123.5555         17-FEB-1996 MK_MAN          13000                       100            20                                                             
        202 Pat        Fay        PFAY       603.123.6666         17-AUG-1997 MK_REP           6000                       201            20                                                             
        205 Shelley    Higgins    SHIGGINS   515.123.8080         07-JUN-1994 AC_MGR          12000                       101           110                                                             
        206 William    Gietz      WGIETZ     515.123.8181         07-JUN-1994 AC_ACCOUNT       8300                       205           110                                                             

20 rows selected.

SQL> REM DISPLAY THOSE WHO WORKS IN ANY DEPARTMENT 10 , 90 , 110 , 60
SQL> 
SQL> REM DON'T USE ANY
SQL> 
SQL> SELECT FIRST_NAME , DEPARTMENT_ID FROM EMPLOYEES WHERE DEPARTMENT_ID = 10,90,110,60;
SELECT FIRST_NAME , DEPARTMENT_ID FROM EMPLOYEES WHERE DEPARTMENT_ID = 10,90,110,60
                                                                         *
ERROR at line 1:
ORA-00933: SQL command not properly ended 


SQL> SELECT FIRST_NAME , DEPARTMENT_ID FROM EMPLOYEES WHERE DEPARTMENT_ID = (10,90,110,60);
SELECT FIRST_NAME , DEPARTMENT_ID FROM EMPLOYEES WHERE DEPARTMENT_ID = (10,90,110,60)
                                                                     *
ERROR at line 1:
ORA-01797: this operator must be followed by ANY or ALL 


SQL> SELECT FIRST_NAME , DEPARTMENT_ID FROM EMPLOYEES WHERE DEPARTMENT_ID = ANY (10,90,110,60);

FIRST_NAME DEPARTMENT_ID                                                                                                                                                                                
---------- -------------                                                                                                                                                                                
Steven                90                                                                                                                                                                                
Neena                 90                                                                                                                                                                                
Lex                   90                                                                                                                                                                                
Alexander             60                                                                                                                                                                                
Bruce                 60                                                                                                                                                                                
Diana                 60                                                                                                                                                                                
Jennifer              10                                                                                                                                                                                
Shelley              110                                                                                                                                                                                
William              110                                                                                                                                                                                

9 rows selected.

SQL> SELECT FIRST_NAME , DEPARTMENT_ID FROM EMPLOYEES WHERE DEPARTMENT_ID = SOME (10,90,110,60);

FIRST_NAME DEPARTMENT_ID                                                                                                                                                                                
---------- -------------                                                                                                                                                                                
Steven                90                                                                                                                                                                                
Neena                 90                                                                                                                                                                                
Lex                   90                                                                                                                                                                                
Alexander             60                                                                                                                                                                                
Bruce                 60                                                                                                                                                                                
Diana                 60                                                                                                                                                                                
Jennifer              10                                                                                                                                                                                
Shelley              110                                                                                                                                                                                
William              110                                                                                                                                                                                

9 rows selected.

SQL> REM PAIR WISE COMPARISON
SQL> 
SQL> SELECT DEPARTMENT_ID , MANAGER_ID , FIRST_NAME FROM EMPLOYEES;

DEPARTMENT_ID MANAGER_ID FIRST_NAME                                                                                                                                                                     
------------- ---------- ----------                                                                                                                                                                     
           90            Steven                                                                                                                                                                         
           90        100 Neena                                                                                                                                                                          
           90        100 Lex                                                                                                                                                                            
           60        102 Alexander                                                                                                                                                                      
           60        103 Bruce                                                                                                                                                                          
           60        103 Diana                                                                                                                                                                          
           50        100 Kevin                                                                                                                                                                          
           50        124 Trenna                                                                                                                                                                         
           50        124 Curtis                                                                                                                                                                         
           50        124 Randall                                                                                                                                                                        
           50        124 Peter                                                                                                                                                                          
           80        100 Eleni                                                                                                                                                                          
           80        149 Ellen                                                                                                                                                                          
           80        149 Jonathon                                                                                                                                                                       
                     149 Kimerely                                                                                                                                                                       
           10        101 Jennifer                                                                                                                                                                       
           20        100 Michael                                                                                                                                                                        
           20        201 Pat                                                                                                                                                                            
          110        101 Shelley                                                                                                                                                                        
          110        205 William                                                                                                                                                                        

20 rows selected.

SQL> REM COMBINATIONS : 90 100   60 103   80 149
SQL> 
SQL> SELECT DEPARTMENT_ID , MANAGER_ID , FIRST_NAME FROM EMPLOYEES WHERE (DEPARTMENT_ID,MANAGER_ID) = ANY ((90,100),(60,103),(80,149));

DEPARTMENT_ID MANAGER_ID FIRST_NAME                                                                                                                                                                     
------------- ---------- ----------                                                                                                                                                                     
           90        100 Neena                                                                                                                                                                          
           90        100 Lex                                                                                                                                                                            
           60        103 Bruce                                                                                                                                                                          
           60        103 Diana                                                                                                                                                                          
           80        149 Ellen                                                                                                                                                                          
           80        149 Jonathon                                                                                                                                                                       

6 rows selected.

SQL> SELECT MANAGER_ID , JOB_ID , LAST_NAME FROM EMPLOYEES;

MANAGER_ID JOB_ID     LAST_NAME                                                                                                                                                                         
---------- ---------- ----------                                                                                                                                                                        
           AD_PRES    King                                                                                                                                                                              
       100 AD_VP      Kochhar                                                                                                                                                                           
       100 AD_VP      De Haan                                                                                                                                                                           
       102 IT_PROG    Hunold                                                                                                                                                                            
       103 IT_PROG    Ernst                                                                                                                                                                             
       103 IT_PROG    Lorentz                                                                                                                                                                           
       100 ST_MAN     Mourgos                                                                                                                                                                           
       124 ST_CLERK   Rajs                                                                                                                                                                              
       124 ST_CLERK   Davies                                                                                                                                                                            
       124 ST_CLERK   Matos                                                                                                                                                                             
       124 ST_CLERK   Vargas                                                                                                                                                                            
       100 SA_MAN     Zlotkey                                                                                                                                                                           
       149 SA_REP     Abel                                                                                                                                                                              
       149 SA_REP     Taylor                                                                                                                                                                            
       149 SA_REP     Grant                                                                                                                                                                             
       101 AD_ASST    Whalen                                                                                                                                                                            
       100 MK_MAN     Hartstein                                                                                                                                                                         
       201 MK_REP     Fay                                                                                                                                                                               
       101 AC_MGR     Higgins                                                                                                                                                                           
       205 AC_ACCOUNT Gietz                                                                                                                                                                             

20 rows selected.

SQL> REM DISPLAY ALL EXCEPT THE COMBINATIONS : 100 AD_VP   124 ST_CLERK   103 IT_PROG
SQL> 
SQL> SELECT MANAGER_ID , JOB_ID , LAST_NAME FROM EMPLOYEES WHERE (MANAGER_ID,JOB_ID) <> ALL ((100,'AD_VP'),(124,'ST_CLERK'),(103,'IT_PROG'));

MANAGER_ID JOB_ID     LAST_NAME                                                                                                                                                                         
---------- ---------- ----------                                                                                                                                                                        
           AD_PRES    King                                                                                                                                                                              
       102 IT_PROG    Hunold                                                                                                                                                                            
       100 ST_MAN     Mourgos                                                                                                                                                                           
       100 SA_MAN     Zlotkey                                                                                                                                                                           
       149 SA_REP     Abel                                                                                                                                                                              
       149 SA_REP     Taylor                                                                                                                                                                            
       149 SA_REP     Grant                                                                                                                                                                             
       101 AD_ASST    Whalen                                                                                                                                                                            
       100 MK_MAN     Hartstein                                                                                                                                                                         
       201 MK_REP     Fay                                                                                                                                                                               
       101 AC_MGR     Higgins                                                                                                                                                                           
       205 AC_ACCOUNT Gietz                                                                                                                                                                             

12 rows selected.

SQL> SELECT * FROM EMPLOYEES WHERE (MANAGER_ID,JOB_ID) <> ALL ((100,'AD_VP'),(124,'ST_CLERK'),(103,'IT_PROG'));

EMPLOYEE_ID FIRST_NAME LAST_NAME  EMAIL      PHONE_NUMBER         HIRE_DATE   JOB_ID         SALARY COMMISSION_PCT MANAGER_ID DEPARTMENT_ID                                                             
----------- ---------- ---------- ---------- -------------------- ----------- ---------- ---------- -------------- ---------- -------------                                                             
        100 Steven     King       SKING      515.123.4567         17-JUL-1987 AD_PRES         24000                                      90                                                             
        103 Alexander  Hunold     AHUNOLD    590.423.4567         03-JAN-1990 IT_PROG          9000                       102            60                                                             
        124 Kevin      Mourgos    KMOURGOS   650.123.5234         16-NOV-1999 ST_MAN           5800                       100            50                                                             
        149 Eleni      Zlotkey    EZLOTKEY   011.44.1344.429018   29-JAN-2000 SA_MAN          10500             .2        100            80                                                             
        174 Ellen      Abel       EABEL      011.44.1644.429267   11-MAY-1996 SA_REP          11000             .3        149            80                                                             
        176 Jonathon   Taylor     JTAYLOR    011.44.1644.429265   24-MAR-1998 SA_REP           8600             .3        149            80                                                             
        178 Kimerely   Grant      KGRANT     011.44.1644.429263   24-MAY-1999 SA_REP           7000            .15        149                                                                           
        200 Jennifer   Whalen     JWAHLEN    515.123.4444         17-SEP-1987 AD_ASST          4400                       101            10                                                             
        201 Michael    Hartstein  MHARTSTE   515.123.5555         17-FEB-1996 MK_MAN          13000                       100            20                                                             
        202 Pat        Fay        PFAY       603.123.6666         17-AUG-1997 MK_REP           6000                       201            20                                                             
        205 Shelley    Higgins    SHIGGINS   515.123.8080         07-JUN-1994 AC_MGR          12000                       101           110                                                             
        206 William    Gietz      WGIETZ     515.123.8181         07-JUN-1994 AC_ACCOUNT       8300                       205           110                                                             

12 rows selected.

SQL> SELECT LAST_NAME FROM EMPLOYEES WHERE (MANAGER_ID,JOB_ID) <> ALL ((100,'AD_VP'),(124,'ST_CLERK'),(103,'IT_PROG'));

LAST_NAME                                                                                                                                                                                               
----------                                                                                                                                                                                              
King                                                                                                                                                                                                    
Hunold                                                                                                                                                                                                  
Mourgos                                                                                                                                                                                                 
Zlotkey                                                                                                                                                                                                 
Abel                                                                                                                                                                                                    
Taylor                                                                                                                                                                                                  
Grant                                                                                                                                                                                                   
Whalen                                                                                                                                                                                                  
Hartstein                                                                                                                                                                                               
Fay                                                                                                                                                                                                     
Higgins                                                                                                                                                                                                 
Gietz                                                                                                                                                                                                   

12 rows selected.

SQL> SELECT LAST_NAME , MANAGER_ID FROM EMPLOYEES WHERE (MANAGER_ID,JOB_ID) <> ALL ((100,'AD_VP'),(124,'ST_CLERK'),(103,'IT_PROG'));

LAST_NAME  MANAGER_ID                                                                                                                                                                                   
---------- ----------                                                                                                                                                                                   
King                                                                                                                                                                                                    
Hunold            102                                                                                                                                                                                   
Mourgos           100                                                                                                                                                                                   
Zlotkey           100                                                                                                                                                                                   
Abel              149                                                                                                                                                                                   
Taylor            149                                                                                                                                                                                   
Grant             149                                                                                                                                                                                   
Whalen            101                                                                                                                                                                                   
Hartstein         100                                                                                                                                                                                   
Fay               201                                                                                                                                                                                   
Higgins           101                                                                                                                                                                                   
Gietz             205                                                                                                                                                                                   

12 rows selected.

SQL> SELECT JOB_ID , MANAGER_ID FROM EMPLOYEES WHERE (MANAGER_ID,JOB_ID) <> ALL ((100,'AD_VP'),(124,'ST_CLERK'),(103,'IT_PROG'));

JOB_ID     MANAGER_ID                                                                                                                                                                                   
---------- ----------                                                                                                                                                                                   
AD_PRES                                                                                                                                                                                                 
IT_PROG           102                                                                                                                                                                                   
ST_MAN            100                                                                                                                                                                                   
SA_MAN            100                                                                                                                                                                                   
SA_REP            149                                                                                                                                                                                   
SA_REP            149                                                                                                                                                                                   
SA_REP            149                                                                                                                                                                                   
AD_ASST           101                                                                                                                                                                                   
MK_MAN            100                                                                                                                                                                                   
MK_REP            201                                                                                                                                                                                   
AC_MGR            101                                                                                                                                                                                   
AC_ACCOUNT        205                                                                                                                                                                                   

12 rows selected.

SQL> SELECT DEPARTMENT_ID , FIRST_NAME FROM EMPLOYEES WHERE DEPARTMENT_ID <> ALL (50,80,110);

DEPARTMENT_ID FIRST_NAME                                                                                                                                                                                
------------- ----------                                                                                                                                                                                
           90 Steven                                                                                                                                                                                    
           90 Neena                                                                                                                                                                                     
           90 Lex                                                                                                                                                                                       
           60 Alexander                                                                                                                                                                                 
           60 Bruce                                                                                                                                                                                     
           60 Diana                                                                                                                                                                                     
           10 Jennifer                                                                                                                                                                                  
           20 Michael                                                                                                                                                                                   
           20 Pat                                                                                                                                                                                       

9 rows selected.

SQL> SELECT DEPARTMENT_ID , FIRST_NAME FROM EMPLOYEES WHERE DEPARTMENT_ID <> ANY (50,80,110);

DEPARTMENT_ID FIRST_NAME                                                                                                                                                                                
------------- ----------                                                                                                                                                                                
           90 Steven                                                                                                                                                                                    
           90 Neena                                                                                                                                                                                     
           90 Lex                                                                                                                                                                                       
           60 Alexander                                                                                                                                                                                 
           60 Bruce                                                                                                                                                                                     
           60 Diana                                                                                                                                                                                     
           50 Kevin                                                                                                                                                                                     
           50 Trenna                                                                                                                                                                                    
           50 Curtis                                                                                                                                                                                    
           50 Randall                                                                                                                                                                                   
           50 Peter                                                                                                                                                                                     
           80 Eleni                                                                                                                                                                                     
           80 Ellen                                                                                                                                                                                     
           80 Jonathon                                                                                                                                                                                  
           10 Jennifer                                                                                                                                                                                  
           20 Michael                                                                                                                                                                                   
           20 Pat                                                                                                                                                                                       
          110 Shelley                                                                                                                                                                                   
          110 William                                                                                                                                                                                   

19 rows selected.

SQL> SELECT MANAGER_ID , JOB_ID , FIRST_NAME FROM EMPLOYEES;

MANAGER_ID JOB_ID     FIRST_NAME                                                                                                                                                                        
---------- ---------- ----------                                                                                                                                                                        
           AD_PRES    Steven                                                                                                                                                                            
       100 AD_VP      Neena                                                                                                                                                                             
       100 AD_VP      Lex                                                                                                                                                                               
       102 IT_PROG    Alexander                                                                                                                                                                         
       103 IT_PROG    Bruce                                                                                                                                                                             
       103 IT_PROG    Diana                                                                                                                                                                             
       100 ST_MAN     Kevin                                                                                                                                                                             
       124 ST_CLERK   Trenna                                                                                                                                                                            
       124 ST_CLERK   Curtis                                                                                                                                                                            
       124 ST_CLERK   Randall                                                                                                                                                                           
       124 ST_CLERK   Peter                                                                                                                                                                             
       100 SA_MAN     Eleni                                                                                                                                                                             
       149 SA_REP     Ellen                                                                                                                                                                             
       149 SA_REP     Jonathon                                                                                                                                                                          
       149 SA_REP     Kimerely                                                                                                                                                                          
       101 AD_ASST    Jennifer                                                                                                                                                                          
       100 MK_MAN     Michael                                                                                                                                                                           
       201 MK_REP     Pat                                                                                                                                                                               
       101 AC_MGR     Shelley                                                                                                                                                                           
       205 AC_ACCOUNT William                                                                                                                                                                           

20 rows selected.

SQL> REM DISPLAY ALL COMBINATIONS : 124 ST_CLERK   149 SA_REP   101 AC_MGR   102 IT_PROG
SQL> 
SQL> Select MANAGER_ID,JOB_ID,FRIST NAME WHERE (MANAGER_ID,JOB_ID)=ANY ((124,'ST_CLERK'),(149,'SA_REP'),(101,'AC_MGR'),(102,'IT_PROG'));
Select MANAGER_ID,JOB_ID,FRIST NAME WHERE (MANAGER_ID,JOB_ID)=ANY ((124,'ST_CLERK'),(149,'SA_REP'),(101,'AC_MGR'),(102,'IT_PROG'))
                                    *
ERROR at line 1:
ORA-00923: FROM keyword not found where expected 


SQL> Select MANAGER_ID,JOB_ID,FIRST_NAME FROM EMPLOYEES WHERE (MANAGER_ID,JOB_ID)=ANY ((124,'ST_CLERK'),(149,'SA_REP'),(101,'AC_MGR'),(102,'IT_PROG'));

MANAGER_ID JOB_ID     FIRST_NAME                                                                                                                                                                        
---------- ---------- ----------                                                                                                                                                                        
       102 IT_PROG    Alexander                                                                                                                                                                         
       124 ST_CLERK   Trenna                                                                                                                                                                            
       124 ST_CLERK   Curtis                                                                                                                                                                            
       124 ST_CLERK   Randall                                                                                                                                                                           
       124 ST_CLERK   Peter                                                                                                                                                                             
       149 SA_REP     Ellen                                                                                                                                                                             
       149 SA_REP     Jonathon                                                                                                                                                                          
       149 SA_REP     Kimerely                                                                                                                                                                          
       101 AC_MGR     Shelley                                                                                                                                                                           

9 rows selected.

SQL> SELECT FIRST_NAME , DEPARTMENT_ID , JOB_ID , MANAGER_ID FROM EMPLOYEES;

FIRST_NAME DEPARTMENT_ID JOB_ID     MANAGER_ID                                                                                                                                                          
---------- ------------- ---------- ----------                                                                                                                                                          
Steven                90 AD_PRES                                                                                                                                                                        
Neena                 90 AD_VP             100                                                                                                                                                          
Lex                   90 AD_VP             100                                                                                                                                                          
Alexander             60 IT_PROG           102                                                                                                                                                          
Bruce                 60 IT_PROG           103                                                                                                                                                          
Diana                 60 IT_PROG           103                                                                                                                                                          
Kevin                 50 ST_MAN            100                                                                                                                                                          
Trenna                50 ST_CLERK          124                                                                                                                                                          
Curtis                50 ST_CLERK          124                                                                                                                                                          
Randall               50 ST_CLERK          124                                                                                                                                                          
Peter                 50 ST_CLERK          124                                                                                                                                                          
Eleni                 80 SA_MAN            100                                                                                                                                                          
Ellen                 80 SA_REP            149                                                                                                                                                          
Jonathon              80 SA_REP            149                                                                                                                                                          
Kimerely                 SA_REP            149                                                                                                                                                          
Jennifer              10 AD_ASST           101                                                                                                                                                          
Michael               20 MK_MAN            100                                                                                                                                                          
Pat                   20 MK_REP            201                                                                                                                                                          
Shelley              110 AC_MGR            101                                                                                                                                                          
William              110 AC_ACCOUNT        205                                                                                                                                                          

20 rows selected.

SQL> REM DISPLAY ALL EXCEPT : 90 AD_VP 100    50 ST_CLERK 124   80 SA_REP 149   20 MK_MAN 100
SQL> 
SQL> 
SQL> REM DON'T USE <>
SQL> 
SQL> REM SPECIAL OPERATORS :1 IN 2 BETWEEN 3 LIKE 4 IS NULL
SQL> 
SQL> REM ALL SPECIAL OPERATORS CAN BE USED IN TWO WAYS : 1 FOR POSITIVE CONDITION CHECKING 2 FOR NEGATIVE CONDITION CHECKING
SQL> 
SQL> REM 1 IN , NOT IN
SQL> 
SQL> REM 2 BETWEEN , NOT BETWEEN
SQL> 
SQL> REM 3 LIKE , NOT LIKE
SQL> 
SQL> REM 4 IS NULL , IS NOT NULL
SQL> 
SQL> 
SQL> 
SQL> REM IN : IS USED FOR COMPARING MULTIPLE VALUES WITHIN SINGLE CONDITION
SQL> 
SQL> REM IN IS EQUIVALENT TO = ANY , = SOME
SQL> 
SQL> REM NOT IN IS EQUIVALENT TO <> ALL , != ALL , ^ ALL
SQL> 
SQL> REM DISPLAY ALL WHO WORKS IN ANY OF THE DEPARTMENT : 50 90 110
SQL> 
SQL> SELECT FIRST_NAME , DEPARTMENT_ID FROM EMPLOYEES WHERE DEPARTMENT_ID = ANY (50,90,110);

FIRST_NAME DEPARTMENT_ID                                                                                                                                                                                
---------- -------------                                                                                                                                                                                
Steven                90                                                                                                                                                                                
Neena                 90                                                                                                                                                                                
Lex                   90                                                                                                                                                                                
Kevin                 50                                                                                                                                                                                
Trenna                50                                                                                                                                                                                
Curtis                50                                                                                                                                                                                
Randall               50                                                                                                                                                                                
Peter                 50                                                                                                                                                                                
Shelley              110                                                                                                                                                                                
William              110                                                                                                                                                                                

10 rows selected.

SQL> SELECT FIRST_NAME , DEPARTMENT_ID FROM EMPLOYEES WHERE DEPARTMENT_ID = SOME (50,90,110);

FIRST_NAME DEPARTMENT_ID                                                                                                                                                                                
---------- -------------                                                                                                                                                                                
Steven                90                                                                                                                                                                                
Neena                 90                                                                                                                                                                                
Lex                   90                                                                                                                                                                                
Kevin                 50                                                                                                                                                                                
Trenna                50                                                                                                                                                                                
Curtis                50                                                                                                                                                                                
Randall               50                                                                                                                                                                                
Peter                 50                                                                                                                                                                                
Shelley              110                                                                                                                                                                                
William              110                                                                                                                                                                                

10 rows selected.

SQL> SELECT FIRST_NAME , DEPARTMENT_ID FROM EMPLOYEES WHERE DEPARTMENT_ID IN (50,90,110);

FIRST_NAME DEPARTMENT_ID                                                                                                                                                                                
---------- -------------                                                                                                                                                                                
Steven                90                                                                                                                                                                                
Neena                 90                                                                                                                                                                                
Lex                   90                                                                                                                                                                                
Kevin                 50                                                                                                                                                                                
Trenna                50                                                                                                                                                                                
Curtis                50                                                                                                                                                                                
Randall               50                                                                                                                                                                                
Peter                 50                                                                                                                                                                                
Shelley              110                                                                                                                                                                                
William              110                                                                                                                                                                                

10 rows selected.

SQL> REM DISPLAY ALL EXCEPT THOSE WHO REPORTS TO : 100 , 124 , 149
SQL> 
SQL> SELECT LAST_NAME , MANAGER_ID FROM EMPLOYEES WHERE MANAGER_ID <> ALL (100,124,149);

LAST_NAME  MANAGER_ID                                                                                                                                                                                   
---------- ----------                                                                                                                                                                                   
Hunold            102                                                                                                                                                                                   
Ernst             103                                                                                                                                                                                   
Lorentz           103                                                                                                                                                                                   
Whalen            101                                                                                                                                                                                   
Fay               201                                                                                                                                                                                   
Higgins           101                                                                                                                                                                                   
Gietz             205                                                                                                                                                                                   

7 rows selected.

SQL> SELECT LAST_NAME , MANAGER_ID FROM EMPLOYEES WHERE MANAGER_ID != ALL (100,124,149);

LAST_NAME  MANAGER_ID                                                                                                                                                                                   
---------- ----------                                                                                                                                                                                   
Hunold            102                                                                                                                                                                                   
Ernst             103                                                                                                                                                                                   
Lorentz           103                                                                                                                                                                                   
Whalen            101                                                                                                                                                                                   
Fay               201                                                                                                                                                                                   
Higgins           101                                                                                                                                                                                   
Gietz             205                                                                                                                                                                                   

7 rows selected.

SQL> SELECT LAST_NAME , MANAGER_ID FROM EMPLOYEES WHERE MANAGER_ID ^= ALL (100,124,149);

LAST_NAME  MANAGER_ID                                                                                                                                                                                   
---------- ----------                                                                                                                                                                                   
Hunold            102                                                                                                                                                                                   
Ernst             103                                                                                                                                                                                   
Lorentz           103                                                                                                                                                                                   
Whalen            101                                                                                                                                                                                   
Fay               201                                                                                                                                                                                   
Higgins           101                                                                                                                                                                                   
Gietz             205                                                                                                                                                                                   

7 rows selected.

SQL> SELECT LAST_NAME , MANAGER_ID FROM EMPLOYEES WHERE MANAGER_ID NOT IN (100,124,149);

LAST_NAME  MANAGER_ID                                                                                                                                                                                   
---------- ----------                                                                                                                                                                                   
Hunold            102                                                                                                                                                                                   
Ernst             103                                                                                                                                                                                   
Lorentz           103                                                                                                                                                                                   
Whalen            101                                                                                                                                                                                   
Fay               201                                                                                                                                                                                   
Higgins           101                                                                                                                                                                                   
Gietz             205                                                                                                                                                                                   

7 rows selected.

SQL> REM PAIR WISE COMPARISON
SQL> 
SQL> REM DEPARTMENT_ID , MANAGER_ID : 90 100 , 50 124
SQL> 
SQL> SELECT FIRST_NAME , DEPARTMENT_ID , MANAGER_ID FROM EMPLOYEES WHERE (DEPARTMENT_ID,MANAGER_ID) = ANY ((90,100),(50,124));

FIRST_NAME DEPARTMENT_ID MANAGER_ID                                                                                                                                                                     
---------- ------------- ----------                                                                                                                                                                     
Neena                 90        100                                                                                                                                                                     
Lex                   90        100                                                                                                                                                                     
Trenna                50        124                                                                                                                                                                     
Curtis                50        124                                                                                                                                                                     
Randall               50        124                                                                                                                                                                     
Peter                 50        124                                                                                                                                                                     

6 rows selected.

SQL> SELECT FIRST_NAME , DEPARTMENT_ID , MANAGER_ID FROM EMPLOYEES WHERE (DEPARTMENT_ID,MANAGER_ID) = SOME ((90,100),(50,124));

FIRST_NAME DEPARTMENT_ID MANAGER_ID                                                                                                                                                                     
---------- ------------- ----------                                                                                                                                                                     
Neena                 90        100                                                                                                                                                                     
Lex                   90        100                                                                                                                                                                     
Trenna                50        124                                                                                                                                                                     
Curtis                50        124                                                                                                                                                                     
Randall               50        124                                                                                                                                                                     
Peter                 50        124                                                                                                                                                                     

6 rows selected.

SQL> SELECT FIRST_NAME , DEPARTMENT_ID , MANAGER_ID FROM EMPLOYEES WHERE (DEPARTMENT_ID,MANAGER_ID) IN ((90,100),(50,124));

FIRST_NAME DEPARTMENT_ID MANAGER_ID                                                                                                                                                                     
---------- ------------- ----------                                                                                                                                                                     
Neena                 90        100                                                                                                                                                                     
Lex                   90        100                                                                                                                                                                     
Trenna                50        124                                                                                                                                                                     
Curtis                50        124                                                                                                                                                                     
Randall               50        124                                                                                                                                                                     
Peter                 50        124                                                                                                                                                                     

6 rows selected.

SQL> REM DISPLAY ALL EXCEPT : 124 ST_CLERK , 149 SA_REP
SQL> 
SQL> SELECT LAST_NAME , MANAGER_ID , JOB_ID FROM EMPLOYEES WHERE (MANAGER_ID,JOB_ID) <> ALL ((124,'ST_CLERK'),(149,'SA_REP'));

LAST_NAME  MANAGER_ID JOB_ID                                                                                                                                                                            
---------- ---------- ----------                                                                                                                                                                        
King                  AD_PRES                                                                                                                                                                           
Kochhar           100 AD_VP                                                                                                                                                                             
De Haan           100 AD_VP                                                                                                                                                                             
Hunold            102 IT_PROG                                                                                                                                                                           
Ernst             103 IT_PROG                                                                                                                                                                           
Lorentz           103 IT_PROG                                                                                                                                                                           
Mourgos           100 ST_MAN                                                                                                                                                                            
Zlotkey           100 SA_MAN                                                                                                                                                                            
Whalen            101 AD_ASST                                                                                                                                                                           
Hartstein         100 MK_MAN                                                                                                                                                                            
Fay               201 MK_REP                                                                                                                                                                            
Higgins           101 AC_MGR                                                                                                                                                                            
Gietz             205 AC_ACCOUNT                                                                                                                                                                        

13 rows selected.

SQL> SELECT LAST_NAME , MANAGER_ID , JOB_ID FROM EMPLOYEES WHERE (MANAGER_ID,JOB_ID) != ALL ((124,'ST_CLERK'),(149,'SA_REP'));

LAST_NAME  MANAGER_ID JOB_ID                                                                                                                                                                            
---------- ---------- ----------                                                                                                                                                                        
King                  AD_PRES                                                                                                                                                                           
Kochhar           100 AD_VP                                                                                                                                                                             
De Haan           100 AD_VP                                                                                                                                                                             
Hunold            102 IT_PROG                                                                                                                                                                           
Ernst             103 IT_PROG                                                                                                                                                                           
Lorentz           103 IT_PROG                                                                                                                                                                           
Mourgos           100 ST_MAN                                                                                                                                                                            
Zlotkey           100 SA_MAN                                                                                                                                                                            
Whalen            101 AD_ASST                                                                                                                                                                           
Hartstein         100 MK_MAN                                                                                                                                                                            
Fay               201 MK_REP                                                                                                                                                                            
Higgins           101 AC_MGR                                                                                                                                                                            
Gietz             205 AC_ACCOUNT                                                                                                                                                                        

13 rows selected.

SQL> SELECT LAST_NAME , MANAGER_ID , JOB_ID FROM EMPLOYEES WHERE (MANAGER_ID,JOB_ID) ^= ALL ((124,'ST_CLERK'),(149,'SA_REP'));

LAST_NAME  MANAGER_ID JOB_ID                                                                                                                                                                            
---------- ---------- ----------                                                                                                                                                                        
King                  AD_PRES                                                                                                                                                                           
Kochhar           100 AD_VP                                                                                                                                                                             
De Haan           100 AD_VP                                                                                                                                                                             
Hunold            102 IT_PROG                                                                                                                                                                           
Ernst             103 IT_PROG                                                                                                                                                                           
Lorentz           103 IT_PROG                                                                                                                                                                           
Mourgos           100 ST_MAN                                                                                                                                                                            
Zlotkey           100 SA_MAN                                                                                                                                                                            
Whalen            101 AD_ASST                                                                                                                                                                           
Hartstein         100 MK_MAN                                                                                                                                                                            
Fay               201 MK_REP                                                                                                                                                                            
Higgins           101 AC_MGR                                                                                                                                                                            
Gietz             205 AC_ACCOUNT                                                                                                                                                                        

13 rows selected.

SQL> SELECT LAST_NAME , MANAGER_ID , JOB_ID FROM EMPLOYEES WHERE (MANAGER_ID,JOB_ID) NOT IN ((124,'ST_CLERK'),(149,'SA_REP'));

LAST_NAME  MANAGER_ID JOB_ID                                                                                                                                                                            
---------- ---------- ----------                                                                                                                                                                        
King                  AD_PRES                                                                                                                                                                           
Kochhar           100 AD_VP                                                                                                                                                                             
De Haan           100 AD_VP                                                                                                                                                                             
Hunold            102 IT_PROG                                                                                                                                                                           
Ernst             103 IT_PROG                                                                                                                                                                           
Lorentz           103 IT_PROG                                                                                                                                                                           
Mourgos           100 ST_MAN                                                                                                                                                                            
Zlotkey           100 SA_MAN                                                                                                                                                                            
Whalen            101 AD_ASST                                                                                                                                                                           
Hartstein         100 MK_MAN                                                                                                                                                                            
Fay               201 MK_REP                                                                                                                                                                            
Higgins           101 AC_MGR                                                                                                                                                                            
Gietz             205 AC_ACCOUNT                                                                                                                                                                        

13 rows selected.

SQL> SELECT DEPARTMENT_ID , MANAGER_ID , JOB_ID , LAST_NAME FROM EMPLOYEES;

DEPARTMENT_ID MANAGER_ID JOB_ID     LAST_NAME                                                                                                                                                           
------------- ---------- ---------- ----------                                                                                                                                                          
           90            AD_PRES    King                                                                                                                                                                
           90        100 AD_VP      Kochhar                                                                                                                                                             
           90        100 AD_VP      De Haan                                                                                                                                                             
           60        102 IT_PROG    Hunold                                                                                                                                                              
           60        103 IT_PROG    Ernst                                                                                                                                                               
           60        103 IT_PROG    Lorentz                                                                                                                                                             
           50        100 ST_MAN     Mourgos                                                                                                                                                             
           50        124 ST_CLERK   Rajs                                                                                                                                                                
           50        124 ST_CLERK   Davies                                                                                                                                                              
           50        124 ST_CLERK   Matos                                                                                                                                                               
           50        124 ST_CLERK   Vargas                                                                                                                                                              
           80        100 SA_MAN     Zlotkey                                                                                                                                                             
           80        149 SA_REP     Abel                                                                                                                                                                
           80        149 SA_REP     Taylor                                                                                                                                                              
                     149 SA_REP     Grant                                                                                                                                                               
           10        101 AD_ASST    Whalen                                                                                                                                                              
           20        100 MK_MAN     Hartstein                                                                                                                                                           
           20        201 MK_REP     Fay                                                                                                                                                                 
          110        101 AC_MGR     Higgins                                                                                                                                                             
          110        205 AC_ACCOUNT Gietz                                                                                                                                                               

20 rows selected.

SQL> REM COMBINATIONS : 103 IT_PROG   124 ST_CLERK  149 SA_REP
SQL> 
SQL> REM ALL EXCEPT COMBINATIONS : 60 102 IT_PROG     80 149 SA_REP     110 101 AC_MGR
SQL> 
SQL> 
SQL> REM USING IN OR NOT IN
SQL> 
SQL> SPOOL OFF
