SQL> 
SQL> REM UPPER LOWER INITCAP
SQL> 
SQL> REM CONCAT LPAD RPAD LTRIM RTRIM TRIM TRANSLATE REPLACE LENGTH SUBSTR INSTR
SQL> 
SQL> SELECT HIRE_DATE , LTRIM(HIRE_DATE,'1') FROM EMPLOYEES;

HIRE_DATE LTRIM(HIRE_DATE,'1                                                    
--------- ------------------                                                    
17-JUL-87 7-JUL-87                                                              
21-SEP-89 21-SEP-89                                                             
13-JAN-93 3-JAN-93                                                              
03-JAN-90 03-JAN-90                                                             
21-MAY-91 21-MAY-91                                                             
07-FEB-99 07-FEB-99                                                             
16-NOV-99 6-NOV-99                                                              
17-OCT-95 7-OCT-95                                                              
29-JAN-97 29-JAN-97                                                             
15-MAR-98 5-MAR-98                                                              
09-JUL-98 09-JUL-98                                                             

HIRE_DATE LTRIM(HIRE_DATE,'1                                                    
--------- ------------------                                                    
29-JAN-00 29-JAN-00                                                             
11-MAY-96 -MAY-96                                                               
24-MAR-98 24-MAR-98                                                             
24-MAY-99 24-MAY-99                                                             
17-SEP-87 7-SEP-87                                                              
17-FEB-96 7-FEB-96                                                              
17-AUG-97 7-AUG-97                                                              
07-JUN-94 07-JUN-94                                                             
07-JUN-94 07-JUN-94                                                             

20 rows selected.

SQL> SET LINES 200 PAGES 24
SQL> 
SQL> R
  1* SELECT HIRE_DATE , LTRIM(HIRE_DATE,'1') FROM EMPLOYEES

HIRE_DATE LTRIM(HIRE_DATE,'1                                                                                                                                                                            
--------- ------------------                                                                                                                                                                            
17-JUL-87 7-JUL-87                                                                                                                                                                                      
21-SEP-89 21-SEP-89                                                                                                                                                                                     
13-JAN-93 3-JAN-93                                                                                                                                                                                      
03-JAN-90 03-JAN-90                                                                                                                                                                                     
21-MAY-91 21-MAY-91                                                                                                                                                                                     
07-FEB-99 07-FEB-99                                                                                                                                                                                     
16-NOV-99 6-NOV-99                                                                                                                                                                                      
17-OCT-95 7-OCT-95                                                                                                                                                                                      
29-JAN-97 29-JAN-97                                                                                                                                                                                     
15-MAR-98 5-MAR-98                                                                                                                                                                                      
09-JUL-98 09-JUL-98                                                                                                                                                                                     
29-JAN-00 29-JAN-00                                                                                                                                                                                     
11-MAY-96 -MAY-96                                                                                                                                                                                       
24-MAR-98 24-MAR-98                                                                                                                                                                                     
24-MAY-99 24-MAY-99                                                                                                                                                                                     
17-SEP-87 7-SEP-87                                                                                                                                                                                      
17-FEB-96 7-FEB-96                                                                                                                                                                                      
17-AUG-97 7-AUG-97                                                                                                                                                                                      
07-JUN-94 07-JUN-94                                                                                                                                                                                     
07-JUN-94 07-JUN-94                                                                                                                                                                                     

20 rows selected.

SQL> SELECT HIRE_DATE , LTRIM(HIRE_DATE,'12') FROM EMPLOYEES;

HIRE_DATE LTRIM(HIRE_DATE,'1                                                                                                                                                                            
--------- ------------------                                                                                                                                                                            
17-JUL-87 7-JUL-87                                                                                                                                                                                      
21-SEP-89 -SEP-89                                                                                                                                                                                       
13-JAN-93 3-JAN-93                                                                                                                                                                                      
03-JAN-90 03-JAN-90                                                                                                                                                                                     
21-MAY-91 -MAY-91                                                                                                                                                                                       
07-FEB-99 07-FEB-99                                                                                                                                                                                     
16-NOV-99 6-NOV-99                                                                                                                                                                                      
17-OCT-95 7-OCT-95                                                                                                                                                                                      
29-JAN-97 9-JAN-97                                                                                                                                                                                      
15-MAR-98 5-MAR-98                                                                                                                                                                                      
09-JUL-98 09-JUL-98                                                                                                                                                                                     
29-JAN-00 9-JAN-00                                                                                                                                                                                      
11-MAY-96 -MAY-96                                                                                                                                                                                       
24-MAR-98 4-MAR-98                                                                                                                                                                                      
24-MAY-99 4-MAY-99                                                                                                                                                                                      
17-SEP-87 7-SEP-87                                                                                                                                                                                      
17-FEB-96 7-FEB-96                                                                                                                                                                                      
17-AUG-97 7-AUG-97                                                                                                                                                                                      
07-JUN-94 07-JUN-94                                                                                                                                                                                     
07-JUN-94 07-JUN-94                                                                                                                                                                                     

20 rows selected.

SQL> SELECT LENGTH('  RAM   ') FROM DUAL;

LENGTH('RAM')                                                                                                                                                                                           
-------------                                                                                                                                                                                           
            8                                                                                                                                                                                           

SQL> SELECT LENGTH(LTRIM('  RAM   ')) FROM DUAL;

LENGTH(LTRIM('RAM'))                                                                                                                                                                                    
--------------------                                                                                                                                                                                    
                   6                                                                                                                                                                                    

SQL> REM NESTED FUNCTION : FUNCTION WITHIN FUNCTION. OUTER AND INNER FUNCTION MAY BE SAME OR DIFFERENT
SQL> 
SQL> REM WHEN WE NEST FUNCTION, IT EXECUTES FROM INNER TO OUTER
SQL> 
SQL> REM RTRIM
SQL> 
SQL> SELECT HIRE_DATE , RTRIM(HIRE_DATE,'9') FROM EMPLOYEES;

HIRE_DATE RTRIM(HIRE_DATE,'9                                                                                                                                                                            
--------- ------------------                                                                                                                                                                            
17-JUL-87 17-JUL-87                                                                                                                                                                                     
21-SEP-89 21-SEP-8                                                                                                                                                                                      
13-JAN-93 13-JAN-93                                                                                                                                                                                     
03-JAN-90 03-JAN-90                                                                                                                                                                                     
21-MAY-91 21-MAY-91                                                                                                                                                                                     
07-FEB-99 07-FEB-                                                                                                                                                                                       
16-NOV-99 16-NOV-                                                                                                                                                                                       
17-OCT-95 17-OCT-95                                                                                                                                                                                     
29-JAN-97 29-JAN-97                                                                                                                                                                                     
15-MAR-98 15-MAR-98                                                                                                                                                                                     
09-JUL-98 09-JUL-98                                                                                                                                                                                     
29-JAN-00 29-JAN-00                                                                                                                                                                                     
11-MAY-96 11-MAY-96                                                                                                                                                                                     
24-MAR-98 24-MAR-98                                                                                                                                                                                     
24-MAY-99 24-MAY-                                                                                                                                                                                       
17-SEP-87 17-SEP-87                                                                                                                                                                                     
17-FEB-96 17-FEB-96                                                                                                                                                                                     
17-AUG-97 17-AUG-97                                                                                                                                                                                     
07-JUN-94 07-JUN-94                                                                                                                                                                                     
07-JUN-94 07-JUN-94                                                                                                                                                                                     

20 rows selected.

SQL> SELECT HIRE_DATE , RTRIM(HIRE_DATE,'98') FROM EMPLOYEES;

HIRE_DATE RTRIM(HIRE_DATE,'9                                                                                                                                                                            
--------- ------------------                                                                                                                                                                            
17-JUL-87 17-JUL-87                                                                                                                                                                                     
21-SEP-89 21-SEP-                                                                                                                                                                                       
13-JAN-93 13-JAN-93                                                                                                                                                                                     
03-JAN-90 03-JAN-90                                                                                                                                                                                     
21-MAY-91 21-MAY-91                                                                                                                                                                                     
07-FEB-99 07-FEB-                                                                                                                                                                                       
16-NOV-99 16-NOV-                                                                                                                                                                                       
17-OCT-95 17-OCT-95                                                                                                                                                                                     
29-JAN-97 29-JAN-97                                                                                                                                                                                     
15-MAR-98 15-MAR-                                                                                                                                                                                       
09-JUL-98 09-JUL-                                                                                                                                                                                       
29-JAN-00 29-JAN-00                                                                                                                                                                                     
11-MAY-96 11-MAY-96                                                                                                                                                                                     
24-MAR-98 24-MAR-                                                                                                                                                                                       
24-MAY-99 24-MAY-                                                                                                                                                                                       
17-SEP-87 17-SEP-87                                                                                                                                                                                     
17-FEB-96 17-FEB-96                                                                                                                                                                                     
17-AUG-97 17-AUG-97                                                                                                                                                                                     
07-JUN-94 07-JUN-94                                                                                                                                                                                     
07-JUN-94 07-JUN-94                                                                                                                                                                                     

20 rows selected.

SQL> SELECT LENGTH(RTRIM('  RAM   ')) FROM DUAL;

LENGTH(RTRIM('RAM'))                                                                                                                                                                                    
--------------------                                                                                                                                                                                    
                   5                                                                                                                                                                                    

SQL> SELECT LENGTH(RTRIM(LTRIM('  RAM   '))) FROM DUAL;

LENGTH(RTRIM(LTRIM('RAM')))                                                                                                                                                                             
---------------------------                                                                                                                                                                             
                          3                                                                                                                                                                             

SQL> SELECT HIRE_DATE , LTRIM(RTRIM(HIRE_DATE,'0'),'0
  2  
SQL> 
SQL> SELECT HIRE_DATE , LTRIM(RTRIM(HIRE_DATE,'0'),'0') FROM EMPLOYEES;

HIRE_DATE LTRIM(RTRIM(HIRE_D                                                                                                                                                                            
--------- ------------------                                                                                                                                                                            
17-JUL-87 17-JUL-87                                                                                                                                                                                     
21-SEP-89 21-SEP-89                                                                                                                                                                                     
13-JAN-93 13-JAN-93                                                                                                                                                                                     
03-JAN-90 3-JAN-9                                                                                                                                                                                       
21-MAY-91 21-MAY-91                                                                                                                                                                                     
07-FEB-99 7-FEB-99                                                                                                                                                                                      
16-NOV-99 16-NOV-99                                                                                                                                                                                     
17-OCT-95 17-OCT-95                                                                                                                                                                                     
29-JAN-97 29-JAN-97                                                                                                                                                                                     
15-MAR-98 15-MAR-98                                                                                                                                                                                     
09-JUL-98 9-JUL-98                                                                                                                                                                                      
29-JAN-00 29-JAN-                                                                                                                                                                                       
11-MAY-96 11-MAY-96                                                                                                                                                                                     
24-MAR-98 24-MAR-98                                                                                                                                                                                     
24-MAY-99 24-MAY-99                                                                                                                                                                                     
17-SEP-87 17-SEP-87                                                                                                                                                                                     
17-FEB-96 17-FEB-96                                                                                                                                                                                     
17-AUG-97 17-AUG-97                                                                                                                                                                                     
07-JUN-94 7-JUN-94                                                                                                                                                                                      
07-JUN-94 7-JUN-94                                                                                                                                                                                      

20 rows selected.

SQL> SELECT HIRE_DATE , LTRIM(RTRIM(HIRE_DATE,'0123456789-'),'0123456789-') FROM EMPLOYEES;

HIRE_DATE LTRIM(RTRIM(HIRE_D                                                                                                                                                                            
--------- ------------------                                                                                                                                                                            
17-JUL-87 JUL                                                                                                                                                                                           
21-SEP-89 SEP                                                                                                                                                                                           
13-JAN-93 JAN                                                                                                                                                                                           
03-JAN-90 JAN                                                                                                                                                                                           
21-MAY-91 MAY                                                                                                                                                                                           
07-FEB-99 FEB                                                                                                                                                                                           
16-NOV-99 NOV                                                                                                                                                                                           
17-OCT-95 OCT                                                                                                                                                                                           
29-JAN-97 JAN                                                                                                                                                                                           
15-MAR-98 MAR                                                                                                                                                                                           
09-JUL-98 JUL                                                                                                                                                                                           
29-JAN-00 JAN                                                                                                                                                                                           
11-MAY-96 MAY                                                                                                                                                                                           
24-MAR-98 MAR                                                                                                                                                                                           
24-MAY-99 MAY                                                                                                                                                                                           
17-SEP-87 SEP                                                                                                                                                                                           
17-FEB-96 FEB                                                                                                                                                                                           
17-AUG-97 AUG                                                                                                                                                                                           
07-JUN-94 JUN                                                                                                                                                                                           
07-JUN-94 JUN                                                                                                                                                                                           

20 rows selected.

SQL> REM TRIM
SQL> 
SQL> SELECT HIRE_DATE , TRIM(HIRE_DATE,'0') FROM EMPLOYEES;
SELECT HIRE_DATE , TRIM(HIRE_DATE,'0') FROM EMPLOYEES
                                 *
ERROR at line 1:
ORA-00907: missing right parenthesis 


SQL> SELECT HIRE_DATE , TRIM('0' FROM HIRE_DATE) FROM EMPLOYEES;

HIRE_DATE TRIM('0'FROMHIRE_D                                                                                                                                                                            
--------- ------------------                                                                                                                                                                            
17-JUL-87 17-JUL-87                                                                                                                                                                                     
21-SEP-89 21-SEP-89                                                                                                                                                                                     
13-JAN-93 13-JAN-93                                                                                                                                                                                     
03-JAN-90 3-JAN-9                                                                                                                                                                                       
21-MAY-91 21-MAY-91                                                                                                                                                                                     
07-FEB-99 7-FEB-99                                                                                                                                                                                      
16-NOV-99 16-NOV-99                                                                                                                                                                                     
17-OCT-95 17-OCT-95                                                                                                                                                                                     
29-JAN-97 29-JAN-97                                                                                                                                                                                     
15-MAR-98 15-MAR-98                                                                                                                                                                                     
09-JUL-98 9-JUL-98                                                                                                                                                                                      
29-JAN-00 29-JAN-                                                                                                                                                                                       
11-MAY-96 11-MAY-96                                                                                                                                                                                     
24-MAR-98 24-MAR-98                                                                                                                                                                                     
24-MAY-99 24-MAY-99                                                                                                                                                                                     
17-SEP-87 17-SEP-87                                                                                                                                                                                     
17-FEB-96 17-FEB-96                                                                                                                                                                                     
17-AUG-97 17-AUG-97                                                                                                                                                                                     
07-JUN-94 7-JUN-94                                                                                                                                                                                      
07-JUN-94 7-JUN-94                                                                                                                                                                                      

20 rows selected.

SQL> SELECT HIRE_DATE , TRIM(LEADING '0' FROM HIRE_DATE) FROM EMPLOYEES;

HIRE_DATE TRIM(LEADING'0'FRO                                                                                                                                                                            
--------- ------------------                                                                                                                                                                            
17-JUL-87 17-JUL-87                                                                                                                                                                                     
21-SEP-89 21-SEP-89                                                                                                                                                                                     
13-JAN-93 13-JAN-93                                                                                                                                                                                     
03-JAN-90 3-JAN-90                                                                                                                                                                                      
21-MAY-91 21-MAY-91                                                                                                                                                                                     
07-FEB-99 7-FEB-99                                                                                                                                                                                      
16-NOV-99 16-NOV-99                                                                                                                                                                                     
17-OCT-95 17-OCT-95                                                                                                                                                                                     
29-JAN-97 29-JAN-97                                                                                                                                                                                     
15-MAR-98 15-MAR-98                                                                                                                                                                                     
09-JUL-98 9-JUL-98                                                                                                                                                                                      
29-JAN-00 29-JAN-00                                                                                                                                                                                     
11-MAY-96 11-MAY-96                                                                                                                                                                                     
24-MAR-98 24-MAR-98                                                                                                                                                                                     
24-MAY-99 24-MAY-99                                                                                                                                                                                     
17-SEP-87 17-SEP-87                                                                                                                                                                                     
17-FEB-96 17-FEB-96                                                                                                                                                                                     
17-AUG-97 17-AUG-97                                                                                                                                                                                     
07-JUN-94 7-JUN-94                                                                                                                                                                                      
07-JUN-94 7-JUN-94                                                                                                                                                                                      

20 rows selected.

SQL> SELECT HIRE_DATE , TRIM(TRAILING '0' FROM HIRE_DATE) FROM EMPLOYEES;

HIRE_DATE TRIM(TRAILING'0'FR                                                                                                                                                                            
--------- ------------------                                                                                                                                                                            
17-JUL-87 17-JUL-87                                                                                                                                                                                     
21-SEP-89 21-SEP-89                                                                                                                                                                                     
13-JAN-93 13-JAN-93                                                                                                                                                                                     
03-JAN-90 03-JAN-9                                                                                                                                                                                      
21-MAY-91 21-MAY-91                                                                                                                                                                                     
07-FEB-99 07-FEB-99                                                                                                                                                                                     
16-NOV-99 16-NOV-99                                                                                                                                                                                     
17-OCT-95 17-OCT-95                                                                                                                                                                                     
29-JAN-97 29-JAN-97                                                                                                                                                                                     
15-MAR-98 15-MAR-98                                                                                                                                                                                     
09-JUL-98 09-JUL-98                                                                                                                                                                                     
29-JAN-00 29-JAN-                                                                                                                                                                                       
11-MAY-96 11-MAY-96                                                                                                                                                                                     
24-MAR-98 24-MAR-98                                                                                                                                                                                     
24-MAY-99 24-MAY-99                                                                                                                                                                                     
17-SEP-87 17-SEP-87                                                                                                                                                                                     
17-FEB-96 17-FEB-96                                                                                                                                                                                     
17-AUG-97 17-AUG-97                                                                                                                                                                                     
07-JUN-94 07-JUN-94                                                                                                                                                                                     
07-JUN-94 07-JUN-94                                                                                                                                                                                     

20 rows selected.

SQL> SELECT HIRE_DATE , TRIM(BOTH '0' FROM HIRE_DATE) FROM EMPLOYEES;

HIRE_DATE TRIM(BOTH'0'FROMHI                                                                                                                                                                            
--------- ------------------                                                                                                                                                                            
17-JUL-87 17-JUL-87                                                                                                                                                                                     
21-SEP-89 21-SEP-89                                                                                                                                                                                     
13-JAN-93 13-JAN-93                                                                                                                                                                                     
03-JAN-90 3-JAN-9                                                                                                                                                                                       
21-MAY-91 21-MAY-91                                                                                                                                                                                     
07-FEB-99 7-FEB-99                                                                                                                                                                                      
16-NOV-99 16-NOV-99                                                                                                                                                                                     
17-OCT-95 17-OCT-95                                                                                                                                                                                     
29-JAN-97 29-JAN-97                                                                                                                                                                                     
15-MAR-98 15-MAR-98                                                                                                                                                                                     
09-JUL-98 9-JUL-98                                                                                                                                                                                      
29-JAN-00 29-JAN-                                                                                                                                                                                       
11-MAY-96 11-MAY-96                                                                                                                                                                                     
24-MAR-98 24-MAR-98                                                                                                                                                                                     
24-MAY-99 24-MAY-99                                                                                                                                                                                     
17-SEP-87 17-SEP-87                                                                                                                                                                                     
17-FEB-96 17-FEB-96                                                                                                                                                                                     
17-AUG-97 17-AUG-97                                                                                                                                                                                     
07-JUN-94 7-JUN-94                                                                                                                                                                                      
07-JUN-94 7-JUN-94                                                                                                                                                                                      

20 rows selected.

SQL> SELECT HIRE_DATE , TRIM('0' FROM HIRE_DATE) FROM EMPLOYEES;

HIRE_DATE TRIM('0'FROMHIRE_D                                                                                                                                                                            
--------- ------------------                                                                                                                                                                            
17-JUL-87 17-JUL-87                                                                                                                                                                                     
21-SEP-89 21-SEP-89                                                                                                                                                                                     
13-JAN-93 13-JAN-93                                                                                                                                                                                     
03-JAN-90 3-JAN-9                                                                                                                                                                                       
21-MAY-91 21-MAY-91                                                                                                                                                                                     
07-FEB-99 7-FEB-99                                                                                                                                                                                      
16-NOV-99 16-NOV-99                                                                                                                                                                                     
17-OCT-95 17-OCT-95                                                                                                                                                                                     
29-JAN-97 29-JAN-97                                                                                                                                                                                     
15-MAR-98 15-MAR-98                                                                                                                                                                                     
09-JUL-98 9-JUL-98                                                                                                                                                                                      
29-JAN-00 29-JAN-                                                                                                                                                                                       
11-MAY-96 11-MAY-96                                                                                                                                                                                     
24-MAR-98 24-MAR-98                                                                                                                                                                                     
24-MAY-99 24-MAY-99                                                                                                                                                                                     
17-SEP-87 17-SEP-87                                                                                                                                                                                     
17-FEB-96 17-FEB-96                                                                                                                                                                                     
17-AUG-97 17-AUG-97                                                                                                                                                                                     
07-JUN-94 7-JUN-94                                                                                                                                                                                      
07-JUN-94 7-JUN-94                                                                                                                                                                                      

20 rows selected.

SQL> SELECT HIRE_DATE , TRIM('09' FROM HIRE_DATE) FROM EMPLOYEES;
SELECT HIRE_DATE , TRIM('09' FROM HIRE_DATE) FROM EMPLOYEES
                   *
ERROR at line 1:
ORA-30001: trim set should have only one character 


SQL> SELECT LENGTH(TRIM('  RAM   ')) FROM DUAL;

LENGTH(TRIM('RAM'))                                                                                                                                                                                     
-------------------                                                                                                                                                                                     
                  3                                                                                                                                                                                     

SQL> REM TRANSLATE : IT IS USED TO REPLACE OR REMOVE CHARACTERS, IT WORKS CHARACTER BY CHARACTER
SQL> 
SQL> SELECT HIRE_DATE , TRANSLATE(HIRE_DATE,'JAN','jan') FROM EMPLOYEES;

HIRE_DATE TRANSLATE(HIRE_DATE,'JAN','JAN')                                                                                                                                                              
--------- ------------------------------------------------------------------------                                                                                                                      
17-JUL-87 17-jUL-87                                                                                                                                                                                     
21-SEP-89 21-SEP-89                                                                                                                                                                                     
13-JAN-93 13-jan-93                                                                                                                                                                                     
03-JAN-90 03-jan-90                                                                                                                                                                                     
21-MAY-91 21-MaY-91                                                                                                                                                                                     
07-FEB-99 07-FEB-99                                                                                                                                                                                     
16-NOV-99 16-nOV-99                                                                                                                                                                                     
17-OCT-95 17-OCT-95                                                                                                                                                                                     
29-JAN-97 29-jan-97                                                                                                                                                                                     
15-MAR-98 15-MaR-98                                                                                                                                                                                     
09-JUL-98 09-jUL-98                                                                                                                                                                                     
29-JAN-00 29-jan-00                                                                                                                                                                                     
11-MAY-96 11-MaY-96                                                                                                                                                                                     
24-MAR-98 24-MaR-98                                                                                                                                                                                     
24-MAY-99 24-MaY-99                                                                                                                                                                                     
17-SEP-87 17-SEP-87                                                                                                                                                                                     
17-FEB-96 17-FEB-96                                                                                                                                                                                     
17-AUG-97 17-aUG-97                                                                                                                                                                                     
07-JUN-94 07-jUn-94                                                                                                                                                                                     
07-JUN-94 07-jUn-94                                                                                                                                                                                     

20 rows selected.

SQL> SELECT HIRE_DATE , TRANSLATE(HIRE_DATE,'JAN','ja') FROM EMPLOYEES;

HIRE_DATE TRANSLATE(HIRE_DATE,'JAN','JA')                                                                                                                                                               
--------- ------------------------------------------------------------------------                                                                                                                      
17-JUL-87 17-jUL-87                                                                                                                                                                                     
21-SEP-89 21-SEP-89                                                                                                                                                                                     
13-JAN-93 13-ja-93                                                                                                                                                                                      
03-JAN-90 03-ja-90                                                                                                                                                                                      
21-MAY-91 21-MaY-91                                                                                                                                                                                     
07-FEB-99 07-FEB-99                                                                                                                                                                                     
16-NOV-99 16-OV-99                                                                                                                                                                                      
17-OCT-95 17-OCT-95                                                                                                                                                                                     
29-JAN-97 29-ja-97                                                                                                                                                                                      
15-MAR-98 15-MaR-98                                                                                                                                                                                     
09-JUL-98 09-jUL-98                                                                                                                                                                                     
29-JAN-00 29-ja-00                                                                                                                                                                                      
11-MAY-96 11-MaY-96                                                                                                                                                                                     
24-MAR-98 24-MaR-98                                                                                                                                                                                     
24-MAY-99 24-MaY-99                                                                                                                                                                                     
17-SEP-87 17-SEP-87                                                                                                                                                                                     
17-FEB-96 17-FEB-96                                                                                                                                                                                     
17-AUG-97 17-aUG-97                                                                                                                                                                                     
07-JUN-94 07-jU-94                                                                                                                                                                                      
07-JUN-94 07-jU-94                                                                                                                                                                                      

20 rows selected.

SQL> SELECT HIRE_DATE , TRANSLATE(HIRE_DATE,'JA','jan') FROM EMPLOYEES;

HIRE_DATE TRANSLATE(HIRE_DATE,'JA','JAN')                                                                                                                                                               
--------- ------------------------------------------------------------------------                                                                                                                      
17-JUL-87 17-jUL-87                                                                                                                                                                                     
21-SEP-89 21-SEP-89                                                                                                                                                                                     
13-JAN-93 13-jaN-93                                                                                                                                                                                     
03-JAN-90 03-jaN-90                                                                                                                                                                                     
21-MAY-91 21-MaY-91                                                                                                                                                                                     
07-FEB-99 07-FEB-99                                                                                                                                                                                     
16-NOV-99 16-NOV-99                                                                                                                                                                                     
17-OCT-95 17-OCT-95                                                                                                                                                                                     
29-JAN-97 29-jaN-97                                                                                                                                                                                     
15-MAR-98 15-MaR-98                                                                                                                                                                                     
09-JUL-98 09-jUL-98                                                                                                                                                                                     
29-JAN-00 29-jaN-00                                                                                                                                                                                     
11-MAY-96 11-MaY-96                                                                                                                                                                                     
24-MAR-98 24-MaR-98                                                                                                                                                                                     
24-MAY-99 24-MaY-99                                                                                                                                                                                     
17-SEP-87 17-SEP-87                                                                                                                                                                                     
17-FEB-96 17-FEB-96                                                                                                                                                                                     
17-AUG-97 17-aUG-97                                                                                                                                                                                     
07-JUN-94 07-jUN-94                                                                                                                                                                                     
07-JUN-94 07-jUN-94                                                                                                                                                                                     

20 rows selected.

SQL> SELECT HIRE_DATE , TRANSLATE(HIRE_DATE,'JAN','ja ') FROM EMPLOYEES;

HIRE_DATE TRANSLATE(HIRE_DATE,'JAN','JA')                                                                                                                                                               
--------- ------------------------------------------------------------------------                                                                                                                      
17-JUL-87 17-jUL-87                                                                                                                                                                                     
21-SEP-89 21-SEP-89                                                                                                                                                                                     
13-JAN-93 13-ja -93                                                                                                                                                                                     
03-JAN-90 03-ja -90                                                                                                                                                                                     
21-MAY-91 21-MaY-91                                                                                                                                                                                     
07-FEB-99 07-FEB-99                                                                                                                                                                                     
16-NOV-99 16- OV-99                                                                                                                                                                                     
17-OCT-95 17-OCT-95                                                                                                                                                                                     
29-JAN-97 29-ja -97                                                                                                                                                                                     
15-MAR-98 15-MaR-98                                                                                                                                                                                     
09-JUL-98 09-jUL-98                                                                                                                                                                                     
29-JAN-00 29-ja -00                                                                                                                                                                                     
11-MAY-96 11-MaY-96                                                                                                                                                                                     
24-MAR-98 24-MaR-98                                                                                                                                                                                     
24-MAY-99 24-MaY-99                                                                                                                                                                                     
17-SEP-87 17-SEP-87                                                                                                                                                                                     
17-FEB-96 17-FEB-96                                                                                                                                                                                     
17-AUG-97 17-aUG-97                                                                                                                                                                                     
07-JUN-94 07-jU -94                                                                                                                                                                                     
07-JUN-94 07-jU -94                                                                                                                                                                                     

20 rows selected.

SQL> SELECT HIRE_DATE , TRANSLATE(HIRE_DATE,'ABCDEFGHIJKLMNOPQRSTUVWXYZ-') FROM EMPLOYEES;
SELECT HIRE_DATE , TRANSLATE(HIRE_DATE,'ABCDEFGHIJKLMNOPQRSTUVWXYZ-') FROM EMPLOYEES
                   *
ERROR at line 1:
ORA-00909: invalid number of arguments 


SQL> SELECT HIRE_DATE , TRANSLATE(HIRE_DATE,' ABCDEFGHIJKLMNOPQRSTUVWXYZ-',' ') FROM EMPLOYEES;

HIRE_DATE TRANSLATE(HIRE_DATE,'ABCDEFGHIJKLMNOPQRSTUVWXYZ-','')                                                                                                                                         
--------- ------------------------------------------------------------------------                                                                                                                      
17-JUL-87 1787                                                                                                                                                                                          
21-SEP-89 2189                                                                                                                                                                                          
13-JAN-93 1393                                                                                                                                                                                          
03-JAN-90 0390                                                                                                                                                                                          
21-MAY-91 2191                                                                                                                                                                                          
07-FEB-99 0799                                                                                                                                                                                          
16-NOV-99 1699                                                                                                                                                                                          
17-OCT-95 1795                                                                                                                                                                                          
29-JAN-97 2997                                                                                                                                                                                          
15-MAR-98 1598                                                                                                                                                                                          
09-JUL-98 0998                                                                                                                                                                                          
29-JAN-00 2900                                                                                                                                                                                          
11-MAY-96 1196                                                                                                                                                                                          
24-MAR-98 2498                                                                                                                                                                                          
24-MAY-99 2499                                                                                                                                                                                          
17-SEP-87 1787                                                                                                                                                                                          
17-FEB-96 1796                                                                                                                                                                                          
17-AUG-97 1797                                                                                                                                                                                          
07-JUN-94 0794                                                                                                                                                                                          
07-JUN-94 0794                                                                                                                                                                                          

20 rows selected.

SQL> REM REPLACE : IT REPLACES OR DELETES WORD, IT WORKS WORD BY WORD
SQL> 
SQL> SELECT HIRE_DATE , REPLACE(HIRE_DATE,'JAN','jan') FROM EMPLOYEES;

HIRE_DATE REPLACE(HIRE_DATE,'JAN','JAN')                                                                                                                                                                
--------- ------------------------------------------------------                                                                                                                                        
17-JUL-87 17-JUL-87                                                                                                                                                                                     
21-SEP-89 21-SEP-89                                                                                                                                                                                     
13-JAN-93 13-jan-93                                                                                                                                                                                     
03-JAN-90 03-jan-90                                                                                                                                                                                     
21-MAY-91 21-MAY-91                                                                                                                                                                                     
07-FEB-99 07-FEB-99                                                                                                                                                                                     
16-NOV-99 16-NOV-99                                                                                                                                                                                     
17-OCT-95 17-OCT-95                                                                                                                                                                                     
29-JAN-97 29-jan-97                                                                                                                                                                                     
15-MAR-98 15-MAR-98                                                                                                                                                                                     
09-JUL-98 09-JUL-98                                                                                                                                                                                     
29-JAN-00 29-jan-00                                                                                                                                                                                     
11-MAY-96 11-MAY-96                                                                                                                                                                                     
24-MAR-98 24-MAR-98                                                                                                                                                                                     
24-MAY-99 24-MAY-99                                                                                                                                                                                     
17-SEP-87 17-SEP-87                                                                                                                                                                                     
17-FEB-96 17-FEB-96                                                                                                                                                                                     
17-AUG-97 17-AUG-97                                                                                                                                                                                     
07-JUN-94 07-JUN-94                                                                                                                                                                                     
07-JUN-94 07-JUN-94                                                                                                                                                                                     

20 rows selected.

SQL> SELECT HIRE_DATE , REPLACE(HIRE_DATE,'JAN','january') FROM EMPLOYEES;

HIRE_DATE REPLACE(HIRE_DATE,'JAN','JANUARY')                                                                                                                                                            
--------- ------------------------------------------------------------------------------------------------------------------------------                                                                
17-JUL-87 17-JUL-87                                                                                                                                                                                     
21-SEP-89 21-SEP-89                                                                                                                                                                                     
13-JAN-93 13-january-93                                                                                                                                                                                 
03-JAN-90 03-january-90                                                                                                                                                                                 
21-MAY-91 21-MAY-91                                                                                                                                                                                     
07-FEB-99 07-FEB-99                                                                                                                                                                                     
16-NOV-99 16-NOV-99                                                                                                                                                                                     
17-OCT-95 17-OCT-95                                                                                                                                                                                     
29-JAN-97 29-january-97                                                                                                                                                                                 
15-MAR-98 15-MAR-98                                                                                                                                                                                     
09-JUL-98 09-JUL-98                                                                                                                                                                                     
29-JAN-00 29-january-00                                                                                                                                                                                 
11-MAY-96 11-MAY-96                                                                                                                                                                                     
24-MAR-98 24-MAR-98                                                                                                                                                                                     
24-MAY-99 24-MAY-99                                                                                                                                                                                     
17-SEP-87 17-SEP-87                                                                                                                                                                                     
17-FEB-96 17-FEB-96                                                                                                                                                                                     
17-AUG-97 17-AUG-97                                                                                                                                                                                     
07-JUN-94 07-JUN-94                                                                                                                                                                                     
07-JUN-94 07-JUN-94                                                                                                                                                                                     

20 rows selected.

SQL> SELECT HIRE_DATE , REPLACE(HIRE_DATE,'JAN','01') FROM EMPLOYEES;

HIRE_DATE REPLACE(HIRE_DATE,'JAN','01')                                                                                                                                                                 
--------- ------------------------------------                                                                                                                                                          
17-JUL-87 17-JUL-87                                                                                                                                                                                     
21-SEP-89 21-SEP-89                                                                                                                                                                                     
13-JAN-93 13-01-93                                                                                                                                                                                      
03-JAN-90 03-01-90                                                                                                                                                                                      
21-MAY-91 21-MAY-91                                                                                                                                                                                     
07-FEB-99 07-FEB-99                                                                                                                                                                                     
16-NOV-99 16-NOV-99                                                                                                                                                                                     
17-OCT-95 17-OCT-95                                                                                                                                                                                     
29-JAN-97 29-01-97                                                                                                                                                                                      
15-MAR-98 15-MAR-98                                                                                                                                                                                     
09-JUL-98 09-JUL-98                                                                                                                                                                                     
29-JAN-00 29-01-00                                                                                                                                                                                      
11-MAY-96 11-MAY-96                                                                                                                                                                                     
24-MAR-98 24-MAR-98                                                                                                                                                                                     
24-MAY-99 24-MAY-99                                                                                                                                                                                     
17-SEP-87 17-SEP-87                                                                                                                                                                                     
17-FEB-96 17-FEB-96                                                                                                                                                                                     
17-AUG-97 17-AUG-97                                                                                                                                                                                     
07-JUN-94 07-JUN-94                                                                                                                                                                                     
07-JUN-94 07-JUN-94                                                                                                                                                                                     

20 rows selected.

SQL> SELECT HIRE_DATE , REPLACE(HIRE_DATE,'JAN') FROM EMPLOYEES;

HIRE_DATE REPLACE(HIRE_DATE,                                                                                                                                                                            
--------- ------------------                                                                                                                                                                            
17-JUL-87 17-JUL-87                                                                                                                                                                                     
21-SEP-89 21-SEP-89                                                                                                                                                                                     
13-JAN-93 13--93                                                                                                                                                                                        
03-JAN-90 03--90                                                                                                                                                                                        
21-MAY-91 21-MAY-91                                                                                                                                                                                     
07-FEB-99 07-FEB-99                                                                                                                                                                                     
16-NOV-99 16-NOV-99                                                                                                                                                                                     
17-OCT-95 17-OCT-95                                                                                                                                                                                     
29-JAN-97 29--97                                                                                                                                                                                        
15-MAR-98 15-MAR-98                                                                                                                                                                                     
09-JUL-98 09-JUL-98                                                                                                                                                                                     
29-JAN-00 29--00                                                                                                                                                                                        
11-MAY-96 11-MAY-96                                                                                                                                                                                     
24-MAR-98 24-MAR-98                                                                                                                                                                                     
24-MAY-99 24-MAY-99                                                                                                                                                                                     
17-SEP-87 17-SEP-87                                                                                                                                                                                     
17-FEB-96 17-FEB-96                                                                                                                                                                                     
17-AUG-97 17-AUG-97                                                                                                                                                                                     
07-JUN-94 07-JUN-94                                                                                                                                                                                     
07-JUN-94 07-JUN-94                                                                                                                                                                                     

20 rows selected.

SQL> SELECT FIRST_NAME , LENGTH(FIRST_NAME) FROM EMPLOYEES;

FIRST_NAME      LENGTH(FIRST_NAME)                                                                                                                                                                      
--------------- ------------------                                                                                                                                                                      
Steven                           6                                                                                                                                                                      
Neena                            5                                                                                                                                                                      
Lex                              3                                                                                                                                                                      
Alexander                        9                                                                                                                                                                      
Bruce                            5                                                                                                                                                                      
Diana                            5                                                                                                                                                                      
Kevin                            5                                                                                                                                                                      
Trenna                           6                                                                                                                                                                      
Curtis                           6                                                                                                                                                                      
Randall                          7                                                                                                                                                                      
Peter                            5                                                                                                                                                                      
Eleni                            5                                                                                                                                                                      
Ellen                            5                                                                                                                                                                      
Jonathon                         8                                                                                                                                                                      
Kimerely                         8                                                                                                                                                                      
Jennifer                         8                                                                                                                                                                      
Michael                          7                                                                                                                                                                      
Pat                              3                                                                                                                                                                      
Shelley                          7                                                                                                                                                                      
William                          7                                                                                                                                                                      

20 rows selected.

SQL> SELECT SALARY , LENGTH(SALARY) FROM EMPLOYEES;

    SALARY LENGTH(SALARY)                                                                                                                                                                               
---------- --------------                                                                                                                                                                               
     24000              5                                                                                                                                                                               
     17000              5                                                                                                                                                                               
     17000              5                                                                                                                                                                               
      9000              4                                                                                                                                                                               
      6000              4                                                                                                                                                                               
      4200              4                                                                                                                                                                               
      5800              4                                                                                                                                                                               
      3500              4                                                                                                                                                                               
      3100              4                                                                                                                                                                               
      2600              4                                                                                                                                                                               
      2500              4                                                                                                                                                                               
     10500              5                                                                                                                                                                               
     11000              5                                                                                                                                                                               
      8600              4                                                                                                                                                                               
      7000              4                                                                                                                                                                               
      4400              4                                                                                                                                                                               
     13000              5                                                                                                                                                                               
      6000              4                                                                                                                                                                               
     12000              5                                                                                                                                                                               
      8300              4                                                                                                                                                                               

20 rows selected.

SQL> SELECT HIRE_DATE , LENGTH(HIRE_DATE) FROM EMPLOYEES;

HIRE_DATE LENGTH(HIRE_DATE)                                                                                                                                                                             
--------- -----------------                                                                                                                                                                             
17-JUL-87                 9                                                                                                                                                                             
21-SEP-89                 9                                                                                                                                                                             
13-JAN-93                 9                                                                                                                                                                             
03-JAN-90                 9                                                                                                                                                                             
21-MAY-91                 9                                                                                                                                                                             
07-FEB-99                 9                                                                                                                                                                             
16-NOV-99                 9                                                                                                                                                                             
17-OCT-95                 9                                                                                                                                                                             
29-JAN-97                 9                                                                                                                                                                             
15-MAR-98                 9                                                                                                                                                                             
09-JUL-98                 9                                                                                                                                                                             
29-JAN-00                 9                                                                                                                                                                             
11-MAY-96                 9                                                                                                                                                                             
24-MAR-98                 9                                                                                                                                                                             
24-MAY-99                 9                                                                                                                                                                             
17-SEP-87                 9                                                                                                                                                                             
17-FEB-96                 9                                                                                                                                                                             
17-AUG-97                 9                                                                                                                                                                             
07-JUN-94                 9                                                                                                                                                                             
07-JUN-94                 9                                                                                                                                                                             

20 rows selected.

SQL> REM DD-MON-RR
SQL> 
SQL> SELECT * FROM NLS_SESSION_PARAMETERS;

PARAMETER                                                                                                                                                                                               
------------------------------------------------------------------------------------------------------------------------                                                                                
VALUE                                                                                                                                                                                                   
--------------------------------------------------------------------------------------------------------------------------------------------------------------------------------------------------------
NLS_LANGUAGE                                                                                                                                                                                            
AMERICAN                                                                                                                                                                                                
                                                                                                                                                                                                        
NLS_TERRITORY                                                                                                                                                                                           
AMERICA                                                                                                                                                                                                 
                                                                                                                                                                                                        
NLS_CURRENCY                                                                                                                                                                                            
$                                                                                                                                                                                                       
                                                                                                                                                                                                        
NLS_ISO_CURRENCY                                                                                                                                                                                        
AMERICA                                                                                                                                                                                                 
                                                                                                                                                                                                        
NLS_NUMERIC_CHARACTERS                                                                                                                                                                                  
.,                                                                                                                                                                                                      
                                                                                                                                                                                                        
NLS_CALENDAR                                                                                                                                                                                            
GREGORIAN                                                                                                                                                                                               
                                                                                                                                                                                                        
NLS_DATE_FORMAT                                                                                                                                                                                         

PARAMETER                                                                                                                                                                                               
------------------------------------------------------------------------------------------------------------------------                                                                                
VALUE                                                                                                                                                                                                   
--------------------------------------------------------------------------------------------------------------------------------------------------------------------------------------------------------
DD-MON-RR                                                                                                                                                                                               
                                                                                                                                                                                                        
NLS_DATE_LANGUAGE                                                                                                                                                                                       
AMERICAN                                                                                                                                                                                                
                                                                                                                                                                                                        
NLS_SORT                                                                                                                                                                                                
BINARY                                                                                                                                                                                                  
                                                                                                                                                                                                        
NLS_TIME_FORMAT                                                                                                                                                                                         
HH.MI.SSXFF AM                                                                                                                                                                                          
                                                                                                                                                                                                        
NLS_TIMESTAMP_FORMAT                                                                                                                                                                                    
DD-MON-RR HH.MI.SSXFF AM                                                                                                                                                                                
                                                                                                                                                                                                        
NLS_TIME_TZ_FORMAT                                                                                                                                                                                      
HH.MI.SSXFF AM TZR                                                                                                                                                                                      
                                                                                                                                                                                                        
NLS_TIMESTAMP_TZ_FORMAT                                                                                                                                                                                 
DD-MON-RR HH.MI.SSXFF AM TZR                                                                                                                                                                            

PARAMETER                                                                                                                                                                                               
------------------------------------------------------------------------------------------------------------------------                                                                                
VALUE                                                                                                                                                                                                   
--------------------------------------------------------------------------------------------------------------------------------------------------------------------------------------------------------
                                                                                                                                                                                                        
NLS_DUAL_CURRENCY                                                                                                                                                                                       
$                                                                                                                                                                                                       
                                                                                                                                                                                                        
NLS_COMP                                                                                                                                                                                                
BINARY                                                                                                                                                                                                  
                                                                                                                                                                                                        
NLS_LENGTH_SEMANTICS                                                                                                                                                                                    
BYTE                                                                                                                                                                                                    
                                                                                                                                                                                                        
NLS_NCHAR_CONV_EXCP                                                                                                                                                                                     
FALSE                                                                                                                                                                                                   
                                                                                                                                                                                                        

17 rows selected.

SQL> REM NLS : NATIONAL LANGUAGE SUPPORT
SQL> 
SQL> COL PARAMETER FORMAT A30
SQL> 
SQL> COL VALUE FORMAT A30
SQL> 
SQL> R
  1* SELECT * FROM NLS_SESSION_PARAMETERS

PARAMETER                      VALUE                                                                                                                                                                    
------------------------------ ------------------------------                                                                                                                                           
NLS_LANGUAGE                   AMERICAN                                                                                                                                                                 
NLS_TERRITORY                  AMERICA                                                                                                                                                                  
NLS_CURRENCY                   $                                                                                                                                                                        
NLS_ISO_CURRENCY               AMERICA                                                                                                                                                                  
NLS_NUMERIC_CHARACTERS         .,                                                                                                                                                                       
NLS_CALENDAR                   GREGORIAN                                                                                                                                                                
NLS_DATE_FORMAT                DD-MON-RR                                                                                                                                                                
NLS_DATE_LANGUAGE              AMERICAN                                                                                                                                                                 
NLS_SORT                       BINARY                                                                                                                                                                   
NLS_TIME_FORMAT                HH.MI.SSXFF AM                                                                                                                                                           
NLS_TIMESTAMP_FORMAT           DD-MON-RR HH.MI.SSXFF AM                                                                                                                                                 
NLS_TIME_TZ_FORMAT             HH.MI.SSXFF AM TZR                                                                                                                                                       
NLS_TIMESTAMP_TZ_FORMAT        DD-MON-RR HH.MI.SSXFF AM TZR                                                                                                                                             
NLS_DUAL_CURRENCY              $                                                                                                                                                                        
NLS_COMP                       BINARY                                                                                                                                                                   
NLS_LENGTH_SEMANTICS           BYTE                                                                                                                                                                     
NLS_NCHAR_CONV_EXCP            FALSE                                                                                                                                                                    

17 rows selected.

SQL> ALTER SESSION SET NLS_DATE_FORMAT = 'DD-MONTH-RRRR';

Session altered.

SQL> SELECT HIRE_DATE , LENGTH(HIRE_DATE) FROM EMPLOYEES;

HIRE_DATE         LENGTH(HIRE_DATE)                                                                                                                                                                     
----------------- -----------------                                                                                                                                                                     
17-JULY     -1987                17                                                                                                                                                                     
21-SEPTEMBER-1989                17                                                                                                                                                                     
13-JANUARY  -1993                17                                                                                                                                                                     
03-JANUARY  -1990                17                                                                                                                                                                     
21-MAY      -1991                17                                                                                                                                                                     
07-FEBRUARY -1999                17                                                                                                                                                                     
16-NOVEMBER -1999                17                                                                                                                                                                     
17-OCTOBER  -1995                17                                                                                                                                                                     
29-JANUARY  -1997                17                                                                                                                                                                     
15-MARCH    -1998                17                                                                                                                                                                     
09-JULY     -1998                17                                                                                                                                                                     
29-JANUARY  -2000                17                                                                                                                                                                     
11-MAY      -1996                17                                                                                                                                                                     
24-MARCH    -1998                17                                                                                                                                                                     
24-MAY      -1999                17                                                                                                                                                                     
17-SEPTEMBER-1987                17                                                                                                                                                                     
17-FEBRUARY -1996                17                                                                                                                                                                     
17-AUGUST   -1997                17                                                                                                                                                                     
07-JUNE     -1994                17                                                                                                                                                                     
07-JUNE     -1994                17                                                                                                                                                                     

20 rows selected.

SQL> ALTER SESSION SET NLS_DATE_FORMAT = 'DD-MONTH-RRRR DAY';

Session altered.

SQL> SELECT HIRE_DATE , LENGTH(HIRE_DATE) FROM EMPLOYEES;

HIRE_DATE                   LENGTH(HIRE_DATE)                                                                                                                                                           
--------------------------- -----------------                                                                                                                                                           
17-JULY     -1987 FRIDAY                   27                                                                                                                                                           
21-SEPTEMBER-1989 THURSDAY                 27                                                                                                                                                           
13-JANUARY  -1993 WEDNESDAY                27                                                                                                                                                           
03-JANUARY  -1990 WEDNESDAY                27                                                                                                                                                           
21-MAY      -1991 TUESDAY                  27                                                                                                                                                           
07-FEBRUARY -1999 SUNDAY                   27                                                                                                                                                           
16-NOVEMBER -1999 TUESDAY                  27                                                                                                                                                           
17-OCTOBER  -1995 TUESDAY                  27                                                                                                                                                           
29-JANUARY  -1997 WEDNESDAY                27                                                                                                                                                           
15-MARCH    -1998 SUNDAY                   27                                                                                                                                                           
09-JULY     -1998 THURSDAY                 27                                                                                                                                                           
29-JANUARY  -2000 SATURDAY                 27                                                                                                                                                           
11-MAY      -1996 SATURDAY                 27                                                                                                                                                           
24-MARCH    -1998 TUESDAY                  27                                                                                                                                                           
24-MAY      -1999 MONDAY                   27                                                                                                                                                           
17-SEPTEMBER-1987 THURSDAY                 27                                                                                                                                                           
17-FEBRUARY -1996 SATURDAY                 27                                                                                                                                                           
17-AUGUST   -1997 SUNDAY                   27                                                                                                                                                           
07-JUNE     -1994 TUESDAY                  27                                                                                                                                                           
07-JUNE     -1994 TUESDAY                  27                                                                                                                                                           

20 rows selected.

SQL> CONN SCOTT/TIGER
Connected.
SQL> SELECT * FROM NLS_SESSION_PARAMETERS;

PARAMETER                      VALUE                                                                                                                                                                    
------------------------------ ------------------------------                                                                                                                                           
NLS_LANGUAGE                   AMERICAN                                                                                                                                                                 
NLS_TERRITORY                  AMERICA                                                                                                                                                                  
NLS_CURRENCY                   $                                                                                                                                                                        
NLS_ISO_CURRENCY               AMERICA                                                                                                                                                                  
NLS_NUMERIC_CHARACTERS         .,                                                                                                                                                                       
NLS_CALENDAR                   GREGORIAN                                                                                                                                                                
NLS_DATE_FORMAT                DD-MON-RR                                                                                                                                                                
NLS_DATE_LANGUAGE              AMERICAN                                                                                                                                                                 
NLS_SORT                       BINARY                                                                                                                                                                   
NLS_TIME_FORMAT                HH.MI.SSXFF AM                                                                                                                                                           
NLS_TIMESTAMP_FORMAT           DD-MON-RR HH.MI.SSXFF AM                                                                                                                                                 
NLS_TIME_TZ_FORMAT             HH.MI.SSXFF AM TZR                                                                                                                                                       
NLS_TIMESTAMP_TZ_FORMAT        DD-MON-RR HH.MI.SSXFF AM TZR                                                                                                                                             
NLS_DUAL_CURRENCY              $                                                                                                                                                                        
NLS_COMP                       BINARY                                                                                                                                                                   
NLS_LENGTH_SEMANTICS           BYTE                                                                                                                                                                     
NLS_NCHAR_CONV_EXCP            FALSE                                                                                                                                                                    

17 rows selected.

SQL> SELECT HIRE_DATE , LENGTH(HIRE_DATE) FROM EMPLOYEES;

HIRE_DATE LENGTH(HIRE_DATE)                                                                                                                                                                             
--------- -----------------                                                                                                                                                                             
17-JUL-87                 9                                                                                                                                                                             
21-SEP-89                 9                                                                                                                                                                             
13-JAN-93                 9                                                                                                                                                                             
03-JAN-90                 9                                                                                                                                                                             
21-MAY-91                 9                                                                                                                                                                             
07-FEB-99                 9                                                                                                                                                                             
16-NOV-99                 9                                                                                                                                                                             
17-OCT-95                 9                                                                                                                                                                             
29-JAN-97                 9                                                                                                                                                                             
15-MAR-98                 9                                                                                                                                                                             
09-JUL-98                 9                                                                                                                                                                             
29-JAN-00                 9                                                                                                                                                                             
11-MAY-96                 9                                                                                                                                                                             
24-MAR-98                 9                                                                                                                                                                             
24-MAY-99                 9                                                                                                                                                                             
17-SEP-87                 9                                                                                                                                                                             
17-FEB-96                 9                                                                                                                                                                             
17-AUG-97                 9                                                                                                                                                                             
07-JUN-94                 9                                                                                                                                                                             
07-JUN-94                 9                                                                                                                                                                             

20 rows selected.

SQL> REM SUBSTR : IS USED TO SEPARATE PART OF THE STRING FROM LEFT, RIGHT OR MIDDLE
SQL> 
SQL> SELECT SUBSTR('LaxmanShivRamKrishnan',7,4) FROM DUAL;

SUBS                                                                                                                                                                                                    
----                                                                                                                                                                                                    
Shiv                                                                                                                                                                                                    

SQL> SELECT SUBSTR('LaxmanShivRamKrishnan',1,6) FROM DUAL;

SUBSTR                                                                                                                                                                                                  
------                                                                                                                                                                                                  
Laxman                                                                                                                                                                                                  

SQL> SELECT SUBSTR('LaxmanShivRamKrishnan',11,3) FROM DUAL;

SUB                                                                                                                                                                                                     
---                                                                                                                                                                                                     
Ram                                                                                                                                                                                                     

SQL> SELECT SUBSTR('LaxmanShivRamKrishnan',14) FROM DUAL;

SUBSTR('                                                                                                                                                                                                
--------                                                                                                                                                                                                
Krishnan                                                                                                                                                                                                

SQL> SELECT SUBSTR('LaxmanShivRamKrishnan',14,8) FROM DUAL;

SUBSTR('                                                                                                                                                                                                
--------                                                                                                                                                                                                
Krishnan                                                                                                                                                                                                

SQL> SELECT SUBSTR('LaxmanShivRamKrishnan',14,7) FROM DUAL;

SUBSTR(                                                                                                                                                                                                 
-------                                                                                                                                                                                                 
Krishna                                                                                                                                                                                                 

SQL> SELECT SUBSTR('LaxmanShivRamKrishnan',14,5) FROM DUAL;

SUBST                                                                                                                                                                                                   
-----                                                                                                                                                                                                   
Krish                                                                                                                                                                                                   

SQL> SELECT SUBSTR('LaxmanShivRamKrishnan',-8) FROM DUAL;

SUBSTR('                                                                                                                                                                                                
--------                                                                                                                                                                                                
Krishnan                                                                                                                                                                                                

SQL> SELECT SUBSTR('LaxmanShivRamKrishnan',-8,5) FROM DUAL;

SUBST                                                                                                                                                                                                   
-----                                                                                                                                                                                                   
Krish                                                                                                                                                                                                   

SQL> SELECT SUBSTR('LaxmanShivRamKrishnan',7,7) FROM DUAL;

SUBSTR(                                                                                                                                                                                                 
-------                                                                                                                                                                                                 
ShivRam                                                                                                                                                                                                 

SQL> SELECT SUBSTR('LaxmanShivRamKrishnan',-14,7) FROM DUAL;

SUBSTR(                                                                                                                                                                                                 
-------                                                                                                                                                                                                 
hivRamK                                                                                                                                                                                                 

SQL> SELECT SUBSTR('LaxmanShivRamKrishnan',-13,7) FROM DUAL;

SUBSTR(                                                                                                                                                                                                 
-------                                                                                                                                                                                                 
ivRamKr                                                                                                                                                                                                 

SQL> SELECT SUBSTR('LaxmanShivRamKrishnan',-15,7) FROM DUAL;

SUBSTR(                                                                                                                                                                                                 
-------                                                                                                                                                                                                 
ShivRam                                                                                                                                                                                                 

SQL> REM INSTR : TO FIND POSITION OF STRING WITHIN ANOTHER STRING
SQL> 
SQL> SELECT INSTR('NEELKAMAL','L') FROM DUAL;

INSTR('NEELKAMAL','L')                                                                                                                                                                                  
----------------------                                                                                                                                                                                  
                     4                                                                                                                                                                                  

SQL> SELECT INSTR('NEELKAMAL','EL') FROM DUAL;

INSTR('NEELKAMAL','EL')                                                                                                                                                                                 
-----------------------                                                                                                                                                                                 
                      3                                                                                                                                                                                 

SQL> SELECT INSTR('NEELKAMAL','L') FROM DUAL;

INSTR('NEELKAMAL','L')                                                                                                                                                                                  
----------------------                                                                                                                                                                                  
                     4                                                                                                                                                                                  

SQL> SELECT INSTR('NEELKAMAL','L',6) FROM DUAL;

INSTR('NEELKAMAL','L',6)                                                                                                                                                                                
------------------------                                                                                                                                                                                
                       9                                                                                                                                                                                

SQL> SELECT INSTR('NEELKAMAL','X') FROM DUAL;

INSTR('NEELKAMAL','X')                                                                                                                                                                                  
----------------------                                                                                                                                                                                  
                     0                                                                                                                                                                                  

SQL> SELECT INSTR('NEELKAMAL','L',3,2) FROM DUAL;

INSTR('NEELKAMAL','L',3,2)                                                                                                                                                                              
--------------------------                                                                                                                                                                              
                         9                                                                                                                                                                              

SQL> SELECT INSTR('NEELKAMAL','A',5,2) FROM DUAL;

INSTR('NEELKAMAL','A',5,2)                                                                                                                                                                              
--------------------------                                                                                                                                                                              
                         8                                                                                                                                                                              

SQL> SELECT INSTR('NEELKAMAL','A',5,3) FROM DUAL;

INSTR('NEELKAMAL','A',5,3)                                                                                                                                                                              
--------------------------                                                                                                                                                                              
                         0                                                                                                                                                                              

SQL> SELECT INSTR('NEELKAMAL','L',3) FROM DUAL;

INSTR('NEELKAMAL','L',3)                                                                                                                                                                                
------------------------                                                                                                                                                                                
                       4                                                                                                                                                                                

SQL> SELECT INSTR('NEELKAMAL','L',-1) FROM DUAL;

INSTR('NEELKAMAL','L',-1)                                                                                                                                                                               
-------------------------                                                                                                                                                                               
                        9                                                                                                                                                                               

SQL> SELECT INSTR('NEELKAMAL','L',-2) FROM DUAL;

INSTR('NEELKAMAL','L',-2)                                                                                                                                                                               
-------------------------                                                                                                                                                                               
                        4                                                                                                                                                                               

SQL> 
SQL> SELECT INSTR('NEELKAMAL','A',-2,2) FROM DUAL;

INSTR('NEELKAMAL','A',-2,2)                                                                                                                                                                             
---------------------------                                                                                                                                                                             
                          6                                                                                                                                                                             

SQL> SELECT FIRST_NAME , REVERSE(FIRST_NAME) FROM EMPLOYEES;

FIRST_NAME      REVERSE(FIRST_N                                                                                                                                                                         
--------------- ---------------                                                                                                                                                                         
Steven          nevetS                                                                                                                                                                                  
Neena           aneeN                                                                                                                                                                                   
Lex             xeL                                                                                                                                                                                     
Alexander       rednaxelA                                                                                                                                                                               
Bruce           ecurB                                                                                                                                                                                   
Diana           anaiD                                                                                                                                                                                   
Kevin           niveK                                                                                                                                                                                   
Trenna          annerT                                                                                                                                                                                  
Curtis          sitruC                                                                                                                                                                                  
Randall         lladnaR                                                                                                                                                                                 
Peter           reteP                                                                                                                                                                                   
Eleni           inelE                                                                                                                                                                                   
Ellen           nellE                                                                                                                                                                                   
Jonathon        nohtanoJ                                                                                                                                                                                
Kimerely        yleremiK                                                                                                                                                                                
Jennifer        refinneJ                                                                                                                                                                                
Michael         leahciM                                                                                                                                                                                 
Pat             taP                                                                                                                                                                                     
Shelley         yellehS                                                                                                                                                                                 
William         mailliW                                                                                                                                                                                 

20 rows selected.

SQL> SELECT SALARY , LPAD(SALARY,10,'*') FROM EMPLOYEES;

    SALARY LPAD(SALARY,10,'*')                                                                                                                                                                          
---------- ----------------------------------------                                                                                                                                                     
     24000 *****24000                                                                                                                                                                                   
     17000 *****17000                                                                                                                                                                                   
     17000 *****17000                                                                                                                                                                                   
      9000 ******9000                                                                                                                                                                                   
      6000 ******6000                                                                                                                                                                                   
      4200 ******4200                                                                                                                                                                                   
      5800 ******5800                                                                                                                                                                                   
      3500 ******3500                                                                                                                                                                                   
      3100 ******3100                                                                                                                                                                                   
      2600 ******2600                                                                                                                                                                                   
      2500 ******2500                                                                                                                                                                                   
     10500 *****10500                                                                                                                                                                                   
     11000 *****11000                                                                                                                                                                                   
      8600 ******8600                                                                                                                                                                                   
      7000 ******7000                                                                                                                                                                                   
      4400 ******4400                                                                                                                                                                                   
     13000 *****13000                                                                                                                                                                                   
      6000 ******6000                                                                                                                                                                                   
     12000 *****12000                                                                                                                                                                                   
      8300 ******8300                                                                                                                                                                                   

20 rows selected.

SQL> SELECT SALARY , RPAD(SALARY,10,'*') FROM EMPLOYEES;

    SALARY RPAD(SALARY,10,'*')                                                                                                                                                                          
---------- ----------------------------------------                                                                                                                                                     
     24000 24000*****                                                                                                                                                                                   
     17000 17000*****                                                                                                                                                                                   
     17000 17000*****                                                                                                                                                                                   
      9000 9000******                                                                                                                                                                                   
      6000 6000******                                                                                                                                                                                   
      4200 4200******                                                                                                                                                                                   
      5800 5800******                                                                                                                                                                                   
      3500 3500******                                                                                                                                                                                   
      3100 3100******                                                                                                                                                                                   
      2600 2600******                                                                                                                                                                                   
      2500 2500******                                                                                                                                                                                   
     10500 10500*****                                                                                                                                                                                   
     11000 11000*****                                                                                                                                                                                   
      8600 8600******                                                                                                                                                                                   
      7000 7000******                                                                                                                                                                                   
      4400 4400******                                                                                                                                                                                   
     13000 13000*****                                                                                                                                                                                   
      6000 6000******                                                                                                                                                                                   
     12000 12000*****                                                                                                                                                                                   
      8300 8300******                                                                                                                                                                                   

20 rows selected.

SQL> REM NUMBER FUNCTIONS : POWER SQRT MOD CEIL FLOOR TRUNC ROUND
SQL> 
SQL> SELECT POWER(5,2) FROM DUAL;

POWER(5,2)                                                                                                                                                                                              
----------                                                                                                                                                                                              
        25                                                                                                                                                                                              

SQL> SELECT 5 * 5 FROM DUAL;

       5*5                                                                                                                                                                                              
----------                                                                                                                                                                                              
        25                                                                                                                                                                                              

SQL> SELECT POWER(5,3) FROM DUAL;

POWER(5,3)                                                                                                                                                                                              
----------                                                                                                                                                                                              
       125                                                                                                                                                                                              

SQL> SELECT 5 * 5 * 5 FROM DUAL;

     5*5*5                                                                                                                                                                                              
----------                                                                                                                                                                                              
       125                                                                                                                                                                                              

SQL> SELECT POWER(5.3,2) FROM DUAL;

POWER(5.3,2)                                                                                                                                                                                            
------------                                                                                                                                                                                            
       28.09                                                                                                                                                                                            

SQL> SELECT POWER(5.3,2.45) FROM DUAL;

POWER(5.3,2.45)                                                                                                                                                                                         
---------------                                                                                                                                                                                         
     59.4943714                                                                                                                                                                                         

SQL> SELECT POWER(-5.3,2.45) FROM DUAL;
SELECT POWER(-5.3,2.45) FROM DUAL
             *
ERROR at line 1:
ORA-01428: argument '-5.3' is out of range 


SQL> SELECT POWER(-5.3,2) FROM DUAL;

POWER(-5.3,2)                                                                                                                                                                                           
-------------                                                                                                                                                                                           
        28.09                                                                                                                                                                                           

SQL> SELECT POWER(-5,2) FROM DUAL;

POWER(-5,2)                                                                                                                                                                                             
-----------                                                                                                                                                                                             
         25                                                                                                                                                                                             

SQL> SELECT POWER(-5,3) FROM DUAL;

POWER(-5,3)                                                                                                                                                                                             
-----------                                                                                                                                                                                             
       -125                                                                                                                                                                                             

SQL> SELECT POWER(-5,4) FROM DUAL;

POWER(-5,4)                                                                                                                                                                                             
-----------                                                                                                                                                                                             
        625                                                                                                                                                                                             

SQL> SELECT POWER(5,2,3) FROM DUAL;
SELECT POWER(5,2,3) FROM DUAL
       *
ERROR at line 1:
ORA-00909: invalid number of arguments 


SQL> SELECT POWER(25,1/2) FROM DUAL;

POWER(25,1/2)                                                                                                                                                                                           
-------------                                                                                                                                                                                           
            5                                                                                                                                                                                           

SQL> SELECT POWER(25,.5) FROM DUAL;

POWER(25,.5)                                                                                                                                                                                            
------------                                                                                                                                                                                            
           5                                                                                                                                                                                            

SQL> SELECT POWER(125,1/3) FROM DUAL;

POWER(125,1/3)                                                                                                                                                                                          
--------------                                                                                                                                                                                          
             5                                                                                                                                                                                          

SQL> SELECT POWER(26,1/2) FROM DUAL;

POWER(26,1/2)                                                                                                                                                                                           
-------------                                                                                                                                                                                           
   5.09901951                                                                                                                                                                                           

SQL> SELECT POWER(5,-2) FROM DUAL;

POWER(5,-2)                                                                                                                                                                                             
-----------                                                                                                                                                                                             
        .04                                                                                                                                                                                             

SQL> SELECT 1/POWER(5,2) FROM DUAL;

1/POWER(5,2)                                                                                                                                                                                            
------------                                                                                                                                                                                            
         .04                                                                                                                                                                                            

SQL> REM SQRT
SQL> 
SQL> SELECT SQRT(36) FROM DUAL;

  SQRT(36)                                                                                                                                                                                              
----------                                                                                                                                                                                              
         6                                                                                                                                                                                              

SQL> SELECT SQRT(25) FROM DUAL;

  SQRT(25)                                                                                                                                                                                              
----------                                                                                                                                                                                              
         5                                                                                                                                                                                              

SQL> SELECT SQRT(24) FROM DUAL;

  SQRT(24)                                                                                                                                                                                              
----------                                                                                                                                                                                              
4.89897949                                                                                                                                                                                              

SQL> SELECT SQRT(-25) FROM DUAL;
SELECT SQRT(-25) FROM DUAL
            *
ERROR at line 1:
ORA-01428: argument '-25' is out of range 


SQL> SELECT SQRT(24.56) FROM DUAL;

SQRT(24.56)                                                                                                                                                                                             
-----------                                                                                                                                                                                             
 4.95580468                                                                                                                                                                                             

SQL> REM CEIL/FLOOR : BUILDING
SQL> 
SQL> REM 3.5 : CEIL : 4 , FLOOR : 3
SQL> 
SQL> SELECT CEIL(4) , FLOOR(4) FROM DUAL;

   CEIL(4)   FLOOR(4)                                                                                                                                                                                   
---------- ----------                                                                                                                                                                                   
         4          4                                                                                                                                                                                   

SQL> SELECT CEIL(4.01) , FLOOR(4.01) FROM DUAL;

CEIL(4.01) FLOOR(4.01)                                                                                                                                                                                  
---------- -----------                                                                                                                                                                                  
         5           4                                                                                                                                                                                  

SQL> SELECT CEIL(4.00000000000000000000001) , FLOOR(4.0000000000000000000000001) FROM DUAL;

CEIL(4.00000000000000000000001) FLOOR(4.0000000000000000000000001)                                                                                                                                      
------------------------------- ----------------------------------                                                                                                                                      
                              5                                  4                                                                                                                                      

SQL> SELECT CEIL(-4.00000000000000000000001) , FLOOR(-4.0000000000000000000000001) FROM DUAL;

CEIL(-4.00000000000000000000001) FLOOR(-4.0000000000000000000000001)                                                                                                                                    
-------------------------------- -----------------------------------                                                                                                                                    
                              -4                                  -5                                                                                                                                    

SQL> SELECT CEIL(4.99999999999999999) , FLOOR(4.9999999999) FROM DUAL;

CEIL(4.99999999999999999) FLOOR(4.9999999999)                                                                                                                                                           
------------------------- -------------------                                                                                                                                                           
                        5                   4                                                                                                                                                           

SQL> SELECT CEIL(-4.99999999999999999) , FLOOR(-4.9999999999) FROM DUAL;

CEIL(-4.99999999999999999) FLOOR(-4.9999999999)                                                                                                                                                         
-------------------------- --------------------                                                                                                                                                         
                        -4                   -5                                                                                                                                                         

SQL> REM TRUNC :
SQL> 
SQL> SELECT 3892.47 , TRUNC(3892.47) FROM DUAL;

   3892.47 TRUNC(3892.47)                                                                                                                                                                               
---------- --------------                                                                                                                                                                               
   3892.47           3892                                                                                                                                                                               

SQL> SELECT 3892.47 , TRUNC(3892.47) FROM DUAL;

   3892.47 TRUNC(3892.47)                                                                                                                                                                               
---------- --------------                                                                                                                                                                               
   3892.47           3892                                                                                                                                                                               

SQL> SELECT 3892.47 , TRUNC(3892.47,0) FROM DUAL;

   3892.47 TRUNC(3892.47,0)                                                                                                                                                                             
---------- ----------------                                                                                                                                                                             
   3892.47             3892                                                                                                                                                                             

SQL> SELECT 3892.47 , TRUNC(3892.47,1) FROM DUAL;

   3892.47 TRUNC(3892.47,1)                                                                                                                                                                             
---------- ----------------                                                                                                                                                                             
   3892.47           3892.4                                                                                                                                                                             

SQL> SELECT 3892.47 , TRUNC(3892.47,2) FROM DUAL;

   3892.47 TRUNC(3892.47,2)                                                                                                                                                                             
---------- ----------------                                                                                                                                                                             
   3892.47          3892.47                                                                                                                                                                             

SQL> SELECT 3892.47 , TRUNC(3892.47,3) FROM DUAL;

   3892.47 TRUNC(3892.47,3)                                                                                                                                                                             
---------- ----------------                                                                                                                                                                             
   3892.47          3892.47                                                                                                                                                                             

SQL> SELECT 3892.47 , TRUNC(3892.47,-1) FROM DUAL;

   3892.47 TRUNC(3892.47,-1)                                                                                                                                                                            
---------- -----------------                                                                                                                                                                            
   3892.47              3890                                                                                                                                                                            

SQL> SELECT 3892.47 , TRUNC(3892.47,-2) FROM DUAL;

   3892.47 TRUNC(3892.47,-2)                                                                                                                                                                            
---------- -----------------                                                                                                                                                                            
   3892.47              3800                                                                                                                                                                            

SQL> SELECT 3892.47 , TRUNC(3892.47,-3) FROM DUAL;

   3892.47 TRUNC(3892.47,-3)                                                                                                                                                                            
---------- -----------------                                                                                                                                                                            
   3892.47              3000                                                                                                                                                                            

SQL> SELECT 3892.47 , TRUNC(3892.47,-4) FROM DUAL;

   3892.47 TRUNC(3892.47,-4)                                                                                                                                                                            
---------- -----------------                                                                                                                                                                            
   3892.47                 0                                                                                                                                                                            

SQL> SELECT 3892.47 , TRUNC(3892.47,-5) FROM DUAL;

   3892.47 TRUNC(3892.47,-5)                                                                                                                                                                            
---------- -----------------                                                                                                                                                                            
   3892.47                 0                                                                                                                                                                            

SQL> SELECT SQRT(24) FROM DUAL;

  SQRT(24)                                                                                                                                                                                              
----------                                                                                                                                                                                              
4.89897949                                                                                                                                                                                              

SQL> SELECT TRUNC(SQRT(24),2) FROM DUAL;

TRUNC(SQRT(24),2)                                                                                                                                                                                       
-----------------                                                                                                                                                                                       
             4.89                                                                                                                                                                                       

SQL> REM ROUND
SQL> 
SQL> REM ROUND : BASE 10
SQL> 
SQL> REM ROUND : BASE 10 : AVAILABLE DIGITS : 0 1 2 3 4 5 6 7 8 9
SQL> 
SQL> REM FIRST HALF : 0 1 2 3 4
SQL> 
SQL> REM SECOND HALF : 5 6 7 8 9
SQL> 
SQL> REM IF DIGIT TO BE COMPARED FALLS IN FIRST HALF, NO CHANGE WILL BE APPLIED
SQL> 
SQL> REM IF DIGIT TO BE COMPARED FALLS IN SECOND HALF, IT WILL ADD 1 TO PREVIOUS DIGIT
SQL> 
SQL> 
SQL> SELECT 3892.47 , ROUND(3892.47) FROM DUAL;

   3892.47 ROUND(3892.47)                                                                                                                                                                               
---------- --------------                                                                                                                                                                               
   3892.47           3892                                                                                                                                                                               

SQL> SELECT 3892.47 , TRUNC(3892.47), ROUND(3892.47) FROM DUAL;

   3892.47 TRUNC(3892.47) ROUND(3892.47)                                                                                                                                                                
---------- -------------- --------------                                                                                                                                                                
   3892.47           3892           3892                                                                                                                                                                

SQL> SELECT 3892.57 , TRUNC(3892.57), ROUND(3892.57) FROM DUAL;

   3892.57 TRUNC(3892.57) ROUND(3892.57)                                                                                                                                                                
---------- -------------- --------------                                                                                                                                                                
   3892.57           3892           3893                                                                                                                                                                

SQL> SELECT 3892.47 , TRUNC(3892.47,0), ROUND(3892.47,0) FROM DUAL;

   3892.47 TRUNC(3892.47,0) ROUND(3892.47,0)                                                                                                                                                            
---------- ---------------- ----------------                                                                                                                                                            
   3892.47             3892             3892                                                                                                                                                            

SQL> SELECT 3892.57 , TRUNC(3892.57,0), ROUND(3892.57,0) FROM DUAL;

   3892.57 TRUNC(3892.57,0) ROUND(3892.57,0)                                                                                                                                                            
---------- ---------------- ----------------                                                                                                                                                            
   3892.57             3892             3893                                                                                                                                                            

SQL> SELECT 3892.47 , TRUNC(3892.47,1), ROUND(3892.47,1) FROM DUAL;

   3892.47 TRUNC(3892.47,1) ROUND(3892.47,1)                                                                                                                                                            
---------- ---------------- ----------------                                                                                                                                                            
   3892.47           3892.4           3892.5                                                                                                                                                            

SQL> SELECT 3892.47 , TRUNC(3892.47,2), ROUND(3892.47,2) FROM DUAL;

   3892.47 TRUNC(3892.47,2) ROUND(3892.47,2)                                                                                                                                                            
---------- ---------------- ----------------                                                                                                                                                            
   3892.47          3892.47          3892.47                                                                                                                                                            

SQL> SELECT 3892.47 , TRUNC(3892.47,-1), ROUND(3892.47,-1) FROM DUAL;

   3892.47 TRUNC(3892.47,-1) ROUND(3892.47,-1)                                                                                                                                                          
---------- ----------------- -----------------                                                                                                                                                          
   3892.47              3890              3890                                                                                                                                                          

SQL> SELECT 3897.47 , TRUNC(3897.47,-1), ROUND(3897.47,-1) FROM DUAL;

   3897.47 TRUNC(3897.47,-1) ROUND(3897.47,-1)                                                                                                                                                          
---------- ----------------- -----------------                                                                                                                                                          
   3897.47              3890              3900                                                                                                                                                          

SQL> SELECT 3867.47 , TRUNC(3867.47,-1), ROUND(3867.47,-1) FROM DUAL;

   3867.47 TRUNC(3867.47,-1) ROUND(3867.47,-1)                                                                                                                                                          
---------- ----------------- -----------------                                                                                                                                                          
   3867.47              3860              3870                                                                                                                                                          

SQL> SELECT 3867.47 , TRUNC(3867.47,-2), ROUND(3867.47,-2) FROM DUAL;

   3867.47 TRUNC(3867.47,-2) ROUND(3867.47,-2)                                                                                                                                                          
---------- ----------------- -----------------                                                                                                                                                          
   3867.47              3800              3900                                                                                                                                                          

SQL> SELECT 3867.47 , TRUNC(3867.47,-3), ROUND(3867.47,-3) FROM DUAL;

   3867.47 TRUNC(3867.47,-3) ROUND(3867.47,-3)                                                                                                                                                          
---------- ----------------- -----------------                                                                                                                                                          
   3867.47              3000              4000                                                                                                                                                          

SQL> SELECT 3867.47 , TRUNC(3867.47,-4), ROUND(3867.47,-4) FROM DUAL;

   3867.47 TRUNC(3867.47,-4) ROUND(3867.47,-4)                                                                                                                                                          
---------- ----------------- -----------------                                                                                                                                                          
   3867.47                 0                 0                                                                                                                                                          

SQL> SELECT 3867.47 , TRUNC(5867.47,-4), ROUND(5867.47,-4) FROM DUAL;

   3867.47 TRUNC(5867.47,-4) ROUND(5867.47,-4)                                                                                                                                                          
---------- ----------------- -----------------                                                                                                                                                          
   3867.47                 0             10000                                                                                                                                                          

SQL> SELECT TRUNC(67,-2) , ROUND(67,-2) FROM DUAL;

TRUNC(67,-2) ROUND(67,-2)                                                                                                                                                                               
------------ ------------                                                                                                                                                                               
           0          100                                                                                                                                                                               

SQL> SELECT ROUND(5673) FROM DUAL;

ROUND(5673)                                                                                                                                                                                             
-----------                                                                                                                                                                                             
       5673                                                                                                                                                                                             

SQL> SELECT ROUND(5679) FROM DUAL;

ROUND(5679)                                                                                                                                                                                             
-----------                                                                                                                                                                                             
       5679                                                                                                                                                                                             

SQL> SELECT ROUND(5679,-1) FROM DUAL;

ROUND(5679,-1)                                                                                                                                                                                          
--------------                                                                                                                                                                                          
          5680                                                                                                                                                                                          

SQL> SELECT ROUND(5673,-1) FROM DUAL;

ROUND(5673,-1)                                                                                                                                                                                          
--------------                                                                                                                                                                                          
          5670                                                                                                                                                                                          

SQL> SPOOL OFF
