SQL> 
SQL> CL SCR

SQL> REM TO_CHAR : 1 TO CONVERT NUMBER VALUE INTO CHARACTER TYPE
SQL> 
SQL> REM TO_CHAR : 2 TO CONVERT DATE VALUE INTO CHARACTER TYPE
SQL> 
SQL> REM TO DISPLAY NUMBER VALUES IN USER DEFINED/NON-DEFAULT FORMAT
SQL> 
SQL> REM LIST OF VALID NUMBER FORMAT CHARACTERS : 9 0 . , D G $ L U  S MI PR  EEEE OR eeee  V
SQL> 
SQL> SELECT SALARY FROM EMPLOYEES;

    SALARY                                                                                                                                                                                              
----------                                                                                                                                                                                              
     24000                                                                                                                                                                                              
     17000                                                                                                                                                                                              
     17000                                                                                                                                                                                              
      9000                                                                                                                                                                                              
      6000                                                                                                                                                                                              
      4200                                                                                                                                                                                              
      5800                                                                                                                                                                                              
      3500                                                                                                                                                                                              
      3100                                                                                                                                                                                              
      2600                                                                                                                                                                                              
      2500                                                                                                                                                                                              
     10500                                                                                                                                                                                              
     11000                                                                                                                                                                                              
      8600                                                                                                                                                                                              
      7000                                                                                                                                                                                              
      4400                                                                                                                                                                                              
     13000                                                                                                                                                                                              
      6000                                                                                                                                                                                              
     12000                                                                                                                                                                                              
      8300                                                                                                                                                                                              

20 rows selected.

SQL> SELECT SALARY , TO_CHAR(SALARY,'99999') FROM EMPLOYEES;

    SALARY TO_CHA                                                                                                                                                                                       
---------- ------                                                                                                                                                                                       
     24000  24000                                                                                                                                                                                       
     17000  17000                                                                                                                                                                                       
     17000  17000                                                                                                                                                                                       
      9000   9000                                                                                                                                                                                       
      6000   6000                                                                                                                                                                                       
      4200   4200                                                                                                                                                                                       
      5800   5800                                                                                                                                                                                       
      3500   3500                                                                                                                                                                                       
      3100   3100                                                                                                                                                                                       
      2600   2600                                                                                                                                                                                       
      2500   2500                                                                                                                                                                                       
     10500  10500                                                                                                                                                                                       
     11000  11000                                                                                                                                                                                       
      8600   8600                                                                                                                                                                                       
      7000   7000                                                                                                                                                                                       
      4400   4400                                                                                                                                                                                       
     13000  13000                                                                                                                                                                                       
      6000   6000                                                                                                                                                                                       
     12000  12000                                                                                                                                                                                       
      8300   8300                                                                                                                                                                                       

20 rows selected.

SQL> SELECT SALARY , TO_CHAR(SALARY,'00000') FROM EMPLOYEES;

    SALARY TO_CHA                                                                                                                                                                                       
---------- ------                                                                                                                                                                                       
     24000  24000                                                                                                                                                                                       
     17000  17000                                                                                                                                                                                       
     17000  17000                                                                                                                                                                                       
      9000  09000                                                                                                                                                                                       
      6000  06000                                                                                                                                                                                       
      4200  04200                                                                                                                                                                                       
      5800  05800                                                                                                                                                                                       
      3500  03500                                                                                                                                                                                       
      3100  03100                                                                                                                                                                                       
      2600  02600                                                                                                                                                                                       
      2500  02500                                                                                                                                                                                       
     10500  10500                                                                                                                                                                                       
     11000  11000                                                                                                                                                                                       
      8600  08600                                                                                                                                                                                       
      7000  07000                                                                                                                                                                                       
      4400  04400                                                                                                                                                                                       
     13000  13000                                                                                                                                                                                       
      6000  06000                                                                                                                                                                                       
     12000  12000                                                                                                                                                                                       
      8300  08300                                                                                                                                                                                       

20 rows selected.

SQL> SELECT SALARY , TO_CHAR(SALARY,'09990') FROM EMPLOYEES;

    SALARY TO_CHA                                                                                                                                                                                       
---------- ------                                                                                                                                                                                       
     24000  24000                                                                                                                                                                                       
     17000  17000                                                                                                                                                                                       
     17000  17000                                                                                                                                                                                       
      9000  09000                                                                                                                                                                                       
      6000  06000                                                                                                                                                                                       
      4200  04200                                                                                                                                                                                       
      5800  05800                                                                                                                                                                                       
      3500  03500                                                                                                                                                                                       
      3100  03100                                                                                                                                                                                       
      2600  02600                                                                                                                                                                                       
      2500  02500                                                                                                                                                                                       
     10500  10500                                                                                                                                                                                       
     11000  11000                                                                                                                                                                                       
      8600  08600                                                                                                                                                                                       
      7000  07000                                                                                                                                                                                       
      4400  04400                                                                                                                                                                                       
     13000  13000                                                                                                                                                                                       
      6000  06000                                                                                                                                                                                       
     12000  12000                                                                                                                                                                                       
      8300  08300                                                                                                                                                                                       

20 rows selected.

SQL> SELECT SALARY , TO_CHAR(SALARY,'99090') FROM EMPLOYEES;

    SALARY TO_CHA                                                                                                                                                                                       
---------- ------                                                                                                                                                                                       
     24000  24000                                                                                                                                                                                       
     17000  17000                                                                                                                                                                                       
     17000  17000                                                                                                                                                                                       
      9000   9000                                                                                                                                                                                       
      6000   6000                                                                                                                                                                                       
      4200   4200                                                                                                                                                                                       
      5800   5800                                                                                                                                                                                       
      3500   3500                                                                                                                                                                                       
      3100   3100                                                                                                                                                                                       
      2600   2600                                                                                                                                                                                       
      2500   2500                                                                                                                                                                                       
     10500  10500                                                                                                                                                                                       
     11000  11000                                                                                                                                                                                       
      8600   8600                                                                                                                                                                                       
      7000   7000                                                                                                                                                                                       
      4400   4400                                                                                                                                                                                       
     13000  13000                                                                                                                                                                                       
      6000   6000                                                                                                                                                                                       
     12000  12000                                                                                                                                                                                       
      8300   8300                                                                                                                                                                                       

20 rows selected.

SQL> SELECT SALARY , TO_CHAR(SALARY,'099090') FROM EMPLOYEES;

    SALARY TO_CHAR                                                                                                                                                                                      
---------- -------                                                                                                                                                                                      
     24000  024000                                                                                                                                                                                      
     17000  017000                                                                                                                                                                                      
     17000  017000                                                                                                                                                                                      
      9000  009000                                                                                                                                                                                      
      6000  006000                                                                                                                                                                                      
      4200  004200                                                                                                                                                                                      
      5800  005800                                                                                                                                                                                      
      3500  003500                                                                                                                                                                                      
      3100  003100                                                                                                                                                                                      
      2600  002600                                                                                                                                                                                      
      2500  002500                                                                                                                                                                                      
     10500  010500                                                                                                                                                                                      
     11000  011000                                                                                                                                                                                      
      8600  008600                                                                                                                                                                                      
      7000  007000                                                                                                                                                                                      
      4400  004400                                                                                                                                                                                      
     13000  013000                                                                                                                                                                                      
      6000  006000                                                                                                                                                                                      
     12000  012000                                                                                                                                                                                      
      8300  008300                                                                                                                                                                                      

20 rows selected.

SQL> SELECT SALARY , TO_CHAR(SALARY,'09690') FROM EMPLOYEES;
SELECT SALARY , TO_CHAR(SALARY,'09690') FROM EMPLOYEES
                               *
ERROR at line 1:
ORA-01481: invalid number format model 


SQL> SELECT SALARY , TO_CHAR(SALARY,'99090.99') FROM EMPLOYEES;

    SALARY TO_CHAR(S                                                                                                                                                                                    
---------- ---------                                                                                                                                                                                    
     24000  24000.00                                                                                                                                                                                    
     17000  17000.00                                                                                                                                                                                    
     17000  17000.00                                                                                                                                                                                    
      9000   9000.00                                                                                                                                                                                    
      6000   6000.00                                                                                                                                                                                    
      4200   4200.00                                                                                                                                                                                    
      5800   5800.00                                                                                                                                                                                    
      3500   3500.00                                                                                                                                                                                    
      3100   3100.00                                                                                                                                                                                    
      2600   2600.00                                                                                                                                                                                    
      2500   2500.00                                                                                                                                                                                    
     10500  10500.00                                                                                                                                                                                    
     11000  11000.00                                                                                                                                                                                    
      8600   8600.00                                                                                                                                                                                    
      7000   7000.00                                                                                                                                                                                    
      4400   4400.00                                                                                                                                                                                    
     13000  13000.00                                                                                                                                                                                    
      6000   6000.00                                                                                                                                                                                    
     12000  12000.00                                                                                                                                                                                    
      8300   8300.00                                                                                                                                                                                    

20 rows selected.

SQL> SELECT SALARY , TO_CHAR(SALARY,'99090.00') FROM EMPLOYEES;

    SALARY TO_CHAR(S                                                                                                                                                                                    
---------- ---------                                                                                                                                                                                    
     24000  24000.00                                                                                                                                                                                    
     17000  17000.00                                                                                                                                                                                    
     17000  17000.00                                                                                                                                                                                    
      9000   9000.00                                                                                                                                                                                    
      6000   6000.00                                                                                                                                                                                    
      4200   4200.00                                                                                                                                                                                    
      5800   5800.00                                                                                                                                                                                    
      3500   3500.00                                                                                                                                                                                    
      3100   3100.00                                                                                                                                                                                    
      2600   2600.00                                                                                                                                                                                    
      2500   2500.00                                                                                                                                                                                    
     10500  10500.00                                                                                                                                                                                    
     11000  11000.00                                                                                                                                                                                    
      8600   8600.00                                                                                                                                                                                    
      7000   7000.00                                                                                                                                                                                    
      4400   4400.00                                                                                                                                                                                    
     13000  13000.00                                                                                                                                                                                    
      6000   6000.00                                                                                                                                                                                    
     12000  12000.00                                                                                                                                                                                    
      8300   8300.00                                                                                                                                                                                    

20 rows selected.

SQL> SELECT SALARY , TO_CHAR(SALARY,'99,090.00') FROM EMPLOYEES;

    SALARY TO_CHAR(SA                                                                                                                                                                                   
---------- ----------                                                                                                                                                                                   
     24000  24,000.00                                                                                                                                                                                   
     17000  17,000.00                                                                                                                                                                                   
     17000  17,000.00                                                                                                                                                                                   
      9000   9,000.00                                                                                                                                                                                   
      6000   6,000.00                                                                                                                                                                                   
      4200   4,200.00                                                                                                                                                                                   
      5800   5,800.00                                                                                                                                                                                   
      3500   3,500.00                                                                                                                                                                                   
      3100   3,100.00                                                                                                                                                                                   
      2600   2,600.00                                                                                                                                                                                   
      2500   2,500.00                                                                                                                                                                                   
     10500  10,500.00                                                                                                                                                                                   
     11000  11,000.00                                                                                                                                                                                   
      8600   8,600.00                                                                                                                                                                                   
      7000   7,000.00                                                                                                                                                                                   
      4400   4,400.00                                                                                                                                                                                   
     13000  13,000.00                                                                                                                                                                                   
      6000   6,000.00                                                                                                                                                                                   
     12000  12,000.00                                                                                                                                                                                   
      8300   8,300.00                                                                                                                                                                                   

20 rows selected.

SQL> SELECT SALARY , TO_CHAR(SALARY,'9,90,90.00') FROM EMPLOYEES;

    SALARY TO_CHAR(SAL                                                                                                                                                                                  
---------- -----------                                                                                                                                                                                  
     24000  2,40,00.00                                                                                                                                                                                  
     17000  1,70,00.00                                                                                                                                                                                  
     17000  1,70,00.00                                                                                                                                                                                  
      9000    90,00.00                                                                                                                                                                                  
      6000    60,00.00                                                                                                                                                                                  
      4200    42,00.00                                                                                                                                                                                  
      5800    58,00.00                                                                                                                                                                                  
      3500    35,00.00                                                                                                                                                                                  
      3100    31,00.00                                                                                                                                                                                  
      2600    26,00.00                                                                                                                                                                                  
      2500    25,00.00                                                                                                                                                                                  
     10500  1,05,00.00                                                                                                                                                                                  
     11000  1,10,00.00                                                                                                                                                                                  
      8600    86,00.00                                                                                                                                                                                  
      7000    70,00.00                                                                                                                                                                                  
      4400    44,00.00                                                                                                                                                                                  
     13000  1,30,00.00                                                                                                                                                                                  
      6000    60,00.00                                                                                                                                                                                  
     12000  1,20,00.00                                                                                                                                                                                  
      8300    83,00.00                                                                                                                                                                                  

20 rows selected.

SQL> SELECT SALARY , TO_CHAR(SALARY,'9.90,90,00') FROM EMPLOYEES;
SELECT SALARY , TO_CHAR(SALARY,'9.90,90,00') FROM EMPLOYEES
                               *
ERROR at line 1:
ORA-01481: invalid number format model 


SQL> REM , : GROUP SEPARATOR
SQL> 
SQL> REM . : DECIMAL SEPARATOR
SQL> 
SQL> SELECT SALARY , TO_CHAR(SALARY,'99G090D00') FROM EMPLOYEES;

    SALARY TO_CHAR(SA                                                                                                                                                                                   
---------- ----------                                                                                                                                                                                   
     24000  24,000.00                                                                                                                                                                                   
     17000  17,000.00                                                                                                                                                                                   
     17000  17,000.00                                                                                                                                                                                   
      9000   9,000.00                                                                                                                                                                                   
      6000   6,000.00                                                                                                                                                                                   
      4200   4,200.00                                                                                                                                                                                   
      5800   5,800.00                                                                                                                                                                                   
      3500   3,500.00                                                                                                                                                                                   
      3100   3,100.00                                                                                                                                                                                   
      2600   2,600.00                                                                                                                                                                                   
      2500   2,500.00                                                                                                                                                                                   
     10500  10,500.00                                                                                                                                                                                   
     11000  11,000.00                                                                                                                                                                                   
      8600   8,600.00                                                                                                                                                                                   
      7000   7,000.00                                                                                                                                                                                   
      4400   4,400.00                                                                                                                                                                                   
     13000  13,000.00                                                                                                                                                                                   
      6000   6,000.00                                                                                                                                                                                   
     12000  12,000.00                                                                                                                                                                                   
      8300   8,300.00                                                                                                                                                                                   

20 rows selected.

SQL> REM G : GROUP SEPARATOR
SQL> 
SQL> REM D : DECIMAL SEPARATOR
SQL> 
SQL> REM DEFAULT VALUE FOR G IS , & D IS .
SQL> 
SQL> COL PARAMETER FORMAT A30
SQL> 
SQL> COL VALUE FORMAT A30
SQL> 
SQL> SELECT * FROM NLS_SESSION_PARAMETERS;

PARAMETER                      VALUE                                                                                                                                                                    
------------------------------ ------------------------------                                                                                                                                           
NLS_LANGUAGE                   AMERICAN                                                                                                                                                                 
NLS_TERRITORY                  AMERICA                                                                                                                                                                  
NLS_CURRENCY                   $                                                                                                                                                                        
NLS_ISO_CURRENCY               AMERICA                                                                                                                                                                  
NLS_NUMERIC_CHARACTERS         .,                                                                                                                                                                       
NLS_CALENDAR                   GREGORIAN                                                                                                                                                                
NLS_DATE_FORMAT                DD-MON-RR                                                                                                                                                                
NLS_DATE_LANGUAGE              AMERICAN                                                                                                                                                                 
NLS_SORT                       BINARY                                                                                                                                                                   
NLS_TIME_FORMAT                HH.MI.SSXFF AM                                                                                                                                                           
NLS_TIMESTAMP_FORMAT           DD-MON-RR HH.MI.SSXFF AM                                                                                                                                                 
NLS_TIME_TZ_FORMAT             HH.MI.SSXFF AM TZR                                                                                                                                                       
NLS_TIMESTAMP_TZ_FORMAT        DD-MON-RR HH.MI.SSXFF AM TZR                                                                                                                                             
NLS_DUAL_CURRENCY              $                                                                                                                                                                        
NLS_COMP                       BINARY                                                                                                                                                                   
NLS_LENGTH_SEMANTICS           BYTE                                                                                                                                                                     
NLS_NCHAR_CONV_EXCP            FALSE                                                                                                                                                                    

17 rows selected.

SQL> REM NLS : NATIONAL LANGUAGE SUPPORT
SQL> 
SQL> ALTER SESSION SET NLS_NUMERIC_CHARACTERS = '~!';

Session altered.

SQL> SELECT SALARY , TO_CHAR(SALARY,'9.90,90,00') FROM EMPLOYEES;
SELECT SALARY , TO_CHAR(SALARY,'9.90,90,00') FROM EMPLOYEES
                               *
ERROR at line 1:
ORA-01481: invalid number format model 


SQL> SELECT SALARY , TO_CHAR(SALARY,'99,090.00') FROM EMPLOYEES;

    SALARY TO_CHAR(SA                                                                                                                                                                                   
---------- ----------                                                                                                                                                                                   
     24000  24,000.00                                                                                                                                                                                   
     17000  17,000.00                                                                                                                                                                                   
     17000  17,000.00                                                                                                                                                                                   
      9000   9,000.00                                                                                                                                                                                   
      6000   6,000.00                                                                                                                                                                                   
      4200   4,200.00                                                                                                                                                                                   
      5800   5,800.00                                                                                                                                                                                   
      3500   3,500.00                                                                                                                                                                                   
      3100   3,100.00                                                                                                                                                                                   
      2600   2,600.00                                                                                                                                                                                   
      2500   2,500.00                                                                                                                                                                                   
     10500  10,500.00                                                                                                                                                                                   
     11000  11,000.00                                                                                                                                                                                   
      8600   8,600.00                                                                                                                                                                                   
      7000   7,000.00                                                                                                                                                                                   
      4400   4,400.00                                                                                                                                                                                   
     13000  13,000.00                                                                                                                                                                                   
      6000   6,000.00                                                                                                                                                                                   
     12000  12,000.00                                                                                                                                                                                   
      8300   8,300.00                                                                                                                                                                                   

20 rows selected.

SQL> SELECT SALARY , TO_CHAR(SALARY,'990G90D00') FROM EMPLOYEES;

    SALARY TO_CHAR(SA                                                                                                                                                                                   
---------- ----------                                                                                                                                                                                   
     24000  240!00~00                                                                                                                                                                                   
     17000  170!00~00                                                                                                                                                                                   
     17000  170!00~00                                                                                                                                                                                   
      9000   90!00~00                                                                                                                                                                                   
      6000   60!00~00                                                                                                                                                                                   
      4200   42!00~00                                                                                                                                                                                   
      5800   58!00~00                                                                                                                                                                                   
      3500   35!00~00                                                                                                                                                                                   
      3100   31!00~00                                                                                                                                                                                   
      2600   26!00~00                                                                                                                                                                                   
      2500   25!00~00                                                                                                                                                                                   
     10500  105!00~00                                                                                                                                                                                   
     11000  110!00~00                                                                                                                                                                                   
      8600   86!00~00                                                                                                                                                                                   
      7000   70!00~00                                                                                                                                                                                   
      4400   44!00~00                                                                                                                                                                                   
     13000  130!00~00                                                                                                                                                                                   
      6000   60!00~00                                                                                                                                                                                   
     12000  120!00~00                                                                                                                                                                                   
      8300   83!00~00                                                                                                                                                                                   

20 rows selected.

SQL> SELECT SALARY , TO_CHAR(SALARY,'990!90~00') FROM EMPLOYEES;
SELECT SALARY , TO_CHAR(SALARY,'990!90~00') FROM EMPLOYEES
                               *
ERROR at line 1:
ORA-01481: invalid number format model 


SQL> SELECT SALARY , TO_CHAR(SALARY,'$990G90D00') FROM EMPLOYEES;

    SALARY TO_CHAR(SAL                                                                                                                                                                                  
---------- -----------                                                                                                                                                                                  
     24000  $240!00~00                                                                                                                                                                                  
     17000  $170!00~00                                                                                                                                                                                  
     17000  $170!00~00                                                                                                                                                                                  
      9000   $90!00~00                                                                                                                                                                                  
      6000   $60!00~00                                                                                                                                                                                  
      4200   $42!00~00                                                                                                                                                                                  
      5800   $58!00~00                                                                                                                                                                                  
      3500   $35!00~00                                                                                                                                                                                  
      3100   $31!00~00                                                                                                                                                                                  
      2600   $26!00~00                                                                                                                                                                                  
      2500   $25!00~00                                                                                                                                                                                  
     10500  $105!00~00                                                                                                                                                                                  
     11000  $110!00~00                                                                                                                                                                                  
      8600   $86!00~00                                                                                                                                                                                  
      7000   $70!00~00                                                                                                                                                                                  
      4400   $44!00~00                                                                                                                                                                                  
     13000  $130!00~00                                                                                                                                                                                  
      6000   $60!00~00                                                                                                                                                                                  
     12000  $120!00~00                                                                                                                                                                                  
      8300   $83!00~00                                                                                                                                                                                  

20 rows selected.

SQL> SELECT SALARY , TO_CHAR(SALARY,'Rs.990G90D00') FROM EMPLOYEES;
SELECT SALARY , TO_CHAR(SALARY,'Rs.990G90D00') FROM EMPLOYEES
                               *
ERROR at line 1:
ORA-01481: invalid number format model 


SQL> REM L = LOCAL CURRENCY
SQL> 
SQL> REM U = EURO/DUAL CURRENCY
SQL> 
SQL> REM L = LOCAL CURRENCY : $
SQL> 
SQL> REM U = EURO/DUAL CURRENCY : $
SQL> 
SQL> REM L = LOCAL CURRENCY : NLS_CURRENCY
SQL> 
SQL> REM U = EURO/DUAL CURRENCY : NLS_DUAL_CURRENCY
SQL> 
SQL> SELECT * FROM NLS_SESSION_PARAMETERS;

PARAMETER                      VALUE                                                                                                                                                                    
------------------------------ ------------------------------                                                                                                                                           
NLS_LANGUAGE                   AMERICAN                                                                                                                                                                 
NLS_TERRITORY                  AMERICA                                                                                                                                                                  
NLS_CURRENCY                   $                                                                                                                                                                        
NLS_ISO_CURRENCY               AMERICA                                                                                                                                                                  
NLS_NUMERIC_CHARACTERS         ~!                                                                                                                                                                       
NLS_CALENDAR                   GREGORIAN                                                                                                                                                                
NLS_DATE_FORMAT                DD-MON-RR                                                                                                                                                                
NLS_DATE_LANGUAGE              AMERICAN                                                                                                                                                                 
NLS_SORT                       BINARY                                                                                                                                                                   
NLS_TIME_FORMAT                HH.MI.SSXFF AM                                                                                                                                                           
NLS_TIMESTAMP_FORMAT           DD-MON-RR HH.MI.SSXFF AM                                                                                                                                                 
NLS_TIME_TZ_FORMAT             HH.MI.SSXFF AM TZR                                                                                                                                                       
NLS_TIMESTAMP_TZ_FORMAT        DD-MON-RR HH.MI.SSXFF AM TZR                                                                                                                                             
NLS_DUAL_CURRENCY              $                                                                                                                                                                        
NLS_COMP                       BINARY                                                                                                                                                                   
NLS_LENGTH_SEMANTICS           BYTE                                                                                                                                                                     
NLS_NCHAR_CONV_EXCP            FALSE                                                                                                                                                                    

17 rows selected.

SQL> SELECT SALARY , TO_CHAR(SALARY,'L990G90D00') FROM EMPLOYEES;

    SALARY TO_CHAR(SALARY,'L990                                                                                                                                                                         
---------- --------------------                                                                                                                                                                         
     24000           $240!00~00                                                                                                                                                                         
     17000           $170!00~00                                                                                                                                                                         
     17000           $170!00~00                                                                                                                                                                         
      9000            $90!00~00                                                                                                                                                                         
      6000            $60!00~00                                                                                                                                                                         
      4200            $42!00~00                                                                                                                                                                         
      5800            $58!00~00                                                                                                                                                                         
      3500            $35!00~00                                                                                                                                                                         
      3100            $31!00~00                                                                                                                                                                         
      2600            $26!00~00                                                                                                                                                                         
      2500            $25!00~00                                                                                                                                                                         
     10500           $105!00~00                                                                                                                                                                         
     11000           $110!00~00                                                                                                                                                                         
      8600            $86!00~00                                                                                                                                                                         
      7000            $70!00~00                                                                                                                                                                         
      4400            $44!00~00                                                                                                                                                                         
     13000           $130!00~00                                                                                                                                                                         
      6000            $60!00~00                                                                                                                                                                         
     12000           $120!00~00                                                                                                                                                                         
      8300            $83!00~00                                                                                                                                                                         

20 rows selected.

SQL> SELECT SALARY , TO_CHAR(SALARY,'U990G90D00') FROM EMPLOYEES;

    SALARY TO_CHAR(SALARY,'U990                                                                                                                                                                         
---------- --------------------                                                                                                                                                                         
     24000           $240!00~00                                                                                                                                                                         
     17000           $170!00~00                                                                                                                                                                         
     17000           $170!00~00                                                                                                                                                                         
      9000            $90!00~00                                                                                                                                                                         
      6000            $60!00~00                                                                                                                                                                         
      4200            $42!00~00                                                                                                                                                                         
      5800            $58!00~00                                                                                                                                                                         
      3500            $35!00~00                                                                                                                                                                         
      3100            $31!00~00                                                                                                                                                                         
      2600            $26!00~00                                                                                                                                                                         
      2500            $25!00~00                                                                                                                                                                         
     10500           $105!00~00                                                                                                                                                                         
     11000           $110!00~00                                                                                                                                                                         
      8600            $86!00~00                                                                                                                                                                         
      7000            $70!00~00                                                                                                                                                                         
      4400            $44!00~00                                                                                                                                                                         
     13000           $130!00~00                                                                                                                                                                         
      6000            $60!00~00                                                                                                                                                                         
     12000           $120!00~00                                                                                                                                                                         
      8300            $83!00~00                                                                                                                                                                         

20 rows selected.

SQL> ALTER SESSION SET NLS_CURRENCY = 'Rs.';

Session altered.

SQL> ALTER SESSION SET NLS_DUAL_CURRENCY = ' CAD';

Session altered.

SQL> SELECT SALARY , TO_CHAR(SALARY,'L990G90D00') FROM EMPLOYEES;

    SALARY TO_CHAR(SALARY,'L990                                                                                                                                                                         
---------- --------------------                                                                                                                                                                         
     24000         Rs.240!00~00                                                                                                                                                                         
     17000         Rs.170!00~00                                                                                                                                                                         
     17000         Rs.170!00~00                                                                                                                                                                         
      9000          Rs.90!00~00                                                                                                                                                                         
      6000          Rs.60!00~00                                                                                                                                                                         
      4200          Rs.42!00~00                                                                                                                                                                         
      5800          Rs.58!00~00                                                                                                                                                                         
      3500          Rs.35!00~00                                                                                                                                                                         
      3100          Rs.31!00~00                                                                                                                                                                         
      2600          Rs.26!00~00                                                                                                                                                                         
      2500          Rs.25!00~00                                                                                                                                                                         
     10500         Rs.105!00~00                                                                                                                                                                         
     11000         Rs.110!00~00                                                                                                                                                                         
      8600          Rs.86!00~00                                                                                                                                                                         
      7000          Rs.70!00~00                                                                                                                                                                         
      4400          Rs.44!00~00                                                                                                                                                                         
     13000         Rs.130!00~00                                                                                                                                                                         
      6000          Rs.60!00~00                                                                                                                                                                         
     12000         Rs.120!00~00                                                                                                                                                                         
      8300          Rs.83!00~00                                                                                                                                                                         

20 rows selected.

SQL> SELECT SALARY , TO_CHAR(SALARY,'990G90D00L') FROM EMPLOYEES;

    SALARY TO_CHAR(SALARY,'990G                                                                                                                                                                         
---------- --------------------                                                                                                                                                                         
     24000         240!00~00Rs.                                                                                                                                                                         
     17000         170!00~00Rs.                                                                                                                                                                         
     17000         170!00~00Rs.                                                                                                                                                                         
      9000          90!00~00Rs.                                                                                                                                                                         
      6000          60!00~00Rs.                                                                                                                                                                         
      4200          42!00~00Rs.                                                                                                                                                                         
      5800          58!00~00Rs.                                                                                                                                                                         
      3500          35!00~00Rs.                                                                                                                                                                         
      3100          31!00~00Rs.                                                                                                                                                                         
      2600          26!00~00Rs.                                                                                                                                                                         
      2500          25!00~00Rs.                                                                                                                                                                         
     10500         105!00~00Rs.                                                                                                                                                                         
     11000         110!00~00Rs.                                                                                                                                                                         
      8600          86!00~00Rs.                                                                                                                                                                         
      7000          70!00~00Rs.                                                                                                                                                                         
      4400          44!00~00Rs.                                                                                                                                                                         
     13000         130!00~00Rs.                                                                                                                                                                         
      6000          60!00~00Rs.                                                                                                                                                                         
     12000         120!00~00Rs.                                                                                                                                                                         
      8300          83!00~00Rs.                                                                                                                                                                         

20 rows selected.

SQL> SELECT SALARY , TO_CHAR(SALARY,'U990G90D00') FROM EMPLOYEES;

    SALARY TO_CHAR(SALARY,'U990                                                                                                                                                                         
---------- --------------------                                                                                                                                                                         
     24000         CAD240!00~00                                                                                                                                                                         
     17000         CAD170!00~00                                                                                                                                                                         
     17000         CAD170!00~00                                                                                                                                                                         
      9000          CAD90!00~00                                                                                                                                                                         
      6000          CAD60!00~00                                                                                                                                                                         
      4200          CAD42!00~00                                                                                                                                                                         
      5800          CAD58!00~00                                                                                                                                                                         
      3500          CAD35!00~00                                                                                                                                                                         
      3100          CAD31!00~00                                                                                                                                                                         
      2600          CAD26!00~00                                                                                                                                                                         
      2500          CAD25!00~00                                                                                                                                                                         
     10500         CAD105!00~00                                                                                                                                                                         
     11000         CAD110!00~00                                                                                                                                                                         
      8600          CAD86!00~00                                                                                                                                                                         
      7000          CAD70!00~00                                                                                                                                                                         
      4400          CAD44!00~00                                                                                                                                                                         
     13000         CAD130!00~00                                                                                                                                                                         
      6000          CAD60!00~00                                                                                                                                                                         
     12000         CAD120!00~00                                                                                                                                                                         
      8300          CAD83!00~00                                                                                                                                                                         

20 rows selected.

SQL> SELECT SALARY , TO_CHAR(SALARY,'990G90D00U') FROM EMPLOYEES;

    SALARY TO_CHAR(SALARY,'990G                                                                                                                                                                         
---------- --------------------                                                                                                                                                                         
     24000        240!00~00 CAD                                                                                                                                                                         
     17000        170!00~00 CAD                                                                                                                                                                         
     17000        170!00~00 CAD                                                                                                                                                                         
      9000         90!00~00 CAD                                                                                                                                                                         
      6000         60!00~00 CAD                                                                                                                                                                         
      4200         42!00~00 CAD                                                                                                                                                                         
      5800         58!00~00 CAD                                                                                                                                                                         
      3500         35!00~00 CAD                                                                                                                                                                         
      3100         31!00~00 CAD                                                                                                                                                                         
      2600         26!00~00 CAD                                                                                                                                                                         
      2500         25!00~00 CAD                                                                                                                                                                         
     10500        105!00~00 CAD                                                                                                                                                                         
     11000        110!00~00 CAD                                                                                                                                                                         
      8600         86!00~00 CAD                                                                                                                                                                         
      7000         70!00~00 CAD                                                                                                                                                                         
      4400         44!00~00 CAD                                                                                                                                                                         
     13000        130!00~00 CAD                                                                                                                                                                         
      6000         60!00~00 CAD                                                                                                                                                                         
     12000        120!00~00 CAD                                                                                                                                                                         
      8300         83!00~00 CAD                                                                                                                                                                         

20 rows selected.

SQL> REM LIST OF VALID NUMBER FORMAT CHARACTERS : 9 0 . , D G $ L U  S MI PR  EEEE OR eeee  V
SQL> 
SQL> REM S = SIGN
SQL> 
SQL> REM MI : MINUS
SQL> 
SQL> REM PR : PARENTHESIZED
SQL> 
SQL> SELECT FIRST_NAME , SALARY , TO_CHAR(SALARY,'U99G000D09','NLS_DUAL_CURRENCY=@ NLS_NUMERIC_CHARACTERS=|:') FROM EMPLOYEES;

FIRST_NAME     SALARY TO_CHAR(SALARY,'U99G                                                                                                                                                              
---------- ---------- --------------------                                                                                                                                                              
Steven          24000           @24:000|00                                                                                                                                                              
Neena           17000           @17:000|00                                                                                                                                                              
Lex             17000           @17:000|00                                                                                                                                                              
Alexander        9000            @9:000|00                                                                                                                                                              
Bruce            6000            @6:000|00                                                                                                                                                              
Diana            4200            @4:200|00                                                                                                                                                              
Kevin            5800            @5:800|00                                                                                                                                                              
Trenna           3500            @3:500|00                                                                                                                                                              
Curtis           3100            @3:100|00                                                                                                                                                              
Randall          2600            @2:600|00                                                                                                                                                              
Peter            2500            @2:500|00                                                                                                                                                              
Eleni           10500           @10:500|00                                                                                                                                                              
Ellen           11000           @11:000|00                                                                                                                                                              
Jonathon         8600            @8:600|00                                                                                                                                                              
Kimerely         7000            @7:000|00                                                                                                                                                              
Jennifer         4400            @4:400|00                                                                                                                                                              
Michael         13000           @13:000|00                                                                                                                                                              
Pat              6000            @6:000|00                                                                                                                                                              
Shelley         12000           @12:000|00                                                                                                                                                              
William          8300            @8:300|00                                                                                                                                                              

20 rows selected.

SQL> SELECT FIRST_NAME , SALARY , TO_CHAR(SALARY,'U99G000D09') FROM EMPLOYEES;

FIRST_NAME     SALARY TO_CHAR(SALARY,'U99G                                                                                                                                                              
---------- ---------- --------------------                                                                                                                                                              
Steven          24000         CAD24!000~00                                                                                                                                                              
Neena           17000         CAD17!000~00                                                                                                                                                              
Lex             17000         CAD17!000~00                                                                                                                                                              
Alexander        9000          CAD9!000~00                                                                                                                                                              
Bruce            6000          CAD6!000~00                                                                                                                                                              
Diana            4200          CAD4!200~00                                                                                                                                                              
Kevin            5800          CAD5!800~00                                                                                                                                                              
Trenna           3500          CAD3!500~00                                                                                                                                                              
Curtis           3100          CAD3!100~00                                                                                                                                                              
Randall          2600          CAD2!600~00                                                                                                                                                              
Peter            2500          CAD2!500~00                                                                                                                                                              
Eleni           10500         CAD10!500~00                                                                                                                                                              
Ellen           11000         CAD11!000~00                                                                                                                                                              
Jonathon         8600          CAD8!600~00                                                                                                                                                              
Kimerely         7000          CAD7!000~00                                                                                                                                                              
Jennifer         4400          CAD4!400~00                                                                                                                                                              
Michael         13000         CAD13!000~00                                                                                                                                                              
Pat              6000          CAD6!000~00                                                                                                                                                              
Shelley         12000         CAD12!000~00                                                                                                                                                              
William          8300          CAD8!300~00                                                                                                                                                              

20 rows selected.

SQL> REM S = SIGN
SQL> 
SQL> REM MI : MINUS
SQL> 
SQL> REM PR : PARENTHESIZED
SQL> 
SQL> 
SQL> ALTER SESSION SET NLS_NUMERIC_CHARACTERS = '68';
ERROR:
ORA-12705: Cannot access NLS data files or invalid environment specified 


SQL> SELECT * FROM POSNEGNO;

        NO                                                                                                                                                                                              
----------                                                                                                                                                                                              
        12                                                                                                                                                                                              
                                                                                                                                                                                                        
         0                                                                                                                                                                                              
       -12                                                                                                                                                                                              

SQL> SELECT NO , TO_CHAR(NO,'S99.99') FROM POSNEGNO;

        NO TO_CHA                                                                                                                                                                                       
---------- ------                                                                                                                                                                                       
        12 +12.00                                                                                                                                                                                       
                                                                                                                                                                                                        
         0   +.00                                                                                                                                                                                       
       -12 -12.00                                                                                                                                                                                       

SQL> SELECT NO , TO_CHAR(NO,'99.99S') FROM POSNEGNO;

        NO TO_CHA                                                                                                                                                                                       
---------- ------                                                                                                                                                                                       
        12 12.00+                                                                                                                                                                                       
                                                                                                                                                                                                        
         0   .00+                                                                                                                                                                                       
       -12 12.00-                                                                                                                                                                                       

SQL> SELECT NO , TO_CHAR(NO,'99.99MI') FROM POSNEGNO;

        NO TO_CHA                                                                                                                                                                                       
---------- ------                                                                                                                                                                                       
        12 12.00                                                                                                                                                                                        
                                                                                                                                                                                                        
         0   .00                                                                                                                                                                                        
       -12 12.00-                                                                                                                                                                                       

SQL> SELECT NO , TO_CHAR(NO,'MI99.99') FROM POSNEGNO;
SELECT NO , TO_CHAR(NO,'MI99.99') FROM POSNEGNO
                       *
ERROR at line 1:
ORA-01481: invalid number format model 


SQL> SELECT NO , TO_CHAR(NO,'99.99PR') FROM POSNEGNO;

        NO TO_CHAR                                                                                                                                                                                      
---------- -------                                                                                                                                                                                      
        12  12.00                                                                                                                                                                                       
                                                                                                                                                                                                        
         0    .00                                                                                                                                                                                       
       -12 <12.00>                                                                                                                                                                                      

SQL> SELECT NO , TRANSLATE(TO_CHAR(NO,'99.99PR'),'<>','{}') FROM POSNEGNO;

        NO TRANSLATE(TO_CHAR(NO,'99.99P                                                                                                                                                                 
---------- ----------------------------                                                                                                                                                                 
        12  12.00                                                                                                                                                                                       
                                                                                                                                                                                                        
         0    .00                                                                                                                                                                                       
       -12 {12.00}                                                                                                                                                                                      

SQL> SELECT NO , TO_CHAR(NO,'PR99.99') FROM POSNEGNO;
SELECT NO , TO_CHAR(NO,'PR99.99') FROM POSNEGNO
                       *
ERROR at line 1:
ORA-01481: invalid number format model 


SQL> 
SQL> 
SQL> REM EEEE OR eeee : FOR DISPLAYING VALUES IN EXPONENT FORMAT/SCIENTIFIC NOTATION
SQL> 
SQL> SELECT SALARY , TO_CHAR(SALARY,'99.99EEEE') FROM EMPLOYEES;

    SALARY TO_CHAR(SA                                                                                                                                                                                   
---------- ----------                                                                                                                                                                                   
     24000   2.40E+04                                                                                                                                                                                   
     17000   1.70E+04                                                                                                                                                                                   
     17000   1.70E+04                                                                                                                                                                                   
      9000   9.00E+03                                                                                                                                                                                   
      6000   6.00E+03                                                                                                                                                                                   
      4200   4.20E+03                                                                                                                                                                                   
      5800   5.80E+03                                                                                                                                                                                   
      3500   3.50E+03                                                                                                                                                                                   
      3100   3.10E+03                                                                                                                                                                                   
      2600   2.60E+03                                                                                                                                                                                   
      2500   2.50E+03                                                                                                                                                                                   
     10500   1.05E+04                                                                                                                                                                                   
     11000   1.10E+04                                                                                                                                                                                   
      8600   8.60E+03                                                                                                                                                                                   
      7000   7.00E+03                                                                                                                                                                                   
      4400   4.40E+03                                                                                                                                                                                   
     13000   1.30E+04                                                                                                                                                                                   
      6000   6.00E+03                                                                                                                                                                                   
     12000   1.20E+04                                                                                                                                                                                   
      8300   8.30E+03                                                                                                                                                                                   

20 rows selected.

SQL> REM EEEE IS USED TO DISPLAY VERY BIG OR VERY SMALL VALUES IN SIMILAR FORMAT
SQL> 
SQL> REM 2.40E+04 = 2.4 * POWER(10,4)
SQL> 
SQL> SELECT 2.4 * POWER(10,4) FROM DUAL;

2.4*POWER(10,4)                                                                                                                                                                                         
---------------                                                                                                                                                                                         
          24000                                                                                                                                                                                         

SQL> REM 0.00000000000000344
SQL> 
SQL> SELECT TO_CHAR(0.00000000000000344,'99.99EEEE') FROM DUAL;

TO_CHAR(0.                                                                                                                                                                                              
----------                                                                                                                                                                                              
  3.44E-15                                                                                                                                                                                              

SQL> REM 3.44E-15 = 3.44 / POWER(10,15)
SQL> 
SQL> SELECT 3.44 / POWER(10,15) FROM DUAL;

3.44/POWER(10,15)                                                                                                                                                                                       
-----------------                                                                                                                                                                                       
       3~4400E-15                                                                                                                                                                                       

SQL> SELECT SALARY , TO_CHAR(SALARY,'99.99eeee') FROM EMPLOYEES;

    SALARY TO_CHAR(SA                                                                                                                                                                                   
---------- ----------                                                                                                                                                                                   
     24000   2.40E+04                                                                                                                                                                                   
     17000   1.70E+04                                                                                                                                                                                   
     17000   1.70E+04                                                                                                                                                                                   
      9000   9.00E+03                                                                                                                                                                                   
      6000   6.00E+03                                                                                                                                                                                   
      4200   4.20E+03                                                                                                                                                                                   
      5800   5.80E+03                                                                                                                                                                                   
      3500   3.50E+03                                                                                                                                                                                   
      3100   3.10E+03                                                                                                                                                                                   
      2600   2.60E+03                                                                                                                                                                                   
      2500   2.50E+03                                                                                                                                                                                   
     10500   1.05E+04                                                                                                                                                                                   
     11000   1.10E+04                                                                                                                                                                                   
      8600   8.60E+03                                                                                                                                                                                   
      7000   7.00E+03                                                                                                                                                                                   
      4400   4.40E+03                                                                                                                                                                                   
     13000   1.30E+04                                                                                                                                                                                   
      6000   6.00E+03                                                                                                                                                                                   
     12000   1.20E+04                                                                                                                                                                                   
      8300   8.30E+03                                                                                                                                                                                   

20 rows selected.

SQL> SELECT SALARY , TO_CHAR(SALARY,'99.99eee') FROM EMPLOYEES;
SELECT SALARY , TO_CHAR(SALARY,'99.99eee') FROM EMPLOYEES
                               *
ERROR at line 1:
ORA-01481: invalid number format model 


SQL> SELECT SALARY , TO_CHAR(SALARY,'99.99eeeee') FROM EMPLOYEES;
SELECT SALARY , TO_CHAR(SALARY,'99.99eeeee') FROM EMPLOYEES
                               *
ERROR at line 1:
ORA-01481: invalid number format model 


SQL> SELECT SALARY , TO_CHAR(SALARY,'99.99EEee') FROM EMPLOYEES;
SELECT SALARY , TO_CHAR(SALARY,'99.99EEee') FROM EMPLOYEES
                               *
ERROR at line 1:
ORA-01481: invalid number format model 


SQL> SELECT 23 , TO_CHAR(23,'99V000') FROM DUAL;

        23 TO_CHA                                                                                                                                                                                       
---------- ------                                                                                                                                                                                       
        23  23000                                                                                                                                                                                       

SQL> SELECT 23 , TO_CHAR(23,'99V999') FROM DUAL;

        23 TO_CHA                                                                                                                                                                                       
---------- ------                                                                                                                                                                                       
        23  23000                                                                                                                                                                                       

SQL> SELECT 23 , TO_CHAR(23,'99V99900') FROM DUAL;

        23 TO_CHAR(                                                                                                                                                                                     
---------- --------                                                                                                                                                                                     
        23  2300000                                                                                                                                                                                     

SQL> SELECT 23 , TO_CHAR(23,'99V9990000') FROM DUAL;

        23 TO_CHAR(23                                                                                                                                                                                   
---------- ----------                                                                                                                                                                                   
        23  230000000                                                                                                                                                                                   

SQL> SELECT 23 , TO_CHAR(23,'00V9990000') FROM DUAL;

        23 TO_CHAR(23                                                                                                                                                                                   
---------- ----------                                                                                                                                                                                   
        23  230000000                                                                                                                                                                                   

SQL> REM TO_CHAR : TO DISPLAY DATE VALUES IN USER DEFINED/NON-DEFAULT FORMAT
SQL> 
SQL> REM LIST OF VALID DATE FORMAT CHARACTERS : D DD DDD DY DAY dy day Dy Day
SQL> 
SQL> REM LIST OF VALID DATE FORMAT CHARACTERS : MM RM rm Rm MON MONTH mon month Mon Month
SQL> 
SQL> REM LIST OF VALID DATE FORMAT CHARACTERS : Y YY YYY YYYY RR RRRR YEAR
SQL> 
SQL> REM LIST OF VALID DATE FORMAT CHARACTERS : W WW Q J
SQL> 
SQL> REM LIST OF VALID DATE FORMAT CHARACTERS : SP TH FM FX
SQL> 
SQL> REM LIST OF VALID DATE FORMAT CHARACTERS : HH HH12 HH24 MI SS SSSSS
SQL> 
SQL> REM LIST OF VALID DATE FORMAT CHARACTERS : AM PM am pm Am Pm A.M. P.M. a.m. p.m.
SQL> 
SQL> ALTER SESSION SET NLS_DATE_FORMAT = 'DD-MONTH-RRRR HH:MI.SS AM';

Session altered.

SQL> 
SQL> SELECT SYSDATE , TO_CHAR(SYSDATE,'D DD DDD DY DAY dy day Dy Day') FROM DUAL;

SYSDATE                       TO_CHAR(SYSDATE,'DDDDDDDYDAYDYDAYDYDAY')                                                                                                                                  
----------------------------- --------------------------------------------------------------------------------------------------------------------------------------------------------------            
17-JANUARY  -2022 07:47.22 PM 2 17 017 MON MONDAY    mon monday    Mon Monday                                                                                                                           

SQL> REM SUN = 1 , MON = 2 ... SAT = 7
SQL> 
SQL> REM WEDNESDAY = 9 CHARACTERS
SQL> 
SQL> SELECT SYSDATE , TO_CHAR(SYSDATE,'MM RM rm Rm MON MONTH mon month Mon Month') FROM DUAL;

SYSDATE                       TO_CHAR(SYSDATE,'MMRMRMRMMONMONTHMONMONTHMONMONTH')                                                                                                                       
----------------------------- -----------------------------------------------------------------------------------------------------------------------------------------------------------------------   
17-JANUARY  -2022 07:50.22 PM 01 I    i    I    JAN JANUARY   jan january   Jan January                                                                                                                 

SQL> REM 8 = VIII
SQL> 
SQL> REM SEPTEMBER : 9 CHARACTERS
SQL> 
SQL> SELECT SYSDATE , TO_CHAR(SYSDATE,'MONTH month Month MOnth mONTH MoNtH') FROM DUAL;

SYSDATE                                                                                                                                                                                                 
-----------------------------                                                                                                                                                                           
TO_CHAR(SYSDATE,'MONTHMONTHMONTHMONTHMONTHMONTH')                                                                                                                                                       
--------------------------------------------------------------------------------------------------------------------------------------------------------------------------------------------------------
17-JANUARY  -2022 07:52.03 PM                                                                                                                                                                           
JANUARY   january   January   JANUARY   january   January                                                                                                                                               
                                                                                                                                                                                                        

SQL> SELECT SYSDATE , TO_CHAR(SYSDATE,'Y YY YYY YYYY RR RRRR YEAR') FROM DUAL;

SYSDATE                       TO_CHAR(SYSDATE,'YYYYYYYYYYRRRRRRYEAR')                                                                                                                                   
----------------------------- ----------------------------------------------------------------                                                                                                          
17-JANUARY  -2022 07:53.21 PM 2 22 022 2022 22 2022 TWENTY TWENTY-TWO                                                                                                                                   

SQL> SELECT SYSDATE , TO_CHAR(SYSDATE,'DD DDTH DDSP DDSPTH DDTHSP ddSPTH') FROM DUAL;

SYSDATE                       TO_CHAR(SYSDATE,'DDDDTHDDSPDDSPTHDDTHSPDDSPTH')                                                                                                                           
----------------------------- -----------------------------------------------------------------                                                                                                         
17-JANUARY  -2022 07:54.25 PM 17 17TH SEVENTEEN SEVENTEENTH SEVENTEENTH seventeenth                                                                                                                     

SQL> SELECT SYSDATE , TO_CHAR(SYSDATE,'YYYY YYYYSP RRRR RRRRSP YEAR') FROM DUAL;

SYSDATE                       TO_CHAR(SYSDATE,'YYYYYYYYSPRRRRRRRRSPYEAR')                                                                                                                               
----------------------------- ------------------------------------------------------------------------------------------------------------------------------------------                                
17-JANUARY  -2022 07:56.01 PM 2022 TWO THOUSAND TWENTY-TWO 2022 TWO THOUSAND TWENTY-TWO TWENTY TWENTY-TWO                                                                                               

SQL> SELECT SYSDATE - 10, TO_CHAR(SYSDATE-10,'DD-MONTH-RRRR HH:MI.SSAM') FROM DUAL;

SYSDATE-10                    TO_CHAR(SYSDATE-10,'DD-MONTH-RRRRHH:MI.SSAM')                                                                                                                             
----------------------------- -------------------------------------------------------                                                                                                                   
07-JANUARY  -2022 07:57.02 PM 07-JANUARY  -2022 07:57.02PM                                                                                                                                              

SQL> SELECT SYSDATE - 10, TO_CHAR(SYSDATE-10,'FMDD-MONTH-RRRR HH:MI.SSAM') FROM DUAL;

SYSDATE-10                    TO_CHAR(SYSDATE-10,'FMDD-MONTH-RRRRHH:MI.SSAM')                                                                                                                           
----------------------------- -------------------------------------------------------                                                                                                                   
07-JANUARY  -2022 07:57.27 PM 7-JANUARY-2022 7:57.27PM                                                                                                                                                  

SQL> REM FM : FILLMODE
SQL> 
SQL> REM FM : TOGGLE = ON/OFF
SQL> 
SQL> SELECT SYSDATE - 10, TO_CHAR(SYSDATE-10,'FMDD-FMMONTH-RRRR HH:MI.SSAM') FROM DUAL;

SYSDATE-10                    TO_CHAR(SYSDATE-10,'FMDD-FMMONTH-RRRRHH:MI.SSAM')                                                                                                                         
----------------------------- -------------------------------------------------------                                                                                                                   
07-JANUARY  -2022 07:57.57 PM 7-JANUARY  -2022 07:57.57PM                                                                                                                                               

SQL> SELECT SYSDATE, TO_CHAR(SYSDATE,'W WW Q J') FROM DUAL;

SYSDATE                       TO_CHAR(SYSDAT                                                                                                                                                            
----------------------------- --------------                                                                                                                                                            
17-JANUARY  -2022 07:58.50 PM 3 03 1 2459597                                                                                                                                                            

SQL> SELECT ADD_MONTHS(SYSDATE,1), TO_CHAR(ADD_MONTHS(SYSDATE,1),'W WW Q J') FROM DUAL;

ADD_MONTHS(SYSDATE,1)         TO_CHAR(ADD_MO                                                                                                                                                            
----------------------------- --------------                                                                                                                                                            
17-FEBRUARY -2022 07:59.59 PM 3 07 1 2459628                                                                                                                                                            

SQL> REM 1 YEAR = 4 QUARTERS
SQL> 
SQL> REM Q1 : 01-JAN TO 31-MAR
SQL> 
SQL> REM Q2 : 01-APR TO 30-JUN
SQL> 
SQL> REM Q3 : 01-JUL TO 30-SEP
SQL> 
SQL> REM Q4 : 01-OCT TO 31-DEC
SQL> 
SQL> REM J = JULIAN
SQL> 
SQL> REM JULIAN DATE : 01-JAN-4712BC
SQL> 
SQL> REM BC : BEFORE CHRIST
SQL> 
SQL> SELECT SYSDATE, TO_CHAR(SYSDATE,'HH HH12 HH24 MI SS SSSSS') FROM DUAL;

SYSDATE                       TO_CHAR(SYSDATE,'HHH                                                                                                                                                      
----------------------------- --------------------                                                                                                                                                      
17-JANUARY  -2022 08:03.54 PM 08 08 20 03 54 72234                                                                                                                                                      

SQL> REM SSSSS WILL RETURN CURRENT SECOND OF THE DAY
SQL> 
SQL> REM 1 DAY = 86400 SECONDS
SQL> 
SQL> SELECT SYSDATE, TO_CHAR(SYSDATE,'HH HH12 HH24 MI SS SSSSS') FROM DUAL;

SYSDATE                       TO_CHAR(SYSDATE,'HHH                                                                                                                                                      
----------------------------- --------------------                                                                                                                                                      
17-JANUARY  -2022 08:05.18 PM 08 08 20 05 18 72318                                                                                                                                                      

SQL> REM 12 NOON : MERIDIAN TIME
SQL> 
SQL> REM AM : ANTI MERIDIAN : BEFORE 12 NOON
SQL> 
SQL> REM PM : PAST/POST MERIDIAN : AFTER 12 NOON
SQL> 
SQL> SELECT SYSDATE, TO_CHAR(SYSDATE,'AM PM am pm Am Pm A.M. P.M. a.m. p.m.') FROM DUAL;

SYSDATE                       TO_CHAR(SYSDATE,'AMPMAMPMAMPMA.M.P.M.                                                                                                                                     
----------------------------- -------------------------------------                                                                                                                                     
17-JANUARY  -2022 08:06.06 PM PM PM pm pm Pm Pm P.M. P.M. p.m. p.m.                                                                                                                                     

SQL> SELECT SYSDATE, TO_CHAR(SYSDATE,'AM PM am pm Am Pm A.M. P.M. a.m. p.m. A.m P.m.') FROM DUAL;
SELECT SYSDATE, TO_CHAR(SYSDATE,'AM PM am pm Am Pm A.M. P.M. a.m. p.m. A.m P.m.') FROM DUAL
                                *
ERROR at line 1:
ORA-01821: date format not recognized 


SQL> SELECT SYSDATE, TO_CHAR(SYSDATE,'AM PM am pm Am Pm A.M. P.M. a.m. p.m. A.m. P.m.') FROM DUAL;

SYSDATE                       TO_CHAR(SYSDATE,'AMPMAMPMAMPMA.M.P.M.A.M.P.M.A.                                                                                                                           
----------------------------- -----------------------------------------------                                                                                                                           
17-JANUARY  -2022 08:06.28 PM PM PM pm pm Pm Pm P.M. P.M. p.m. p.m. P.M. P.M.                                                                                                                           

SQL> REM FX : FIXED FORMAT/EXACT FORMAT
SQL> 
SQL> CONN SCOTT/TIGER
Connected.
SQL> 
SQL> SELECT * FROM EMPLOYEES WHERE HIRE_DATE <= '31-DEC-95';

EMPLOYEE_ID FIRST_NAME LAST_NAME  EMAIL      PHONE_NUMBER         HIRE_DATE JOB_ID         SALARY COMMISSION_PCT MANAGER_ID DEPARTMENT_ID                                                               
----------- ---------- ---------- ---------- -------------------- --------- ---------- ---------- -------------- ---------- -------------                                                               
        100 Steven     King       SKING      515.123.4567         17-JUL-87 AD_PRES         24000                                      90                                                               
        101 Neena      Kochhar    NKOCHHAR   515.123.4568         21-SEP-89 AD_VP           17000                       100            90                                                               
        102 Lex        De Haan    LDEHAAN    515.123.4569         13-JAN-93 AD_VP           17000                       100            90                                                               
        103 Alexander  Hunold     AHUNOLD    590.423.4567         03-JAN-90 IT_PROG          9000                       102            60                                                               
        104 Bruce      Ernst      BERNST     590.423.4568         21-MAY-91 IT_PROG          6000                       103            60                                                               
        141 Trenna     Rajs       TRAJS      650.121.8009         17-OCT-95 ST_CLERK         3500                       124            50                                                               
        200 Jennifer   Whalen     JWAHLEN    515.123.4444         17-SEP-87 AD_ASST          4400                       101            10                                                               
        205 Shelley    Higgins    SHIGGINS   515.123.8080         07-JUN-94 AC_MGR          12000                       101           110                                                               
        206 William    Gietz      WGIETZ     515.123.8181         07-JUN-94 AC_ACCOUNT       8300                       205           110                                                               

9 rows selected.

SQL> SELECT * FROM EMPLOYEES WHERE HIRE_DATE <= '31-DECEMBER-95';

EMPLOYEE_ID FIRST_NAME LAST_NAME  EMAIL      PHONE_NUMBER         HIRE_DATE JOB_ID         SALARY COMMISSION_PCT MANAGER_ID DEPARTMENT_ID                                                               
----------- ---------- ---------- ---------- -------------------- --------- ---------- ---------- -------------- ---------- -------------                                                               
        100 Steven     King       SKING      515.123.4567         17-JUL-87 AD_PRES         24000                                      90                                                               
        101 Neena      Kochhar    NKOCHHAR   515.123.4568         21-SEP-89 AD_VP           17000                       100            90                                                               
        102 Lex        De Haan    LDEHAAN    515.123.4569         13-JAN-93 AD_VP           17000                       100            90                                                               
        103 Alexander  Hunold     AHUNOLD    590.423.4567         03-JAN-90 IT_PROG          9000                       102            60                                                               
        104 Bruce      Ernst      BERNST     590.423.4568         21-MAY-91 IT_PROG          6000                       103            60                                                               
        141 Trenna     Rajs       TRAJS      650.121.8009         17-OCT-95 ST_CLERK         3500                       124            50                                                               
        200 Jennifer   Whalen     JWAHLEN    515.123.4444         17-SEP-87 AD_ASST          4400                       101            10                                                               
        205 Shelley    Higgins    SHIGGINS   515.123.8080         07-JUN-94 AC_MGR          12000                       101           110                                                               
        206 William    Gietz      WGIETZ     515.123.8181         07-JUN-94 AC_ACCOUNT       8300                       205           110                                                               

9 rows selected.

SQL> SELECT * FROM EMPLOYEES WHERE HIRE_DATE <= '31-DECEMBER-1995';

EMPLOYEE_ID FIRST_NAME LAST_NAME  EMAIL      PHONE_NUMBER         HIRE_DATE JOB_ID         SALARY COMMISSION_PCT MANAGER_ID DEPARTMENT_ID                                                               
----------- ---------- ---------- ---------- -------------------- --------- ---------- ---------- -------------- ---------- -------------                                                               
        100 Steven     King       SKING      515.123.4567         17-JUL-87 AD_PRES         24000                                      90                                                               
        101 Neena      Kochhar    NKOCHHAR   515.123.4568         21-SEP-89 AD_VP           17000                       100            90                                                               
        102 Lex        De Haan    LDEHAAN    515.123.4569         13-JAN-93 AD_VP           17000                       100            90                                                               
        103 Alexander  Hunold     AHUNOLD    590.423.4567         03-JAN-90 IT_PROG          9000                       102            60                                                               
        104 Bruce      Ernst      BERNST     590.423.4568         21-MAY-91 IT_PROG          6000                       103            60                                                               
        141 Trenna     Rajs       TRAJS      650.121.8009         17-OCT-95 ST_CLERK         3500                       124            50                                                               
        200 Jennifer   Whalen     JWAHLEN    515.123.4444         17-SEP-87 AD_ASST          4400                       101            10                                                               
        205 Shelley    Higgins    SHIGGINS   515.123.8080         07-JUN-94 AC_MGR          12000                       101           110                                                               
        206 William    Gietz      WGIETZ     515.123.8181         07-JUN-94 AC_ACCOUNT       8300                       205           110                                                               

9 rows selected.

SQL> SELECT * FROM EMPLOYEES WHERE HIRE_DATE <= '31\DECEMBER/1995';

EMPLOYEE_ID FIRST_NAME LAST_NAME  EMAIL      PHONE_NUMBER         HIRE_DATE JOB_ID         SALARY COMMISSION_PCT MANAGER_ID DEPARTMENT_ID                                                               
----------- ---------- ---------- ---------- -------------------- --------- ---------- ---------- -------------- ---------- -------------                                                               
        100 Steven     King       SKING      515.123.4567         17-JUL-87 AD_PRES         24000                                      90                                                               
        101 Neena      Kochhar    NKOCHHAR   515.123.4568         21-SEP-89 AD_VP           17000                       100            90                                                               
        102 Lex        De Haan    LDEHAAN    515.123.4569         13-JAN-93 AD_VP           17000                       100            90                                                               
        103 Alexander  Hunold     AHUNOLD    590.423.4567         03-JAN-90 IT_PROG          9000                       102            60                                                               
        104 Bruce      Ernst      BERNST     590.423.4568         21-MAY-91 IT_PROG          6000                       103            60                                                               
        141 Trenna     Rajs       TRAJS      650.121.8009         17-OCT-95 ST_CLERK         3500                       124            50                                                               
        200 Jennifer   Whalen     JWAHLEN    515.123.4444         17-SEP-87 AD_ASST          4400                       101            10                                                               
        205 Shelley    Higgins    SHIGGINS   515.123.8080         07-JUN-94 AC_MGR          12000                       101           110                                                               
        206 William    Gietz      WGIETZ     515.123.8181         07-JUN-94 AC_ACCOUNT       8300                       205           110                                                               

9 rows selected.

SQL> SELECT * FROM EMPLOYEES WHERE HIRE_DATE <= '31\DECEMBER1995';

EMPLOYEE_ID FIRST_NAME LAST_NAME  EMAIL      PHONE_NUMBER         HIRE_DATE JOB_ID         SALARY COMMISSION_PCT MANAGER_ID DEPARTMENT_ID                                                               
----------- ---------- ---------- ---------- -------------------- --------- ---------- ---------- -------------- ---------- -------------                                                               
        100 Steven     King       SKING      515.123.4567         17-JUL-87 AD_PRES         24000                                      90                                                               
        101 Neena      Kochhar    NKOCHHAR   515.123.4568         21-SEP-89 AD_VP           17000                       100            90                                                               
        102 Lex        De Haan    LDEHAAN    515.123.4569         13-JAN-93 AD_VP           17000                       100            90                                                               
        103 Alexander  Hunold     AHUNOLD    590.423.4567         03-JAN-90 IT_PROG          9000                       102            60                                                               
        104 Bruce      Ernst      BERNST     590.423.4568         21-MAY-91 IT_PROG          6000                       103            60                                                               
        141 Trenna     Rajs       TRAJS      650.121.8009         17-OCT-95 ST_CLERK         3500                       124            50                                                               
        200 Jennifer   Whalen     JWAHLEN    515.123.4444         17-SEP-87 AD_ASST          4400                       101            10                                                               
        205 Shelley    Higgins    SHIGGINS   515.123.8080         07-JUN-94 AC_MGR          12000                       101           110                                                               
        206 William    Gietz      WGIETZ     515.123.8181         07-JUN-94 AC_ACCOUNT       8300                       205           110                                                               

9 rows selected.

SQL> SELECT * FROM EMPLOYEES WHERE HIRE_DATE <= '31DECEMBER1995';

EMPLOYEE_ID FIRST_NAME LAST_NAME  EMAIL      PHONE_NUMBER         HIRE_DATE JOB_ID         SALARY COMMISSION_PCT MANAGER_ID DEPARTMENT_ID                                                               
----------- ---------- ---------- ---------- -------------------- --------- ---------- ---------- -------------- ---------- -------------                                                               
        100 Steven     King       SKING      515.123.4567         17-JUL-87 AD_PRES         24000                                      90                                                               
        101 Neena      Kochhar    NKOCHHAR   515.123.4568         21-SEP-89 AD_VP           17000                       100            90                                                               
        102 Lex        De Haan    LDEHAAN    515.123.4569         13-JAN-93 AD_VP           17000                       100            90                                                               
        103 Alexander  Hunold     AHUNOLD    590.423.4567         03-JAN-90 IT_PROG          9000                       102            60                                                               
        104 Bruce      Ernst      BERNST     590.423.4568         21-MAY-91 IT_PROG          6000                       103            60                                                               
        141 Trenna     Rajs       TRAJS      650.121.8009         17-OCT-95 ST_CLERK         3500                       124            50                                                               
        200 Jennifer   Whalen     JWAHLEN    515.123.4444         17-SEP-87 AD_ASST          4400                       101            10                                                               
        205 Shelley    Higgins    SHIGGINS   515.123.8080         07-JUN-94 AC_MGR          12000                       101           110                                                               
        206 William    Gietz      WGIETZ     515.123.8181         07-JUN-94 AC_ACCOUNT       8300                       205           110                                                               

9 rows selected.

SQL> SELECT * FROM EMPLOYEES WHERE HIRE_DATE <= '31DEcembeR1995';

EMPLOYEE_ID FIRST_NAME LAST_NAME  EMAIL      PHONE_NUMBER         HIRE_DATE JOB_ID         SALARY COMMISSION_PCT MANAGER_ID DEPARTMENT_ID                                                               
----------- ---------- ---------- ---------- -------------------- --------- ---------- ---------- -------------- ---------- -------------                                                               
        100 Steven     King       SKING      515.123.4567         17-JUL-87 AD_PRES         24000                                      90                                                               
        101 Neena      Kochhar    NKOCHHAR   515.123.4568         21-SEP-89 AD_VP           17000                       100            90                                                               
        102 Lex        De Haan    LDEHAAN    515.123.4569         13-JAN-93 AD_VP           17000                       100            90                                                               
        103 Alexander  Hunold     AHUNOLD    590.423.4567         03-JAN-90 IT_PROG          9000                       102            60                                                               
        104 Bruce      Ernst      BERNST     590.423.4568         21-MAY-91 IT_PROG          6000                       103            60                                                               
        141 Trenna     Rajs       TRAJS      650.121.8009         17-OCT-95 ST_CLERK         3500                       124            50                                                               
        200 Jennifer   Whalen     JWAHLEN    515.123.4444         17-SEP-87 AD_ASST          4400                       101            10                                                               
        205 Shelley    Higgins    SHIGGINS   515.123.8080         07-JUN-94 AC_MGR          12000                       101           110                                                               
        206 William    Gietz      WGIETZ     515.123.8181         07-JUN-94 AC_ACCOUNT       8300                       205           110                                                               

9 rows selected.

SQL> SELECT * FROM EMPLOYEES WHERE HIRE_DATE <= '31-12-1995';
SELECT * FROM EMPLOYEES WHERE HIRE_DATE <= '31-12-1995'
                                           *
ERROR at line 1:
ORA-01843: not a valid month 


SQL> SELECT * FROM EMPLOYEES WHERE HIRE_DATE <= TO_DATE('31-12-1995','DD-MM-RRRR');

EMPLOYEE_ID FIRST_NAME LAST_NAME  EMAIL      PHONE_NUMBER         HIRE_DATE JOB_ID         SALARY COMMISSION_PCT MANAGER_ID DEPARTMENT_ID                                                               
----------- ---------- ---------- ---------- -------------------- --------- ---------- ---------- -------------- ---------- -------------                                                               
        100 Steven     King       SKING      515.123.4567         17-JUL-87 AD_PRES         24000                                      90                                                               
        101 Neena      Kochhar    NKOCHHAR   515.123.4568         21-SEP-89 AD_VP           17000                       100            90                                                               
        102 Lex        De Haan    LDEHAAN    515.123.4569         13-JAN-93 AD_VP           17000                       100            90                                                               
        103 Alexander  Hunold     AHUNOLD    590.423.4567         03-JAN-90 IT_PROG          9000                       102            60                                                               
        104 Bruce      Ernst      BERNST     590.423.4568         21-MAY-91 IT_PROG          6000                       103            60                                                               
        141 Trenna     Rajs       TRAJS      650.121.8009         17-OCT-95 ST_CLERK         3500                       124            50                                                               
        200 Jennifer   Whalen     JWAHLEN    515.123.4444         17-SEP-87 AD_ASST          4400                       101            10                                                               
        205 Shelley    Higgins    SHIGGINS   515.123.8080         07-JUN-94 AC_MGR          12000                       101           110                                                               
        206 William    Gietz      WGIETZ     515.123.8181         07-JUN-94 AC_ACCOUNT       8300                       205           110                                                               

9 rows selected.

SQL> SELECT * FROM EMPLOYEES WHERE HIRE_DATE <= TO_DATE('31-12-1995','DD-MON-RRRR');
SELECT * FROM EMPLOYEES WHERE HIRE_DATE <= TO_DATE('31-12-1995','DD-MON-RRRR')
                                                   *
ERROR at line 1:
ORA-01843: not a valid month 


SQL> SELECT * FROM EMPLOYEES WHERE HIRE_DATE <= TO_DATE('31-12-1995','DD-MM-RR');

EMPLOYEE_ID FIRST_NAME LAST_NAME  EMAIL      PHONE_NUMBER         HIRE_DATE JOB_ID         SALARY COMMISSION_PCT MANAGER_ID DEPARTMENT_ID                                                               
----------- ---------- ---------- ---------- -------------------- --------- ---------- ---------- -------------- ---------- -------------                                                               
        100 Steven     King       SKING      515.123.4567         17-JUL-87 AD_PRES         24000                                      90                                                               
        101 Neena      Kochhar    NKOCHHAR   515.123.4568         21-SEP-89 AD_VP           17000                       100            90                                                               
        102 Lex        De Haan    LDEHAAN    515.123.4569         13-JAN-93 AD_VP           17000                       100            90                                                               
        103 Alexander  Hunold     AHUNOLD    590.423.4567         03-JAN-90 IT_PROG          9000                       102            60                                                               
        104 Bruce      Ernst      BERNST     590.423.4568         21-MAY-91 IT_PROG          6000                       103            60                                                               
        141 Trenna     Rajs       TRAJS      650.121.8009         17-OCT-95 ST_CLERK         3500                       124            50                                                               
        200 Jennifer   Whalen     JWAHLEN    515.123.4444         17-SEP-87 AD_ASST          4400                       101            10                                                               
        205 Shelley    Higgins    SHIGGINS   515.123.8080         07-JUN-94 AC_MGR          12000                       101           110                                                               
        206 William    Gietz      WGIETZ     515.123.8181         07-JUN-94 AC_ACCOUNT       8300                       205           110                                                               

9 rows selected.

SQL> SELECT * FROM EMPLOYEES WHERE HIRE_DATE <= TO_DATE('31-12-1995','FXDD-MM-RR');
SELECT * FROM EMPLOYEES WHERE HIRE_DATE <= TO_DATE('31-12-1995','FXDD-MM-RR')
                                                   *
ERROR at line 1:
ORA-01830: date format picture ends before converting entire input string 


SQL> SELECT * FROM EMPLOYEES WHERE HIRE_DATE <= TO_DATE('31-12-95','FXDD-MM-RR');

EMPLOYEE_ID FIRST_NAME LAST_NAME  EMAIL      PHONE_NUMBER         HIRE_DATE JOB_ID         SALARY COMMISSION_PCT MANAGER_ID DEPARTMENT_ID                                                               
----------- ---------- ---------- ---------- -------------------- --------- ---------- ---------- -------------- ---------- -------------                                                               
        100 Steven     King       SKING      515.123.4567         17-JUL-87 AD_PRES         24000                                      90                                                               
        101 Neena      Kochhar    NKOCHHAR   515.123.4568         21-SEP-89 AD_VP           17000                       100            90                                                               
        102 Lex        De Haan    LDEHAAN    515.123.4569         13-JAN-93 AD_VP           17000                       100            90                                                               
        103 Alexander  Hunold     AHUNOLD    590.423.4567         03-JAN-90 IT_PROG          9000                       102            60                                                               
        104 Bruce      Ernst      BERNST     590.423.4568         21-MAY-91 IT_PROG          6000                       103            60                                                               
        141 Trenna     Rajs       TRAJS      650.121.8009         17-OCT-95 ST_CLERK         3500                       124            50                                                               
        200 Jennifer   Whalen     JWAHLEN    515.123.4444         17-SEP-87 AD_ASST          4400                       101            10                                                               
        205 Shelley    Higgins    SHIGGINS   515.123.8080         07-JUN-94 AC_MGR          12000                       101           110                                                               
        206 William    Gietz      WGIETZ     515.123.8181         07-JUN-94 AC_ACCOUNT       8300                       205           110                                                               

9 rows selected.

SQL> SELECT * FROM EMPLOYEES WHERE HIRE_DATE <= TO_DATE('31-12-1995','FXDD-MM-RRRR');

EMPLOYEE_ID FIRST_NAME LAST_NAME  EMAIL      PHONE_NUMBER         HIRE_DATE JOB_ID         SALARY COMMISSION_PCT MANAGER_ID DEPARTMENT_ID                                                               
----------- ---------- ---------- ---------- -------------------- --------- ---------- ---------- -------------- ---------- -------------                                                               
        100 Steven     King       SKING      515.123.4567         17-JUL-87 AD_PRES         24000                                      90                                                               
        101 Neena      Kochhar    NKOCHHAR   515.123.4568         21-SEP-89 AD_VP           17000                       100            90                                                               
        102 Lex        De Haan    LDEHAAN    515.123.4569         13-JAN-93 AD_VP           17000                       100            90                                                               
        103 Alexander  Hunold     AHUNOLD    590.423.4567         03-JAN-90 IT_PROG          9000                       102            60                                                               
        104 Bruce      Ernst      BERNST     590.423.4568         21-MAY-91 IT_PROG          6000                       103            60                                                               
        141 Trenna     Rajs       TRAJS      650.121.8009         17-OCT-95 ST_CLERK         3500                       124            50                                                               
        200 Jennifer   Whalen     JWAHLEN    515.123.4444         17-SEP-87 AD_ASST          4400                       101            10                                                               
        205 Shelley    Higgins    SHIGGINS   515.123.8080         07-JUN-94 AC_MGR          12000                       101           110                                                               
        206 William    Gietz      WGIETZ     515.123.8181         07-JUN-94 AC_ACCOUNT       8300                       205           110                                                               

9 rows selected.

SQL> SPOOL OFF
